
Magic 8.3 revision 678 - Compiled on Mon Jul 27 03:07:22 PM CEST 2026.
Starting magic under Tcl interpreter
Using the terminal as the console.
WARNING: RLIMIT_NOFILE is above 1024 and Tcl_Version<9 this may cause runtime issues [rlim_cur=1048576]
Using NULL graphics device.
Processing system .magicrc file
Switching to WIRING tool.
Switching to NETLIST tool.
Switching to PICK tool.
Switching to BOX tool.
Sourcing design .magicrc for technology ihp-sg13cmos5l ...
2 Magic internal units = 1 Lambda
Input style sg13cmos5l(): scaleFactor=2, multiplier=2
The following types are not handled by extraction and will be treated as non-electrical types:
    pblock pbase sealcont difffill sealvia1 sealvia2 sealvia3 sealvia4 seal glass thruvia inductor 
Scaled tech values by 2 / 1 to match internal grid scaling
Loading ihp-sg13cmos5l Device Generator Menu ...
Loading "/foss/designs/CHIP-PLL/layout/divider/vco_decoder/VCO_MUX_and_decoder/pex_VCO_MUX_and_decoder.tcl" from command line.
Warning: Calma reading is not undoable!  I hope that's OK.
Library written using GDS-II Release 6.0
Library name: LIB
Reading "$$$CONTEXT_INFO$$$".
Reading "Via$6".
Reading "nmos".
Reading "pmos".
Reading "Via".
Reading "Via$2".
Reading "Via$4".
Reading "Via$8".
Reading "ntap1".
Reading "ptap1".
Moving label "sub!" from space to ptapdiff in cell ptap1.
Reading "ptap1$1".
Moving label "sub!" from space to ptapdiff in cell ptap1$1.
Reading "ntap1$1".
Reading "Via$7".
Reading "Via$4$1".
Reading "Via$2$1".
Reading "Via$9".
Reading "pmos$1".
Reading "nmos$1".
Reading "ptap1$5".
Moving label "sub!" from space to ptapdiff in cell ptap1$5.
Reading "ntap1$5".
Reading "Via$7$1".
Reading "Via$6$1".
Reading "nmos$5".
Reading "pmos$5".
Reading "Via$23".
Reading "Via$2$5".
Reading "Via$4$5".
Reading "Via$4$1$1".
Reading "Via$2$1$1".
Reading "Via$8$3".
Reading "pmos$1$1".
Reading "nmos$1$1".
Reading "Via$6$1$1".
Reading "Via$7$1$1".
Reading "ntap1$1$1".
Reading "ptap1$1$1".
Moving label "sub!" from space to ptapdiff in cell ptap1$1$1.
Reading "Via$6$2".
Reading "nmos$2".
Reading "pmos$2".
Reading "Via$9$1".
Reading "Via$2$2".
Reading "Via$4$2".
Reading "Via$8$1".
Reading "ntap1$2".
Reading "ptap1$2".
Moving label "sub!" from space to ptapdiff in cell ptap1$2.
Reading "ptap1$4".
Moving label "sub!" from space to ptapdiff in cell ptap1$4.
Reading "ntap1$4".
Reading "Via$9$2".
Reading "Via$6$3".
Reading "nmos$4".
Reading "pmos$4".
Reading "Via$29".
Reading "Via$2$4".
Reading "Via$4$4".
Reading "Via$8$2".
Reading "Via$12$5".
Reading "Via$10$2".
Reading "Via$5".
Reading "nmos$1$2".
Reading "pmos$1$2".
Reading "ntap1$1$2".
Reading "ptap1$1$2".
Moving label "sub!" from space to ptapdiff in cell ptap1$1$2.
Reading "Via$22".
Reading "Via$26".
Reading "Via$21".
Reading "Via$19".
Reading "Via$20".
Reading "Via$18".
Reading "Via$17".
Reading "Via$16".
Reading "Via$15".
Reading "Via$12".
Reading "NAND_3in".
Reading "inverter".
Reading "Via$11".
Reading "Via$28".
Reading "Via$27".
Reading "Via$24".
Reading "Via$25".
Reading "NAND_2in".
Reading "NOR_2in".
Reading "NOR_3in".
Reading "Via$13".
Reading "Via$11$1".
Reading "Via$14".
Reading "Via$15$1".
Reading "Via$12$1".
Reading "Via$17$1".
Reading "Via$16$1".
Reading "Via$20$1".
Reading "Via$22$1".
Reading "Via$10".
Reading "Via$12$2".
Reading "Via$14$1".
Reading "Via$19$1".
Reading "Via$15$2".
Reading "Via$24$1".
Reading "Via$22$2".
Reading "Via$21$1".
Reading "Via$23$1".
Reading "Via$16$2".
Reading "Via$20$2".
Reading "Via$14$2".
Reading "Via$19$2".
Reading "Via$18$1".
Reading "Via$15$3".
Reading "Via$13$1".
Reading "NAND_4in".
Reading "Via$23$2".
Reading "Via$26$1".
Reading "Via$25$1".
Reading "Via$22$3".
Reading "Via$12$3".
Reading "Via$14$3".
Reading "Via$16$3".
Reading "Via$18$2".
Reading "Via$20$3".
Reading "Via$21$2".
Reading "Via$20$4".
Reading "Via$18$3".
Reading "Via$19$3".
Reading "Via$16$4".
Reading "Via$15$4".
Reading "Via$17$2".
Reading "Via$12$4".
Reading "Via$13$2".
Reading "Via$11$2".
Reading "Via$10$1".
Reading "Via$9$3".
Reading "passgate_scaled".
Reading "Via$8$4".
Reading "Via$14$4".
Reading "Via$16$5".
Reading "Via$17$3".
Reading "Via$18$4".
Reading "3bit_to_8_outs".
Error while reading cell "3bit_to_8_outs" (byte position 90280): Warning: cell "Via$12" placed on top of itself.  Ignoring the extra one.
Error while reading cell "3bit_to_8_outs" (byte position 91168): Warning: cell "Via$12" placed on top of itself.  Ignoring the extra one.
Error while reading cell "3bit_to_8_outs" (byte position 91312): Warning: cell "Via$12" placed on top of itself.  Ignoring the extra one.
Reading "row_section_decoding".
Reading "VCO_selection".
Reading "VCO2_selection".
Reading "VCO3_selection".
Reading "VCO4_selection".
Reading "VCO5_selection".
Reading "Via$30".
Reading "Via$33".
Reading "Via$34".
Reading "Via$32".
Reading "Via$35".
Reading "Via$37".
Reading "Via$41".
Reading "Via$42".
Reading "Via$36".
Reading "Via$38".
Reading "Via$43".
Reading "Via$50".
Reading "Via$49".
Reading "Via$46".
Reading "Via$44".
Reading "Via$40".
Reading "VCO_MUX".
Reading "VCO_decoder_cells".
CIF file read warning: CIF style sg13cmos5l(): units rescaled by factor of 5 / 1
Reading "VCO_MUX_and_decoder".
Extracting VCO_MUX_and_decoder into /foss/designs/CHIP-PLL/layout/divider/vco_decoder/VCO_MUX_and_decoder/VCO_MUX_and_decoder.ext:
Processing VCO_MUX_and_decoder
exttospice finished.
