# Logfile created on 2026-08-13 20:33:43 +0200 by logger.rb/v1.5.3
2026-08-13 20:33:43 +0200: Memory Usage (456500K) : Starting running SG13CMOS5L Klayout LVS runset on /foss/designs/CHIP-PLL/layout/CP/vbias/vbias.gds
2026-08-13 20:33:43 +0200: Memory Usage (456500K) : Ruby Version for klayout: 3.2.3
2026-08-13 20:33:43 +0200: Memory Usage (457984K) : Loading database to memory is complete.
2026-08-13 20:33:43 +0200: Memory Usage (457984K) : SG13CMOS5L Klayout LVS runset output at: /foss/designs/CHIP-PLL/layout/CP/vbias/lvs_run_vbias_2026_08_13_20_33_41/vbias.lvsdb
2026-08-13 20:33:43 +0200: Memory Usage (457984K) : Evaluate switches.
2026-08-13 20:33:43 +0200: Memory Usage (457984K) : Extracted netlist with net names: true
2026-08-13 20:33:43 +0200: Memory Usage (457984K) : Extracted netlist with comments in details: false
2026-08-13 20:33:43 +0200: Memory Usage (457984K) : Selected NET_ONLY option: false
2026-08-13 20:33:43 +0200: Memory Usage (457984K) : Selected LAYOUT_NETLIST option: (none)
2026-08-13 20:33:43 +0200: Memory Usage (457984K) : Selected IGNORE_TOP_PORTS_MISMATCH option: 
2026-08-13 20:33:43 +0200: Memory Usage (457984K) : Selected IMPLICIT_NETS option: (none)
2026-08-13 20:33:43 +0200: Memory Usage (457984K) : Selected TOP_LVL_PINS option: false
2026-08-13 20:33:43 +0200: Memory Usage (457984K) : Selected COMBINE DEVICES option: false
2026-08-13 20:33:43 +0200: Memory Usage (457984K) : Selected PURGE option: false
2026-08-13 20:33:43 +0200: Memory Usage (457984K) : Selected PURGE_NETS option: false
2026-08-13 20:33:43 +0200: Memory Usage (457984K) : Selected SIMPLIFY option: true
2026-08-13 20:33:43 +0200: Memory Usage (457984K) : Selected SERIES_RES option: true
2026-08-13 20:33:43 +0200: Memory Usage (457984K) : Selected PARALLEL_RES option: true
2026-08-13 20:33:43 +0200: Memory Usage (457984K) : Selected DISABLE_TAP_EXTRACTION option: false
2026-08-13 20:33:43 +0200: Memory Usage (457984K) : deep  mode is enabled.
2026-08-13 20:33:43 +0200: Memory Usage (459468K) : Netlist file: /foss/designs/CHIP-PLL/layout/CP/netlists/vbias.spice
2026-08-13 20:33:43 +0200: Memory Usage (459468K) : LVS extracted netlist at: /foss/designs/CHIP-PLL/layout/CP/vbias/lvs_run_vbias_2026_08_13_20_33_41/vbias_extracted.cir
2026-08-13 20:33:43 +0200: Memory Usage (459468K) : Applying SRAM integration support.
2026-08-13 20:33:43 +0200: Memory Usage (459468K) : Starting SG13CMOS5L LVS runset
2026-08-13 20:33:43 +0200: Memory Usage (459468K) : Read in polygons from layers.
2026-08-13 20:33:43 +0200: Memory Usage (460468K) : activ_drw has 43 polygons
2026-08-13 20:33:43 +0200: Memory Usage (460468K) : activ_filler has 0 polygons
2026-08-13 20:33:43 +0200: Memory Usage (460644K) : activ has 43 polygons
2026-08-13 20:33:43 +0200: Memory Usage (460644K) : activ_pin has 0 polygons
2026-08-13 20:33:43 +0200: Memory Usage (460644K) : activ_mask has 0 polygons
2026-08-13 20:33:43 +0200: Memory Usage (460644K) : activ_nofill has 0 polygons
2026-08-13 20:33:43 +0200: Memory Usage (460644K) : activ_OPC has 0 polygons
2026-08-13 20:33:43 +0200: Memory Usage (460644K) : activ_iOPC has 0 polygons
2026-08-13 20:33:43 +0200: Memory Usage (460644K) : activ_noqrc has 0 polygons
2026-08-13 20:33:43 +0200: Memory Usage (460644K) : biwind_drw has 0 polygons
2026-08-13 20:33:43 +0200: Memory Usage (460644K) : biwind_OPC has 0 polygons
2026-08-13 20:33:43 +0200: Memory Usage (460644K) : gatpoly_drw has 39 polygons
2026-08-13 20:33:43 +0200: Memory Usage (460772K) : gatpoly_filler has 0 polygons
2026-08-13 20:33:43 +0200: Memory Usage (460772K) : gatpoly has 39 polygons
2026-08-13 20:33:43 +0200: Memory Usage (460772K) : gatpoly_pin has 9 polygons
2026-08-13 20:33:43 +0200: Memory Usage (460772K) : gatpoly_nofill has 0 polygons
2026-08-13 20:33:43 +0200: Memory Usage (460772K) : gatpoly_OPC has 0 polygons
2026-08-13 20:33:43 +0200: Memory Usage (460772K) : gatpoly_iOPC has 0 polygons
2026-08-13 20:33:43 +0200: Memory Usage (460772K) : gatpoly_noqrc has 0 polygons
2026-08-13 20:33:43 +0200: Memory Usage (460772K) : cont_drw has 182 polygons
2026-08-13 20:33:43 +0200: Memory Usage (460772K) : cont_OPC has 0 polygons
2026-08-13 20:33:44 +0200: Memory Usage (461028K) : nsd_drw has 0 polygons
2026-08-13 20:33:44 +0200: Memory Usage (461028K) : nsd_block has 0 polygons
2026-08-13 20:33:44 +0200: Memory Usage (461424K) : metal1_drw has 131 polygons
2026-08-13 20:33:44 +0200: Memory Usage (461424K) : metal1_filler has 0 polygons
2026-08-13 20:33:44 +0200: Memory Usage (461552K) : metal1_slit has 0 polygons
2026-08-13 20:33:44 +0200: Memory Usage (461936K) : metal1 has 131 polygons
2026-08-13 20:33:44 +0200: Memory Usage (461936K) : metal1_pin has 32 polygons
2026-08-13 20:33:44 +0200: Memory Usage (462064K) : metal1_mask has 0 polygons
2026-08-13 20:33:44 +0200: Memory Usage (462064K) : metal1_nofill has 0 polygons
2026-08-13 20:33:44 +0200: Memory Usage (462372K) : metal1_text has 4 polygons
2026-08-13 20:33:44 +0200: Memory Usage (462372K) : metal1_OPC has 0 polygons
2026-08-13 20:33:44 +0200: Memory Usage (462372K) : metal1_noqrc has 0 polygons
2026-08-13 20:33:44 +0200: Memory Usage (462500K) : metal1_res has 0 polygons
2026-08-13 20:33:44 +0200: Memory Usage (462500K) : metal1_iprobe has 0 polygons
2026-08-13 20:33:44 +0200: Memory Usage (462628K) : metal1_diffprb has 0 polygons
2026-08-13 20:33:44 +0200: Memory Usage (462628K) : passiv_drw has 0 polygons
2026-08-13 20:33:44 +0200: Memory Usage (462756K) : passiv_pin has 0 polygons
2026-08-13 20:33:44 +0200: Memory Usage (462756K) : passiv_sbump has 0 polygons
2026-08-13 20:33:44 +0200: Memory Usage (462884K) : passiv_pillar has 0 polygons
2026-08-13 20:33:44 +0200: Memory Usage (462884K) : passiv_pdl has 0 polygons
2026-08-13 20:33:44 +0200: Memory Usage (463012K) : metal2_drw has 41 polygons
2026-08-13 20:33:44 +0200: Memory Usage (463012K) : metal2_filler has 0 polygons
2026-08-13 20:33:44 +0200: Memory Usage (463140K) : metal2_slit has 0 polygons
2026-08-13 20:33:44 +0200: Memory Usage (463268K) : metal2 has 41 polygons
2026-08-13 20:33:44 +0200: Memory Usage (463396K) : metal2_pin has 3 polygons
2026-08-13 20:33:44 +0200: Memory Usage (463524K) : metal2_mask has 0 polygons
2026-08-13 20:33:44 +0200: Memory Usage (463524K) : metal2_nofill has 0 polygons
2026-08-13 20:33:44 +0200: Memory Usage (463652K) : metal2_text has 3 polygons
2026-08-13 20:33:44 +0200: Memory Usage (463652K) : metal2_OPC has 0 polygons
2026-08-13 20:33:44 +0200: Memory Usage (463780K) : metal2_noqrc has 0 polygons
2026-08-13 20:33:44 +0200: Memory Usage (463780K) : metal2_res has 0 polygons
2026-08-13 20:33:44 +0200: Memory Usage (463908K) : metal2_iprobe has 0 polygons
2026-08-13 20:33:44 +0200: Memory Usage (463908K) : metal2_diffprb has 0 polygons
2026-08-13 20:33:44 +0200: Memory Usage (464036K) : baspoly_drw has 0 polygons
2026-08-13 20:33:44 +0200: Memory Usage (464164K) : baspoly_pin has 0 polygons
2026-08-13 20:33:44 +0200: Memory Usage (464164K) : psd_drw has 12 polygons
2026-08-13 20:33:44 +0200: Memory Usage (464292K) : nldb_drw has 0 polygons
2026-08-13 20:33:44 +0200: Memory Usage (464292K) : digibnd_drw has 0 polygons
2026-08-13 20:33:44 +0200: Memory Usage (464420K) : via1_drw has 17 polygons
2026-08-13 20:33:44 +0200: Memory Usage (464420K) : backmetal1_drw has 0 polygons
2026-08-13 20:33:44 +0200: Memory Usage (464548K) : backmetal1_pin has 0 polygons
2026-08-13 20:33:44 +0200: Memory Usage (464676K) : backmetal1_mask has 0 polygons
2026-08-13 20:33:44 +0200: Memory Usage (464676K) : backmetal1_filler has 0 polygons
2026-08-13 20:33:44 +0200: Memory Usage (464804K) : backmetal1_nofill has 0 polygons
2026-08-13 20:33:44 +0200: Memory Usage (464804K) : backmetal1_slit has 0 polygons
2026-08-13 20:33:44 +0200: Memory Usage (464932K) : backmetal1_text has 0 polygons
2026-08-13 20:33:44 +0200: Memory Usage (465060K) : backmetal1_OPC has 0 polygons
2026-08-13 20:33:44 +0200: Memory Usage (465060K) : backmetal1_noqrc has 0 polygons
2026-08-13 20:33:44 +0200: Memory Usage (465188K) : backmetal1_res has 0 polygons
2026-08-13 20:33:44 +0200: Memory Usage (465188K) : backmetal1_iprobe has 0 polygons
2026-08-13 20:33:44 +0200: Memory Usage (465316K) : backmetal1_diffprb has 0 polygons
2026-08-13 20:33:44 +0200: Memory Usage (465444K) : backpassiv_drw has 0 polygons
2026-08-13 20:33:44 +0200: Memory Usage (465444K) : res_drw has 0 polygons
2026-08-13 20:33:44 +0200: Memory Usage (465572K) : sram_drw has 0 polygons
2026-08-13 20:33:44 +0200: Memory Usage (465572K) : trans_drw has 0 polygons
2026-08-13 20:33:44 +0200: Memory Usage (465700K) : ind_drw has 0 polygons
2026-08-13 20:33:44 +0200: Memory Usage (465828K) : ind_pin has 0 polygons
2026-08-13 20:33:44 +0200: Memory Usage (465828K) : ind_text has 0 polygons
2026-08-13 20:33:44 +0200: Memory Usage (465956K) : salblock_drw has 2 polygons
2026-08-13 20:33:44 +0200: Memory Usage (466084K) : via2_drw has 8 polygons
2026-08-13 20:33:44 +0200: Memory Usage (466084K) : metal3_drw has 15 polygons
2026-08-13 20:33:44 +0200: Memory Usage (466212K) : metal3_filler has 0 polygons
2026-08-13 20:33:44 +0200: Memory Usage (466212K) : metal3_slit has 0 polygons
2026-08-13 20:33:44 +0200: Memory Usage (466340K) : metal3 has 15 polygons
2026-08-13 20:33:44 +0200: Memory Usage (466468K) : metal3_pin has 0 polygons
2026-08-13 20:33:44 +0200: Memory Usage (466468K) : metal3_mask has 0 polygons
2026-08-13 20:33:44 +0200: Memory Usage (466596K) : metal3_nofill has 0 polygons
2026-08-13 20:33:44 +0200: Memory Usage (466596K) : metal3_text has 0 polygons
2026-08-13 20:33:44 +0200: Memory Usage (466596K) : metal3_OPC has 0 polygons
2026-08-13 20:33:44 +0200: Memory Usage (466724K) : metal3_noqrc has 0 polygons
2026-08-13 20:33:44 +0200: Memory Usage (466724K) : metal3_res has 0 polygons
2026-08-13 20:33:44 +0200: Memory Usage (466724K) : metal3_iprobe has 0 polygons
2026-08-13 20:33:44 +0200: Memory Usage (466852K) : metal3_diffprb has 0 polygons
2026-08-13 20:33:44 +0200: Memory Usage (466852K) : nwell_drw has 11 polygons
2026-08-13 20:33:44 +0200: Memory Usage (466852K) : nwell_pin has 2 polygons
2026-08-13 20:33:44 +0200: Memory Usage (466852K) : nwell_text has 0 polygons
2026-08-13 20:33:44 +0200: Memory Usage (466980K) : nbulay_drw has 0 polygons
2026-08-13 20:33:44 +0200: Memory Usage (466980K) : nbulay_pin has 0 polygons
2026-08-13 20:33:44 +0200: Memory Usage (466980K) : nbulay_block has 0 polygons
2026-08-13 20:33:44 +0200: Memory Usage (467108K) : emwind_drw has 0 polygons
2026-08-13 20:33:44 +0200: Memory Usage (467108K) : emwind_OPC has 0 polygons
2026-08-13 20:33:44 +0200: Memory Usage (467108K) : deepco_drw has 0 polygons
2026-08-13 20:33:44 +0200: Memory Usage (467236K) : mim_drw has 0 polygons
2026-08-13 20:33:44 +0200: Memory Usage (467236K) : edgeseal_drw has 0 polygons
2026-08-13 20:33:44 +0200: Memory Usage (467364K) : substrate_drw has 6 polygons
2026-08-13 20:33:44 +0200: Memory Usage (467364K) : substrate_text has 0 polygons
2026-08-13 20:33:44 +0200: Memory Usage (467492K) : dfpad_drw has 0 polygons
2026-08-13 20:33:44 +0200: Memory Usage (467492K) : dfpad_pillar has 0 polygons
2026-08-13 20:33:44 +0200: Memory Usage (467620K) : dfpad_sbump has 0 polygons
2026-08-13 20:33:44 +0200: Memory Usage (467748K) : thickgateox_drw has 0 polygons
2026-08-13 20:33:44 +0200: Memory Usage (467748K) : pldb_drw has 0 polygons
2026-08-13 20:33:44 +0200: Memory Usage (467876K) : pwell_drw has 0 polygons
2026-08-13 20:33:44 +0200: Memory Usage (467876K) : pwell_pin has 0 polygons
2026-08-13 20:33:44 +0200: Memory Usage (468004K) : pwell_block has 0 polygons
2026-08-13 20:33:44 +0200: Memory Usage (468004K) : ic_drw has 0 polygons
2026-08-13 20:33:44 +0200: Memory Usage (468132K) : via3_drw has 0 polygons
2026-08-13 20:33:44 +0200: Memory Usage (468132K) : metal4_drw has 0 polygons
2026-08-13 20:33:44 +0200: Memory Usage (468260K) : metal4_filler has 0 polygons
2026-08-13 20:33:44 +0200: Memory Usage (468260K) : metal4_slit has 0 polygons
2026-08-13 20:33:44 +0200: Memory Usage (468516K) : metal4 has 0 polygons
2026-08-13 20:33:44 +0200: Memory Usage (468516K) : metal4_pin has 0 polygons
2026-08-13 20:33:44 +0200: Memory Usage (468644K) : metal4_mask has 0 polygons
2026-08-13 20:33:44 +0200: Memory Usage (468644K) : metal4_nofill has 0 polygons
2026-08-13 20:33:44 +0200: Memory Usage (468772K) : metal4_text has 0 polygons
2026-08-13 20:33:44 +0200: Memory Usage (468772K) : metal4_OPC has 0 polygons
2026-08-13 20:33:44 +0200: Memory Usage (468900K) : metal4_noqrc has 0 polygons
2026-08-13 20:33:44 +0200: Memory Usage (468900K) : metal4_res has 0 polygons
2026-08-13 20:33:44 +0200: Memory Usage (469028K) : metal4_iprobe has 0 polygons
2026-08-13 20:33:44 +0200: Memory Usage (469028K) : metal4_diffprb has 0 polygons
2026-08-13 20:33:44 +0200: Memory Usage (469156K) : heattrans_drw has 13 polygons
2026-08-13 20:33:44 +0200: Memory Usage (469156K) : heatres_drw has 2 polygons
2026-08-13 20:33:44 +0200: Memory Usage (469156K) : fbe_drw has 0 polygons
2026-08-13 20:33:44 +0200: Memory Usage (469284K) : empoly_drw has 0 polygons
2026-08-13 20:33:44 +0200: Memory Usage (469284K) : digisub_drw has 0 polygons
2026-08-13 20:33:44 +0200: Memory Usage (469284K) : text_drw has 19 polygons
2026-08-13 20:33:44 +0200: Memory Usage (469412K) : via4_drw has 0 polygons
2026-08-13 20:33:44 +0200: Memory Usage (469412K) : metal5_drw has 0 polygons
2026-08-13 20:33:44 +0200: Memory Usage (469540K) : metal5_filler has 0 polygons
2026-08-13 20:33:44 +0200: Memory Usage (469540K) : metal5_slit has 0 polygons
2026-08-13 20:33:44 +0200: Memory Usage (469668K) : metal5 has 0 polygons
2026-08-13 20:33:44 +0200: Memory Usage (469796K) : metal5_pin has 0 polygons
2026-08-13 20:33:44 +0200: Memory Usage (469796K) : metal5_mask has 0 polygons
2026-08-13 20:33:44 +0200: Memory Usage (469924K) : metal5_nofill has 0 polygons
2026-08-13 20:33:44 +0200: Memory Usage (469924K) : metal5_text has 0 polygons
2026-08-13 20:33:44 +0200: Memory Usage (470052K) : metal5_OPC has 0 polygons
2026-08-13 20:33:44 +0200: Memory Usage (470180K) : metal5_noqrc has 0 polygons
2026-08-13 20:33:44 +0200: Memory Usage (470180K) : metal5_res has 0 polygons
2026-08-13 20:33:44 +0200: Memory Usage (470308K) : metal5_iprobe has 0 polygons
2026-08-13 20:33:44 +0200: Memory Usage (470308K) : metal5_diffprb has 0 polygons
2026-08-13 20:33:44 +0200: Memory Usage (470436K) : radhard_drw has 0 polygons
2026-08-13 20:33:44 +0200: Memory Usage (470436K) : memcap_drw has 0 polygons
2026-08-13 20:33:44 +0200: Memory Usage (470564K) : varicap_drw has 0 polygons
2026-08-13 20:33:44 +0200: Memory Usage (470564K) : intbondvia_drw has 0 polygons
2026-08-13 20:33:44 +0200: Memory Usage (470692K) : intbondmet_drw has 0 polygons
2026-08-13 20:33:44 +0200: Memory Usage (470692K) : devbondvia_drw has 0 polygons
2026-08-13 20:33:44 +0200: Memory Usage (470820K) : devbondmet_drw has 0 polygons
2026-08-13 20:33:44 +0200: Memory Usage (470948K) : devtrench_drw has 0 polygons
2026-08-13 20:33:44 +0200: Memory Usage (470948K) : redist_drw has 0 polygons
2026-08-13 20:33:44 +0200: Memory Usage (471076K) : graphbot_drw has 0 polygons
2026-08-13 20:33:44 +0200: Memory Usage (471076K) : graphtop_drw has 0 polygons
2026-08-13 20:33:44 +0200: Memory Usage (471204K) : antvia1_drw has 0 polygons
2026-08-13 20:33:44 +0200: Memory Usage (471204K) : antmetal2_drw has 0 polygons
2026-08-13 20:33:44 +0200: Memory Usage (471332K) : graphcont_drw has 0 polygons
2026-08-13 20:33:44 +0200: Memory Usage (471332K) : siwg_drw has 0 polygons
2026-08-13 20:33:44 +0200: Memory Usage (471332K) : siwg_filler has 0 polygons
2026-08-13 20:33:44 +0200: Memory Usage (471332K) : siwg_nofill has 0 polygons
2026-08-13 20:33:44 +0200: Memory Usage (471460K) : sigrating_drw has 0 polygons
2026-08-13 20:33:44 +0200: Memory Usage (471460K) : singrating_drw has 0 polygons
2026-08-13 20:33:44 +0200: Memory Usage (471460K) : graphpas_drw has 0 polygons
2026-08-13 20:33:44 +0200: Memory Usage (471588K) : emwind3_drw has 0 polygons
2026-08-13 20:33:44 +0200: Memory Usage (471588K) : emwihv3_drw has 0 polygons
2026-08-13 20:33:44 +0200: Memory Usage (471716K) : redbulay_drw has 0 polygons
2026-08-13 20:33:44 +0200: Memory Usage (471716K) : smos_drw has 0 polygons
2026-08-13 20:33:44 +0200: Memory Usage (471844K) : graphpad_drw has 0 polygons
2026-08-13 20:33:44 +0200: Memory Usage (471844K) : polimide_drw has 0 polygons
2026-08-13 20:33:44 +0200: Memory Usage (471972K) : polimide_pin has 0 polygons
2026-08-13 20:33:44 +0200: Memory Usage (471972K) : recog_drw has 0 polygons
2026-08-13 20:33:44 +0200: Memory Usage (472100K) : recog_pin has 0 polygons
2026-08-13 20:33:44 +0200: Memory Usage (472228K) : recog_esd has 0 polygons
2026-08-13 20:33:44 +0200: Memory Usage (472228K) : recog_diode has 0 polygons
2026-08-13 20:33:44 +0200: Memory Usage (472356K) : recog_tsv has 0 polygons
2026-08-13 20:33:44 +0200: Memory Usage (472356K) : recog_iprobe has 0 polygons
2026-08-13 20:33:44 +0200: Memory Usage (472484K) : recog_diffprb has 0 polygons
2026-08-13 20:33:44 +0200: Memory Usage (472484K) : recog_pillar has 0 polygons
2026-08-13 20:33:44 +0200: Memory Usage (472612K) : recog_sbump has 0 polygons
2026-08-13 20:33:44 +0200: Memory Usage (472612K) : recog_otp has 0 polygons
2026-08-13 20:33:44 +0200: Memory Usage (472740K) : recog_pdiode has 0 polygons
2026-08-13 20:33:44 +0200: Memory Usage (472740K) : recog_mom has 0 polygons
2026-08-13 20:33:44 +0200: Memory Usage (472868K) : recog_pcm has 0 polygons
2026-08-13 20:33:44 +0200: Memory Usage (472996K) : colopen_drw has 0 polygons
2026-08-13 20:33:44 +0200: Memory Usage (472996K) : graphmetal1_drw has 0 polygons
2026-08-13 20:33:44 +0200: Memory Usage (473124K) : graphmetal1_filler has 0 polygons
2026-08-13 20:33:44 +0200: Memory Usage (473124K) : graphmetal1_nofill has 0 polygons
2026-08-13 20:33:44 +0200: Memory Usage (473252K) : graphmetal1_slit has 0 polygons
2026-08-13 20:33:44 +0200: Memory Usage (473252K) : graphmetal1_OPC has 0 polygons
2026-08-13 20:33:44 +0200: Memory Usage (473380K) : graphmet1l_drw has 0 polygons
2026-08-13 20:33:44 +0200: Memory Usage (473380K) : graphmet1l_filler has 0 polygons
2026-08-13 20:33:44 +0200: Memory Usage (473508K) : graphmet1l_nofill has 0 polygons
2026-08-13 20:33:44 +0200: Memory Usage (473636K) : graphmet1l_slit has 0 polygons
2026-08-13 20:33:44 +0200: Memory Usage (473636K) : graphmet1l_OPC has 0 polygons
2026-08-13 20:33:44 +0200: Memory Usage (473764K) : extblock_drw has 6 polygons
2026-08-13 20:33:44 +0200: Memory Usage (473764K) : nldd_drw has 0 polygons
2026-08-13 20:33:44 +0200: Memory Usage (473892K) : pldd_drw has 0 polygons
2026-08-13 20:33:44 +0200: Memory Usage (473892K) : next_drw has 0 polygons
2026-08-13 20:33:44 +0200: Memory Usage (473892K) : pext_drw has 0 polygons
2026-08-13 20:33:44 +0200: Memory Usage (473892K) : nexthv_drw has 0 polygons
2026-08-13 20:33:44 +0200: Memory Usage (473892K) : pexthv_drw has 0 polygons
2026-08-13 20:33:44 +0200: Memory Usage (473892K) : graphgate_drw has 0 polygons
2026-08-13 20:33:44 +0200: Memory Usage (473892K) : sinwg_drw has 0 polygons
2026-08-13 20:33:44 +0200: Memory Usage (474020K) : sinwg_filler has 0 polygons
2026-08-13 20:33:44 +0200: Memory Usage (474020K) : sinwg_nofill has 0 polygons
2026-08-13 20:33:44 +0200: Memory Usage (474148K) : mempad_drw has 0 polygons
2026-08-13 20:33:44 +0200: Memory Usage (474148K) : topvia1_drw has 0 polygons
2026-08-13 20:33:44 +0200: Memory Usage (474276K) : topmetal1_drw has 0 polygons
2026-08-13 20:33:44 +0200: Memory Usage (474404K) : topmetal1_filler has 0 polygons
2026-08-13 20:33:44 +0200: Memory Usage (474404K) : topmetal1_slit has 0 polygons
2026-08-13 20:33:44 +0200: Memory Usage (474532K) : topmetal1 has 0 polygons
2026-08-13 20:33:44 +0200: Memory Usage (474660K) : topmetal1_pin has 0 polygons
2026-08-13 20:33:44 +0200: Memory Usage (474660K) : topmetal1_mask has 0 polygons
2026-08-13 20:33:44 +0200: Memory Usage (474788K) : topmetal1_nofill has 0 polygons
2026-08-13 20:33:44 +0200: Memory Usage (474788K) : topmetal1_text has 0 polygons
2026-08-13 20:33:44 +0200: Memory Usage (474916K) : topmetal1_noqrc has 0 polygons
2026-08-13 20:33:44 +0200: Memory Usage (474916K) : topmetal1_res has 0 polygons
2026-08-13 20:33:44 +0200: Memory Usage (475044K) : topmetal1_iprobe has 0 polygons
2026-08-13 20:33:44 +0200: Memory Usage (475044K) : topmetal1_diffprb has 0 polygons
2026-08-13 20:33:44 +0200: Memory Usage (475172K) : inldpwl_drw has 0 polygons
2026-08-13 20:33:44 +0200: Memory Usage (475300K) : polyres_drw has 2 polygons
2026-08-13 20:33:44 +0200: Memory Usage (475300K) : polyres_pin has 0 polygons
2026-08-13 20:33:44 +0200: Memory Usage (475428K) : vmim_drw has 0 polygons
2026-08-13 20:33:44 +0200: Memory Usage (475428K) : nbulaycut_drw has 0 polygons
2026-08-13 20:33:44 +0200: Memory Usage (475556K) : antmetal1_drw has 0 polygons
2026-08-13 20:33:44 +0200: Memory Usage (475556K) : topvia2_drw has 0 polygons
2026-08-13 20:33:44 +0200: Memory Usage (475684K) : topmetal2_drw has 0 polygons
2026-08-13 20:33:44 +0200: Memory Usage (475684K) : topmetal2_filler has 0 polygons
2026-08-13 20:33:44 +0200: Memory Usage (475812K) : topmetal2_slit has 0 polygons
2026-08-13 20:33:44 +0200: Memory Usage (475940K) : topmetal2 has 0 polygons
2026-08-13 20:33:44 +0200: Memory Usage (475940K) : topmetal2_pin has 0 polygons
2026-08-13 20:33:44 +0200: Memory Usage (476068K) : topmetal2_mask has 0 polygons
2026-08-13 20:33:44 +0200: Memory Usage (476196K) : topmetal2_nofill has 0 polygons
2026-08-13 20:33:44 +0200: Memory Usage (476196K) : topmetal2_text has 0 polygons
2026-08-13 20:33:44 +0200: Memory Usage (476324K) : topmetal2_noqrc has 0 polygons
2026-08-13 20:33:44 +0200: Memory Usage (476324K) : topmetal2_res has 0 polygons
2026-08-13 20:33:44 +0200: Memory Usage (476452K) : topmetal2_iprobe has 0 polygons
2026-08-13 20:33:44 +0200: Memory Usage (476452K) : topmetal2_diffprb has 0 polygons
2026-08-13 20:33:44 +0200: Memory Usage (476580K) : snsring_drw has 0 polygons
2026-08-13 20:33:44 +0200: Memory Usage (476580K) : sensor_drw has 0 polygons
2026-08-13 20:33:44 +0200: Memory Usage (476708K) : snsarms_drw has 0 polygons
2026-08-13 20:33:44 +0200: Memory Usage (476708K) : snscmosvia_drw has 0 polygons
2026-08-13 20:33:44 +0200: Memory Usage (476836K) : colwind_drw has 0 polygons
2026-08-13 20:33:44 +0200: Memory Usage (476964K) : flm_drw has 0 polygons
2026-08-13 20:33:44 +0200: Memory Usage (476964K) : hafniumox_drw has 0 polygons
2026-08-13 20:33:44 +0200: Memory Usage (477092K) : memvia_drw has 0 polygons
2026-08-13 20:33:44 +0200: Memory Usage (477092K) : thinfilmres_drw has 0 polygons
2026-08-13 20:33:44 +0200: Memory Usage (477220K) : rfmem_drw has 0 polygons
2026-08-13 20:33:44 +0200: Memory Usage (477220K) : norcx_drw has 0 polygons
2026-08-13 20:33:44 +0200: Memory Usage (477348K) : norcx_m2m3 has 0 polygons
2026-08-13 20:33:44 +0200: Memory Usage (477348K) : norcx_m2m4 has 0 polygons
2026-08-13 20:33:44 +0200: Memory Usage (477476K) : norcx_m2m5 has 0 polygons
2026-08-13 20:33:44 +0200: Memory Usage (477604K) : norcx_m2tm1 has 0 polygons
2026-08-13 20:33:44 +0200: Memory Usage (477604K) : norcx_m2tm2 has 0 polygons
2026-08-13 20:33:44 +0200: Memory Usage (477732K) : norcx_m3m4 has 0 polygons
2026-08-13 20:33:44 +0200: Memory Usage (477732K) : norcx_m3m5 has 0 polygons
2026-08-13 20:33:44 +0200: Memory Usage (477860K) : norcx_m3tm1 has 0 polygons
2026-08-13 20:33:44 +0200: Memory Usage (477860K) : norcx_m3tm2 has 0 polygons
2026-08-13 20:33:44 +0200: Memory Usage (477988K) : norcx_m4m5 has 0 polygons
2026-08-13 20:33:44 +0200: Memory Usage (477988K) : norcx_m4tm1 has 0 polygons
2026-08-13 20:33:44 +0200: Memory Usage (478116K) : norcx_m4tm2 has 0 polygons
2026-08-13 20:33:44 +0200: Memory Usage (478116K) : norcx_m5tm1 has 0 polygons
2026-08-13 20:33:44 +0200: Memory Usage (478244K) : norcx_m5tm2 has 0 polygons
2026-08-13 20:33:44 +0200: Memory Usage (478372K) : norcx_tm1tm2 has 0 polygons
2026-08-13 20:33:44 +0200: Memory Usage (478372K) : norcx_m1sub has 0 polygons
2026-08-13 20:33:44 +0200: Memory Usage (478500K) : norcx_m2sub has 0 polygons
2026-08-13 20:33:44 +0200: Memory Usage (478500K) : norcx_m3sub has 0 polygons
2026-08-13 20:33:44 +0200: Memory Usage (478628K) : norcx_m4sub has 0 polygons
2026-08-13 20:33:44 +0200: Memory Usage (478628K) : norcx_m5sub has 0 polygons
2026-08-13 20:33:44 +0200: Memory Usage (478756K) : norcx_tm1sub has 0 polygons
2026-08-13 20:33:44 +0200: Memory Usage (478756K) : norcx_tm2sub has 0 polygons
2026-08-13 20:33:44 +0200: Memory Usage (478884K) : snsbotvia_drw has 0 polygons
2026-08-13 20:33:44 +0200: Memory Usage (478884K) : snstopvia_drw has 0 polygons
2026-08-13 20:33:44 +0200: Memory Usage (479012K) : deepvia_drw has 0 polygons
2026-08-13 20:33:44 +0200: Memory Usage (479140K) : fgetch_drw has 0 polygons
2026-08-13 20:33:44 +0200: Memory Usage (479140K) : ctrgat_drw has 0 polygons
2026-08-13 20:33:44 +0200: Memory Usage (479268K) : fgimp_drw has 0 polygons
2026-08-13 20:33:44 +0200: Memory Usage (479268K) : emwihv_drw has 0 polygons
2026-08-13 20:33:44 +0200: Memory Usage (479396K) : lbe_drw has 0 polygons
2026-08-13 20:33:44 +0200: Memory Usage (479396K) : alcustop_drw has 0 polygons
2026-08-13 20:33:44 +0200: Memory Usage (479524K) : nometfiller_drw has 0 polygons
2026-08-13 20:33:44 +0200: Memory Usage (479524K) : prboundary_drw has 0 polygons
2026-08-13 20:33:44 +0200: Memory Usage (479652K) : exchange0_drw has 0 polygons
2026-08-13 20:33:44 +0200: Memory Usage (479780K) : exchange0_pin has 0 polygons
2026-08-13 20:33:44 +0200: Memory Usage (479780K) : exchange0_text has 0 polygons
2026-08-13 20:33:44 +0200: Memory Usage (479908K) : exchange1_drw has 0 polygons
2026-08-13 20:33:44 +0200: Memory Usage (479908K) : exchange1_pin has 0 polygons
2026-08-13 20:33:44 +0200: Memory Usage (480036K) : exchange1_text has 0 polygons
2026-08-13 20:33:44 +0200: Memory Usage (480036K) : exchange2_drw has 0 polygons
2026-08-13 20:33:44 +0200: Memory Usage (480164K) : exchange2_pin has 0 polygons
2026-08-13 20:33:44 +0200: Memory Usage (480164K) : exchange2_text has 0 polygons
2026-08-13 20:33:44 +0200: Memory Usage (480164K) : exchange3_drw has 0 polygons
2026-08-13 20:33:44 +0200: Memory Usage (480420K) : exchange3_pin has 0 polygons
2026-08-13 20:33:44 +0200: Memory Usage (480420K) : exchange3_text has 0 polygons
2026-08-13 20:33:44 +0200: Memory Usage (480420K) : exchange4_drw has 0 polygons
2026-08-13 20:33:44 +0200: Memory Usage (480420K) : exchange4_pin has 0 polygons
2026-08-13 20:33:44 +0200: Memory Usage (480420K) : exchange4_text has 0 polygons
2026-08-13 20:33:44 +0200: Memory Usage (480420K) : isonwell_drw has 0 polygons
2026-08-13 20:33:44 +0200: Memory Usage (480420K) : Total no. of polygons in the design is 602
2026-08-13 20:33:44 +0200: Memory Usage (480420K) : Starting CMOS5L Forbidden Layer Check
2026-08-13 20:33:44 +0200: Memory Usage (480420K) : CMOS5L Forbidden Layer Check: PASSED - No forbidden layers found
2026-08-13 20:33:44 +0200: Memory Usage (480420K) : CMOS5L Forbidden Layer Check: PASSED
2026-08-13 20:33:44 +0200: Memory Usage (480420K) : Starting base layers derivations
2026-08-13 20:33:44 +0200: Memory Usage (480420K) : Starting general LVS derivations
2026-08-13 20:33:44 +0200: Memory Usage (485616K) : Starting MOSFET DERIVATIONS
2026-08-13 20:33:44 +0200: Memory Usage (487792K) : Starting NMOS DERIVATIONS
2026-08-13 20:33:44 +0200: Memory Usage (487920K) : Starting PMOS DERIVATIONS
2026-08-13 20:33:44 +0200: Memory Usage (488176K) : Starting RF-MOSFET DERIVATIONS
2026-08-13 20:33:44 +0200: Memory Usage (488176K) : Starting RF-NMOS DERIVATIONS
2026-08-13 20:33:44 +0200: Memory Usage (488432K) : Starting RF-PMOS DERIVATIONS
2026-08-13 20:33:44 +0200: Memory Usage (488816K) : Starting BJT DERIVATIONS
2026-08-13 20:33:44 +0200: Memory Usage (488816K) : Starting NPN-BJT DERIVATIONS
2026-08-13 20:33:44 +0200: Memory Usage (488816K) : Starting PNP-BJT DERIVATIONS
2026-08-13 20:33:44 +0200: Memory Usage (488944K) : Starting DIODE DERIVATIONS
2026-08-13 20:33:44 +0200: Memory Usage (488944K) : Starting RESISTOR DERIVATIONS
2026-08-13 20:33:44 +0200: Memory Usage (489328K) : Starting CAP DERIVATIONS
2026-08-13 20:33:44 +0200: Memory Usage (489328K) : Starting CAP_MFRINGE DERIVATIONS
2026-08-13 20:33:44 +0200: Memory Usage (489328K) : Starting ESD DERIVATIONS
2026-08-13 20:33:44 +0200: Memory Usage (489328K) : Starting Inductor DERIVATIONS
2026-08-13 20:33:44 +0200: Memory Usage (491248K) : Starting Taps DERIVATIONS
2026-08-13 20:33:45 +0200: Memory Usage (492400K) : Starting SG13G2 LVS connectivity setup
2026-08-13 20:33:45 +0200: Memory Usage (492400K) : Starting SG13G2 LVS connectivity setup (Inter-layer)
2026-08-13 20:33:45 +0200: Memory Usage (492576K) : Starting SG13G2 LVS connectivity setup (Global)
2026-08-13 20:33:45 +0200: Memory Usage (492576K) : Starting LVS MOSFET CONNECTIONS
2026-08-13 20:33:45 +0200: Memory Usage (492576K) : Starting LVS RF-MOSFET CONNECTIONS
2026-08-13 20:33:45 +0200: Memory Usage (492576K) : Starting LVS BJT CONNECTIONS
2026-08-13 20:33:45 +0200: Memory Usage (492576K) : Starting LVS DIODE CONNECTIONS
2026-08-13 20:33:45 +0200: Memory Usage (492576K) : Starting RESISTOR CONNECTIONS
2026-08-13 20:33:45 +0200: Memory Usage (492576K) : Starting LVS CAP CONNECTIONS
2026-08-13 20:33:45 +0200: Memory Usage (492576K) : Starting ESD CONNECTIONS
2026-08-13 20:33:45 +0200: Memory Usage (492576K) : Starting Inductor CONNECTIONS
2026-08-13 20:33:45 +0200: Memory Usage (492576K) : Starting LVS Taps CONNECTIONS
2026-08-13 20:33:45 +0200: Memory Usage (492576K) : Starting CAP_MFRINGE CONNECTIONS
2026-08-13 20:33:45 +0200: Memory Usage (492576K) : Starting SG13CMOS5L LVS DEVICES EXTRACTION
2026-08-13 20:33:45 +0200: Memory Usage (492576K) : Starting MOSFET EXTRACTION
2026-08-13 20:33:45 +0200: Memory Usage (492576K) : Starting NMOS EXTRACTION
2026-08-13 20:33:45 +0200: Memory Usage (492576K) : Extraction of NMOS-LV transistor
2026-08-13 20:33:45 +0200: Memory Usage (492704K) : Extraction of NMOS-HV transistor
2026-08-13 20:33:45 +0200: Memory Usage (492704K) : Starting PMOS EXTRACTION
2026-08-13 20:33:45 +0200: Memory Usage (492704K) : Extraction of PMOS-LV transistor
2026-08-13 20:33:45 +0200: Memory Usage (492704K) : Extraction of PMOS-HV transistor
2026-08-13 20:33:45 +0200: Memory Usage (492704K) : Starting RF-MOSFET EXTRACTION
2026-08-13 20:33:45 +0200: Memory Usage (492704K) : Extraction of RF-NMOS-LV transistor
2026-08-13 20:33:45 +0200: Memory Usage (492704K) : Extraction of RF-NMOS-HV transistor
2026-08-13 20:33:45 +0200: Memory Usage (492704K) : Extraction of RF-PMOS-LV transistor
2026-08-13 20:33:45 +0200: Memory Usage (492704K) : Extraction of RF-PMOS-HV transistor
2026-08-13 20:33:45 +0200: Memory Usage (492704K) : Starting BJT EXTRACTION
2026-08-13 20:33:45 +0200: Memory Usage (492704K) : Starting NPN-BJT EXTRACTION
2026-08-13 20:33:45 +0200: Memory Usage (492704K) : Extraction of npn13G2 BJT transistor
2026-08-13 20:33:45 +0200: Memory Usage (492704K) : Extraction of npn13G2L BJT transistor
2026-08-13 20:33:45 +0200: Memory Usage (492704K) : Extraction of npn13G2V BJT transistor
2026-08-13 20:33:45 +0200: Memory Usage (492704K) : Starting PNP-BJT EXTRACTION
2026-08-13 20:33:45 +0200: Memory Usage (492704K) : Extracting pnpMPA BJT
2026-08-13 20:33:45 +0200: Memory Usage (492704K) : Starting DIODE EXTRACTION
2026-08-13 20:33:45 +0200: Memory Usage (492704K) : Extracting dantenna diode
2026-08-13 20:33:45 +0200: Memory Usage (492704K) : Extracting dpantenna diode
2026-08-13 20:33:45 +0200: Memory Usage (492704K) : Extracting schottky_nbl1 diode
2026-08-13 20:33:45 +0200: Memory Usage (492704K) : Extracting isolbox diode
2026-08-13 20:33:45 +0200: Memory Usage (492704K) : Starting RESISTOR EXTRACTION
2026-08-13 20:33:45 +0200: Memory Usage (492704K) : Extracting rsil resistor
2026-08-13 20:33:45 +0200: Memory Usage (492704K) : Extracting rppd resistor
2026-08-13 20:33:45 +0200: Memory Usage (492960K) : Extracting rhigh resistor
2026-08-13 20:33:45 +0200: Memory Usage (492960K) : Extracting res_metal1 resistor
2026-08-13 20:33:45 +0200: Memory Usage (492960K) : Extracting res_metal2 resistor
2026-08-13 20:33:45 +0200: Memory Usage (492960K) : Extracting res_metal3 resistor
2026-08-13 20:33:45 +0200: Memory Usage (492960K) : Extracting res_metal4 resistor
2026-08-13 20:33:45 +0200: Memory Usage (492960K) : Extracting res_metal5 resistor
2026-08-13 20:33:45 +0200: Memory Usage (492960K) : Extracting res_topmetal1 resistor
2026-08-13 20:33:45 +0200: Memory Usage (492960K) : Extracting res_topmetal2 resistor
2026-08-13 20:33:45 +0200: Memory Usage (492960K) : Starting CAP EXTRACTION
2026-08-13 20:33:45 +0200: Memory Usage (492960K) : Extracting cap_cmim device
2026-08-13 20:33:45 +0200: Memory Usage (492960K) : Extracting rfcmim device
2026-08-13 20:33:45 +0200: Memory Usage (492960K) : Extracting sg13_hv_svaricap varactor
2026-08-13 20:33:45 +0200: Memory Usage (492960K) : Extracting cap_mfringe device
2026-08-13 20:33:45 +0200: Memory Usage (492960K) : Starting ESD EXTRACTION
2026-08-13 20:33:45 +0200: Memory Usage (492960K) : Extracting diodevdd_2kv ESD device
2026-08-13 20:33:45 +0200: Memory Usage (492960K) : Extracting diodevdd_4kv ESD device
2026-08-13 20:33:45 +0200: Memory Usage (492960K) : Extracting diodevss_2kv ESD device
2026-08-13 20:33:45 +0200: Memory Usage (492960K) : Extracting diodevss_4kv ESD device
2026-08-13 20:33:45 +0200: Memory Usage (492960K) : Extracting idiodevdd_2kv ESD device
2026-08-13 20:33:45 +0200: Memory Usage (492960K) : Extracting idiodevdd_4kv ESD device
2026-08-13 20:33:45 +0200: Memory Usage (492960K) : Extracting idiodevss_2kv ESD device
2026-08-13 20:33:45 +0200: Memory Usage (492960K) : Extracting idiodevss_4kv ESD device
2026-08-13 20:33:45 +0200: Memory Usage (492960K) : Extracting nmoscl_2 ESD device
2026-08-13 20:33:45 +0200: Memory Usage (492960K) : Extracting nmoscl_4 ESD device
2026-08-13 20:33:45 +0200: Memory Usage (492960K) : Starting Inductor EXTRACTION
2026-08-13 20:33:45 +0200: Memory Usage (492960K) : Extracting Inductor2 device
2026-08-13 20:33:45 +0200: Memory Usage (492960K) : Extracting Inductor3 device
2026-08-13 20:33:45 +0200: Memory Usage (492960K) : Starting Taps EXTRACTION
2026-08-13 20:33:45 +0200: Memory Usage (492960K) : Extracting ntap1 device
2026-08-13 20:33:45 +0200: Memory Usage (492960K) : Extracting ptap1 device
2026-08-13 20:33:45 +0200: Memory Usage (492960K) : Starting SG13CMOS5L LVS RF MOS Model Mapping
2026-08-13 20:33:45 +0200: Memory Usage (492960K) : [layout_netlist] Apply RF MOS model mapping and rfmode parameter.
2026-08-13 20:33:45 +0200: Memory Usage (492960K) : Starting SG13CMOS5L LVS Options Preparations
2026-08-13 20:33:45 +0200: Memory Usage (492960K) : SG13CMOS5L LVS flow: extraction -> alignment -> option preparation -> comparison.
2026-08-13 20:33:45 +0200: Memory Usage (492960K) : Starting SG13CMOS5L LVS Alignment
2026-08-13 20:33:45 +0200: Memory Usage (493088K) : Starting SG13CMOS5L LVS Simplification
2026-08-13 20:33:45 +0200: Memory Usage (493088K) : [layout_netlist] simplify: ENABLED
2026-08-13 20:33:45 +0200: Memory Usage (493088K) : [layout_netlist] make_top_level_pins: SKIPPED
2026-08-13 20:33:45 +0200: Memory Usage (493088K) : [layout_netlist] combine_devices: SKIPPED
2026-08-13 20:33:45 +0200: Memory Usage (493088K) : [layout_netlist] purge: SKIPPED
2026-08-13 20:33:45 +0200: Memory Usage (493088K) : [layout_netlist] purge_nets: SKIPPED
2026-08-13 20:33:45 +0200: Memory Usage (493088K) : [schematic_netlist] simplify: ENABLED
2026-08-13 20:33:45 +0200: Memory Usage (493088K) : [schematic_netlist] make_top_level_pins: SKIPPED
2026-08-13 20:33:45 +0200: Memory Usage (493088K) : [schematic_netlist] combine_devices: SKIPPED
2026-08-13 20:33:45 +0200: Memory Usage (493088K) : [schematic_netlist] purge: SKIPPED
2026-08-13 20:33:45 +0200: Memory Usage (493088K) : [schematic_netlist] purge_nets: SKIPPED
2026-08-13 20:33:45 +0200: Memory Usage (493088K) : Starting SG13CMOS5L LVS Comparison in strict port mode.
2026-08-13 20:33:45 +0200: Memory Usage (493088K) : flag_missing_ports enabled: missing/mislabeled top-level ports are treated as errors.
2026-08-13 20:33:45 +0200: Memory Usage (493088K) : xxxxxxxxxxxxxxxxxxxxxxxxxxxxxxxxxxxxxxxxxx
2026-08-13 20:33:45 +0200: Memory Usage (493088K) : ERROR : Netlists don't match
2026-08-13 20:33:45 +0200: Memory Usage (493088K) : xxxxxxxxxxxxxxxxxxxxxxxxxxxxxxxxxxxxxxxxxx
2026-08-13 20:33:45 +0200: Memory Usage (493088K) : LVS Total Run time 1.136358 seconds
