# Logfile created on 2026-08-30 19:02:56 +0200 by logger.rb/v1.5.3
2026-08-30 19:02:56 +0200: Memory Usage (456112K) : Starting running IHP-SG13CMOS5L KLayout DRC runset on /foss/designs/CHIP-PLL/layout/PFD/PFD_cell_2.gds
2026-08-30 19:02:56 +0200: Memory Usage (456112K) : Ruby Version for klayout: 3.2.3
2026-08-30 19:02:56 +0200: Memory Usage (457656K) : Loading database to memory is complete.
2026-08-30 19:02:56 +0200: Memory Usage (457656K) : IHP-SG13CMOS5L KLayout DRC runset output at: /foss/designs/CHIP-PLL/layout/PFD/drc_run_PFD_buffor/PFD_cell_2_PFD_buffor_main.lyrdb
2026-08-30 19:02:56 +0200: Memory Usage (457656K) : Evaluate switches.
2026-08-30 19:02:56 +0200: Memory Usage (457656K) : tables selected: main
2026-08-30 19:02:56 +0200: Memory Usage (457656K) : KLayout will use 1 thread(s) in tiled mode.
2026-08-30 19:02:56 +0200: Memory Usage (457656K) : deep mode is enabled.
2026-08-30 19:02:56 +0200: Memory Usage (457656K) : FEOL enabled: true
2026-08-30 19:02:56 +0200: Memory Usage (457656K) : BEOL enabled: true
2026-08-30 19:02:56 +0200: Memory Usage (457656K) : OFFGRID enabled: true
2026-08-30 19:02:56 +0200: Memory Usage (457656K) : ANGLE enabled: true
2026-08-30 19:02:56 +0200: Memory Usage (457656K) : PIN enabled: true
2026-08-30 19:02:56 +0200: Memory Usage (457656K) : FORBIDDEN enabled: true
2026-08-30 19:02:56 +0200: Memory Usage (457656K) : RECOMMENDED enabled: true
2026-08-30 19:02:56 +0200: Memory Usage (457656K) : PreCheck DRC enabled: false
2026-08-30 19:02:56 +0200: Memory Usage (457656K) : CONNECTIVITY_RULES enabled: true.
2026-08-30 19:02:56 +0200: Memory Usage (457656K) : Read in polygons from layers.
2026-08-30 19:02:56 +0200: Memory Usage (458612K) : activ_drw has 14 polygons
2026-08-30 19:02:56 +0200: Memory Usage (458612K) : activ_pin has 0 polygons
2026-08-30 19:02:56 +0200: Memory Usage (458612K) : activ_mask has 0 polygons
2026-08-30 19:02:56 +0200: Memory Usage (458612K) : activ_filler has 0 polygons
2026-08-30 19:02:56 +0200: Memory Usage (458612K) : activ_nofill has 0 polygons
2026-08-30 19:02:56 +0200: Memory Usage (458612K) : activ_opc has 0 polygons
2026-08-30 19:02:56 +0200: Memory Usage (458612K) : activ_iopc has 0 polygons
2026-08-30 19:02:56 +0200: Memory Usage (458612K) : activ_noqrc has 0 polygons
2026-08-30 19:02:56 +0200: Memory Usage (458612K) : biwind_drw has 0 polygons
2026-08-30 19:02:56 +0200: Memory Usage (458612K) : biwind_opc has 0 polygons
2026-08-30 19:02:56 +0200: Memory Usage (458612K) : pemwind_drw has 0 polygons
2026-08-30 19:02:56 +0200: Memory Usage (458612K) : gatpoly_drw has 10 polygons
2026-08-30 19:02:56 +0200: Memory Usage (458612K) : gatpoly_pin has 2 polygons
2026-08-30 19:02:56 +0200: Memory Usage (458740K) : gatpoly_filler has 0 polygons
2026-08-30 19:02:56 +0200: Memory Usage (458740K) : gatpoly_nofill has 0 polygons
2026-08-30 19:02:56 +0200: Memory Usage (458740K) : gatpoly_opc has 0 polygons
2026-08-30 19:02:56 +0200: Memory Usage (458740K) : gatpoly_iopc has 0 polygons
2026-08-30 19:02:56 +0200: Memory Usage (458740K) : gatpoly_noqrc has 0 polygons
2026-08-30 19:02:56 +0200: Memory Usage (458740K) : cont_drw has 36 polygons
2026-08-30 19:02:56 +0200: Memory Usage (458740K) : cont_opc has 0 polygons
2026-08-30 19:02:56 +0200: Memory Usage (458740K) : nsd_drw has 0 polygons
2026-08-30 19:02:56 +0200: Memory Usage (458740K) : nsd_block has 0 polygons
2026-08-30 19:02:56 +0200: Memory Usage (458740K) : metal1_drw has 29 polygons
2026-08-30 19:02:56 +0200: Memory Usage (458996K) : metal1_pin has 9 polygons
2026-08-30 19:02:56 +0200: Memory Usage (458996K) : metal1_mask has 0 polygons
2026-08-30 19:02:56 +0200: Memory Usage (458996K) : metal1_filler has 0 polygons
2026-08-30 19:02:56 +0200: Memory Usage (458996K) : metal1_nofill has 0 polygons
2026-08-30 19:02:56 +0200: Memory Usage (458996K) : metal1_slit has 0 polygons
2026-08-30 19:02:56 +0200: Memory Usage (459292K) : metal1_text has 2 polygons
2026-08-30 19:02:56 +0200: Memory Usage (459292K) : metal1_opc has 0 polygons
2026-08-30 19:02:56 +0200: Memory Usage (459292K) : metal1_noqrc has 0 polygons
2026-08-30 19:02:56 +0200: Memory Usage (459420K) : metal1_res has 0 polygons
2026-08-30 19:02:56 +0200: Memory Usage (459420K) : metal1_iprobe has 0 polygons
2026-08-30 19:02:56 +0200: Memory Usage (459548K) : metal1_diffprb has 0 polygons
2026-08-30 19:02:56 +0200: Memory Usage (459548K) : passiv_drw has 0 polygons
2026-08-30 19:02:56 +0200: Memory Usage (459548K) : passiv_pin has 0 polygons
2026-08-30 19:02:56 +0200: Memory Usage (459676K) : passiv_sbump has 0 polygons
2026-08-30 19:02:56 +0200: Memory Usage (459676K) : passiv_pillar has 0 polygons
2026-08-30 19:02:56 +0200: Memory Usage (459804K) : passiv_pdl has 0 polygons
2026-08-30 19:02:56 +0200: Memory Usage (459932K) : metal2_drw has 7 polygons
2026-08-30 19:02:56 +0200: Memory Usage (459932K) : metal2_pin has 2 polygons
2026-08-30 19:02:56 +0200: Memory Usage (460060K) : metal2_mask has 0 polygons
2026-08-30 19:02:56 +0200: Memory Usage (460060K) : metal2_filler has 0 polygons
2026-08-30 19:02:56 +0200: Memory Usage (460060K) : metal2_nofill has 0 polygons
2026-08-30 19:02:56 +0200: Memory Usage (460188K) : metal2_slit has 0 polygons
2026-08-30 19:02:56 +0200: Memory Usage (460188K) : metal2_text has 2 polygons
2026-08-30 19:02:56 +0200: Memory Usage (460316K) : metal2_opc has 0 polygons
2026-08-30 19:02:56 +0200: Memory Usage (460316K) : metal2_noqrc has 0 polygons
2026-08-30 19:02:56 +0200: Memory Usage (460444K) : metal2_res has 0 polygons
2026-08-30 19:02:56 +0200: Memory Usage (460444K) : metal2_iprobe has 0 polygons
2026-08-30 19:02:56 +0200: Memory Usage (460444K) : metal2_diffprb has 0 polygons
2026-08-30 19:02:56 +0200: Memory Usage (460572K) : baspoly_drw has 0 polygons
2026-08-30 19:02:56 +0200: Memory Usage (460572K) : baspoly_pin has 0 polygons
2026-08-30 19:02:56 +0200: Memory Usage (460700K) : psd_drw has 3 polygons
2026-08-30 19:02:56 +0200: Memory Usage (460700K) : nldb_drw has 0 polygons
2026-08-30 19:02:56 +0200: Memory Usage (460828K) : digibnd_drw has 0 polygons
2026-08-30 19:02:56 +0200: Memory Usage (460828K) : via1_drw has 8 polygons
2026-08-30 19:02:56 +0200: Memory Usage (460828K) : backmetal1_drw has 0 polygons
2026-08-30 19:02:56 +0200: Memory Usage (460956K) : backmetal1_pin has 0 polygons
2026-08-30 19:02:56 +0200: Memory Usage (460956K) : backmetal1_mask has 0 polygons
2026-08-30 19:02:56 +0200: Memory Usage (461084K) : backmetal1_filler has 0 polygons
2026-08-30 19:02:56 +0200: Memory Usage (461084K) : backmetal1_nofill has 0 polygons
2026-08-30 19:02:56 +0200: Memory Usage (461212K) : backmetal1_slit has 0 polygons
2026-08-30 19:02:56 +0200: Memory Usage (461212K) : backmetal1_text has 0 polygons
2026-08-30 19:02:56 +0200: Memory Usage (461340K) : backmetal1_opc has 0 polygons
2026-08-30 19:02:56 +0200: Memory Usage (461340K) : backmetal1_noqrc has 0 polygons
2026-08-30 19:02:56 +0200: Memory Usage (461468K) : backmetal1_res has 0 polygons
2026-08-30 19:02:56 +0200: Memory Usage (461596K) : backmetal1_iprobe has 0 polygons
2026-08-30 19:02:56 +0200: Memory Usage (461596K) : backmetal1_diffprb has 0 polygons
2026-08-30 19:02:56 +0200: Memory Usage (461596K) : backpassiv_drw has 0 polygons
2026-08-30 19:02:56 +0200: Memory Usage (461724K) : res_drw has 0 polygons
2026-08-30 19:02:56 +0200: Memory Usage (461724K) : sram_drw has 0 polygons
2026-08-30 19:02:56 +0200: Memory Usage (461852K) : trans_drw has 0 polygons
2026-08-30 19:02:56 +0200: Memory Usage (461852K) : ind_drw has 0 polygons
2026-08-30 19:02:56 +0200: Memory Usage (461980K) : ind_pin has 0 polygons
2026-08-30 19:02:56 +0200: Memory Usage (462108K) : ind_text has 0 polygons
2026-08-30 19:02:56 +0200: Memory Usage (462108K) : salblock_drw has 0 polygons
2026-08-30 19:02:56 +0200: Memory Usage (462108K) : via2_drw has 0 polygons
2026-08-30 19:02:56 +0200: Memory Usage (462236K) : metal3_drw has 0 polygons
2026-08-30 19:02:56 +0200: Memory Usage (462236K) : metal3_pin has 0 polygons
2026-08-30 19:02:56 +0200: Memory Usage (462364K) : metal3_mask has 0 polygons
2026-08-30 19:02:56 +0200: Memory Usage (462364K) : metal3_filler has 0 polygons
2026-08-30 19:02:56 +0200: Memory Usage (462492K) : metal3_nofill has 0 polygons
2026-08-30 19:02:56 +0200: Memory Usage (462492K) : metal3_slit has 0 polygons
2026-08-30 19:02:56 +0200: Memory Usage (462492K) : metal3_text has 0 polygons
2026-08-30 19:02:56 +0200: Memory Usage (462620K) : metal3_opc has 0 polygons
2026-08-30 19:02:56 +0200: Memory Usage (462620K) : metal3_noqrc has 0 polygons
2026-08-30 19:02:56 +0200: Memory Usage (462748K) : metal3_res has 0 polygons
2026-08-30 19:02:56 +0200: Memory Usage (462748K) : metal3_iprobe has 0 polygons
2026-08-30 19:02:56 +0200: Memory Usage (462748K) : metal3_diffprb has 0 polygons
2026-08-30 19:02:56 +0200: Memory Usage (462876K) : nwell_drw has 5 polygons
2026-08-30 19:02:56 +0200: Memory Usage (463004K) : nwell_pin has 1 polygons
2026-08-30 19:02:56 +0200: Memory Usage (463004K) : nbulay_drw has 0 polygons
2026-08-30 19:02:56 +0200: Memory Usage (463132K) : nbulay_pin has 0 polygons
2026-08-30 19:02:56 +0200: Memory Usage (463260K) : nbulay_block has 0 polygons
2026-08-30 19:02:56 +0200: Memory Usage (463260K) : emwind_drw has 0 polygons
2026-08-30 19:02:56 +0200: Memory Usage (463388K) : emwind_opc has 0 polygons
2026-08-30 19:02:56 +0200: Memory Usage (463388K) : deepco_drw has 0 polygons
2026-08-30 19:02:56 +0200: Memory Usage (463388K) : deepco_drw has 0 polygons
2026-08-30 19:02:56 +0200: Memory Usage (463516K) : mim_drw has 0 polygons
2026-08-30 19:02:56 +0200: Memory Usage (463516K) : edgeseal_drw has 0 polygons
2026-08-30 19:02:56 +0200: Memory Usage (463644K) : edgeseal_bound has 0 polygons
2026-08-30 19:02:56 +0200: Memory Usage (463644K) : substrate_drw has 3 polygons
2026-08-30 19:02:56 +0200: Memory Usage (463644K) : substrate_text has 0 polygons
2026-08-30 19:02:56 +0200: Memory Usage (463772K) : dfpad_drw has 0 polygons
2026-08-30 19:02:56 +0200: Memory Usage (463772K) : dfpad_pillar has 0 polygons
2026-08-30 19:02:56 +0200: Memory Usage (463900K) : dfpad_sbump has 0 polygons
2026-08-30 19:02:56 +0200: Memory Usage (463900K) : thickgateox_drw has 0 polygons
2026-08-30 19:02:56 +0200: Memory Usage (464028K) : pldb_drw has 0 polygons
2026-08-30 19:02:56 +0200: Memory Usage (464028K) : pwell_drw has 0 polygons
2026-08-30 19:02:56 +0200: Memory Usage (464028K) : pwell_pin has 0 polygons
2026-08-30 19:02:56 +0200: Memory Usage (464156K) : pwell_block has 0 polygons
2026-08-30 19:02:56 +0200: Memory Usage (464284K) : ic_drw has 0 polygons
2026-08-30 19:02:56 +0200: Memory Usage (464284K) : via3_drw has 0 polygons
2026-08-30 19:02:56 +0200: Memory Usage (464412K) : metal4_drw has 0 polygons
2026-08-30 19:02:56 +0200: Memory Usage (464412K) : metal4_pin has 0 polygons
2026-08-30 19:02:56 +0200: Memory Usage (464540K) : metal4_mask has 0 polygons
2026-08-30 19:02:56 +0200: Memory Usage (464540K) : metal4_filler has 0 polygons
2026-08-30 19:02:56 +0200: Memory Usage (464668K) : metal4_nofill has 0 polygons
2026-08-30 19:02:56 +0200: Memory Usage (464668K) : metal4_slit has 0 polygons
2026-08-30 19:02:56 +0200: Memory Usage (464796K) : metal4_text has 0 polygons
2026-08-30 19:02:56 +0200: Memory Usage (464796K) : metal4_opc has 0 polygons
2026-08-30 19:02:56 +0200: Memory Usage (464796K) : metal4_noqrc has 0 polygons
2026-08-30 19:02:56 +0200: Memory Usage (464924K) : metal4_res has 0 polygons
2026-08-30 19:02:56 +0200: Memory Usage (464924K) : metal4_iprobe has 0 polygons
2026-08-30 19:02:56 +0200: Memory Usage (465052K) : metal4_diffprb has 0 polygons
2026-08-30 19:02:56 +0200: Memory Usage (465052K) : heattrans_drw has 4 polygons
2026-08-30 19:02:56 +0200: Memory Usage (465180K) : heatres_drw has 0 polygons
2026-08-30 19:02:56 +0200: Memory Usage (465308K) : pempoly_drw has 0 polygons
2026-08-30 19:02:56 +0200: Memory Usage (465308K) : fbe_drw has 0 polygons
2026-08-30 19:02:56 +0200: Memory Usage (465308K) : empoly_drw has 0 polygons
2026-08-30 19:02:56 +0200: Memory Usage (465436K) : ldmos_drw has 0 polygons
2026-08-30 19:02:56 +0200: Memory Usage (465436K) : pbiwind_drw has 0 polygons
2026-08-30 19:02:56 +0200: Memory Usage (465564K) : digisub_drw has 0 polygons
2026-08-30 19:02:56 +0200: Memory Usage (465564K) : nodrc_drw has 0 polygons
2026-08-30 19:02:56 +0200: Memory Usage (465692K) : text_drw has 6 polygons
2026-08-30 19:02:56 +0200: Memory Usage (465692K) : via4_drw has 0 polygons
2026-08-30 19:02:56 +0200: Memory Usage (465692K) : metal5_drw has 0 polygons
2026-08-30 19:02:56 +0200: Memory Usage (465820K) : metal5_pin has 0 polygons
2026-08-30 19:02:56 +0200: Memory Usage (465820K) : metal5_mask has 0 polygons
2026-08-30 19:02:56 +0200: Memory Usage (465948K) : metal5_filler has 0 polygons
2026-08-30 19:02:56 +0200: Memory Usage (465948K) : metal5_nofill has 0 polygons
2026-08-30 19:02:56 +0200: Memory Usage (466076K) : metal5_slit has 0 polygons
2026-08-30 19:02:56 +0200: Memory Usage (466076K) : metal5_text has 0 polygons
2026-08-30 19:02:56 +0200: Memory Usage (466204K) : metal5_opc has 0 polygons
2026-08-30 19:02:56 +0200: Memory Usage (466204K) : metal5_noqrc has 0 polygons
2026-08-30 19:02:56 +0200: Memory Usage (466332K) : metal5_res has 0 polygons
2026-08-30 19:02:56 +0200: Memory Usage (466460K) : metal5_iprobe has 0 polygons
2026-08-30 19:02:56 +0200: Memory Usage (466460K) : metal5_diffprb has 0 polygons
2026-08-30 19:02:56 +0200: Memory Usage (466460K) : radhard_drw has 0 polygons
2026-08-30 19:02:56 +0200: Memory Usage (466588K) : memcap_drw has 0 polygons
2026-08-30 19:02:56 +0200: Memory Usage (466588K) : varicap_drw has 0 polygons
2026-08-30 19:02:56 +0200: Memory Usage (466716K) : flash_drw has 0 polygons
2026-08-30 19:02:56 +0200: Memory Usage (466716K) : intbondvia_drw has 0 polygons
2026-08-30 19:02:56 +0200: Memory Usage (466844K) : intbondmet_drw has 0 polygons
2026-08-30 19:02:56 +0200: Memory Usage (466844K) : devbondvia_drw has 0 polygons
2026-08-30 19:02:56 +0200: Memory Usage (466844K) : devbondmet_drw has 0 polygons
2026-08-30 19:02:56 +0200: Memory Usage (466972K) : devtrench_drw has 0 polygons
2026-08-30 19:02:56 +0200: Memory Usage (466972K) : redist_drw has 0 polygons
2026-08-30 19:02:56 +0200: Memory Usage (467100K) : graphbot_drw has 0 polygons
2026-08-30 19:02:56 +0200: Memory Usage (467100K) : graphtop_drw has 0 polygons
2026-08-30 19:02:56 +0200: Memory Usage (467228K) : antvia1_drw has 0 polygons
2026-08-30 19:02:56 +0200: Memory Usage (467228K) : antmetal2_drw has 0 polygons
2026-08-30 19:02:56 +0200: Memory Usage (467228K) : graphcont_drw has 0 polygons
2026-08-30 19:02:56 +0200: Memory Usage (467356K) : siwg_drw has 0 polygons
2026-08-30 19:02:56 +0200: Memory Usage (467356K) : siwg_filler has 0 polygons
2026-08-30 19:02:56 +0200: Memory Usage (467356K) : siwg_nofill has 0 polygons
2026-08-30 19:02:56 +0200: Memory Usage (467356K) : sigrating_drw has 0 polygons
2026-08-30 19:02:56 +0200: Memory Usage (467484K) : singrating_drw has 0 polygons
2026-08-30 19:02:56 +0200: Memory Usage (467484K) : graphpas_drw has 0 polygons
2026-08-30 19:02:56 +0200: Memory Usage (467484K) : emwind3_drw has 0 polygons
2026-08-30 19:02:56 +0200: Memory Usage (467612K) : emwihv3_drw has 0 polygons
2026-08-30 19:02:56 +0200: Memory Usage (467612K) : redbulay_drw has 0 polygons
2026-08-30 19:02:56 +0200: Memory Usage (467612K) : smos_drw has 0 polygons
2026-08-30 19:02:56 +0200: Memory Usage (467740K) : graphpad_drw has 0 polygons
2026-08-30 19:02:56 +0200: Memory Usage (467740K) : polimide_drw has 0 polygons
2026-08-30 19:02:56 +0200: Memory Usage (467740K) : polimide_pin has 0 polygons
2026-08-30 19:02:56 +0200: Memory Usage (467740K) : recog_drw has 0 polygons
2026-08-30 19:02:56 +0200: Memory Usage (467868K) : recog_pin has 0 polygons
2026-08-30 19:02:56 +0200: Memory Usage (467868K) : recog_esd has 0 polygons
2026-08-30 19:02:56 +0200: Memory Usage (467868K) : recog_diode has 0 polygons
2026-08-30 19:02:56 +0200: Memory Usage (467996K) : recog_tsv has 0 polygons
2026-08-30 19:02:56 +0200: Memory Usage (467996K) : recog_iprobe has 0 polygons
2026-08-30 19:02:56 +0200: Memory Usage (468124K) : recog_diffprb has 0 polygons
2026-08-30 19:02:56 +0200: Memory Usage (468124K) : recog_pillar has 0 polygons
2026-08-30 19:02:56 +0200: Memory Usage (468124K) : recog_sbump has 0 polygons
2026-08-30 19:02:56 +0200: Memory Usage (468252K) : recog_otp has 0 polygons
2026-08-30 19:02:56 +0200: Memory Usage (468252K) : recog_pdiode has 0 polygons
2026-08-30 19:02:56 +0200: Memory Usage (468380K) : recog_mom has 0 polygons
2026-08-30 19:02:56 +0200: Memory Usage (468380K) : recog_pcm has 0 polygons
2026-08-30 19:02:56 +0200: Memory Usage (468508K) : colopen_drw has 0 polygons
2026-08-30 19:02:56 +0200: Memory Usage (468508K) : graphmetal1_drw has 0 polygons
2026-08-30 19:02:56 +0200: Memory Usage (468508K) : graphmetal1_filler has 0 polygons
2026-08-30 19:02:56 +0200: Memory Usage (468636K) : graphmetal1_nofill has 0 polygons
2026-08-30 19:02:56 +0200: Memory Usage (468636K) : graphmetal1_slit has 0 polygons
2026-08-30 19:02:56 +0200: Memory Usage (468764K) : graphmetal1_opc has 0 polygons
2026-08-30 19:02:56 +0200: Memory Usage (468764K) : graphmet1l_drw has 0 polygons
2026-08-30 19:02:56 +0200: Memory Usage (468892K) : graphmet1l_filler has 0 polygons
2026-08-30 19:02:56 +0200: Memory Usage (468892K) : graphmet1l_nofill has 0 polygons
2026-08-30 19:02:56 +0200: Memory Usage (468892K) : graphmet1l_slit has 0 polygons
2026-08-30 19:02:56 +0200: Memory Usage (469020K) : graphmet1l_opc has 0 polygons
2026-08-30 19:02:56 +0200: Memory Usage (469020K) : extblock_drw has 0 polygons
2026-08-30 19:02:56 +0200: Memory Usage (469148K) : nldd_drw has 0 polygons
2026-08-30 19:02:56 +0200: Memory Usage (469148K) : pldd_drw has 0 polygons
2026-08-30 19:02:56 +0200: Memory Usage (469148K) : next_drw has 0 polygons
2026-08-30 19:02:56 +0200: Memory Usage (469276K) : pext_drw has 0 polygons
2026-08-30 19:02:56 +0200: Memory Usage (469276K) : nexthv_drw has 0 polygons
2026-08-30 19:02:56 +0200: Memory Usage (469404K) : pexthv_drw has 0 polygons
2026-08-30 19:02:56 +0200: Memory Usage (469404K) : graphgate_drw has 0 polygons
2026-08-30 19:02:56 +0200: Memory Usage (469404K) : sinwg_drw has 0 polygons
2026-08-30 19:02:56 +0200: Memory Usage (469404K) : sinwg_filler has 0 polygons
2026-08-30 19:02:56 +0200: Memory Usage (469532K) : sinwg_nofill has 0 polygons
2026-08-30 19:02:56 +0200: Memory Usage (469532K) : mempad_drw has 0 polygons
2026-08-30 19:02:56 +0200: Memory Usage (469532K) : topvia1_drw has 0 polygons
2026-08-30 19:02:56 +0200: Memory Usage (469660K) : topmetal1_drw has 0 polygons
2026-08-30 19:02:56 +0200: Memory Usage (469660K) : topmetal1_pin has 0 polygons
2026-08-30 19:02:56 +0200: Memory Usage (469660K) : topmetal1_mask has 0 polygons
2026-08-30 19:02:56 +0200: Memory Usage (469788K) : topmetal1_filler has 0 polygons
2026-08-30 19:02:56 +0200: Memory Usage (469788K) : topmetal1_nofill has 0 polygons
2026-08-30 19:02:56 +0200: Memory Usage (469916K) : topmetal1_slit has 0 polygons
2026-08-30 19:02:56 +0200: Memory Usage (469916K) : topmetal1_text has 0 polygons
2026-08-30 19:02:56 +0200: Memory Usage (470044K) : topmetal1_noqrc has 0 polygons
2026-08-30 19:02:56 +0200: Memory Usage (470044K) : topmetal1_res has 0 polygons
2026-08-30 19:02:56 +0200: Memory Usage (470044K) : topmetal1_iprobe has 0 polygons
2026-08-30 19:02:56 +0200: Memory Usage (470172K) : topmetal1_diffprb has 0 polygons
2026-08-30 19:02:56 +0200: Memory Usage (470172K) : inldpwl_drw has 0 polygons
2026-08-30 19:02:56 +0200: Memory Usage (470300K) : polyres_drw has 0 polygons
2026-08-30 19:02:56 +0200: Memory Usage (470300K) : polyres_pin has 0 polygons
2026-08-30 19:02:56 +0200: Memory Usage (470428K) : vmim_drw has 0 polygons
2026-08-30 19:02:56 +0200: Memory Usage (470428K) : nbulaycut_drw has 0 polygons
2026-08-30 19:02:56 +0200: Memory Usage (470428K) : antmetal1_drw has 0 polygons
2026-08-30 19:02:56 +0200: Memory Usage (470556K) : topvia2_drw has 0 polygons
2026-08-30 19:02:56 +0200: Memory Usage (470556K) : topmetal2_drw has 0 polygons
2026-08-30 19:02:56 +0200: Memory Usage (470684K) : topmetal2_pin has 0 polygons
2026-08-30 19:02:56 +0200: Memory Usage (470684K) : topmetal2_mask has 0 polygons
2026-08-30 19:02:56 +0200: Memory Usage (470684K) : topmetal2_filler has 0 polygons
2026-08-30 19:02:56 +0200: Memory Usage (470812K) : topmetal2_nofill has 0 polygons
2026-08-30 19:02:56 +0200: Memory Usage (470812K) : topmetal2_slit has 0 polygons
2026-08-30 19:02:56 +0200: Memory Usage (470940K) : topmetal2_text has 0 polygons
2026-08-30 19:02:56 +0200: Memory Usage (470940K) : topmetal2_noqrc has 0 polygons
2026-08-30 19:02:56 +0200: Memory Usage (471068K) : topmetal2_res has 0 polygons
2026-08-30 19:02:56 +0200: Memory Usage (471068K) : topmetal2_iprobe has 0 polygons
2026-08-30 19:02:56 +0200: Memory Usage (471068K) : topmetal2_diffprb has 0 polygons
2026-08-30 19:02:56 +0200: Memory Usage (471068K) : snsring_drw has 0 polygons
2026-08-30 19:02:56 +0200: Memory Usage (471196K) : sensor_drw has 0 polygons
2026-08-30 19:02:56 +0200: Memory Usage (471196K) : snsarms_drw has 0 polygons
2026-08-30 19:02:56 +0200: Memory Usage (471196K) : snscmosvia_drw has 0 polygons
2026-08-30 19:02:56 +0200: Memory Usage (471196K) : colwind_drw has 0 polygons
2026-08-30 19:02:56 +0200: Memory Usage (471324K) : flm_drw has 0 polygons
2026-08-30 19:02:56 +0200: Memory Usage (471324K) : hafniumox_drw has 0 polygons
2026-08-30 19:02:56 +0200: Memory Usage (471324K) : memvia_drw has 0 polygons
2026-08-30 19:02:56 +0200: Memory Usage (471452K) : thinfilmres_drw has 0 polygons
2026-08-30 19:02:56 +0200: Memory Usage (471452K) : rfmem_drw has 0 polygons
2026-08-30 19:02:56 +0200: Memory Usage (471452K) : norcx_drw has 0 polygons
2026-08-30 19:02:56 +0200: Memory Usage (471580K) : norcx_m2m3 has 0 polygons
2026-08-30 19:02:56 +0200: Memory Usage (471580K) : norcx_m2m4 has 0 polygons
2026-08-30 19:02:56 +0200: Memory Usage (471580K) : norcx_m2m5 has 0 polygons
2026-08-30 19:02:56 +0200: Memory Usage (471708K) : norcx_m2tm1 has 0 polygons
2026-08-30 19:02:56 +0200: Memory Usage (471708K) : norcx_m2tm2 has 0 polygons
2026-08-30 19:02:56 +0200: Memory Usage (471708K) : norcx_m3m4 has 0 polygons
2026-08-30 19:02:56 +0200: Memory Usage (471708K) : norcx_m3m5 has 0 polygons
2026-08-30 19:02:56 +0200: Memory Usage (471836K) : norcx_m3tm1 has 0 polygons
2026-08-30 19:02:56 +0200: Memory Usage (471836K) : norcx_m3tm2 has 0 polygons
2026-08-30 19:02:56 +0200: Memory Usage (471836K) : norcx_m4m5 has 0 polygons
2026-08-30 19:02:56 +0200: Memory Usage (471964K) : norcx_m4tm1 has 0 polygons
2026-08-30 19:02:56 +0200: Memory Usage (471964K) : norcx_m4tm2 has 0 polygons
2026-08-30 19:02:56 +0200: Memory Usage (471964K) : norcx_m5tm1 has 0 polygons
2026-08-30 19:02:56 +0200: Memory Usage (472092K) : norcx_m5tm2 has 0 polygons
2026-08-30 19:02:56 +0200: Memory Usage (472092K) : norcx_tm1tm2 has 0 polygons
2026-08-30 19:02:56 +0200: Memory Usage (472092K) : norcx_m1sub has 0 polygons
2026-08-30 19:02:56 +0200: Memory Usage (472220K) : norcx_m2sub has 0 polygons
2026-08-30 19:02:56 +0200: Memory Usage (472220K) : norcx_m3sub has 0 polygons
2026-08-30 19:02:56 +0200: Memory Usage (472220K) : norcx_m4sub has 0 polygons
2026-08-30 19:02:56 +0200: Memory Usage (472348K) : norcx_m5sub has 0 polygons
2026-08-30 19:02:56 +0200: Memory Usage (472348K) : norcx_tm1sub has 0 polygons
2026-08-30 19:02:56 +0200: Memory Usage (472476K) : norcx_tm2sub has 0 polygons
2026-08-30 19:02:56 +0200: Memory Usage (472476K) : snsbotvia_drw has 0 polygons
2026-08-30 19:02:56 +0200: Memory Usage (472604K) : snstopvia_drw has 0 polygons
2026-08-30 19:02:56 +0200: Memory Usage (472604K) : deepvia_drw has 0 polygons
2026-08-30 19:02:56 +0200: Memory Usage (472604K) : fgetch_drw has 0 polygons
2026-08-30 19:02:56 +0200: Memory Usage (472732K) : ctrgat_drw has 0 polygons
2026-08-30 19:02:56 +0200: Memory Usage (472732K) : fgimp_drw has 0 polygons
2026-08-30 19:02:56 +0200: Memory Usage (472860K) : emwihv_drw has 0 polygons
2026-08-30 19:02:56 +0200: Memory Usage (472860K) : lbe_drw has 0 polygons
2026-08-30 19:02:56 +0200: Memory Usage (472860K) : alcustop_drw has 0 polygons
2026-08-30 19:02:56 +0200: Memory Usage (472988K) : nometfiller_drw has 0 polygons
2026-08-30 19:02:56 +0200: Memory Usage (472988K) : prboundary_drw has 0 polygons
2026-08-30 19:02:56 +0200: Memory Usage (472988K) : exchange0_drw has 0 polygons
2026-08-30 19:02:56 +0200: Memory Usage (472988K) : exchange0_pin has 0 polygons
2026-08-30 19:02:56 +0200: Memory Usage (472988K) : exchange0_text has 0 polygons
2026-08-30 19:02:56 +0200: Memory Usage (472988K) : exchange1_drw has 0 polygons
2026-08-30 19:02:56 +0200: Memory Usage (472988K) : exchange1_pin has 0 polygons
2026-08-30 19:02:56 +0200: Memory Usage (472988K) : exchange1_text has 0 polygons
2026-08-30 19:02:56 +0200: Memory Usage (473116K) : exchange2_drw has 0 polygons
2026-08-30 19:02:56 +0200: Memory Usage (473116K) : exchange2_pin has 0 polygons
2026-08-30 19:02:56 +0200: Memory Usage (473116K) : exchange2_text has 0 polygons
2026-08-30 19:02:56 +0200: Memory Usage (473116K) : exchange3_drw has 0 polygons
2026-08-30 19:02:56 +0200: Memory Usage (473244K) : exchange3_pin has 0 polygons
2026-08-30 19:02:56 +0200: Memory Usage (473244K) : exchange3_text has 0 polygons
2026-08-30 19:02:56 +0200: Memory Usage (473244K) : exchange4_drw has 0 polygons
2026-08-30 19:02:56 +0200: Memory Usage (473372K) : exchange4_pin has 0 polygons
2026-08-30 19:02:56 +0200: Memory Usage (473372K) : exchange4_text has 0 polygons
2026-08-30 19:02:56 +0200: Memory Usage (473500K) : isonwell_drw has 0 polygons
2026-08-30 19:02:56 +0200: Memory Usage (473500K) : Total no. of polygons in the design is 143
2026-08-30 19:02:56 +0200: Memory Usage (473500K) : Loaded TECH DRC rules values from /foss/pdks/ihp-sg13cmos5l/libs.tech/klayout/python/sg13cmos5l_pycell_lib/sg13cmos5l_tech_mod.json
2026-08-30 19:02:56 +0200: Memory Usage (473500K) : Loaded default DRC rules values from /foss/pdks/ihp-sg13cmos5l/libs.tech/klayout/tech/drc/rule_decks/sg13cmos5l_tech_default.json
2026-08-30 19:02:56 +0200: Memory Usage (474868K) : Total area of the design is 20.609199999999998 um^2.
2026-08-30 19:02:56 +0200: Memory Usage (474868K) : The design dimensions are 2.68 um * 7.6899999999999995 um.
2026-08-30 19:02:56 +0200: Memory Usage (474868K) : Starting general IHP-SG13CMOS5L derivations.
2026-08-30 19:02:56 +0200: Memory Usage (474868K) : Starting Pwell derivations
2026-08-30 19:02:56 +0200: Memory Usage (477112K) : Starting n-Activ derivations
2026-08-30 19:02:56 +0200: Memory Usage (477624K) : Starting p-Activ derivations
2026-08-30 19:02:56 +0200: Memory Usage (477752K) : Starting ptap derivations
2026-08-30 19:02:56 +0200: Memory Usage (477752K) : Starting ntap derivations
2026-08-30 19:02:56 +0200: Memory Usage (477752K) : Starting pact FET derivations
2026-08-30 19:02:56 +0200: Memory Usage (477880K) : Starting nact FET derivations
2026-08-30 19:02:56 +0200: Memory Usage (477880K) : Starting Gate derivations
2026-08-30 19:02:56 +0200: Memory Usage (478008K) : Starting cont/contbar general derivations
2026-08-30 19:02:56 +0200: Memory Usage (478136K) : Starting pad general derivations (TM1 top)
2026-08-30 19:02:56 +0200: Memory Usage (478520K) : Starting IHP-SG13CMOS5L DRC connectivity related derivations.
2026-08-30 19:02:56 +0200: Memory Usage (478904K) : Starting IHP-SG13CMOS5L DRC connectivity setup
2026-08-30 19:02:56 +0200: Memory Usage (479344K) : Starting IHP-SG13CMOS5L DRC rules.
2026-08-30 19:02:56 +0200: Memory Usage (479344K) : Running all FEOL rules
2026-08-30 19:02:56 +0200: Memory Usage (479344K) : Running all BEOL rules
2026-08-30 19:02:56 +0200: Memory Usage (479344K) : Running all PIN rules
2026-08-30 19:02:56 +0200: Memory Usage (479344K) : Running all FORBIDDEN rules
2026-08-30 19:02:56 +0200: Memory Usage (479344K) : Starting 5.1 NWell table
2026-08-30 19:02:56 +0200: Memory Usage (479344K) : Executing rule NW.b
2026-08-30 19:02:56 +0200: Memory Usage (479804K) : Executing rule NW.b1
2026-08-30 19:02:56 +0200: Memory Usage (480484K) : Executing rule NW.f1
2026-08-30 19:02:56 +0200: Memory Usage (480612K) : Executing rule NW.f1.digibnd
2026-08-30 19:02:56 +0200: Memory Usage (480740K) : Starting 5.2 PWell:block
2026-08-30 19:02:56 +0200: Memory Usage (480740K) : Executing rule PWB.e
2026-08-30 19:02:56 +0200: Memory Usage (480868K) : Executing rule PWB.e1
2026-08-30 19:02:56 +0200: Memory Usage (480996K) : Executing rule PWB.f
2026-08-30 19:02:56 +0200: Memory Usage (481252K) : Executing rule PWB.f1
2026-08-30 19:02:56 +0200: Memory Usage (481380K) : Starting 5.3 nBuLay table
2026-08-30 19:02:56 +0200: Memory Usage (481380K) : nBuLay (32/0) is a FORBIDDEN layer in CMOS5L - skipping NBL rules
2026-08-30 19:02:56 +0200: Memory Usage (481380K) : Starting 5.5. Activ table
2026-08-30 19:02:56 +0200: Memory Usage (481380K) : Executing rule Act.a
2026-08-30 19:02:56 +0200: Memory Usage (481380K) : Executing rule Act.b
2026-08-30 19:02:56 +0200: Memory Usage (481636K) : Starting 5.6 Activ:filler table
2026-08-30 19:02:56 +0200: Memory Usage (481636K) : Executing rule AFil.c1
2026-08-30 19:02:56 +0200: Memory Usage (481636K) : Executing rule AFil.c
2026-08-30 19:02:56 +0200: Memory Usage (481636K) : Executing rule AFil.d
2026-08-30 19:02:56 +0200: Memory Usage (481636K) : Skipping rule AFil.e (TRANS is forbidden in CMOS5L)
2026-08-30 19:02:56 +0200: Memory Usage (481636K) : Executing rule AFil.j
2026-08-30 19:02:56 +0200: Memory Usage (481636K) : Starting 5.7. ThickGateOx table
2026-08-30 19:02:56 +0200: Memory Usage (481636K) : Executing rule TGO.f
2026-08-30 19:02:56 +0200: Memory Usage (481636K) : Starting 5.8. GatPoly table
2026-08-30 19:02:56 +0200: Memory Usage (481636K) : Executing rule Gat.a
2026-08-30 19:02:56 +0200: Memory Usage (481636K) : Executing rule Gat.b
2026-08-30 19:02:56 +0200: Memory Usage (481636K) : Executing rule Gat.d
2026-08-30 19:02:56 +0200: Memory Usage (481636K) : Executing rule Gat.a1
2026-08-30 19:02:56 +0200: Memory Usage (481912K) : Executing rule Gat.a2
2026-08-30 19:02:56 +0200: Memory Usage (481912K) : Executing rule Gat.g
2026-08-30 19:02:56 +0200: Memory Usage (481912K) : Starting 5.9 GatPoly:filler
2026-08-30 19:02:56 +0200: Memory Usage (481912K) : Executing rule GFil.d
2026-08-30 19:02:56 +0200: Memory Usage (481912K) : Executing rule GFil.e
2026-08-30 19:02:56 +0200: Memory Usage (481912K) : Executing rule GFil.i
2026-08-30 19:02:56 +0200: Memory Usage (481912K) : Starting 5.10 pSD table
2026-08-30 19:02:56 +0200: Memory Usage (481912K) : Executing rule pSD.c1
2026-08-30 19:02:56 +0200: Memory Usage (481912K) : Starting 5.14. Cont table
2026-08-30 19:02:56 +0200: Memory Usage (481912K) : Executing rule Cnt.a
2026-08-30 19:02:56 +0200: Memory Usage (481912K) : Executing rule Cnt.b
2026-08-30 19:02:56 +0200: Memory Usage (481912K) : Executing rule Cnt.c
2026-08-30 19:02:56 +0200: Memory Usage (481912K) : Executing rule Cnt.c.digibnd
2026-08-30 19:02:56 +0200: Memory Usage (481912K) : Executing rule Cnt.c.SRAM
2026-08-30 19:02:56 +0200: Memory Usage (481912K) : Executing rule Cnt.d
2026-08-30 19:02:56 +0200: Memory Usage (481912K) : Executing rule Cnt.e
2026-08-30 19:02:56 +0200: Memory Usage (481912K) : Executing rule Cnt.g1
2026-08-30 19:02:56 +0200: Memory Usage (481912K) : Executing rule Cnt.g2
2026-08-30 19:02:56 +0200: Memory Usage (481912K) : Starting 5.15. ContBar table
2026-08-30 19:02:56 +0200: Memory Usage (481912K) : Executing rule CntB.b1
2026-08-30 19:02:56 +0200: Memory Usage (481912K) : Executing rule CntB.h1
2026-08-30 19:02:56 +0200: Memory Usage (481912K) : Starting 7.2 Latch-up table
2026-08-30 19:02:56 +0200: Memory Usage (481912K) : Executing rule LU.b
2026-08-30 19:02:56 +0200: Memory Usage (482056K) : Starting 5.16. Metal1 table
2026-08-30 19:02:56 +0200: Memory Usage (482056K) : Executing rule M1.a
2026-08-30 19:02:56 +0200: Memory Usage (482056K) : Executing rule M1.b
2026-08-30 19:02:56 +0200: Memory Usage (482056K) : Executing rule M1.e
2026-08-30 19:02:56 +0200: Memory Usage (482056K) : Executing rule M1.f
2026-08-30 19:02:56 +0200: Memory Usage (482056K) : Executing rule M1.g
2026-08-30 19:02:56 +0200: Memory Usage (482056K) : Executing rule M1.i
2026-08-30 19:02:56 +0200: Memory Usage (482056K) : Starting 5.17 Metaln table
2026-08-30 19:02:56 +0200: Memory Usage (482056K) : Executing rule M2.a
2026-08-30 19:02:56 +0200: Memory Usage (482056K) : Executing rule M2.b
2026-08-30 19:02:56 +0200: Memory Usage (482056K) : Executing rule M2.e
2026-08-30 19:02:56 +0200: Memory Usage (482056K) : Executing rule M2.f
2026-08-30 19:02:56 +0200: Memory Usage (482056K) : Executing rule M2.g
2026-08-30 19:02:56 +0200: Memory Usage (482056K) : Executing rule M2.i
2026-08-30 19:02:56 +0200: Memory Usage (482056K) : Executing rule M3.a
2026-08-30 19:02:56 +0200: Memory Usage (482056K) : Executing rule M3.b
2026-08-30 19:02:56 +0200: Memory Usage (482056K) : Executing rule M3.e
2026-08-30 19:02:56 +0200: Memory Usage (482056K) : Executing rule M3.f
2026-08-30 19:02:56 +0200: Memory Usage (482056K) : Executing rule M3.g
2026-08-30 19:02:56 +0200: Memory Usage (482056K) : Executing rule M3.i
2026-08-30 19:02:56 +0200: Memory Usage (482056K) : Executing rule M4.a
2026-08-30 19:02:56 +0200: Memory Usage (482056K) : Executing rule M4.b
2026-08-30 19:02:56 +0200: Memory Usage (482056K) : Executing rule M4.e
2026-08-30 19:02:56 +0200: Memory Usage (482056K) : Executing rule M4.f
2026-08-30 19:02:56 +0200: Memory Usage (482056K) : Executing rule M4.g
2026-08-30 19:02:56 +0200: Memory Usage (482056K) : Executing rule M4.i
2026-08-30 19:02:56 +0200: Memory Usage (482056K) : Starting 5.18 Metaln:filler table
2026-08-30 19:02:56 +0200: Memory Usage (482056K) : Executing rule M1Fil.c
2026-08-30 19:02:56 +0200: Memory Usage (482056K) : Executing rule M1Fil.a2
2026-08-30 19:02:56 +0200: Memory Usage (482056K) : Executing rule M2Fil.c
2026-08-30 19:02:56 +0200: Memory Usage (482056K) : Executing rule M2Fil.a2
2026-08-30 19:02:56 +0200: Memory Usage (482056K) : Executing rule M3Fil.c
2026-08-30 19:02:56 +0200: Memory Usage (482056K) : Executing rule M3Fil.a2
2026-08-30 19:02:56 +0200: Memory Usage (482056K) : Executing rule M4Fil.c
2026-08-30 19:02:56 +0200: Memory Usage (482056K) : Executing rule M4Fil.a2
2026-08-30 19:02:56 +0200: Memory Usage (482056K) : Starting 5.19. Via1 table
2026-08-30 19:02:56 +0200: Memory Usage (482056K) : Starting 5.19. Via1 table derivations
2026-08-30 19:02:56 +0200: Memory Usage (482056K) : Executing rule V1.a
2026-08-30 19:02:56 +0200: Memory Usage (482056K) : Executing rule V1.b
2026-08-30 19:02:56 +0200: Memory Usage (482056K) : Executing rule V1.c
2026-08-30 19:02:56 +0200: Memory Usage (482056K) : Starting 5.20. Vian table
2026-08-30 19:02:56 +0200: Memory Usage (482056K) : Executing rule V2.a
2026-08-30 19:02:56 +0200: Memory Usage (482056K) : Executing rule V2.b
2026-08-30 19:02:56 +0200: Memory Usage (482056K) : Executing rule V2.c
2026-08-30 19:02:56 +0200: Memory Usage (482056K) : Executing rule V3.a
2026-08-30 19:02:56 +0200: Memory Usage (482056K) : Executing rule V3.b
2026-08-30 19:02:56 +0200: Memory Usage (482056K) : Executing rule V3.c
2026-08-30 19:02:56 +0200: Memory Usage (482056K) : Starting 5.21. TopVia1 table
2026-08-30 19:02:56 +0200: Memory Usage (482056K) : Executing rule TV1.a
2026-08-30 19:02:56 +0200: Memory Usage (482056K) : Executing rule TV1.b
2026-08-30 19:02:56 +0200: Memory Usage (482056K) : Executing rule TV1.c
2026-08-30 19:02:56 +0200: Memory Usage (482056K) : Executing rule TV1.d
2026-08-30 19:02:56 +0200: Memory Usage (482056K) : Starting 5.22. TopMetal1 table
2026-08-30 19:02:56 +0200: Memory Usage (482056K) : Executing rule TM1.a
2026-08-30 19:02:56 +0200: Memory Usage (482056K) : Executing rule TM1.b
2026-08-30 19:02:56 +0200: Memory Usage (482056K) : Starting 5.23 TopMetal1:filler table
2026-08-30 19:02:56 +0200: Memory Usage (482056K) : Executing rule TM1Fil.c
2026-08-30 19:02:56 +0200: Memory Usage (482056K) : Executing rule TM1Fil.a1
2026-08-30 19:02:56 +0200: Memory Usage (482056K) : Starting 5.27. Passiv table
2026-08-30 19:02:56 +0200: Memory Usage (482056K) : Executing rule Pas.a
2026-08-30 19:02:56 +0200: Memory Usage (482056K) : Executing rule Pas.b
2026-08-30 19:02:56 +0200: Memory Usage (482056K) : Executing rule Pas.c
2026-08-30 19:02:56 +0200: Memory Usage (482056K) : Starting 6.9 Pad table
2026-08-30 19:02:56 +0200: Memory Usage (482056K) : Executing rule Pad.m
2026-08-30 19:02:56 +0200: Memory Usage (482056K) : Executing rule Pad.fR_M1
2026-08-30 19:02:56 +0200: Memory Usage (482056K) : Executing rule Pad.fR_M2
2026-08-30 19:02:56 +0200: Memory Usage (482056K) : Executing rule Pad.fR_M3
2026-08-30 19:02:56 +0200: Memory Usage (482056K) : Executing rule Pad.fR_M4
2026-08-30 19:02:56 +0200: Memory Usage (482056K) : Executing rule Pad.fR_TM1
2026-08-30 19:02:56 +0200: Memory Usage (482056K) : Executing rule Pad.i
2026-08-30 19:02:56 +0200: Memory Usage (482056K) : Starting 6.10 Sealring table
2026-08-30 19:02:56 +0200: Memory Usage (482056K) : Executing rule Seal.l
2026-08-30 19:02:56 +0200: Memory Usage (482056K) : Executing rule Seal.n
2026-08-30 19:02:56 +0200: Memory Usage (482056K) : Executing rule seal.b_metal1
2026-08-30 19:02:56 +0200: Memory Usage (482056K) : Executing rule seal.b_metal2
2026-08-30 19:02:56 +0200: Memory Usage (482056K) : Executing rule seal.b_metal3
2026-08-30 19:02:56 +0200: Memory Usage (482056K) : Executing rule seal.b_metal4
2026-08-30 19:02:56 +0200: Memory Usage (482056K) : Executing rule seal.b_topmetal1
2026-08-30 19:02:56 +0200: Memory Usage (482056K) : Executing rule seal.b_activ
2026-08-30 19:02:56 +0200: Memory Usage (482056K) : Executing rule seal.b_psd
2026-08-30 19:02:56 +0200: Memory Usage (482056K) : Executing rule Seal.k
2026-08-30 19:02:56 +0200: Memory Usage (482056K) : Executing rule Seal.m
2026-08-30 19:02:56 +0200: Memory Usage (482056K) : Starting 7.3 Metal Slits table
2026-08-30 19:02:56 +0200: Memory Usage (482056K) : Executing rule Slt.e1_M1
2026-08-30 19:02:56 +0200: Memory Usage (482056K) : Executing rule Slt.e1_M2
2026-08-30 19:02:56 +0200: Memory Usage (482056K) : Executing rule Slt.e1_M3
2026-08-30 19:02:56 +0200: Memory Usage (482056K) : Executing rule Slt.e1_M4
2026-08-30 19:02:56 +0200: Memory Usage (482056K) : Executing rule Slt.e1_TM1
2026-08-30 19:02:56 +0200: Memory Usage (482056K) : Starting 9.1. LBE table
2026-08-30 19:02:56 +0200: Memory Usage (482056K) : Executing rule LBE.a
2026-08-30 19:02:56 +0200: Memory Usage (482056K) : Executing rule LBE.b
2026-08-30 19:02:56 +0200: Memory Usage (482056K) : Executing rule LBE.b1
2026-08-30 19:02:56 +0200: Memory Usage (482056K) : Executing rule LBE.c
2026-08-30 19:02:56 +0200: Memory Usage (482056K) : Executing rule LBE.d
2026-08-30 19:02:56 +0200: Memory Usage (482056K) : Executing rule LBE.h
2026-08-30 19:02:56 +0200: Memory Usage (482056K) : Starting 7.4. PIN table
2026-08-30 19:02:56 +0200: Memory Usage (482056K) : Executing rule Pin.a
2026-08-30 19:02:56 +0200: Memory Usage (482056K) : Executing rule Pin.b
2026-08-30 19:02:56 +0200: Memory Usage (482056K) : Executing rule Pin.e
2026-08-30 19:02:56 +0200: Memory Usage (482056K) : Executing rule Pin.f_M2
2026-08-30 19:02:56 +0200: Memory Usage (482056K) : Executing rule Pin.f_M3
2026-08-30 19:02:56 +0200: Memory Usage (482056K) : Executing rule Pin.f_M4
2026-08-30 19:02:56 +0200: Memory Usage (482056K) : Executing rule Pin.g
2026-08-30 19:02:56 +0200: Memory Usage (482056K) : Starting 3.1. offgrid table
2026-08-30 19:02:56 +0200: Memory Usage (482056K) : Executing rule activ_drw_Offgrid
2026-08-30 19:02:56 +0200: Memory Usage (482056K) : Executing rule activ_pin_Offgrid
2026-08-30 19:02:56 +0200: Memory Usage (482056K) : Executing rule activ_mask_Offgrid
2026-08-30 19:02:56 +0200: Memory Usage (482056K) : Executing rule activ_filler_Offgrid
2026-08-30 19:02:56 +0200: Memory Usage (482056K) : Executing rule activ_nofill_Offgrid
2026-08-30 19:02:56 +0200: Memory Usage (482056K) : Executing rule activ_opc_Offgrid
2026-08-30 19:02:56 +0200: Memory Usage (482056K) : Executing rule activ_iopc_Offgrid
2026-08-30 19:02:56 +0200: Memory Usage (482056K) : Executing rule activ_noqrc_Offgrid
2026-08-30 19:02:56 +0200: Memory Usage (482056K) : Executing rule gatpoly_drw_Offgrid
2026-08-30 19:02:56 +0200: Memory Usage (482056K) : Executing rule gatpoly_pin_Offgrid
2026-08-30 19:02:56 +0200: Memory Usage (482056K) : Executing rule gatpoly_filler_Offgrid
2026-08-30 19:02:56 +0200: Memory Usage (482056K) : Executing rule gatpoly_nofill_Offgrid
2026-08-30 19:02:56 +0200: Memory Usage (482056K) : Executing rule gatpoly_opc_Offgrid
2026-08-30 19:02:56 +0200: Memory Usage (482056K) : Executing rule gatpoly_iopc_Offgrid
2026-08-30 19:02:57 +0200: Memory Usage (482056K) : Executing rule gatpoly_noqrc_Offgrid
2026-08-30 19:02:57 +0200: Memory Usage (482056K) : Executing rule cont_drw_Offgrid
2026-08-30 19:02:57 +0200: Memory Usage (482056K) : Executing rule cont_opc_Offgrid
2026-08-30 19:02:57 +0200: Memory Usage (482056K) : Executing rule nsd_drw_Offgrid
2026-08-30 19:02:57 +0200: Memory Usage (482056K) : Executing rule nsd_block_Offgrid
2026-08-30 19:02:57 +0200: Memory Usage (482056K) : Executing rule metal1_drw_Offgrid
2026-08-30 19:02:57 +0200: Memory Usage (482056K) : Executing rule metal1_pin_Offgrid
2026-08-30 19:02:57 +0200: Memory Usage (482056K) : Executing rule metal1_mask_Offgrid
2026-08-30 19:02:57 +0200: Memory Usage (482056K) : Executing rule metal1_filler_Offgrid
2026-08-30 19:02:57 +0200: Memory Usage (482056K) : Executing rule metal1_nofill_Offgrid
2026-08-30 19:02:57 +0200: Memory Usage (482056K) : Executing rule metal1_slit_Offgrid
2026-08-30 19:02:57 +0200: Memory Usage (482056K) : Executing rule metal1_opc_Offgrid
2026-08-30 19:02:57 +0200: Memory Usage (482056K) : Executing rule metal1_noqrc_Offgrid
2026-08-30 19:02:57 +0200: Memory Usage (482056K) : Executing rule metal1_res_Offgrid
2026-08-30 19:02:57 +0200: Memory Usage (482056K) : Executing rule metal1_iprobe_Offgrid
2026-08-30 19:02:57 +0200: Memory Usage (482056K) : Executing rule metal1_diffprb_Offgrid
2026-08-30 19:02:57 +0200: Memory Usage (482056K) : Executing rule passiv_drw_Offgrid
2026-08-30 19:02:57 +0200: Memory Usage (482056K) : Executing rule passiv_pin_Offgrid
2026-08-30 19:02:57 +0200: Memory Usage (482056K) : Executing rule passiv_pillar_Offgrid
2026-08-30 19:02:57 +0200: Memory Usage (482056K) : Executing rule passiv_sbump_Offgrid
2026-08-30 19:02:57 +0200: Memory Usage (482056K) : Executing rule passiv_pdl_Offgrid
2026-08-30 19:02:57 +0200: Memory Usage (482056K) : Executing rule metal2_drw_Offgrid
2026-08-30 19:02:57 +0200: Memory Usage (482056K) : Executing rule metal2_pin_Offgrid
2026-08-30 19:02:57 +0200: Memory Usage (482056K) : Executing rule metal2_mask_Offgrid
2026-08-30 19:02:57 +0200: Memory Usage (482056K) : Executing rule metal2_filler_Offgrid
2026-08-30 19:02:57 +0200: Memory Usage (482056K) : Executing rule metal2_nofill_Offgrid
2026-08-30 19:02:57 +0200: Memory Usage (482184K) : Executing rule metal2_slit_Offgrid
2026-08-30 19:02:57 +0200: Memory Usage (482568K) : Executing rule metal2_opc_Offgrid
2026-08-30 19:02:57 +0200: Memory Usage (483080K) : Executing rule metal2_noqrc_Offgrid
2026-08-30 19:02:57 +0200: Memory Usage (483464K) : Executing rule metal2_res_Offgrid
2026-08-30 19:02:57 +0200: Memory Usage (483976K) : Executing rule metal2_iprobe_Offgrid
2026-08-30 19:02:57 +0200: Memory Usage (484360K) : Executing rule metal2_diffprb_Offgrid
2026-08-30 19:02:57 +0200: Memory Usage (484488K) : Executing rule psd_drw_Offgrid
2026-08-30 19:02:57 +0200: Memory Usage (484488K) : Executing rule via1_drw_Offgrid
2026-08-30 19:02:57 +0200: Memory Usage (484488K) : Executing rule salblock_drw_Offgrid
2026-08-30 19:02:57 +0200: Memory Usage (484488K) : Executing rule via2_drw_Offgrid
2026-08-30 19:02:57 +0200: Memory Usage (484488K) : Executing rule metal3_drw_Offgrid
2026-08-30 19:02:57 +0200: Memory Usage (484488K) : Executing rule metal3_pin_Offgrid
2026-08-30 19:02:57 +0200: Memory Usage (484488K) : Executing rule metal3_mask_Offgrid
2026-08-30 19:02:57 +0200: Memory Usage (484488K) : Executing rule metal3_filler_Offgrid
2026-08-30 19:02:57 +0200: Memory Usage (484488K) : Executing rule metal3_nofill_Offgrid
2026-08-30 19:02:57 +0200: Memory Usage (484488K) : Executing rule metal3_slit_Offgrid
2026-08-30 19:02:57 +0200: Memory Usage (484488K) : Executing rule metal3_opc_Offgrid
2026-08-30 19:02:57 +0200: Memory Usage (484488K) : Executing rule metal3_noqrc_Offgrid
2026-08-30 19:02:57 +0200: Memory Usage (484488K) : Executing rule metal3_res_Offgrid
2026-08-30 19:02:57 +0200: Memory Usage (484488K) : Executing rule metal3_iprobe_Offgrid
2026-08-30 19:02:57 +0200: Memory Usage (484488K) : Executing rule metal3_diffprb_Offgrid
2026-08-30 19:02:57 +0200: Memory Usage (484488K) : Executing rule nwell_drw_Offgrid
2026-08-30 19:02:57 +0200: Memory Usage (484488K) : Executing rule nwell_pin_Offgrid
2026-08-30 19:02:57 +0200: Memory Usage (484488K) : Executing rule pwell_drw_Offgrid
2026-08-30 19:02:57 +0200: Memory Usage (484488K) : Executing rule pwell_pin_Offgrid
2026-08-30 19:02:57 +0200: Memory Usage (484488K) : Executing rule pwell_block_Offgrid
2026-08-30 19:02:57 +0200: Memory Usage (484488K) : Executing rule substrate_drw_Offgrid
2026-08-30 19:02:57 +0200: Memory Usage (484488K) : Executing rule via3_drw_Offgrid
2026-08-30 19:02:57 +0200: Memory Usage (484488K) : Executing rule metal4_drw_Offgrid
2026-08-30 19:02:57 +0200: Memory Usage (484488K) : Executing rule metal4_pin_Offgrid
2026-08-30 19:02:57 +0200: Memory Usage (484488K) : Executing rule metal4_mask_Offgrid
2026-08-30 19:02:57 +0200: Memory Usage (484488K) : Executing rule metal4_filler_Offgrid
2026-08-30 19:02:57 +0200: Memory Usage (484488K) : Executing rule metal4_nofill_Offgrid
2026-08-30 19:02:57 +0200: Memory Usage (484488K) : Executing rule metal4_slit_Offgrid
2026-08-30 19:02:57 +0200: Memory Usage (484488K) : Executing rule metal4_opc_Offgrid
2026-08-30 19:02:57 +0200: Memory Usage (484488K) : Executing rule metal4_noqrc_Offgrid
2026-08-30 19:02:57 +0200: Memory Usage (484488K) : Executing rule metal4_res_Offgrid
2026-08-30 19:02:57 +0200: Memory Usage (484488K) : Executing rule metal4_iprobe_Offgrid
2026-08-30 19:02:57 +0200: Memory Usage (484488K) : Executing rule metal4_diffprb_Offgrid
2026-08-30 19:02:57 +0200: Memory Usage (484488K) : Executing rule topvia1_drw_Offgrid
2026-08-30 19:02:57 +0200: Memory Usage (484488K) : Executing rule topmetal1_drw_Offgrid
2026-08-30 19:02:57 +0200: Memory Usage (484488K) : Executing rule topmetal1_pin_Offgrid
2026-08-30 19:02:57 +0200: Memory Usage (484488K) : Executing rule topmetal1_mask_Offgrid
2026-08-30 19:02:57 +0200: Memory Usage (484488K) : Executing rule topmetal1_filler_Offgrid
2026-08-30 19:02:57 +0200: Memory Usage (484488K) : Executing rule topmetal1_nofill_Offgrid
2026-08-30 19:02:57 +0200: Memory Usage (484488K) : Executing rule topmetal1_slit_Offgrid
2026-08-30 19:02:57 +0200: Memory Usage (484488K) : Executing rule topmetal1_noqrc_Offgrid
2026-08-30 19:02:57 +0200: Memory Usage (484488K) : Executing rule topmetal1_res_Offgrid
2026-08-30 19:02:57 +0200: Memory Usage (484488K) : Executing rule topmetal1_iprobe_Offgrid
2026-08-30 19:02:57 +0200: Memory Usage (484488K) : Executing rule topmetal1_diffprb_Offgrid
2026-08-30 19:02:57 +0200: Memory Usage (484488K) : Executing rule thickgateox_drw_Offgrid
2026-08-30 19:02:57 +0200: Memory Usage (484488K) : Executing rule polyres_drw_Offgrid
2026-08-30 19:02:57 +0200: Memory Usage (484488K) : Executing rule polyres_pin_Offgrid
2026-08-30 19:02:57 +0200: Memory Usage (484488K) : Executing rule antmetal1_drw_Offgrid
2026-08-30 19:02:57 +0200: Memory Usage (484488K) : Executing rule thinfilmres_drw_Offgrid
2026-08-30 19:02:57 +0200: Memory Usage (484872K) : Executing rule lbe_drw_Offgrid
2026-08-30 19:02:57 +0200: Memory Usage (485256K) : Executing rule prboundary_drw_Offgrid
2026-08-30 19:02:57 +0200: Memory Usage (485640K) : Starting 3.2. angle table
2026-08-30 19:02:57 +0200: Memory Usage (485640K) : Executing rule activ_drw_Acute
2026-08-30 19:02:57 +0200: Memory Usage (485640K) : Executing rule activ_pin_Acute
2026-08-30 19:02:57 +0200: Memory Usage (485640K) : Executing rule activ_mask_Acute
2026-08-30 19:02:57 +0200: Memory Usage (485640K) : Executing rule activ_filler_Acute
2026-08-30 19:02:57 +0200: Memory Usage (485640K) : Executing rule activ_nofill_Acute
2026-08-30 19:02:57 +0200: Memory Usage (485640K) : Executing rule activ_opc_Acute
2026-08-30 19:02:57 +0200: Memory Usage (485768K) : Executing rule activ_iopc_Acute
2026-08-30 19:02:57 +0200: Memory Usage (485768K) : Executing rule activ_noqrc_Acute
2026-08-30 19:02:57 +0200: Memory Usage (485768K) : Executing rule gatpoly_drw_Acute
2026-08-30 19:02:57 +0200: Memory Usage (485768K) : Executing rule gatpoly_pin_Acute
2026-08-30 19:02:57 +0200: Memory Usage (485768K) : Executing rule gatpoly_filler_Acute
2026-08-30 19:02:57 +0200: Memory Usage (485768K) : Executing rule gatpoly_nofill_Acute
2026-08-30 19:02:57 +0200: Memory Usage (485768K) : Executing rule gatpoly_opc_Acute
2026-08-30 19:02:57 +0200: Memory Usage (485768K) : Executing rule gatpoly_iopc_Acute
2026-08-30 19:02:57 +0200: Memory Usage (485768K) : Executing rule gatpoly_noqrc_Acute
2026-08-30 19:02:57 +0200: Memory Usage (485768K) : Executing rule cont_drw_Acute
2026-08-30 19:02:57 +0200: Memory Usage (485768K) : Executing rule cont_opc_Acute
2026-08-30 19:02:57 +0200: Memory Usage (485768K) : Executing rule nsd_drw_Acute
2026-08-30 19:02:57 +0200: Memory Usage (485768K) : Executing rule nsd_block_Acute
2026-08-30 19:02:57 +0200: Memory Usage (485768K) : Executing rule metal1_drw_Acute
2026-08-30 19:02:57 +0200: Memory Usage (485768K) : Executing rule metal1_pin_Acute
2026-08-30 19:02:57 +0200: Memory Usage (485768K) : Executing rule metal1_mask_Acute
2026-08-30 19:02:57 +0200: Memory Usage (485768K) : Executing rule metal1_filler_Acute
2026-08-30 19:02:57 +0200: Memory Usage (485768K) : Executing rule metal1_nofill_Acute
2026-08-30 19:02:57 +0200: Memory Usage (485768K) : Executing rule metal1_slit_Acute
2026-08-30 19:02:57 +0200: Memory Usage (485768K) : Executing rule metal1_opc_Acute
2026-08-30 19:02:57 +0200: Memory Usage (485768K) : Executing rule metal1_noqrc_Acute
2026-08-30 19:02:57 +0200: Memory Usage (485768K) : Executing rule metal1_res_Acute
2026-08-30 19:02:57 +0200: Memory Usage (485768K) : Executing rule metal1_iprobe_Acute
2026-08-30 19:02:57 +0200: Memory Usage (485768K) : Executing rule metal1_diffprb_Acute
2026-08-30 19:02:57 +0200: Memory Usage (485768K) : Executing rule passiv_drw_Acute
2026-08-30 19:02:57 +0200: Memory Usage (485768K) : Executing rule passiv_pin_Acute
2026-08-30 19:02:57 +0200: Memory Usage (485768K) : Executing rule passiv_pillar_Acute
2026-08-30 19:02:57 +0200: Memory Usage (485768K) : Executing rule passiv_sbump_Acute
2026-08-30 19:02:57 +0200: Memory Usage (485768K) : Executing rule passiv_pdl_Acute
2026-08-30 19:02:57 +0200: Memory Usage (485768K) : Executing rule metal2_drw_Acute
2026-08-30 19:02:57 +0200: Memory Usage (485768K) : Executing rule metal2_pin_Acute
2026-08-30 19:02:57 +0200: Memory Usage (485768K) : Executing rule metal2_mask_Acute
2026-08-30 19:02:57 +0200: Memory Usage (485768K) : Executing rule metal2_filler_Acute
2026-08-30 19:02:57 +0200: Memory Usage (485768K) : Executing rule metal2_nofill_Acute
2026-08-30 19:02:57 +0200: Memory Usage (485768K) : Executing rule metal2_slit_Acute
2026-08-30 19:02:57 +0200: Memory Usage (485768K) : Executing rule metal2_opc_Acute
2026-08-30 19:02:57 +0200: Memory Usage (485768K) : Executing rule metal2_noqrc_Acute
2026-08-30 19:02:57 +0200: Memory Usage (485768K) : Executing rule metal2_res_Acute
2026-08-30 19:02:57 +0200: Memory Usage (485768K) : Executing rule metal2_iprobe_Acute
2026-08-30 19:02:57 +0200: Memory Usage (485768K) : Executing rule metal2_diffprb_Acute
2026-08-30 19:02:57 +0200: Memory Usage (485768K) : Executing rule psd_drw_Acute
2026-08-30 19:02:57 +0200: Memory Usage (485768K) : Executing rule via1_drw_Acute
2026-08-30 19:02:57 +0200: Memory Usage (485768K) : Executing rule salblock_drw_Acute
2026-08-30 19:02:57 +0200: Memory Usage (485768K) : Executing rule via2_drw_Acute
2026-08-30 19:02:57 +0200: Memory Usage (485768K) : Executing rule metal3_drw_Acute
2026-08-30 19:02:57 +0200: Memory Usage (485768K) : Executing rule metal3_pin_Acute
2026-08-30 19:02:57 +0200: Memory Usage (485768K) : Executing rule metal3_mask_Acute
2026-08-30 19:02:57 +0200: Memory Usage (485768K) : Executing rule metal3_filler_Acute
2026-08-30 19:02:57 +0200: Memory Usage (485768K) : Executing rule metal3_nofill_Acute
2026-08-30 19:02:57 +0200: Memory Usage (485768K) : Executing rule metal3_slit_Acute
2026-08-30 19:02:57 +0200: Memory Usage (485768K) : Executing rule metal3_opc_Acute
2026-08-30 19:02:57 +0200: Memory Usage (485768K) : Executing rule metal3_noqrc_Acute
2026-08-30 19:02:57 +0200: Memory Usage (485768K) : Executing rule metal3_res_Acute
2026-08-30 19:02:57 +0200: Memory Usage (485768K) : Executing rule metal3_iprobe_Acute
2026-08-30 19:02:57 +0200: Memory Usage (485768K) : Executing rule metal3_diffprb_Acute
2026-08-30 19:02:57 +0200: Memory Usage (485768K) : Executing rule nwell_drw_Acute
2026-08-30 19:02:57 +0200: Memory Usage (485768K) : Executing rule nwell_pin_Acute
2026-08-30 19:02:57 +0200: Memory Usage (485768K) : Executing rule pwell_drw_Acute
2026-08-30 19:02:57 +0200: Memory Usage (485768K) : Executing rule pwell_pin_Acute
2026-08-30 19:02:57 +0200: Memory Usage (485768K) : Executing rule pwell_block_Acute
2026-08-30 19:02:57 +0200: Memory Usage (485768K) : Executing rule substrate_drw_Acute
2026-08-30 19:02:57 +0200: Memory Usage (485768K) : Executing rule via3_drw_Acute
2026-08-30 19:02:57 +0200: Memory Usage (485768K) : Executing rule metal4_drw_Acute
2026-08-30 19:02:57 +0200: Memory Usage (485768K) : Executing rule metal4_pin_Acute
2026-08-30 19:02:57 +0200: Memory Usage (485768K) : Executing rule metal4_mask_Acute
2026-08-30 19:02:57 +0200: Memory Usage (485768K) : Executing rule metal4_filler_Acute
2026-08-30 19:02:57 +0200: Memory Usage (485768K) : Executing rule metal4_nofill_Acute
2026-08-30 19:02:57 +0200: Memory Usage (485768K) : Executing rule metal4_slit_Acute
2026-08-30 19:02:57 +0200: Memory Usage (485768K) : Executing rule metal4_opc_Acute
2026-08-30 19:02:57 +0200: Memory Usage (485768K) : Executing rule metal4_noqrc_Acute
2026-08-30 19:02:57 +0200: Memory Usage (485768K) : Executing rule metal4_res_Acute
2026-08-30 19:02:57 +0200: Memory Usage (485768K) : Executing rule metal4_iprobe_Acute
2026-08-30 19:02:57 +0200: Memory Usage (485768K) : Executing rule metal4_diffprb_Acute
2026-08-30 19:02:57 +0200: Memory Usage (485768K) : Executing rule topvia1_drw_Acute
2026-08-30 19:02:57 +0200: Memory Usage (485768K) : Executing rule topmetal1_drw_Acute
2026-08-30 19:02:57 +0200: Memory Usage (485768K) : Executing rule topmetal1_pin_Acute
2026-08-30 19:02:57 +0200: Memory Usage (485768K) : Executing rule topmetal1_mask_Acute
2026-08-30 19:02:57 +0200: Memory Usage (485768K) : Executing rule topmetal1_filler_Acute
2026-08-30 19:02:57 +0200: Memory Usage (485768K) : Executing rule topmetal1_nofill_Acute
2026-08-30 19:02:57 +0200: Memory Usage (485768K) : Executing rule topmetal1_slit_Acute
2026-08-30 19:02:57 +0200: Memory Usage (485768K) : Executing rule topmetal1_noqrc_Acute
2026-08-30 19:02:57 +0200: Memory Usage (485768K) : Executing rule topmetal1_res_Acute
2026-08-30 19:02:57 +0200: Memory Usage (485768K) : Executing rule topmetal1_iprobe_Acute
2026-08-30 19:02:57 +0200: Memory Usage (485768K) : Executing rule topmetal1_diffprb_Acute
2026-08-30 19:02:57 +0200: Memory Usage (485768K) : Executing rule thickgateox_drw_Acute
2026-08-30 19:02:57 +0200: Memory Usage (485768K) : Executing rule polyres_drw_Acute
2026-08-30 19:02:57 +0200: Memory Usage (485768K) : Executing rule polyres_pin_Acute
2026-08-30 19:02:57 +0200: Memory Usage (485768K) : Executing rule antmetal1_drw_Acute
2026-08-30 19:02:57 +0200: Memory Usage (485768K) : Executing rule thinfilmres_drw_Acute
2026-08-30 19:02:57 +0200: Memory Usage (485768K) : Executing rule lbe_drw_Acute
2026-08-30 19:02:57 +0200: Memory Usage (485768K) : Executing rule prboundary_drw_Acute
2026-08-30 19:02:57 +0200: Memory Usage (485768K) : Executing rule cont_drw_Angle90
2026-08-30 19:02:57 +0200: Memory Usage (485768K) : Executing rule via1_drw_Angle90
2026-08-30 19:02:57 +0200: Memory Usage (485768K) : Executing rule via2_drw_Angle90
2026-08-30 19:02:57 +0200: Memory Usage (485768K) : Executing rule via3_drw_Angle90
2026-08-30 19:02:57 +0200: Memory Usage (485896K) : Executing rule topvia1_drw_Angle90
2026-08-30 19:02:57 +0200: Memory Usage (485896K) : Executing rule gatpoly_drw_Angle45
2026-08-30 19:02:57 +0200: Memory Usage (485896K) : Executing rule activ_drw_Angle45
2026-08-30 19:02:57 +0200: Memory Usage (485896K) : Executing rule metal1_drw_Angle45
2026-08-30 19:02:57 +0200: Memory Usage (485896K) : Executing rule metal2_drw_Angle45
2026-08-30 19:02:57 +0200: Memory Usage (485896K) : Executing rule metal3_drw_Angle45
2026-08-30 19:02:57 +0200: Memory Usage (485896K) : Executing rule metal4_drw_Angle45
2026-08-30 19:02:57 +0200: Memory Usage (485896K) : Executing rule topmetal1_drw_Angle45
2026-08-30 19:02:57 +0200: Memory Usage (485896K) : Starting 3.2. FORBIDDEN table
2026-08-30 19:02:57 +0200: Memory Usage (485896K) : Executing rule forbidden.biwind
2026-08-30 19:02:57 +0200: Memory Usage (485896K) : Executing rule forbidden.pemwind
2026-08-30 19:02:57 +0200: Memory Usage (485896K) : Executing rule forbidden.baspoly
2026-08-30 19:02:57 +0200: Memory Usage (485896K) : Executing rule forbidden.deepco
2026-08-30 19:02:57 +0200: Memory Usage (485896K) : Executing rule forbidden.pempoly
2026-08-30 19:02:57 +0200: Memory Usage (485896K) : Executing rule forbidden.empoly
2026-08-30 19:02:57 +0200: Memory Usage (485896K) : Executing rule forbidden.ldmos
2026-08-30 19:02:57 +0200: Memory Usage (485896K) : Executing rule forbidden.pbiwind
2026-08-30 19:02:57 +0200: Memory Usage (485896K) : Executing rule forbidden.nodrc
2026-08-30 19:02:57 +0200: Memory Usage (485896K) : Executing rule forbidden.flash
2026-08-30 19:02:57 +0200: Memory Usage (485896K) : Executing rule forbidden.colwind
2026-08-30 19:02:57 +0200: Memory Usage (485896K) : Starting 3.2. CMOS5L FORBIDDEN layers check
2026-08-30 19:02:57 +0200: Memory Usage (485896K) : Executing rule CMOS5L.FORB.Metal5
2026-08-30 19:02:57 +0200: Memory Usage (485896K) : Executing rule CMOS5L.FORB.Metal5.filler
2026-08-30 19:02:57 +0200: Memory Usage (485896K) : Executing rule CMOS5L.FORB.Via4
2026-08-30 19:02:57 +0200: Memory Usage (485896K) : Executing rule CMOS5L.FORB.TopMetal2
2026-08-30 19:02:57 +0200: Memory Usage (485896K) : Executing rule CMOS5L.FORB.TopMetal2.filler
2026-08-30 19:02:57 +0200: Memory Usage (485896K) : Executing rule CMOS5L.FORB.TopVia2
2026-08-30 19:02:57 +0200: Memory Usage (485896K) : Executing rule CMOS5L.FORB.TRANS
2026-08-30 19:02:57 +0200: Memory Usage (485896K) : Executing rule CMOS5L.FORB.nBuLay
2026-08-30 19:02:57 +0200: Memory Usage (485896K) : Executing rule CMOS5L.FORB.MIM
2026-08-30 19:02:57 +0200: Memory Usage (485896K) : Executing rule CMOS5L.FORB.Vmim
2026-08-30 19:02:57 +0200: Memory Usage (485896K) : KLayout DRC run for tables 'main' completed in 1.8 seconds
