# Logfile created on 2026-09-28 22:44:47 +0200 by logger.rb/v1.5.3
2026-09-28 22:44:47 +0200: Memory Usage (454812K) : Starting running IHP-SG13CMOS5L Klayout DRC Density runset on /foss/designs/CHIP-PLL/layout/divider/vco_decoder/VCO_decoder_cells/VCO_decoder_cells.gds
2026-09-28 22:44:47 +0200: Memory Usage (454812K) : Ruby Version for klayout: 3.2.3
2026-09-28 22:44:47 +0200: Memory Usage (456940K) : Loading database to memory is complete.
2026-09-28 22:44:47 +0200: Memory Usage (456940K) : IHP-SG13CMOS5L Klayout DRC Density runset output at: /foss/designs/CHIP-PLL/layout/divider/vco_decoder/VCO_decoder_cells/drc_run_VCO_decoder_cells/VCO_decoder_cells_VCO_decoder_cells_density.lyrdb
2026-09-28 22:44:47 +0200: Memory Usage (456940K) : Evaluate switches.
2026-09-28 22:44:47 +0200: Memory Usage (456940K) : Configured KLayout worker thread(s): 4.
2026-09-28 22:44:47 +0200: Memory Usage (456940K) : Deep mode enabled: reading layers and preparing general derivations.
2026-09-28 22:44:47 +0200: Memory Usage (456940K) : PreCheck DRC enabled: false
2026-09-28 22:44:47 +0200: Memory Usage (456940K) : Density sanity checks enabled: false
2026-09-28 22:44:47 +0200: Memory Usage (456940K) : Read in polygons from layers.
2026-09-28 22:44:47 +0200: Memory Usage (458644K) : activ_drw has 1875 polygons
2026-09-28 22:44:47 +0200: Memory Usage (458772K) : activ_mask has 0 polygons
2026-09-28 22:44:47 +0200: Memory Usage (458900K) : activ_filler has 0 polygons
2026-09-28 22:44:47 +0200: Memory Usage (458900K) : gatpoly_drw has 1820 polygons
2026-09-28 22:44:47 +0200: Memory Usage (459028K) : gatpoly_filler has 0 polygons
2026-09-28 22:44:47 +0200: Memory Usage (459460K) : metal1_drw has 4480 polygons
2026-09-28 22:44:47 +0200: Memory Usage (459460K) : metal1_filler has 0 polygons
2026-09-28 22:44:47 +0200: Memory Usage (459588K) : metal1_slit has 0 polygons
2026-09-28 22:44:47 +0200: Memory Usage (459844K) : metal2_drw has 3194 polygons
2026-09-28 22:44:47 +0200: Memory Usage (459972K) : metal2_filler has 0 polygons
2026-09-28 22:44:47 +0200: Memory Usage (460100K) : metal2_slit has 0 polygons
2026-09-28 22:44:48 +0200: Memory Usage (460228K) : metal3_drw has 1300 polygons
2026-09-28 22:44:48 +0200: Memory Usage (460356K) : metal3_filler has 0 polygons
2026-09-28 22:44:48 +0200: Memory Usage (460356K) : metal3_slit has 0 polygons
2026-09-28 22:44:48 +0200: Memory Usage (460484K) : metal4_drw has 0 polygons
2026-09-28 22:44:48 +0200: Memory Usage (460612K) : metal4_filler has 0 polygons
2026-09-28 22:44:48 +0200: Memory Usage (460612K) : metal4_slit has 0 polygons
2026-09-28 22:44:48 +0200: Memory Usage (460740K) : topmetal1_drw has 0 polygons
2026-09-28 22:44:48 +0200: Memory Usage (460868K) : topmetal1_filler has 0 polygons
2026-09-28 22:44:48 +0200: Memory Usage (460868K) : topmetal1_slit has 0 polygons
2026-09-28 22:44:48 +0200: Memory Usage (460996K) : lbe_drw has 0 polygons
2026-09-28 22:44:48 +0200: Memory Usage (460996K) : prboundary_drw has 0 polygons
2026-09-28 22:44:48 +0200: Memory Usage (461252K) : edgeseal_bound has 0 polygons
2026-09-28 22:44:48 +0200: Memory Usage (461252K) : Loaded TECH DRC rules values from /foss/pdks/ihp-sg13cmos5l/libs.tech/klayout/python/sg13cmos5l_pycell_lib/sg13cmos5l_tech_mod.json
2026-09-28 22:44:48 +0200: Memory Usage (461252K) : Loaded default DRC rules values from /foss/pdks/ihp-sg13cmos5l/libs.tech/klayout/tech/drc/rule_decks/sg13cmos5l_tech_default.json
2026-09-28 22:44:48 +0200: Memory Usage (462248K) : Density sanity markers are disabled (set -rd density_sanity=true to enable).
2026-09-28 22:44:48 +0200: Memory Usage (462376K) : No prBoundary found. Using layout extent for chip area: 6455.393349999999 um^2.
2026-09-28 22:44:48 +0200: Memory Usage (462376K) : Using bbox (128,105.485;171.19,254.95) for density window origin.
2026-09-28 22:44:48 +0200: Memory Usage (462504K) : Total area of the design is 6455.393349999999 um^2.
2026-09-28 22:44:48 +0200: Memory Usage (462504K) : Starting density IHP-SG13CMOS5L derivations.
2026-09-28 22:44:48 +0200: Memory Usage (463656K) : Starting IHP-SG13CMOS5L DENSITY DRC rules.
2026-09-28 22:44:48 +0200: Memory Usage (463656K) : Computing activ area and density...
2026-09-28 22:44:48 +0200: Memory Usage (464424K) : Executing rule AFil.g
2026-09-28 22:44:48 +0200: Memory Usage (464424K) : Executing rule AFil.g1
2026-09-28 22:44:48 +0200: Memory Usage (464424K) : Executing rule AFil.g2
2026-09-28 22:44:48 +0200: Memory Usage (465212K) : Executing rule AFil.g3
2026-09-28 22:44:48 +0200: Memory Usage (465724K) : Computing poly area and density...
2026-09-28 22:44:48 +0200: Memory Usage (465852K) : Executing rule GFil.g
2026-09-28 22:44:48 +0200: Memory Usage (465852K) : Computing metal1 area and density...
2026-09-28 22:44:48 +0200: Memory Usage (466364K) : Executing rule M1.j
2026-09-28 22:44:48 +0200: Memory Usage (466364K) : Executing rule M1.k
2026-09-28 22:44:48 +0200: Memory Usage (466364K) : Computing metal2 area and density...
2026-09-28 22:44:48 +0200: Memory Usage (466364K) : Computing metal3 area and density...
2026-09-28 22:44:48 +0200: Memory Usage (466492K) : Computing metal4 area and density...
2026-09-28 22:44:48 +0200: Memory Usage (466492K) : Executing rule M2.j
2026-09-28 22:44:48 +0200: Memory Usage (466492K) : Executing rule M2.k
2026-09-28 22:44:48 +0200: Memory Usage (466492K) : Executing rule M3.j
2026-09-28 22:44:48 +0200: Memory Usage (466492K) : Executing rule M3.k
2026-09-28 22:44:48 +0200: Memory Usage (466492K) : Executing rule M4.j
2026-09-28 22:44:48 +0200: Memory Usage (466492K) : Executing rule M4.k
2026-09-28 22:44:48 +0200: Memory Usage (466492K) : Executing rule M1Fil.h
2026-09-28 22:44:48 +0200: Memory Usage (466748K) : Executing rule M1Fil.k
2026-09-28 22:44:48 +0200: Memory Usage (467004K) : Executing rule M2Fil.h
2026-09-28 22:44:48 +0200: Memory Usage (467132K) : Executing rule M2Fil.k
2026-09-28 22:44:48 +0200: Memory Usage (467260K) : Executing rule M3Fil.h
2026-09-28 22:44:48 +0200: Memory Usage (467260K) : Executing rule M3Fil.k
2026-09-28 22:44:48 +0200: Memory Usage (467260K) : Executing rule M4Fil.h
2026-09-28 22:44:48 +0200: Memory Usage (467388K) : Executing rule M4Fil.k
2026-09-28 22:44:48 +0200: Memory Usage (467516K) : Computing TopMetal1 area and density...
2026-09-28 22:44:48 +0200: Memory Usage (467516K) : Executing rule TM1.c
2026-09-28 22:44:48 +0200: Memory Usage (467516K) : Executing rule TM1.d
2026-09-28 22:44:48 +0200: Memory Usage (467516K) : Computing LBE area and density...
2026-09-28 22:44:48 +0200: Memory Usage (467516K) : Executing rule LBE.i
2026-09-28 22:44:48 +0200: Memory Usage (467516K) : Executing rule Slt.i_M1
2026-09-28 22:44:48 +0200: Memory Usage (468156K) : Executing rule Slt.i_M2
2026-09-28 22:44:48 +0200: Memory Usage (468540K) : Executing rule Slt.i_M3
2026-09-28 22:44:48 +0200: Memory Usage (468668K) : Executing rule Slt.i_M4
2026-09-28 22:44:48 +0200: Memory Usage (469052K) : Executing rule Slt.i_TM1
2026-09-28 22:44:48 +0200: Memory Usage (469180K) : ##################################################
2026-09-28 22:44:48 +0200: Memory Usage (469180K) :                  Density Report                 #
2026-09-28 22:44:48 +0200: Memory Usage (469180K) : ##################################################
2026-09-28 22:44:48 +0200: Memory Usage (469180K) : 
2026-09-28 22:44:48 +0200: Memory Usage (469180K) : Layer areas and percentages (units: um^2)
2026-09-28 22:44:48 +0200: Memory Usage (469180K) : --------------------------------------------------
2026-09-28 22:44:48 +0200: Memory Usage (469180K) : 
2026-09-28 22:44:48 +0200: Memory Usage (469180K) : Total Area     = 6455.39 um^2
2026-09-28 22:44:48 +0200: Memory Usage (469180K) : 
2026-09-28 22:44:48 +0200: Memory Usage (469180K) : Activ      Area      = 563.07 um^2
2026-09-28 22:44:48 +0200: Memory Usage (469180K) : Activ      Density % =  8.72%  [Min = 35.00%,  Max = 55.00%]
2026-09-28 22:44:48 +0200: Memory Usage (469180K) : 
2026-09-28 22:44:48 +0200: Memory Usage (469180K) : GatPoly    Area      = 99.61 um^2
2026-09-28 22:44:48 +0200: Memory Usage (469180K) : GatPoly    Density % =  1.54%  [Min = 15.00%]
2026-09-28 22:44:48 +0200: Memory Usage (469180K) : 
2026-09-28 22:44:48 +0200: Memory Usage (469180K) : Metal1     Area      = 705.87 um^2
2026-09-28 22:44:48 +0200: Memory Usage (469180K) : Metal1     Density % = 10.93%  [Min = 35.00%,  Max = 60.00%]
2026-09-28 22:44:48 +0200: Memory Usage (469180K) : 
2026-09-28 22:44:48 +0200: Memory Usage (469180K) : Metal2     Area      = 684.68 um^2
2026-09-28 22:44:48 +0200: Memory Usage (469180K) : Metal2     Density % = 10.61%  [Min = 35.00%,  Max = 60.00%]
2026-09-28 22:44:48 +0200: Memory Usage (469180K) : 
2026-09-28 22:44:48 +0200: Memory Usage (469180K) : Metal3     Area      = 3513.70 um^2
2026-09-28 22:44:48 +0200: Memory Usage (469180K) : Metal3     Density % = 54.43%  [Min = 35.00%,  Max = 60.00%]
2026-09-28 22:44:48 +0200: Memory Usage (469180K) : 
2026-09-28 22:44:48 +0200: Memory Usage (469180K) : Metal4     Area      =  0.00 um^2
2026-09-28 22:44:48 +0200: Memory Usage (469180K) : Metal4     Density % =  0.00%  [Min = 35.00%,  Max = 60.00%]
2026-09-28 22:44:48 +0200: Memory Usage (469180K) : 
2026-09-28 22:44:48 +0200: Memory Usage (469180K) : TopMetal1  Area      =  0.00 um^2
2026-09-28 22:44:48 +0200: Memory Usage (469180K) : TopMetal1  Density % =  0.00%  [Min = 25.00%,  Max = 70.00%]
2026-09-28 22:44:48 +0200: Memory Usage (469180K) : 
2026-09-28 22:44:48 +0200: Memory Usage (469180K) : LBE        Area      =  0.00 um^2
2026-09-28 22:44:48 +0200: Memory Usage (469180K) : LBE        Density % =  0.00%  [Max = 20.00%]
2026-09-28 22:44:48 +0200: Memory Usage (469180K) : 
2026-09-28 22:44:48 +0200: Memory Usage (469180K) : KLayout DRC run for density table completed in 0.26 seconds
