# Logfile created on 2026-10-04 16:30:17 +0200 by logger.rb/v1.5.3
2026-10-04 16:30:17 +0200: Memory Usage (456632K) : Starting running IHP-SG13CMOS5L KLayout DRC runset on /foss/designs/CHIP-PLL/layout/divider/vco_decoder/VCO_decoder_cells/VCO_decoder_cells_wide/VCO_decoder_cells.gds
2026-10-04 16:30:17 +0200: Memory Usage (456632K) : Ruby Version for klayout: 3.2.3
2026-10-04 16:30:17 +0200: Memory Usage (458188K) : Loading database to memory is complete.
2026-10-04 16:30:17 +0200: Memory Usage (458188K) : IHP-SG13CMOS5L KLayout DRC runset output at: /foss/designs/CHIP-PLL/layout/divider/vco_decoder/VCO_decoder_cells/drc_run_VCO_decoder_cells/VCO_decoder_cells_VCO_decoder_cells_main.lyrdb
2026-10-04 16:30:17 +0200: Memory Usage (458316K) : Evaluate switches.
2026-10-04 16:30:17 +0200: Memory Usage (458316K) : tables selected: main
2026-10-04 16:30:17 +0200: Memory Usage (458316K) : KLayout will use 4 thread(s) in tiled mode.
2026-10-04 16:30:17 +0200: Memory Usage (458316K) : deep mode is enabled.
2026-10-04 16:30:17 +0200: Memory Usage (458316K) : FEOL enabled: true
2026-10-04 16:30:17 +0200: Memory Usage (458316K) : BEOL enabled: true
2026-10-04 16:30:17 +0200: Memory Usage (458316K) : OFFGRID enabled: true
2026-10-04 16:30:17 +0200: Memory Usage (458316K) : ANGLE enabled: true
2026-10-04 16:30:17 +0200: Memory Usage (458316K) : PIN enabled: true
2026-10-04 16:30:17 +0200: Memory Usage (458316K) : FORBIDDEN enabled: true
2026-10-04 16:30:17 +0200: Memory Usage (458316K) : RECOMMENDED enabled: true
2026-10-04 16:30:17 +0200: Memory Usage (458316K) : PreCheck DRC enabled: false
2026-10-04 16:30:17 +0200: Memory Usage (458316K) : CONNECTIVITY_RULES enabled: true.
2026-10-04 16:30:17 +0200: Memory Usage (458316K) : Read in polygons from layers.
2026-10-04 16:30:17 +0200: Memory Usage (459392K) : activ_drw has 1211 polygons
2026-10-04 16:30:17 +0200: Memory Usage (459392K) : activ_pin has 0 polygons
2026-10-04 16:30:17 +0200: Memory Usage (459392K) : activ_mask has 0 polygons
2026-10-04 16:30:17 +0200: Memory Usage (459392K) : activ_filler has 0 polygons
2026-10-04 16:30:17 +0200: Memory Usage (459392K) : activ_nofill has 0 polygons
2026-10-04 16:30:17 +0200: Memory Usage (459392K) : activ_opc has 0 polygons
2026-10-04 16:30:17 +0200: Memory Usage (459392K) : activ_iopc has 0 polygons
2026-10-04 16:30:17 +0200: Memory Usage (459392K) : activ_noqrc has 0 polygons
2026-10-04 16:30:17 +0200: Memory Usage (459392K) : biwind_drw has 0 polygons
2026-10-04 16:30:17 +0200: Memory Usage (459392K) : biwind_opc has 0 polygons
2026-10-04 16:30:17 +0200: Memory Usage (459392K) : pemwind_drw has 0 polygons
2026-10-04 16:30:17 +0200: Memory Usage (459392K) : gatpoly_drw has 1218 polygons
2026-10-04 16:30:17 +0200: Memory Usage (459392K) : gatpoly_pin has 174 polygons
2026-10-04 16:30:17 +0200: Memory Usage (459520K) : gatpoly_filler has 0 polygons
2026-10-04 16:30:17 +0200: Memory Usage (459520K) : gatpoly_nofill has 0 polygons
2026-10-04 16:30:17 +0200: Memory Usage (459520K) : gatpoly_opc has 0 polygons
2026-10-04 16:30:17 +0200: Memory Usage (459776K) : gatpoly_iopc has 0 polygons
2026-10-04 16:30:17 +0200: Memory Usage (459776K) : gatpoly_noqrc has 0 polygons
2026-10-04 16:30:17 +0200: Memory Usage (459776K) : cont_drw has 3288 polygons
2026-10-04 16:30:17 +0200: Memory Usage (459776K) : cont_opc has 0 polygons
2026-10-04 16:30:17 +0200: Memory Usage (459776K) : nsd_drw has 0 polygons
2026-10-04 16:30:17 +0200: Memory Usage (459904K) : nsd_block has 0 polygons
2026-10-04 16:30:17 +0200: Memory Usage (460352K) : metal1_drw has 2875 polygons
2026-10-04 16:30:17 +0200: Memory Usage (460480K) : metal1_pin has 754 polygons
2026-10-04 16:30:17 +0200: Memory Usage (460480K) : metal1_mask has 0 polygons
2026-10-04 16:30:17 +0200: Memory Usage (460608K) : metal1_filler has 0 polygons
2026-10-04 16:30:17 +0200: Memory Usage (460608K) : metal1_nofill has 0 polygons
2026-10-04 16:30:17 +0200: Memory Usage (460736K) : metal1_slit has 0 polygons
2026-10-04 16:30:17 +0200: Memory Usage (460864K) : metal1_text has 172 polygons
2026-10-04 16:30:17 +0200: Memory Usage (460864K) : metal1_opc has 0 polygons
2026-10-04 16:30:17 +0200: Memory Usage (460992K) : metal1_noqrc has 0 polygons
2026-10-04 16:30:17 +0200: Memory Usage (460992K) : metal1_res has 0 polygons
2026-10-04 16:30:17 +0200: Memory Usage (461120K) : metal1_iprobe has 0 polygons
2026-10-04 16:30:17 +0200: Memory Usage (461120K) : metal1_diffprb has 0 polygons
2026-10-04 16:30:17 +0200: Memory Usage (461248K) : passiv_drw has 0 polygons
2026-10-04 16:30:17 +0200: Memory Usage (461248K) : passiv_pin has 0 polygons
2026-10-04 16:30:17 +0200: Memory Usage (461248K) : passiv_sbump has 0 polygons
2026-10-04 16:30:17 +0200: Memory Usage (461376K) : passiv_pillar has 0 polygons
2026-10-04 16:30:17 +0200: Memory Usage (461376K) : passiv_pdl has 0 polygons
2026-10-04 16:30:17 +0200: Memory Usage (461504K) : metal2_drw has 1971 polygons
2026-10-04 16:30:17 +0200: Memory Usage (461632K) : metal2_pin has 346 polygons
2026-10-04 16:30:17 +0200: Memory Usage (461760K) : metal2_mask has 0 polygons
2026-10-04 16:30:17 +0200: Memory Usage (461760K) : metal2_filler has 0 polygons
2026-10-04 16:30:17 +0200: Memory Usage (461888K) : metal2_nofill has 0 polygons
2026-10-04 16:30:17 +0200: Memory Usage (461888K) : metal2_slit has 0 polygons
2026-10-04 16:30:17 +0200: Memory Usage (462016K) : metal2_text has 349 polygons
2026-10-04 16:30:17 +0200: Memory Usage (462016K) : metal2_opc has 0 polygons
2026-10-04 16:30:17 +0200: Memory Usage (462016K) : metal2_noqrc has 0 polygons
2026-10-04 16:30:17 +0200: Memory Usage (462144K) : metal2_res has 0 polygons
2026-10-04 16:30:17 +0200: Memory Usage (462144K) : metal2_iprobe has 0 polygons
2026-10-04 16:30:17 +0200: Memory Usage (462272K) : metal2_diffprb has 0 polygons
2026-10-04 16:30:17 +0200: Memory Usage (462272K) : baspoly_drw has 0 polygons
2026-10-04 16:30:17 +0200: Memory Usage (462272K) : baspoly_pin has 0 polygons
2026-10-04 16:30:17 +0200: Memory Usage (462400K) : psd_drw has 293 polygons
2026-10-04 16:30:17 +0200: Memory Usage (462400K) : nldb_drw has 0 polygons
2026-10-04 16:30:17 +0200: Memory Usage (462528K) : digibnd_drw has 0 polygons
2026-10-04 16:30:17 +0200: Memory Usage (462528K) : via1_drw has 940 polygons
2026-10-04 16:30:17 +0200: Memory Usage (462656K) : backmetal1_drw has 0 polygons
2026-10-04 16:30:17 +0200: Memory Usage (462656K) : backmetal1_pin has 0 polygons
2026-10-04 16:30:17 +0200: Memory Usage (462784K) : backmetal1_mask has 0 polygons
2026-10-04 16:30:17 +0200: Memory Usage (462784K) : backmetal1_filler has 0 polygons
2026-10-04 16:30:17 +0200: Memory Usage (462912K) : backmetal1_nofill has 0 polygons
2026-10-04 16:30:17 +0200: Memory Usage (462912K) : backmetal1_slit has 0 polygons
2026-10-04 16:30:17 +0200: Memory Usage (462912K) : backmetal1_text has 0 polygons
2026-10-04 16:30:17 +0200: Memory Usage (463040K) : backmetal1_opc has 0 polygons
2026-10-04 16:30:17 +0200: Memory Usage (463168K) : backmetal1_noqrc has 0 polygons
2026-10-04 16:30:17 +0200: Memory Usage (463168K) : backmetal1_res has 0 polygons
2026-10-04 16:30:17 +0200: Memory Usage (463296K) : backmetal1_iprobe has 0 polygons
2026-10-04 16:30:17 +0200: Memory Usage (463424K) : backmetal1_diffprb has 0 polygons
2026-10-04 16:30:17 +0200: Memory Usage (463424K) : backpassiv_drw has 0 polygons
2026-10-04 16:30:17 +0200: Memory Usage (463424K) : res_drw has 0 polygons
2026-10-04 16:30:17 +0200: Memory Usage (463552K) : sram_drw has 0 polygons
2026-10-04 16:30:17 +0200: Memory Usage (463552K) : trans_drw has 0 polygons
2026-10-04 16:30:17 +0200: Memory Usage (463680K) : ind_drw has 0 polygons
2026-10-04 16:30:17 +0200: Memory Usage (463680K) : ind_pin has 0 polygons
2026-10-04 16:30:17 +0200: Memory Usage (463808K) : ind_text has 0 polygons
2026-10-04 16:30:17 +0200: Memory Usage (463808K) : salblock_drw has 0 polygons
2026-10-04 16:30:17 +0200: Memory Usage (463936K) : via2_drw has 1221 polygons
2026-10-04 16:30:17 +0200: Memory Usage (463936K) : metal3_drw has 905 polygons
2026-10-04 16:30:17 +0200: Memory Usage (464064K) : metal3_pin has 9 polygons
2026-10-04 16:30:17 +0200: Memory Usage (464192K) : metal3_mask has 0 polygons
2026-10-04 16:30:17 +0200: Memory Usage (464192K) : metal3_filler has 0 polygons
2026-10-04 16:30:17 +0200: Memory Usage (464192K) : metal3_nofill has 0 polygons
2026-10-04 16:30:17 +0200: Memory Usage (464320K) : metal3_slit has 0 polygons
2026-10-04 16:30:17 +0200: Memory Usage (464320K) : metal3_text has 9 polygons
2026-10-04 16:30:17 +0200: Memory Usage (464448K) : metal3_opc has 0 polygons
2026-10-04 16:30:17 +0200: Memory Usage (464448K) : metal3_noqrc has 0 polygons
2026-10-04 16:30:17 +0200: Memory Usage (464576K) : metal3_res has 0 polygons
2026-10-04 16:30:17 +0200: Memory Usage (464576K) : metal3_iprobe has 0 polygons
2026-10-04 16:30:17 +0200: Memory Usage (464576K) : metal3_diffprb has 0 polygons
2026-10-04 16:30:17 +0200: Memory Usage (464704K) : nwell_drw has 339 polygons
2026-10-04 16:30:17 +0200: Memory Usage (464832K) : nwell_pin has 78 polygons
2026-10-04 16:30:17 +0200: Memory Usage (464832K) : nbulay_drw has 0 polygons
2026-10-04 16:30:17 +0200: Memory Usage (464960K) : nbulay_pin has 0 polygons
2026-10-04 16:30:17 +0200: Memory Usage (465088K) : nbulay_block has 0 polygons
2026-10-04 16:30:17 +0200: Memory Usage (465088K) : emwind_drw has 0 polygons
2026-10-04 16:30:17 +0200: Memory Usage (465088K) : emwind_opc has 0 polygons
2026-10-04 16:30:17 +0200: Memory Usage (465216K) : deepco_drw has 0 polygons
2026-10-04 16:30:17 +0200: Memory Usage (465216K) : deepco_drw has 0 polygons
2026-10-04 16:30:17 +0200: Memory Usage (465344K) : mim_drw has 0 polygons
2026-10-04 16:30:17 +0200: Memory Usage (465344K) : edgeseal_drw has 0 polygons
2026-10-04 16:30:17 +0200: Memory Usage (465472K) : edgeseal_bound has 0 polygons
2026-10-04 16:30:17 +0200: Memory Usage (465472K) : substrate_drw has 252 polygons
2026-10-04 16:30:17 +0200: Memory Usage (465600K) : substrate_text has 0 polygons
2026-10-04 16:30:17 +0200: Memory Usage (465600K) : dfpad_drw has 0 polygons
2026-10-04 16:30:17 +0200: Memory Usage (465600K) : dfpad_pillar has 0 polygons
2026-10-04 16:30:17 +0200: Memory Usage (465728K) : dfpad_sbump has 0 polygons
2026-10-04 16:30:17 +0200: Memory Usage (465728K) : thickgateox_drw has 0 polygons
2026-10-04 16:30:17 +0200: Memory Usage (465856K) : pldb_drw has 0 polygons
2026-10-04 16:30:17 +0200: Memory Usage (465856K) : pwell_drw has 0 polygons
2026-10-04 16:30:17 +0200: Memory Usage (465984K) : pwell_pin has 0 polygons
2026-10-04 16:30:17 +0200: Memory Usage (465984K) : pwell_block has 0 polygons
2026-10-04 16:30:17 +0200: Memory Usage (466112K) : ic_drw has 0 polygons
2026-10-04 16:30:17 +0200: Memory Usage (466112K) : via3_drw has 0 polygons
2026-10-04 16:30:17 +0200: Memory Usage (466240K) : metal4_drw has 0 polygons
2026-10-04 16:30:17 +0200: Memory Usage (466240K) : metal4_pin has 0 polygons
2026-10-04 16:30:17 +0200: Memory Usage (466368K) : metal4_mask has 0 polygons
2026-10-04 16:30:17 +0200: Memory Usage (466368K) : metal4_filler has 0 polygons
2026-10-04 16:30:17 +0200: Memory Usage (466496K) : metal4_nofill has 0 polygons
2026-10-04 16:30:17 +0200: Memory Usage (466496K) : metal4_slit has 0 polygons
2026-10-04 16:30:17 +0200: Memory Usage (466624K) : metal4_text has 0 polygons
2026-10-04 16:30:17 +0200: Memory Usage (466624K) : metal4_opc has 0 polygons
2026-10-04 16:30:17 +0200: Memory Usage (466752K) : metal4_noqrc has 0 polygons
2026-10-04 16:30:17 +0200: Memory Usage (466752K) : metal4_res has 0 polygons
2026-10-04 16:30:17 +0200: Memory Usage (466752K) : metal4_iprobe has 0 polygons
2026-10-04 16:30:17 +0200: Memory Usage (466880K) : metal4_diffprb has 0 polygons
2026-10-04 16:30:17 +0200: Memory Usage (466880K) : heattrans_drw has 348 polygons
2026-10-04 16:30:17 +0200: Memory Usage (467008K) : heatres_drw has 0 polygons
2026-10-04 16:30:17 +0200: Memory Usage (467008K) : pempoly_drw has 0 polygons
2026-10-04 16:30:17 +0200: Memory Usage (467136K) : fbe_drw has 0 polygons
2026-10-04 16:30:17 +0200: Memory Usage (467264K) : empoly_drw has 0 polygons
2026-10-04 16:30:17 +0200: Memory Usage (467264K) : ldmos_drw has 0 polygons
2026-10-04 16:30:17 +0200: Memory Usage (467264K) : pbiwind_drw has 0 polygons
2026-10-04 16:30:17 +0200: Memory Usage (467392K) : digisub_drw has 0 polygons
2026-10-04 16:30:17 +0200: Memory Usage (467392K) : nodrc_drw has 0 polygons
2026-10-04 16:30:17 +0200: Memory Usage (467520K) : text_drw has 504 polygons
2026-10-04 16:30:17 +0200: Memory Usage (467520K) : via4_drw has 0 polygons
2026-10-04 16:30:17 +0200: Memory Usage (467648K) : metal5_drw has 0 polygons
2026-10-04 16:30:17 +0200: Memory Usage (467648K) : metal5_pin has 0 polygons
2026-10-04 16:30:17 +0200: Memory Usage (467648K) : metal5_mask has 0 polygons
2026-10-04 16:30:17 +0200: Memory Usage (467776K) : metal5_filler has 0 polygons
2026-10-04 16:30:17 +0200: Memory Usage (467776K) : metal5_nofill has 0 polygons
2026-10-04 16:30:17 +0200: Memory Usage (467904K) : metal5_slit has 0 polygons
2026-10-04 16:30:17 +0200: Memory Usage (468032K) : metal5_text has 0 polygons
2026-10-04 16:30:17 +0200: Memory Usage (468032K) : metal5_opc has 0 polygons
2026-10-04 16:30:17 +0200: Memory Usage (468160K) : metal5_noqrc has 0 polygons
2026-10-04 16:30:17 +0200: Memory Usage (468160K) : metal5_res has 0 polygons
2026-10-04 16:30:17 +0200: Memory Usage (468288K) : metal5_iprobe has 0 polygons
2026-10-04 16:30:17 +0200: Memory Usage (468288K) : metal5_diffprb has 0 polygons
2026-10-04 16:30:17 +0200: Memory Usage (468416K) : radhard_drw has 0 polygons
2026-10-04 16:30:17 +0200: Memory Usage (468416K) : memcap_drw has 0 polygons
2026-10-04 16:30:17 +0200: Memory Usage (468544K) : varicap_drw has 0 polygons
2026-10-04 16:30:17 +0200: Memory Usage (468544K) : flash_drw has 0 polygons
2026-10-04 16:30:17 +0200: Memory Usage (468544K) : intbondvia_drw has 0 polygons
2026-10-04 16:30:17 +0200: Memory Usage (468672K) : intbondmet_drw has 0 polygons
2026-10-04 16:30:17 +0200: Memory Usage (468672K) : devbondvia_drw has 0 polygons
2026-10-04 16:30:17 +0200: Memory Usage (468800K) : devbondmet_drw has 0 polygons
2026-10-04 16:30:17 +0200: Memory Usage (468800K) : devtrench_drw has 0 polygons
2026-10-04 16:30:17 +0200: Memory Usage (468928K) : redist_drw has 0 polygons
2026-10-04 16:30:17 +0200: Memory Usage (468928K) : graphbot_drw has 0 polygons
2026-10-04 16:30:17 +0200: Memory Usage (468928K) : graphtop_drw has 0 polygons
2026-10-04 16:30:17 +0200: Memory Usage (469056K) : antvia1_drw has 0 polygons
2026-10-04 16:30:17 +0200: Memory Usage (469056K) : antmetal2_drw has 0 polygons
2026-10-04 16:30:17 +0200: Memory Usage (469184K) : graphcont_drw has 0 polygons
2026-10-04 16:30:17 +0200: Memory Usage (469184K) : siwg_drw has 0 polygons
2026-10-04 16:30:17 +0200: Memory Usage (469184K) : siwg_filler has 0 polygons
2026-10-04 16:30:17 +0200: Memory Usage (469184K) : siwg_nofill has 0 polygons
2026-10-04 16:30:17 +0200: Memory Usage (469312K) : sigrating_drw has 0 polygons
2026-10-04 16:30:17 +0200: Memory Usage (469312K) : singrating_drw has 0 polygons
2026-10-04 16:30:17 +0200: Memory Usage (469312K) : graphpas_drw has 0 polygons
2026-10-04 16:30:17 +0200: Memory Usage (469440K) : emwind3_drw has 0 polygons
2026-10-04 16:30:17 +0200: Memory Usage (469440K) : emwihv3_drw has 0 polygons
2026-10-04 16:30:17 +0200: Memory Usage (469440K) : redbulay_drw has 0 polygons
2026-10-04 16:30:17 +0200: Memory Usage (469568K) : smos_drw has 0 polygons
2026-10-04 16:30:17 +0200: Memory Usage (469568K) : graphpad_drw has 0 polygons
2026-10-04 16:30:17 +0200: Memory Usage (469568K) : polimide_drw has 0 polygons
2026-10-04 16:30:17 +0200: Memory Usage (469568K) : polimide_pin has 0 polygons
2026-10-04 16:30:17 +0200: Memory Usage (469696K) : recog_drw has 0 polygons
2026-10-04 16:30:17 +0200: Memory Usage (469696K) : recog_pin has 0 polygons
2026-10-04 16:30:17 +0200: Memory Usage (469696K) : recog_esd has 0 polygons
2026-10-04 16:30:17 +0200: Memory Usage (469824K) : recog_diode has 0 polygons
2026-10-04 16:30:17 +0200: Memory Usage (469824K) : recog_tsv has 0 polygons
2026-10-04 16:30:17 +0200: Memory Usage (469824K) : recog_iprobe has 0 polygons
2026-10-04 16:30:17 +0200: Memory Usage (469952K) : recog_diffprb has 0 polygons
2026-10-04 16:30:17 +0200: Memory Usage (469952K) : recog_pillar has 0 polygons
2026-10-04 16:30:17 +0200: Memory Usage (470080K) : recog_sbump has 0 polygons
2026-10-04 16:30:17 +0200: Memory Usage (470080K) : recog_otp has 0 polygons
2026-10-04 16:30:17 +0200: Memory Usage (470080K) : recog_pdiode has 0 polygons
2026-10-04 16:30:17 +0200: Memory Usage (470208K) : recog_mom has 0 polygons
2026-10-04 16:30:17 +0200: Memory Usage (470208K) : recog_pcm has 0 polygons
2026-10-04 16:30:17 +0200: Memory Usage (470336K) : colopen_drw has 0 polygons
2026-10-04 16:30:17 +0200: Memory Usage (470336K) : graphmetal1_drw has 0 polygons
2026-10-04 16:30:17 +0200: Memory Usage (470464K) : graphmetal1_filler has 0 polygons
2026-10-04 16:30:17 +0200: Memory Usage (470464K) : graphmetal1_nofill has 0 polygons
2026-10-04 16:30:17 +0200: Memory Usage (470464K) : graphmetal1_slit has 0 polygons
2026-10-04 16:30:17 +0200: Memory Usage (470592K) : graphmetal1_opc has 0 polygons
2026-10-04 16:30:17 +0200: Memory Usage (470592K) : graphmet1l_drw has 0 polygons
2026-10-04 16:30:17 +0200: Memory Usage (470720K) : graphmet1l_filler has 0 polygons
2026-10-04 16:30:17 +0200: Memory Usage (470720K) : graphmet1l_nofill has 0 polygons
2026-10-04 16:30:17 +0200: Memory Usage (470848K) : graphmet1l_slit has 0 polygons
2026-10-04 16:30:17 +0200: Memory Usage (470848K) : graphmet1l_opc has 0 polygons
2026-10-04 16:30:17 +0200: Memory Usage (470848K) : extblock_drw has 0 polygons
2026-10-04 16:30:17 +0200: Memory Usage (470976K) : nldd_drw has 0 polygons
2026-10-04 16:30:17 +0200: Memory Usage (470976K) : pldd_drw has 0 polygons
2026-10-04 16:30:17 +0200: Memory Usage (471104K) : next_drw has 0 polygons
2026-10-04 16:30:17 +0200: Memory Usage (471104K) : pext_drw has 0 polygons
2026-10-04 16:30:17 +0200: Memory Usage (471232K) : nexthv_drw has 0 polygons
2026-10-04 16:30:17 +0200: Memory Usage (471232K) : pexthv_drw has 0 polygons
2026-10-04 16:30:17 +0200: Memory Usage (471232K) : graphgate_drw has 0 polygons
2026-10-04 16:30:17 +0200: Memory Usage (471232K) : sinwg_drw has 0 polygons
2026-10-04 16:30:17 +0200: Memory Usage (471360K) : sinwg_filler has 0 polygons
2026-10-04 16:30:17 +0200: Memory Usage (471360K) : sinwg_nofill has 0 polygons
2026-10-04 16:30:17 +0200: Memory Usage (471360K) : mempad_drw has 0 polygons
2026-10-04 16:30:17 +0200: Memory Usage (471488K) : topvia1_drw has 0 polygons
2026-10-04 16:30:17 +0200: Memory Usage (471488K) : topmetal1_drw has 0 polygons
2026-10-04 16:30:17 +0200: Memory Usage (471488K) : topmetal1_pin has 0 polygons
2026-10-04 16:30:17 +0200: Memory Usage (471616K) : topmetal1_mask has 0 polygons
2026-10-04 16:30:17 +0200: Memory Usage (471616K) : topmetal1_filler has 0 polygons
2026-10-04 16:30:17 +0200: Memory Usage (471744K) : topmetal1_nofill has 0 polygons
2026-10-04 16:30:17 +0200: Memory Usage (471744K) : topmetal1_slit has 0 polygons
2026-10-04 16:30:17 +0200: Memory Usage (471744K) : topmetal1_text has 0 polygons
2026-10-04 16:30:17 +0200: Memory Usage (471872K) : topmetal1_noqrc has 0 polygons
2026-10-04 16:30:17 +0200: Memory Usage (471872K) : topmetal1_res has 0 polygons
2026-10-04 16:30:17 +0200: Memory Usage (472000K) : topmetal1_iprobe has 0 polygons
2026-10-04 16:30:17 +0200: Memory Usage (472000K) : topmetal1_diffprb has 0 polygons
2026-10-04 16:30:17 +0200: Memory Usage (472000K) : inldpwl_drw has 0 polygons
2026-10-04 16:30:17 +0200: Memory Usage (472128K) : polyres_drw has 0 polygons
2026-10-04 16:30:17 +0200: Memory Usage (472128K) : polyres_pin has 0 polygons
2026-10-04 16:30:17 +0200: Memory Usage (472256K) : vmim_drw has 0 polygons
2026-10-04 16:30:17 +0200: Memory Usage (472256K) : nbulaycut_drw has 0 polygons
2026-10-04 16:30:17 +0200: Memory Usage (472384K) : antmetal1_drw has 0 polygons
2026-10-04 16:30:17 +0200: Memory Usage (472384K) : topvia2_drw has 0 polygons
2026-10-04 16:30:17 +0200: Memory Usage (472384K) : topmetal2_drw has 0 polygons
2026-10-04 16:30:17 +0200: Memory Usage (472512K) : topmetal2_pin has 0 polygons
2026-10-04 16:30:17 +0200: Memory Usage (472512K) : topmetal2_mask has 0 polygons
2026-10-04 16:30:17 +0200: Memory Usage (472640K) : topmetal2_filler has 0 polygons
2026-10-04 16:30:17 +0200: Memory Usage (472640K) : topmetal2_nofill has 0 polygons
2026-10-04 16:30:17 +0200: Memory Usage (472640K) : topmetal2_slit has 0 polygons
2026-10-04 16:30:17 +0200: Memory Usage (472768K) : topmetal2_text has 0 polygons
2026-10-04 16:30:17 +0200: Memory Usage (472768K) : topmetal2_noqrc has 0 polygons
2026-10-04 16:30:17 +0200: Memory Usage (472896K) : topmetal2_res has 0 polygons
2026-10-04 16:30:17 +0200: Memory Usage (472896K) : topmetal2_iprobe has 0 polygons
2026-10-04 16:30:17 +0200: Memory Usage (473024K) : topmetal2_diffprb has 0 polygons
2026-10-04 16:30:17 +0200: Memory Usage (473024K) : snsring_drw has 0 polygons
2026-10-04 16:30:17 +0200: Memory Usage (473024K) : sensor_drw has 0 polygons
2026-10-04 16:30:17 +0200: Memory Usage (473024K) : snsarms_drw has 0 polygons
2026-10-04 16:30:17 +0200: Memory Usage (473152K) : snscmosvia_drw has 0 polygons
2026-10-04 16:30:17 +0200: Memory Usage (473152K) : colwind_drw has 0 polygons
2026-10-04 16:30:17 +0200: Memory Usage (473152K) : flm_drw has 0 polygons
2026-10-04 16:30:17 +0200: Memory Usage (473152K) : hafniumox_drw has 0 polygons
2026-10-04 16:30:17 +0200: Memory Usage (473280K) : memvia_drw has 0 polygons
2026-10-04 16:30:17 +0200: Memory Usage (473280K) : thinfilmres_drw has 0 polygons
2026-10-04 16:30:17 +0200: Memory Usage (473280K) : rfmem_drw has 0 polygons
2026-10-04 16:30:17 +0200: Memory Usage (473408K) : norcx_drw has 0 polygons
2026-10-04 16:30:17 +0200: Memory Usage (473408K) : norcx_m2m3 has 0 polygons
2026-10-04 16:30:17 +0200: Memory Usage (473408K) : norcx_m2m4 has 0 polygons
2026-10-04 16:30:17 +0200: Memory Usage (473408K) : norcx_m2m5 has 0 polygons
2026-10-04 16:30:17 +0200: Memory Usage (473536K) : norcx_m2tm1 has 0 polygons
2026-10-04 16:30:17 +0200: Memory Usage (473536K) : norcx_m2tm2 has 0 polygons
2026-10-04 16:30:17 +0200: Memory Usage (473664K) : norcx_m3m4 has 0 polygons
2026-10-04 16:30:17 +0200: Memory Usage (473664K) : norcx_m3m5 has 0 polygons
2026-10-04 16:30:17 +0200: Memory Usage (473664K) : norcx_m3tm1 has 0 polygons
2026-10-04 16:30:17 +0200: Memory Usage (473664K) : norcx_m3tm2 has 0 polygons
2026-10-04 16:30:17 +0200: Memory Usage (473792K) : norcx_m4m5 has 0 polygons
2026-10-04 16:30:17 +0200: Memory Usage (473792K) : norcx_m4tm1 has 0 polygons
2026-10-04 16:30:17 +0200: Memory Usage (473792K) : norcx_m4tm2 has 0 polygons
2026-10-04 16:30:17 +0200: Memory Usage (473920K) : norcx_m5tm1 has 0 polygons
2026-10-04 16:30:17 +0200: Memory Usage (473920K) : norcx_m5tm2 has 0 polygons
2026-10-04 16:30:17 +0200: Memory Usage (473920K) : norcx_tm1tm2 has 0 polygons
2026-10-04 16:30:17 +0200: Memory Usage (474048K) : norcx_m1sub has 0 polygons
2026-10-04 16:30:17 +0200: Memory Usage (474048K) : norcx_m2sub has 0 polygons
2026-10-04 16:30:17 +0200: Memory Usage (474048K) : norcx_m3sub has 0 polygons
2026-10-04 16:30:17 +0200: Memory Usage (474176K) : norcx_m4sub has 0 polygons
2026-10-04 16:30:17 +0200: Memory Usage (474176K) : norcx_m5sub has 0 polygons
2026-10-04 16:30:17 +0200: Memory Usage (474176K) : norcx_tm1sub has 0 polygons
2026-10-04 16:30:17 +0200: Memory Usage (474304K) : norcx_tm2sub has 0 polygons
2026-10-04 16:30:17 +0200: Memory Usage (474304K) : snsbotvia_drw has 0 polygons
2026-10-04 16:30:17 +0200: Memory Usage (474432K) : snstopvia_drw has 0 polygons
2026-10-04 16:30:17 +0200: Memory Usage (474432K) : deepvia_drw has 0 polygons
2026-10-04 16:30:17 +0200: Memory Usage (474560K) : fgetch_drw has 0 polygons
2026-10-04 16:30:17 +0200: Memory Usage (474560K) : ctrgat_drw has 0 polygons
2026-10-04 16:30:17 +0200: Memory Usage (474560K) : fgimp_drw has 0 polygons
2026-10-04 16:30:17 +0200: Memory Usage (474688K) : emwihv_drw has 0 polygons
2026-10-04 16:30:17 +0200: Memory Usage (474688K) : lbe_drw has 0 polygons
2026-10-04 16:30:17 +0200: Memory Usage (474816K) : alcustop_drw has 0 polygons
2026-10-04 16:30:17 +0200: Memory Usage (474816K) : nometfiller_drw has 0 polygons
2026-10-04 16:30:17 +0200: Memory Usage (474816K) : prboundary_drw has 0 polygons
2026-10-04 16:30:17 +0200: Memory Usage (474816K) : exchange0_drw has 0 polygons
2026-10-04 16:30:17 +0200: Memory Usage (474816K) : exchange0_pin has 0 polygons
2026-10-04 16:30:17 +0200: Memory Usage (474816K) : exchange0_text has 0 polygons
2026-10-04 16:30:17 +0200: Memory Usage (474816K) : exchange1_drw has 0 polygons
2026-10-04 16:30:17 +0200: Memory Usage (474816K) : exchange1_pin has 0 polygons
2026-10-04 16:30:17 +0200: Memory Usage (474816K) : exchange1_text has 0 polygons
2026-10-04 16:30:17 +0200: Memory Usage (474944K) : exchange2_drw has 0 polygons
2026-10-04 16:30:17 +0200: Memory Usage (474944K) : exchange2_pin has 0 polygons
2026-10-04 16:30:17 +0200: Memory Usage (474944K) : exchange2_text has 0 polygons
2026-10-04 16:30:17 +0200: Memory Usage (475072K) : exchange3_drw has 0 polygons
2026-10-04 16:30:17 +0200: Memory Usage (475072K) : exchange3_pin has 0 polygons
2026-10-04 16:30:17 +0200: Memory Usage (475072K) : exchange3_text has 0 polygons
2026-10-04 16:30:17 +0200: Memory Usage (475200K) : exchange4_drw has 0 polygons
2026-10-04 16:30:17 +0200: Memory Usage (475200K) : exchange4_pin has 0 polygons
2026-10-04 16:30:17 +0200: Memory Usage (475200K) : exchange4_text has 0 polygons
2026-10-04 16:30:17 +0200: Memory Usage (475328K) : isonwell_drw has 0 polygons
2026-10-04 16:30:17 +0200: Memory Usage (475328K) : Total no. of polygons in the design is 17256
2026-10-04 16:30:17 +0200: Memory Usage (475328K) : Loaded TECH DRC rules values from /foss/pdks/ihp-sg13cmos5l/libs.tech/klayout/python/sg13cmos5l_pycell_lib/sg13cmos5l_tech_mod.json
2026-10-04 16:30:17 +0200: Memory Usage (475328K) : Loaded default DRC rules values from /foss/pdks/ihp-sg13cmos5l/libs.tech/klayout/tech/drc/rule_decks/sg13cmos5l_tech_default.json
2026-10-04 16:30:17 +0200: Memory Usage (476592K) : Total area of the design is 2887.2898999999998 um^2.
2026-10-04 16:30:17 +0200: Memory Usage (476592K) : The design dimensions are 50.76999999999998 um * 56.86999999999999 um.
2026-10-04 16:30:17 +0200: Memory Usage (476592K) : Starting general IHP-SG13CMOS5L derivations.
2026-10-04 16:30:17 +0200: Memory Usage (476592K) : Starting Pwell derivations
2026-10-04 16:30:17 +0200: Memory Usage (479080K) : Starting n-Activ derivations
2026-10-04 16:30:17 +0200: Memory Usage (479508K) : Starting p-Activ derivations
2026-10-04 16:30:17 +0200: Memory Usage (479636K) : Starting ptap derivations
2026-10-04 16:30:17 +0200: Memory Usage (479636K) : Starting ntap derivations
2026-10-04 16:30:17 +0200: Memory Usage (479764K) : Starting pact FET derivations
2026-10-04 16:30:17 +0200: Memory Usage (479764K) : Starting nact FET derivations
2026-10-04 16:30:17 +0200: Memory Usage (479892K) : Starting Gate derivations
2026-10-04 16:30:17 +0200: Memory Usage (480020K) : Starting cont/contbar general derivations
2026-10-04 16:30:17 +0200: Memory Usage (480916K) : Starting pad general derivations (TM1 top)
2026-10-04 16:30:17 +0200: Memory Usage (481044K) : Starting IHP-SG13CMOS5L DRC connectivity related derivations.
2026-10-04 16:30:17 +0200: Memory Usage (481428K) : Starting IHP-SG13CMOS5L DRC connectivity setup
2026-10-04 16:30:17 +0200: Memory Usage (483092K) : Starting IHP-SG13CMOS5L DRC rules.
2026-10-04 16:30:17 +0200: Memory Usage (483092K) : Running all FEOL rules
2026-10-04 16:30:17 +0200: Memory Usage (483092K) : Running all BEOL rules
2026-10-04 16:30:17 +0200: Memory Usage (483092K) : Running all PIN rules
2026-10-04 16:30:17 +0200: Memory Usage (483092K) : Running all FORBIDDEN rules
2026-10-04 16:30:17 +0200: Memory Usage (483092K) : Starting 5.1 NWell table
2026-10-04 16:30:17 +0200: Memory Usage (483092K) : Executing rule NW.b
2026-10-04 16:30:17 +0200: Memory Usage (483988K) : Executing rule NW.b1
2026-10-04 16:30:17 +0200: Memory Usage (484500K) : Executing rule NW.f1
2026-10-04 16:30:17 +0200: Memory Usage (484756K) : Executing rule NW.f1.digibnd
2026-10-04 16:30:17 +0200: Memory Usage (484884K) : Starting 5.2 PWell:block
2026-10-04 16:30:17 +0200: Memory Usage (484884K) : Executing rule PWB.e
2026-10-04 16:30:17 +0200: Memory Usage (485012K) : Executing rule PWB.e1
2026-10-04 16:30:17 +0200: Memory Usage (485140K) : Executing rule PWB.f
2026-10-04 16:30:17 +0200: Memory Usage (485268K) : Executing rule PWB.f1
2026-10-04 16:30:17 +0200: Memory Usage (485396K) : Starting 5.3 nBuLay table
2026-10-04 16:30:17 +0200: Memory Usage (485396K) : nBuLay (32/0) is a FORBIDDEN layer in CMOS5L - skipping NBL rules
2026-10-04 16:30:17 +0200: Memory Usage (485396K) : Starting 5.5. Activ table
2026-10-04 16:30:17 +0200: Memory Usage (485396K) : Executing rule Act.a
2026-10-04 16:30:17 +0200: Memory Usage (485524K) : Executing rule Act.b
2026-10-04 16:30:17 +0200: Memory Usage (485652K) : Starting 5.6 Activ:filler table
2026-10-04 16:30:17 +0200: Memory Usage (485652K) : Executing rule AFil.c1
2026-10-04 16:30:17 +0200: Memory Usage (485652K) : Executing rule AFil.c
2026-10-04 16:30:17 +0200: Memory Usage (485652K) : Executing rule AFil.d
2026-10-04 16:30:17 +0200: Memory Usage (485652K) : Skipping rule AFil.e (TRANS is forbidden in CMOS5L)
2026-10-04 16:30:17 +0200: Memory Usage (485652K) : Executing rule AFil.j
2026-10-04 16:30:17 +0200: Memory Usage (485652K) : Starting 5.7. ThickGateOx table
2026-10-04 16:30:17 +0200: Memory Usage (485652K) : Executing rule TGO.f
2026-10-04 16:30:17 +0200: Memory Usage (485652K) : Starting 5.8. GatPoly table
2026-10-04 16:30:17 +0200: Memory Usage (485652K) : Executing rule Gat.a
2026-10-04 16:30:17 +0200: Memory Usage (485652K) : Executing rule Gat.b
2026-10-04 16:30:17 +0200: Memory Usage (485652K) : Executing rule Gat.d
2026-10-04 16:30:17 +0200: Memory Usage (485652K) : Executing rule Gat.a1
2026-10-04 16:30:17 +0200: Memory Usage (486244K) : Executing rule Gat.a2
2026-10-04 16:30:17 +0200: Memory Usage (486244K) : Executing rule Gat.g
2026-10-04 16:30:17 +0200: Memory Usage (491876K) : Starting 5.9 GatPoly:filler
2026-10-04 16:30:17 +0200: Memory Usage (492260K) : Executing rule GFil.d
2026-10-04 16:30:17 +0200: Memory Usage (492516K) : Executing rule GFil.e
2026-10-04 16:30:17 +0200: Memory Usage (492516K) : Executing rule GFil.i
2026-10-04 16:30:17 +0200: Memory Usage (492516K) : Starting 5.10 pSD table
2026-10-04 16:30:17 +0200: Memory Usage (492516K) : Executing rule pSD.c1
2026-10-04 16:30:17 +0200: Memory Usage (492644K) : Starting 5.14. Cont table
2026-10-04 16:30:17 +0200: Memory Usage (492644K) : Executing rule Cnt.a
2026-10-04 16:30:17 +0200: Memory Usage (492644K) : Executing rule Cnt.b
2026-10-04 16:30:17 +0200: Memory Usage (492644K) : Executing rule Cnt.c
2026-10-04 16:30:17 +0200: Memory Usage (492644K) : Executing rule Cnt.c.digibnd
2026-10-04 16:30:17 +0200: Memory Usage (492644K) : Executing rule Cnt.c.SRAM
2026-10-04 16:30:17 +0200: Memory Usage (492644K) : Executing rule Cnt.d
2026-10-04 16:30:17 +0200: Memory Usage (492644K) : Executing rule Cnt.e
2026-10-04 16:30:17 +0200: Memory Usage (492644K) : Executing rule Cnt.g1
2026-10-04 16:30:17 +0200: Memory Usage (492772K) : Executing rule Cnt.g2
2026-10-04 16:30:17 +0200: Memory Usage (492772K) : Starting 5.15. ContBar table
2026-10-04 16:30:17 +0200: Memory Usage (492772K) : Executing rule CntB.b1
2026-10-04 16:30:17 +0200: Memory Usage (492772K) : Executing rule CntB.h1
2026-10-04 16:30:17 +0200: Memory Usage (492772K) : Starting 7.2 Latch-up table
2026-10-04 16:30:17 +0200: Memory Usage (492772K) : Executing rule LU.b
2026-10-04 16:30:17 +0200: Memory Usage (492900K) : Starting 5.16. Metal1 table
2026-10-04 16:30:17 +0200: Memory Usage (492900K) : Executing rule M1.a
2026-10-04 16:30:17 +0200: Memory Usage (492900K) : Executing rule M1.b
2026-10-04 16:30:17 +0200: Memory Usage (493156K) : Executing rule M1.e
2026-10-04 16:30:17 +0200: Memory Usage (493156K) : Executing rule M1.f
2026-10-04 16:30:17 +0200: Memory Usage (493156K) : Executing rule M1.g
2026-10-04 16:30:17 +0200: Memory Usage (493156K) : Executing rule M1.i
2026-10-04 16:30:18 +0200: Memory Usage (493156K) : Starting 5.17 Metaln table
2026-10-04 16:30:18 +0200: Memory Usage (493156K) : Executing rule M2.a
2026-10-04 16:30:18 +0200: Memory Usage (493156K) : Executing rule M2.b
2026-10-04 16:30:18 +0200: Memory Usage (493156K) : Executing rule M2.e
2026-10-04 16:30:18 +0200: Memory Usage (493156K) : Executing rule M2.f
2026-10-04 16:30:18 +0200: Memory Usage (493156K) : Executing rule M2.g
2026-10-04 16:30:18 +0200: Memory Usage (493284K) : Executing rule M2.i
2026-10-04 16:30:18 +0200: Memory Usage (493284K) : Executing rule M3.a
2026-10-04 16:30:18 +0200: Memory Usage (493284K) : Executing rule M3.b
2026-10-04 16:30:18 +0200: Memory Usage (493284K) : Executing rule M3.e
2026-10-04 16:30:18 +0200: Memory Usage (493284K) : Executing rule M3.f
2026-10-04 16:30:18 +0200: Memory Usage (493284K) : Executing rule M3.g
2026-10-04 16:30:18 +0200: Memory Usage (493284K) : Executing rule M3.i
2026-10-04 16:30:18 +0200: Memory Usage (493284K) : Executing rule M4.a
2026-10-04 16:30:18 +0200: Memory Usage (493284K) : Executing rule M4.b
2026-10-04 16:30:18 +0200: Memory Usage (493284K) : Executing rule M4.e
2026-10-04 16:30:18 +0200: Memory Usage (493284K) : Executing rule M4.f
2026-10-04 16:30:18 +0200: Memory Usage (493284K) : Executing rule M4.g
2026-10-04 16:30:18 +0200: Memory Usage (493284K) : Executing rule M4.i
2026-10-04 16:30:18 +0200: Memory Usage (493284K) : Starting 5.18 Metaln:filler table
2026-10-04 16:30:18 +0200: Memory Usage (493284K) : Executing rule M1Fil.c
2026-10-04 16:30:18 +0200: Memory Usage (493284K) : Executing rule M1Fil.a2
2026-10-04 16:30:18 +0200: Memory Usage (493284K) : Executing rule M2Fil.c
2026-10-04 16:30:18 +0200: Memory Usage (493284K) : Executing rule M2Fil.a2
2026-10-04 16:30:18 +0200: Memory Usage (493284K) : Executing rule M3Fil.c
2026-10-04 16:30:18 +0200: Memory Usage (493284K) : Executing rule M3Fil.a2
2026-10-04 16:30:18 +0200: Memory Usage (493284K) : Executing rule M4Fil.c
2026-10-04 16:30:18 +0200: Memory Usage (493284K) : Executing rule M4Fil.a2
2026-10-04 16:30:18 +0200: Memory Usage (493284K) : Starting 5.19. Via1 table
2026-10-04 16:30:18 +0200: Memory Usage (493284K) : Starting 5.19. Via1 table derivations
2026-10-04 16:30:18 +0200: Memory Usage (493284K) : Executing rule V1.a
2026-10-04 16:30:18 +0200: Memory Usage (493284K) : Executing rule V1.b
2026-10-04 16:30:18 +0200: Memory Usage (493412K) : Executing rule V1.c
2026-10-04 16:30:18 +0200: Memory Usage (493412K) : Starting 5.20. Vian table
2026-10-04 16:30:18 +0200: Memory Usage (493412K) : Executing rule V2.a
2026-10-04 16:30:18 +0200: Memory Usage (493412K) : Executing rule V2.b
2026-10-04 16:30:18 +0200: Memory Usage (493412K) : Executing rule V2.c
2026-10-04 16:30:18 +0200: Memory Usage (493412K) : Executing rule V3.a
2026-10-04 16:30:18 +0200: Memory Usage (493412K) : Executing rule V3.b
2026-10-04 16:30:18 +0200: Memory Usage (493412K) : Executing rule V3.c
2026-10-04 16:30:18 +0200: Memory Usage (493412K) : Starting 5.21. TopVia1 table
2026-10-04 16:30:18 +0200: Memory Usage (493412K) : Executing rule TV1.a
2026-10-04 16:30:18 +0200: Memory Usage (493412K) : Executing rule TV1.b
2026-10-04 16:30:18 +0200: Memory Usage (493412K) : Executing rule TV1.c
2026-10-04 16:30:18 +0200: Memory Usage (493412K) : Executing rule TV1.d
2026-10-04 16:30:18 +0200: Memory Usage (493412K) : Starting 5.22. TopMetal1 table
2026-10-04 16:30:18 +0200: Memory Usage (493412K) : Executing rule TM1.a
2026-10-04 16:30:18 +0200: Memory Usage (493412K) : Executing rule TM1.b
2026-10-04 16:30:18 +0200: Memory Usage (493412K) : Starting 5.23 TopMetal1:filler table
2026-10-04 16:30:18 +0200: Memory Usage (493412K) : Executing rule TM1Fil.c
2026-10-04 16:30:18 +0200: Memory Usage (493412K) : Executing rule TM1Fil.a1
2026-10-04 16:30:18 +0200: Memory Usage (493412K) : Starting 5.27. Passiv table
2026-10-04 16:30:18 +0200: Memory Usage (493412K) : Executing rule Pas.a
2026-10-04 16:30:18 +0200: Memory Usage (493412K) : Executing rule Pas.b
2026-10-04 16:30:18 +0200: Memory Usage (493412K) : Executing rule Pas.c
2026-10-04 16:30:18 +0200: Memory Usage (493412K) : Starting 6.9 Pad table
2026-10-04 16:30:18 +0200: Memory Usage (493412K) : Executing rule Pad.m
2026-10-04 16:30:18 +0200: Memory Usage (493412K) : Executing rule Pad.fR_M1
2026-10-04 16:30:18 +0200: Memory Usage (493412K) : Executing rule Pad.fR_M2
2026-10-04 16:30:18 +0200: Memory Usage (493412K) : Executing rule Pad.fR_M3
2026-10-04 16:30:18 +0200: Memory Usage (493412K) : Executing rule Pad.fR_M4
2026-10-04 16:30:18 +0200: Memory Usage (493412K) : Executing rule Pad.fR_TM1
2026-10-04 16:30:18 +0200: Memory Usage (493412K) : Executing rule Pad.i
2026-10-04 16:30:18 +0200: Memory Usage (493412K) : Starting 6.10 Sealring table
2026-10-04 16:30:18 +0200: Memory Usage (493412K) : Executing rule Seal.l
2026-10-04 16:30:18 +0200: Memory Usage (493412K) : Executing rule Seal.n
2026-10-04 16:30:18 +0200: Memory Usage (493412K) : Executing rule seal.b_metal1
2026-10-04 16:30:18 +0200: Memory Usage (493412K) : Executing rule seal.b_metal2
2026-10-04 16:30:18 +0200: Memory Usage (493412K) : Executing rule seal.b_metal3
2026-10-04 16:30:18 +0200: Memory Usage (493412K) : Executing rule seal.b_metal4
2026-10-04 16:30:18 +0200: Memory Usage (493412K) : Executing rule seal.b_topmetal1
2026-10-04 16:30:18 +0200: Memory Usage (493412K) : Executing rule seal.b_activ
2026-10-04 16:30:18 +0200: Memory Usage (493412K) : Executing rule seal.b_psd
2026-10-04 16:30:18 +0200: Memory Usage (493412K) : Executing rule Seal.k
2026-10-04 16:30:18 +0200: Memory Usage (493412K) : Executing rule Seal.m
2026-10-04 16:30:18 +0200: Memory Usage (493412K) : Starting 7.3 Metal Slits table
2026-10-04 16:30:18 +0200: Memory Usage (493412K) : Executing rule Slt.e1_M1
2026-10-04 16:30:18 +0200: Memory Usage (493412K) : Executing rule Slt.e1_M2
2026-10-04 16:30:18 +0200: Memory Usage (493412K) : Executing rule Slt.e1_M3
2026-10-04 16:30:18 +0200: Memory Usage (493412K) : Executing rule Slt.e1_M4
2026-10-04 16:30:18 +0200: Memory Usage (493412K) : Executing rule Slt.e1_TM1
2026-10-04 16:30:18 +0200: Memory Usage (493412K) : Starting 9.1. LBE table
2026-10-04 16:30:18 +0200: Memory Usage (493412K) : Executing rule LBE.a
2026-10-04 16:30:18 +0200: Memory Usage (493412K) : Executing rule LBE.b
2026-10-04 16:30:18 +0200: Memory Usage (493412K) : Executing rule LBE.b1
2026-10-04 16:30:18 +0200: Memory Usage (493412K) : Executing rule LBE.c
2026-10-04 16:30:18 +0200: Memory Usage (493412K) : Executing rule LBE.d
2026-10-04 16:30:18 +0200: Memory Usage (493412K) : Executing rule LBE.h
2026-10-04 16:30:18 +0200: Memory Usage (493412K) : Starting 7.4. PIN table
2026-10-04 16:30:18 +0200: Memory Usage (493412K) : Executing rule Pin.a
2026-10-04 16:30:18 +0200: Memory Usage (493412K) : Executing rule Pin.b
2026-10-04 16:30:18 +0200: Memory Usage (493412K) : Executing rule Pin.e
2026-10-04 16:30:18 +0200: Memory Usage (493412K) : Executing rule Pin.f_M2
2026-10-04 16:30:18 +0200: Memory Usage (493412K) : Executing rule Pin.f_M3
2026-10-04 16:30:18 +0200: Memory Usage (493412K) : Executing rule Pin.f_M4
2026-10-04 16:30:18 +0200: Memory Usage (493412K) : Executing rule Pin.g
2026-10-04 16:30:18 +0200: Memory Usage (493412K) : Starting 3.1. offgrid table
2026-10-04 16:30:18 +0200: Memory Usage (493412K) : Executing rule activ_drw_Offgrid
2026-10-04 16:30:18 +0200: Memory Usage (493412K) : Executing rule activ_pin_Offgrid
2026-10-04 16:30:18 +0200: Memory Usage (493412K) : Executing rule activ_mask_Offgrid
2026-10-04 16:30:18 +0200: Memory Usage (493412K) : Executing rule activ_filler_Offgrid
2026-10-04 16:30:18 +0200: Memory Usage (493412K) : Executing rule activ_nofill_Offgrid
2026-10-04 16:30:18 +0200: Memory Usage (493412K) : Executing rule activ_opc_Offgrid
2026-10-04 16:30:18 +0200: Memory Usage (493412K) : Executing rule activ_iopc_Offgrid
2026-10-04 16:30:18 +0200: Memory Usage (493412K) : Executing rule activ_noqrc_Offgrid
2026-10-04 16:30:18 +0200: Memory Usage (493412K) : Executing rule gatpoly_drw_Offgrid
2026-10-04 16:30:18 +0200: Memory Usage (493924K) : Executing rule gatpoly_pin_Offgrid
2026-10-04 16:30:18 +0200: Memory Usage (494052K) : Executing rule gatpoly_filler_Offgrid
2026-10-04 16:30:18 +0200: Memory Usage (494052K) : Executing rule gatpoly_nofill_Offgrid
2026-10-04 16:30:18 +0200: Memory Usage (494052K) : Executing rule gatpoly_opc_Offgrid
2026-10-04 16:30:18 +0200: Memory Usage (494308K) : Executing rule gatpoly_iopc_Offgrid
2026-10-04 16:30:18 +0200: Memory Usage (494564K) : Executing rule gatpoly_noqrc_Offgrid
2026-10-04 16:30:18 +0200: Memory Usage (494820K) : Executing rule cont_drw_Offgrid
2026-10-04 16:30:18 +0200: Memory Usage (495716K) : Executing rule cont_opc_Offgrid
2026-10-04 16:30:18 +0200: Memory Usage (495716K) : Executing rule nsd_drw_Offgrid
2026-10-04 16:30:18 +0200: Memory Usage (495716K) : Executing rule nsd_block_Offgrid
2026-10-04 16:30:18 +0200: Memory Usage (495716K) : Executing rule metal1_drw_Offgrid
2026-10-04 16:30:18 +0200: Memory Usage (495716K) : Executing rule metal1_pin_Offgrid
2026-10-04 16:30:18 +0200: Memory Usage (495716K) : Executing rule metal1_mask_Offgrid
2026-10-04 16:30:18 +0200: Memory Usage (495716K) : Executing rule metal1_filler_Offgrid
2026-10-04 16:30:18 +0200: Memory Usage (495716K) : Executing rule metal1_nofill_Offgrid
2026-10-04 16:30:18 +0200: Memory Usage (495716K) : Executing rule metal1_slit_Offgrid
2026-10-04 16:30:18 +0200: Memory Usage (495716K) : Executing rule metal1_opc_Offgrid
2026-10-04 16:30:18 +0200: Memory Usage (495716K) : Executing rule metal1_noqrc_Offgrid
2026-10-04 16:30:18 +0200: Memory Usage (495716K) : Executing rule metal1_res_Offgrid
2026-10-04 16:30:18 +0200: Memory Usage (495716K) : Executing rule metal1_iprobe_Offgrid
2026-10-04 16:30:18 +0200: Memory Usage (495716K) : Executing rule metal1_diffprb_Offgrid
2026-10-04 16:30:18 +0200: Memory Usage (495716K) : Executing rule passiv_drw_Offgrid
2026-10-04 16:30:18 +0200: Memory Usage (495716K) : Executing rule passiv_pin_Offgrid
2026-10-04 16:30:18 +0200: Memory Usage (495716K) : Executing rule passiv_pillar_Offgrid
2026-10-04 16:30:18 +0200: Memory Usage (495716K) : Executing rule passiv_sbump_Offgrid
2026-10-04 16:30:18 +0200: Memory Usage (495716K) : Executing rule passiv_pdl_Offgrid
2026-10-04 16:30:18 +0200: Memory Usage (495716K) : Executing rule metal2_drw_Offgrid
2026-10-04 16:30:18 +0200: Memory Usage (495716K) : Executing rule metal2_pin_Offgrid
2026-10-04 16:30:18 +0200: Memory Usage (495716K) : Executing rule metal2_mask_Offgrid
2026-10-04 16:30:18 +0200: Memory Usage (495716K) : Executing rule metal2_filler_Offgrid
2026-10-04 16:30:18 +0200: Memory Usage (495716K) : Executing rule metal2_nofill_Offgrid
2026-10-04 16:30:18 +0200: Memory Usage (495716K) : Executing rule metal2_slit_Offgrid
2026-10-04 16:30:18 +0200: Memory Usage (495716K) : Executing rule metal2_opc_Offgrid
2026-10-04 16:30:18 +0200: Memory Usage (495716K) : Executing rule metal2_noqrc_Offgrid
2026-10-04 16:30:18 +0200: Memory Usage (495716K) : Executing rule metal2_res_Offgrid
2026-10-04 16:30:18 +0200: Memory Usage (495716K) : Executing rule metal2_iprobe_Offgrid
2026-10-04 16:30:18 +0200: Memory Usage (495716K) : Executing rule metal2_diffprb_Offgrid
2026-10-04 16:30:18 +0200: Memory Usage (495716K) : Executing rule psd_drw_Offgrid
2026-10-04 16:30:18 +0200: Memory Usage (495716K) : Executing rule via1_drw_Offgrid
2026-10-04 16:30:18 +0200: Memory Usage (495716K) : Executing rule salblock_drw_Offgrid
2026-10-04 16:30:18 +0200: Memory Usage (495716K) : Executing rule via2_drw_Offgrid
2026-10-04 16:30:18 +0200: Memory Usage (495716K) : Executing rule metal3_drw_Offgrid
2026-10-04 16:30:18 +0200: Memory Usage (495716K) : Executing rule metal3_pin_Offgrid
2026-10-04 16:30:18 +0200: Memory Usage (495716K) : Executing rule metal3_mask_Offgrid
2026-10-04 16:30:18 +0200: Memory Usage (495716K) : Executing rule metal3_filler_Offgrid
2026-10-04 16:30:18 +0200: Memory Usage (495716K) : Executing rule metal3_nofill_Offgrid
2026-10-04 16:30:18 +0200: Memory Usage (495716K) : Executing rule metal3_slit_Offgrid
2026-10-04 16:30:18 +0200: Memory Usage (495716K) : Executing rule metal3_opc_Offgrid
2026-10-04 16:30:18 +0200: Memory Usage (495716K) : Executing rule metal3_noqrc_Offgrid
2026-10-04 16:30:18 +0200: Memory Usage (495716K) : Executing rule metal3_res_Offgrid
2026-10-04 16:30:18 +0200: Memory Usage (495716K) : Executing rule metal3_iprobe_Offgrid
2026-10-04 16:30:18 +0200: Memory Usage (495716K) : Executing rule metal3_diffprb_Offgrid
2026-10-04 16:30:18 +0200: Memory Usage (495716K) : Executing rule nwell_drw_Offgrid
2026-10-04 16:30:18 +0200: Memory Usage (496484K) : Executing rule nwell_pin_Offgrid
2026-10-04 16:30:18 +0200: Memory Usage (496868K) : Executing rule pwell_drw_Offgrid
2026-10-04 16:30:18 +0200: Memory Usage (497380K) : Executing rule pwell_pin_Offgrid
2026-10-04 16:30:18 +0200: Memory Usage (497892K) : Executing rule pwell_block_Offgrid
2026-10-04 16:30:18 +0200: Memory Usage (498404K) : Executing rule substrate_drw_Offgrid
2026-10-04 16:30:19 +0200: Memory Usage (499556K) : Executing rule via3_drw_Offgrid
2026-10-04 16:30:19 +0200: Memory Usage (499812K) : Executing rule metal4_drw_Offgrid
2026-10-04 16:30:19 +0200: Memory Usage (500452K) : Executing rule metal4_pin_Offgrid
2026-10-04 16:30:19 +0200: Memory Usage (501092K) : Executing rule metal4_mask_Offgrid
2026-10-04 16:30:19 +0200: Memory Usage (501604K) : Executing rule metal4_filler_Offgrid
2026-10-04 16:30:19 +0200: Memory Usage (502116K) : Executing rule metal4_nofill_Offgrid
2026-10-04 16:30:19 +0200: Memory Usage (502884K) : Executing rule metal4_slit_Offgrid
2026-10-04 16:30:19 +0200: Memory Usage (503396K) : Executing rule metal4_opc_Offgrid
2026-10-04 16:30:19 +0200: Memory Usage (504036K) : Executing rule metal4_noqrc_Offgrid
2026-10-04 16:30:19 +0200: Memory Usage (504676K) : Executing rule metal4_res_Offgrid
2026-10-04 16:30:19 +0200: Memory Usage (505188K) : Executing rule metal4_iprobe_Offgrid
2026-10-04 16:30:19 +0200: Memory Usage (505828K) : Executing rule metal4_diffprb_Offgrid
2026-10-04 16:30:19 +0200: Memory Usage (505956K) : Executing rule topvia1_drw_Offgrid
2026-10-04 16:30:19 +0200: Memory Usage (505956K) : Executing rule topmetal1_drw_Offgrid
2026-10-04 16:30:19 +0200: Memory Usage (505956K) : Executing rule topmetal1_pin_Offgrid
2026-10-04 16:30:19 +0200: Memory Usage (505956K) : Executing rule topmetal1_mask_Offgrid
2026-10-04 16:30:19 +0200: Memory Usage (505956K) : Executing rule topmetal1_filler_Offgrid
2026-10-04 16:30:19 +0200: Memory Usage (505956K) : Executing rule topmetal1_nofill_Offgrid
2026-10-04 16:30:19 +0200: Memory Usage (505956K) : Executing rule topmetal1_slit_Offgrid
2026-10-04 16:30:19 +0200: Memory Usage (505956K) : Executing rule topmetal1_noqrc_Offgrid
2026-10-04 16:30:19 +0200: Memory Usage (505956K) : Executing rule topmetal1_res_Offgrid
2026-10-04 16:30:19 +0200: Memory Usage (505956K) : Executing rule topmetal1_iprobe_Offgrid
2026-10-04 16:30:19 +0200: Memory Usage (505956K) : Executing rule topmetal1_diffprb_Offgrid
2026-10-04 16:30:19 +0200: Memory Usage (505956K) : Executing rule thickgateox_drw_Offgrid
2026-10-04 16:30:19 +0200: Memory Usage (505956K) : Executing rule polyres_drw_Offgrid
2026-10-04 16:30:19 +0200: Memory Usage (505956K) : Executing rule polyres_pin_Offgrid
2026-10-04 16:30:19 +0200: Memory Usage (505956K) : Executing rule antmetal1_drw_Offgrid
2026-10-04 16:30:19 +0200: Memory Usage (505956K) : Executing rule thinfilmres_drw_Offgrid
2026-10-04 16:30:19 +0200: Memory Usage (505956K) : Executing rule lbe_drw_Offgrid
2026-10-04 16:30:19 +0200: Memory Usage (505956K) : Executing rule prboundary_drw_Offgrid
2026-10-04 16:30:19 +0200: Memory Usage (505956K) : Starting 3.2. angle table
2026-10-04 16:30:19 +0200: Memory Usage (505956K) : Executing rule activ_drw_Acute
2026-10-04 16:30:19 +0200: Memory Usage (505956K) : Executing rule activ_pin_Acute
2026-10-04 16:30:19 +0200: Memory Usage (505956K) : Executing rule activ_mask_Acute
2026-10-04 16:30:19 +0200: Memory Usage (505956K) : Executing rule activ_filler_Acute
2026-10-04 16:30:19 +0200: Memory Usage (505956K) : Executing rule activ_nofill_Acute
2026-10-04 16:30:19 +0200: Memory Usage (505956K) : Executing rule activ_opc_Acute
2026-10-04 16:30:19 +0200: Memory Usage (505956K) : Executing rule activ_iopc_Acute
2026-10-04 16:30:19 +0200: Memory Usage (505956K) : Executing rule activ_noqrc_Acute
2026-10-04 16:30:19 +0200: Memory Usage (505956K) : Executing rule gatpoly_drw_Acute
2026-10-04 16:30:19 +0200: Memory Usage (505956K) : Executing rule gatpoly_pin_Acute
2026-10-04 16:30:19 +0200: Memory Usage (505956K) : Executing rule gatpoly_filler_Acute
2026-10-04 16:30:19 +0200: Memory Usage (505956K) : Executing rule gatpoly_nofill_Acute
2026-10-04 16:30:19 +0200: Memory Usage (505956K) : Executing rule gatpoly_opc_Acute
2026-10-04 16:30:19 +0200: Memory Usage (505956K) : Executing rule gatpoly_iopc_Acute
2026-10-04 16:30:19 +0200: Memory Usage (505956K) : Executing rule gatpoly_noqrc_Acute
2026-10-04 16:30:19 +0200: Memory Usage (505956K) : Executing rule cont_drw_Acute
2026-10-04 16:30:19 +0200: Memory Usage (505956K) : Executing rule cont_opc_Acute
2026-10-04 16:30:19 +0200: Memory Usage (505956K) : Executing rule nsd_drw_Acute
2026-10-04 16:30:19 +0200: Memory Usage (505956K) : Executing rule nsd_block_Acute
2026-10-04 16:30:19 +0200: Memory Usage (505956K) : Executing rule metal1_drw_Acute
2026-10-04 16:30:19 +0200: Memory Usage (505956K) : Executing rule metal1_pin_Acute
2026-10-04 16:30:19 +0200: Memory Usage (505956K) : Executing rule metal1_mask_Acute
2026-10-04 16:30:19 +0200: Memory Usage (505956K) : Executing rule metal1_filler_Acute
2026-10-04 16:30:19 +0200: Memory Usage (505956K) : Executing rule metal1_nofill_Acute
2026-10-04 16:30:19 +0200: Memory Usage (505956K) : Executing rule metal1_slit_Acute
2026-10-04 16:30:19 +0200: Memory Usage (505956K) : Executing rule metal1_opc_Acute
2026-10-04 16:30:19 +0200: Memory Usage (505956K) : Executing rule metal1_noqrc_Acute
2026-10-04 16:30:19 +0200: Memory Usage (505956K) : Executing rule metal1_res_Acute
2026-10-04 16:30:19 +0200: Memory Usage (505956K) : Executing rule metal1_iprobe_Acute
2026-10-04 16:30:19 +0200: Memory Usage (505956K) : Executing rule metal1_diffprb_Acute
2026-10-04 16:30:19 +0200: Memory Usage (505956K) : Executing rule passiv_drw_Acute
2026-10-04 16:30:19 +0200: Memory Usage (505956K) : Executing rule passiv_pin_Acute
2026-10-04 16:30:19 +0200: Memory Usage (505956K) : Executing rule passiv_pillar_Acute
2026-10-04 16:30:19 +0200: Memory Usage (505956K) : Executing rule passiv_sbump_Acute
2026-10-04 16:30:19 +0200: Memory Usage (505956K) : Executing rule passiv_pdl_Acute
2026-10-04 16:30:19 +0200: Memory Usage (505956K) : Executing rule metal2_drw_Acute
2026-10-04 16:30:19 +0200: Memory Usage (506596K) : Executing rule metal2_pin_Acute
2026-10-04 16:30:19 +0200: Memory Usage (506980K) : Executing rule metal2_mask_Acute
2026-10-04 16:30:19 +0200: Memory Usage (507492K) : Executing rule metal2_filler_Acute
2026-10-04 16:30:19 +0200: Memory Usage (508132K) : Executing rule metal2_nofill_Acute
2026-10-04 16:30:19 +0200: Memory Usage (508900K) : Executing rule metal2_slit_Acute
2026-10-04 16:30:19 +0200: Memory Usage (509540K) : Executing rule metal2_opc_Acute
2026-10-04 16:30:19 +0200: Memory Usage (510052K) : Executing rule metal2_noqrc_Acute
2026-10-04 16:30:19 +0200: Memory Usage (510820K) : Executing rule metal2_res_Acute
2026-10-04 16:30:19 +0200: Memory Usage (511460K) : Executing rule metal2_iprobe_Acute
2026-10-04 16:30:19 +0200: Memory Usage (512100K) : Executing rule metal2_diffprb_Acute
2026-10-04 16:30:19 +0200: Memory Usage (512740K) : Executing rule psd_drw_Acute
2026-10-04 16:30:19 +0200: Memory Usage (513636K) : Executing rule via1_drw_Acute
2026-10-04 16:30:19 +0200: Memory Usage (513636K) : Executing rule salblock_drw_Acute
2026-10-04 16:30:19 +0200: Memory Usage (513636K) : Executing rule via2_drw_Acute
2026-10-04 16:30:19 +0200: Memory Usage (513636K) : Executing rule metal3_drw_Acute
2026-10-04 16:30:19 +0200: Memory Usage (513636K) : Executing rule metal3_pin_Acute
2026-10-04 16:30:19 +0200: Memory Usage (513636K) : Executing rule metal3_mask_Acute
2026-10-04 16:30:19 +0200: Memory Usage (513636K) : Executing rule metal3_filler_Acute
2026-10-04 16:30:19 +0200: Memory Usage (513636K) : Executing rule metal3_nofill_Acute
2026-10-04 16:30:19 +0200: Memory Usage (513636K) : Executing rule metal3_slit_Acute
2026-10-04 16:30:19 +0200: Memory Usage (513636K) : Executing rule metal3_opc_Acute
2026-10-04 16:30:19 +0200: Memory Usage (513636K) : Executing rule metal3_noqrc_Acute
2026-10-04 16:30:19 +0200: Memory Usage (513636K) : Executing rule metal3_res_Acute
2026-10-04 16:30:19 +0200: Memory Usage (513636K) : Executing rule metal3_iprobe_Acute
2026-10-04 16:30:19 +0200: Memory Usage (513636K) : Executing rule metal3_diffprb_Acute
2026-10-04 16:30:19 +0200: Memory Usage (513636K) : Executing rule nwell_drw_Acute
2026-10-04 16:30:19 +0200: Memory Usage (513636K) : Executing rule nwell_pin_Acute
2026-10-04 16:30:19 +0200: Memory Usage (513636K) : Executing rule pwell_drw_Acute
2026-10-04 16:30:19 +0200: Memory Usage (513636K) : Executing rule pwell_pin_Acute
2026-10-04 16:30:19 +0200: Memory Usage (513636K) : Executing rule pwell_block_Acute
2026-10-04 16:30:19 +0200: Memory Usage (513636K) : Executing rule substrate_drw_Acute
2026-10-04 16:30:20 +0200: Memory Usage (513636K) : Executing rule via3_drw_Acute
2026-10-04 16:30:20 +0200: Memory Usage (513636K) : Executing rule metal4_drw_Acute
2026-10-04 16:30:20 +0200: Memory Usage (513636K) : Executing rule metal4_pin_Acute
2026-10-04 16:30:20 +0200: Memory Usage (513636K) : Executing rule metal4_mask_Acute
2026-10-04 16:30:20 +0200: Memory Usage (513636K) : Executing rule metal4_filler_Acute
2026-10-04 16:30:20 +0200: Memory Usage (513636K) : Executing rule metal4_nofill_Acute
2026-10-04 16:30:20 +0200: Memory Usage (513636K) : Executing rule metal4_slit_Acute
2026-10-04 16:30:20 +0200: Memory Usage (513636K) : Executing rule metal4_opc_Acute
2026-10-04 16:30:20 +0200: Memory Usage (513636K) : Executing rule metal4_noqrc_Acute
2026-10-04 16:30:20 +0200: Memory Usage (513636K) : Executing rule metal4_res_Acute
2026-10-04 16:30:20 +0200: Memory Usage (513636K) : Executing rule metal4_iprobe_Acute
2026-10-04 16:30:20 +0200: Memory Usage (513636K) : Executing rule metal4_diffprb_Acute
2026-10-04 16:30:20 +0200: Memory Usage (513636K) : Executing rule topvia1_drw_Acute
2026-10-04 16:30:20 +0200: Memory Usage (513636K) : Executing rule topmetal1_drw_Acute
2026-10-04 16:30:20 +0200: Memory Usage (513636K) : Executing rule topmetal1_pin_Acute
2026-10-04 16:30:20 +0200: Memory Usage (513636K) : Executing rule topmetal1_mask_Acute
2026-10-04 16:30:20 +0200: Memory Usage (513636K) : Executing rule topmetal1_filler_Acute
2026-10-04 16:30:20 +0200: Memory Usage (513636K) : Executing rule topmetal1_nofill_Acute
2026-10-04 16:30:20 +0200: Memory Usage (513636K) : Executing rule topmetal1_slit_Acute
2026-10-04 16:30:20 +0200: Memory Usage (513636K) : Executing rule topmetal1_noqrc_Acute
2026-10-04 16:30:20 +0200: Memory Usage (513636K) : Executing rule topmetal1_res_Acute
2026-10-04 16:30:20 +0200: Memory Usage (513636K) : Executing rule topmetal1_iprobe_Acute
2026-10-04 16:30:20 +0200: Memory Usage (513636K) : Executing rule topmetal1_diffprb_Acute
2026-10-04 16:30:20 +0200: Memory Usage (513636K) : Executing rule thickgateox_drw_Acute
2026-10-04 16:30:20 +0200: Memory Usage (513636K) : Executing rule polyres_drw_Acute
2026-10-04 16:30:20 +0200: Memory Usage (513636K) : Executing rule polyres_pin_Acute
2026-10-04 16:30:20 +0200: Memory Usage (513636K) : Executing rule antmetal1_drw_Acute
2026-10-04 16:30:20 +0200: Memory Usage (513636K) : Executing rule thinfilmres_drw_Acute
2026-10-04 16:30:20 +0200: Memory Usage (513636K) : Executing rule lbe_drw_Acute
2026-10-04 16:30:20 +0200: Memory Usage (513636K) : Executing rule prboundary_drw_Acute
2026-10-04 16:30:20 +0200: Memory Usage (513636K) : Executing rule cont_drw_Angle90
2026-10-04 16:30:20 +0200: Memory Usage (513636K) : Executing rule via1_drw_Angle90
2026-10-04 16:30:20 +0200: Memory Usage (513636K) : Executing rule via2_drw_Angle90
2026-10-04 16:30:20 +0200: Memory Usage (513764K) : Executing rule via3_drw_Angle90
2026-10-04 16:30:20 +0200: Memory Usage (513764K) : Executing rule topvia1_drw_Angle90
2026-10-04 16:30:20 +0200: Memory Usage (513764K) : Executing rule gatpoly_drw_Angle45
2026-10-04 16:30:20 +0200: Memory Usage (513764K) : Executing rule activ_drw_Angle45
2026-10-04 16:30:20 +0200: Memory Usage (513764K) : Executing rule metal1_drw_Angle45
2026-10-04 16:30:20 +0200: Memory Usage (513764K) : Executing rule metal2_drw_Angle45
2026-10-04 16:30:20 +0200: Memory Usage (513764K) : Executing rule metal3_drw_Angle45
2026-10-04 16:30:20 +0200: Memory Usage (513764K) : Executing rule metal4_drw_Angle45
2026-10-04 16:30:20 +0200: Memory Usage (513764K) : Executing rule topmetal1_drw_Angle45
2026-10-04 16:30:20 +0200: Memory Usage (513764K) : Starting 3.2. FORBIDDEN table
2026-10-04 16:30:20 +0200: Memory Usage (513764K) : Executing rule forbidden.biwind
2026-10-04 16:30:20 +0200: Memory Usage (513764K) : Executing rule forbidden.pemwind
2026-10-04 16:30:20 +0200: Memory Usage (513764K) : Executing rule forbidden.baspoly
2026-10-04 16:30:20 +0200: Memory Usage (513764K) : Executing rule forbidden.deepco
2026-10-04 16:30:20 +0200: Memory Usage (513764K) : Executing rule forbidden.pempoly
2026-10-04 16:30:20 +0200: Memory Usage (513764K) : Executing rule forbidden.empoly
2026-10-04 16:30:20 +0200: Memory Usage (513764K) : Executing rule forbidden.ldmos
2026-10-04 16:30:20 +0200: Memory Usage (513764K) : Executing rule forbidden.pbiwind
2026-10-04 16:30:20 +0200: Memory Usage (513764K) : Executing rule forbidden.nodrc
2026-10-04 16:30:20 +0200: Memory Usage (513764K) : Executing rule forbidden.flash
2026-10-04 16:30:20 +0200: Memory Usage (513764K) : Executing rule forbidden.colwind
2026-10-04 16:30:20 +0200: Memory Usage (513764K) : Starting 3.2. CMOS5L FORBIDDEN layers check
2026-10-04 16:30:20 +0200: Memory Usage (513764K) : Executing rule CMOS5L.FORB.Metal5
2026-10-04 16:30:20 +0200: Memory Usage (513764K) : Executing rule CMOS5L.FORB.Metal5.filler
2026-10-04 16:30:20 +0200: Memory Usage (513764K) : Executing rule CMOS5L.FORB.Via4
2026-10-04 16:30:20 +0200: Memory Usage (513764K) : Executing rule CMOS5L.FORB.TopMetal2
2026-10-04 16:30:20 +0200: Memory Usage (513764K) : Executing rule CMOS5L.FORB.TopMetal2.filler
2026-10-04 16:30:20 +0200: Memory Usage (513764K) : Executing rule CMOS5L.FORB.TopVia2
2026-10-04 16:30:20 +0200: Memory Usage (513764K) : Executing rule CMOS5L.FORB.TRANS
2026-10-04 16:30:20 +0200: Memory Usage (513764K) : Executing rule CMOS5L.FORB.nBuLay
2026-10-04 16:30:20 +0200: Memory Usage (513764K) : Executing rule CMOS5L.FORB.MIM
2026-10-04 16:30:20 +0200: Memory Usage (513764K) : Executing rule CMOS5L.FORB.Vmim
2026-10-04 16:30:20 +0200: Memory Usage (513764K) : KLayout DRC run for tables 'main' completed in 3.8 seconds
