# Logfile created on 2026-09-10 23:28:24 +0200 by logger.rb/v1.5.3
2026-09-10 23:28:24 +0200: Memory Usage (455948K) : Starting running IHP-SG13CMOS5L KLayout DRC runset on /foss/designs/CHIP-PLL/layout/vco/vco_decoder/vco_decoder/VCO_decoder.gds
2026-09-10 23:28:24 +0200: Memory Usage (455948K) : Ruby Version for klayout: 3.2.3
2026-09-10 23:28:24 +0200: Memory Usage (457356K) : Loading database to memory is complete.
2026-09-10 23:28:24 +0200: Memory Usage (457356K) : IHP-SG13CMOS5L KLayout DRC runset output at: /foss/designs/CHIP-PLL/layout/vco/vco_decoder/vco_decoder/drc_run_VCO_decoder_cells/VCO_decoder_VCO_decoder_cells_main.lyrdb
2026-09-10 23:28:24 +0200: Memory Usage (457356K) : Evaluate switches.
2026-09-10 23:28:24 +0200: Memory Usage (457356K) : tables selected: main
2026-09-10 23:28:24 +0200: Memory Usage (457356K) : KLayout will use 1 thread(s) in tiled mode.
2026-09-10 23:28:24 +0200: Memory Usage (457356K) : deep mode is enabled.
2026-09-10 23:28:24 +0200: Memory Usage (457356K) : FEOL enabled: true
2026-09-10 23:28:24 +0200: Memory Usage (457356K) : BEOL enabled: true
2026-09-10 23:28:24 +0200: Memory Usage (457356K) : OFFGRID enabled: true
2026-09-10 23:28:24 +0200: Memory Usage (457356K) : ANGLE enabled: true
2026-09-10 23:28:24 +0200: Memory Usage (457356K) : PIN enabled: true
2026-09-10 23:28:24 +0200: Memory Usage (457356K) : FORBIDDEN enabled: true
2026-09-10 23:28:24 +0200: Memory Usage (457356K) : RECOMMENDED enabled: true
2026-09-10 23:28:24 +0200: Memory Usage (457356K) : PreCheck DRC enabled: false
2026-09-10 23:28:24 +0200: Memory Usage (457356K) : CONNECTIVITY_RULES enabled: true.
2026-09-10 23:28:24 +0200: Memory Usage (457356K) : Read in polygons from layers.
2026-09-10 23:28:24 +0200: Memory Usage (458380K) : activ_drw has 1875 polygons
2026-09-10 23:28:24 +0200: Memory Usage (458380K) : activ_pin has 0 polygons
2026-09-10 23:28:24 +0200: Memory Usage (458380K) : activ_mask has 0 polygons
2026-09-10 23:28:24 +0200: Memory Usage (458380K) : activ_filler has 0 polygons
2026-09-10 23:28:24 +0200: Memory Usage (458380K) : activ_nofill has 0 polygons
2026-09-10 23:28:24 +0200: Memory Usage (458380K) : activ_opc has 0 polygons
2026-09-10 23:28:24 +0200: Memory Usage (458380K) : activ_iopc has 0 polygons
2026-09-10 23:28:24 +0200: Memory Usage (458380K) : activ_noqrc has 0 polygons
2026-09-10 23:28:24 +0200: Memory Usage (458380K) : biwind_drw has 0 polygons
2026-09-10 23:28:24 +0200: Memory Usage (458380K) : biwind_opc has 0 polygons
2026-09-10 23:28:24 +0200: Memory Usage (458380K) : pemwind_drw has 0 polygons
2026-09-10 23:28:24 +0200: Memory Usage (458380K) : gatpoly_drw has 1820 polygons
2026-09-10 23:28:24 +0200: Memory Usage (458508K) : gatpoly_pin has 260 polygons
2026-09-10 23:28:24 +0200: Memory Usage (458508K) : gatpoly_filler has 0 polygons
2026-09-10 23:28:24 +0200: Memory Usage (458764K) : gatpoly_nofill has 0 polygons
2026-09-10 23:28:24 +0200: Memory Usage (458764K) : gatpoly_opc has 0 polygons
2026-09-10 23:28:24 +0200: Memory Usage (458764K) : gatpoly_iopc has 0 polygons
2026-09-10 23:28:24 +0200: Memory Usage (458764K) : gatpoly_noqrc has 0 polygons
2026-09-10 23:28:24 +0200: Memory Usage (458764K) : cont_drw has 4962 polygons
2026-09-10 23:28:24 +0200: Memory Usage (458892K) : cont_opc has 0 polygons
2026-09-10 23:28:24 +0200: Memory Usage (458892K) : nsd_drw has 0 polygons
2026-09-10 23:28:24 +0200: Memory Usage (459020K) : nsd_block has 0 polygons
2026-09-10 23:28:24 +0200: Memory Usage (459276K) : metal1_drw has 4480 polygons
2026-09-10 23:28:24 +0200: Memory Usage (459404K) : metal1_pin has 1229 polygons
2026-09-10 23:28:24 +0200: Memory Usage (459404K) : metal1_mask has 0 polygons
2026-09-10 23:28:24 +0200: Memory Usage (459532K) : metal1_filler has 0 polygons
2026-09-10 23:28:24 +0200: Memory Usage (459532K) : metal1_nofill has 0 polygons
2026-09-10 23:28:24 +0200: Memory Usage (459660K) : metal1_slit has 0 polygons
2026-09-10 23:28:24 +0200: Memory Usage (459916K) : metal1_text has 286 polygons
2026-09-10 23:28:24 +0200: Memory Usage (459916K) : metal1_opc has 0 polygons
2026-09-10 23:28:24 +0200: Memory Usage (460044K) : metal1_noqrc has 0 polygons
2026-09-10 23:28:24 +0200: Memory Usage (460044K) : metal1_res has 0 polygons
2026-09-10 23:28:24 +0200: Memory Usage (460172K) : metal1_iprobe has 0 polygons
2026-09-10 23:28:24 +0200: Memory Usage (460172K) : metal1_diffprb has 0 polygons
2026-09-10 23:28:24 +0200: Memory Usage (460300K) : passiv_drw has 0 polygons
2026-09-10 23:28:24 +0200: Memory Usage (460300K) : passiv_pin has 0 polygons
2026-09-10 23:28:24 +0200: Memory Usage (460300K) : passiv_sbump has 0 polygons
2026-09-10 23:28:24 +0200: Memory Usage (460428K) : passiv_pillar has 0 polygons
2026-09-10 23:28:24 +0200: Memory Usage (460556K) : passiv_pdl has 0 polygons
2026-09-10 23:28:24 +0200: Memory Usage (460684K) : metal2_drw has 3103 polygons
2026-09-10 23:28:24 +0200: Memory Usage (460812K) : metal2_pin has 494 polygons
2026-09-10 23:28:24 +0200: Memory Usage (460940K) : metal2_mask has 0 polygons
2026-09-10 23:28:24 +0200: Memory Usage (460940K) : metal2_filler has 0 polygons
2026-09-10 23:28:24 +0200: Memory Usage (461068K) : metal2_nofill has 0 polygons
2026-09-10 23:28:24 +0200: Memory Usage (461068K) : metal2_slit has 0 polygons
2026-09-10 23:28:24 +0200: Memory Usage (461196K) : metal2_text has 513 polygons
2026-09-10 23:28:24 +0200: Memory Usage (461196K) : metal2_opc has 0 polygons
2026-09-10 23:28:24 +0200: Memory Usage (461324K) : metal2_noqrc has 0 polygons
2026-09-10 23:28:24 +0200: Memory Usage (461324K) : metal2_res has 0 polygons
2026-09-10 23:28:24 +0200: Memory Usage (461324K) : metal2_iprobe has 0 polygons
2026-09-10 23:28:24 +0200: Memory Usage (461452K) : metal2_diffprb has 0 polygons
2026-09-10 23:28:24 +0200: Memory Usage (461452K) : baspoly_drw has 0 polygons
2026-09-10 23:28:24 +0200: Memory Usage (461580K) : baspoly_pin has 0 polygons
2026-09-10 23:28:24 +0200: Memory Usage (461580K) : psd_drw has 466 polygons
2026-09-10 23:28:24 +0200: Memory Usage (461708K) : nldb_drw has 0 polygons
2026-09-10 23:28:24 +0200: Memory Usage (461708K) : digibnd_drw has 0 polygons
2026-09-10 23:28:24 +0200: Memory Usage (461836K) : via1_drw has 1466 polygons
2026-09-10 23:28:24 +0200: Memory Usage (461836K) : backmetal1_drw has 0 polygons
2026-09-10 23:28:24 +0200: Memory Usage (461964K) : backmetal1_pin has 0 polygons
2026-09-10 23:28:24 +0200: Memory Usage (461964K) : backmetal1_mask has 0 polygons
2026-09-10 23:28:24 +0200: Memory Usage (461964K) : backmetal1_filler has 0 polygons
2026-09-10 23:28:24 +0200: Memory Usage (462092K) : backmetal1_nofill has 0 polygons
2026-09-10 23:28:24 +0200: Memory Usage (462092K) : backmetal1_slit has 0 polygons
2026-09-10 23:28:24 +0200: Memory Usage (462220K) : backmetal1_text has 0 polygons
2026-09-10 23:28:24 +0200: Memory Usage (462220K) : backmetal1_opc has 0 polygons
2026-09-10 23:28:24 +0200: Memory Usage (462348K) : backmetal1_noqrc has 0 polygons
2026-09-10 23:28:24 +0200: Memory Usage (462476K) : backmetal1_res has 0 polygons
2026-09-10 23:28:24 +0200: Memory Usage (462476K) : backmetal1_iprobe has 0 polygons
2026-09-10 23:28:24 +0200: Memory Usage (462604K) : backmetal1_diffprb has 0 polygons
2026-09-10 23:28:24 +0200: Memory Usage (462604K) : backpassiv_drw has 0 polygons
2026-09-10 23:28:24 +0200: Memory Usage (462732K) : res_drw has 0 polygons
2026-09-10 23:28:24 +0200: Memory Usage (462732K) : sram_drw has 0 polygons
2026-09-10 23:28:24 +0200: Memory Usage (462732K) : trans_drw has 0 polygons
2026-09-10 23:28:24 +0200: Memory Usage (462860K) : ind_drw has 0 polygons
2026-09-10 23:28:24 +0200: Memory Usage (462860K) : ind_pin has 0 polygons
2026-09-10 23:28:24 +0200: Memory Usage (462988K) : ind_text has 0 polygons
2026-09-10 23:28:24 +0200: Memory Usage (463116K) : salblock_drw has 0 polygons
2026-09-10 23:28:24 +0200: Memory Usage (463116K) : via2_drw has 1746 polygons
2026-09-10 23:28:24 +0200: Memory Usage (463244K) : metal3_drw has 1300 polygons
2026-09-10 23:28:24 +0200: Memory Usage (463244K) : metal3_pin has 0 polygons
2026-09-10 23:28:24 +0200: Memory Usage (463372K) : metal3_mask has 0 polygons
2026-09-10 23:28:24 +0200: Memory Usage (463372K) : metal3_filler has 0 polygons
2026-09-10 23:28:24 +0200: Memory Usage (463500K) : metal3_nofill has 0 polygons
2026-09-10 23:28:24 +0200: Memory Usage (463500K) : metal3_slit has 0 polygons
2026-09-10 23:28:24 +0200: Memory Usage (463628K) : metal3_text has 20 polygons
2026-09-10 23:28:24 +0200: Memory Usage (463628K) : metal3_opc has 0 polygons
2026-09-10 23:28:24 +0200: Memory Usage (463628K) : metal3_noqrc has 0 polygons
2026-09-10 23:28:24 +0200: Memory Usage (463756K) : metal3_res has 0 polygons
2026-09-10 23:28:24 +0200: Memory Usage (463756K) : metal3_iprobe has 0 polygons
2026-09-10 23:28:24 +0200: Memory Usage (463884K) : metal3_diffprb has 0 polygons
2026-09-10 23:28:24 +0200: Memory Usage (464012K) : nwell_drw has 565 polygons
2026-09-10 23:28:24 +0200: Memory Usage (464012K) : nwell_pin has 141 polygons
2026-09-10 23:28:24 +0200: Memory Usage (464140K) : nbulay_drw has 0 polygons
2026-09-10 23:28:24 +0200: Memory Usage (464268K) : nbulay_pin has 0 polygons
2026-09-10 23:28:24 +0200: Memory Usage (464268K) : nbulay_block has 0 polygons
2026-09-10 23:28:24 +0200: Memory Usage (464268K) : emwind_drw has 0 polygons
2026-09-10 23:28:24 +0200: Memory Usage (464396K) : emwind_opc has 0 polygons
2026-09-10 23:28:24 +0200: Memory Usage (464396K) : deepco_drw has 0 polygons
2026-09-10 23:28:24 +0200: Memory Usage (464524K) : deepco_drw has 0 polygons
2026-09-10 23:28:24 +0200: Memory Usage (464524K) : mim_drw has 0 polygons
2026-09-10 23:28:24 +0200: Memory Usage (464524K) : edgeseal_drw has 0 polygons
2026-09-10 23:28:24 +0200: Memory Usage (464652K) : edgeseal_bound has 0 polygons
2026-09-10 23:28:24 +0200: Memory Usage (464652K) : substrate_drw has 401 polygons
2026-09-10 23:28:24 +0200: Memory Usage (464780K) : substrate_text has 0 polygons
2026-09-10 23:28:24 +0200: Memory Usage (464780K) : dfpad_drw has 0 polygons
2026-09-10 23:28:24 +0200: Memory Usage (464908K) : dfpad_pillar has 0 polygons
2026-09-10 23:28:24 +0200: Memory Usage (464908K) : dfpad_sbump has 0 polygons
2026-09-10 23:28:24 +0200: Memory Usage (465036K) : thickgateox_drw has 0 polygons
2026-09-10 23:28:24 +0200: Memory Usage (465036K) : pldb_drw has 0 polygons
2026-09-10 23:28:24 +0200: Memory Usage (465036K) : pwell_drw has 0 polygons
2026-09-10 23:28:24 +0200: Memory Usage (465164K) : pwell_pin has 0 polygons
2026-09-10 23:28:24 +0200: Memory Usage (465292K) : pwell_block has 0 polygons
2026-09-10 23:28:24 +0200: Memory Usage (465292K) : ic_drw has 0 polygons
2026-09-10 23:28:24 +0200: Memory Usage (465420K) : via3_drw has 0 polygons
2026-09-10 23:28:24 +0200: Memory Usage (465420K) : metal4_drw has 0 polygons
2026-09-10 23:28:24 +0200: Memory Usage (465548K) : metal4_pin has 0 polygons
2026-09-10 23:28:24 +0200: Memory Usage (465548K) : metal4_mask has 0 polygons
2026-09-10 23:28:24 +0200: Memory Usage (465676K) : metal4_filler has 0 polygons
2026-09-10 23:28:24 +0200: Memory Usage (465676K) : metal4_nofill has 0 polygons
2026-09-10 23:28:24 +0200: Memory Usage (465804K) : metal4_slit has 0 polygons
2026-09-10 23:28:24 +0200: Memory Usage (465804K) : metal4_text has 0 polygons
2026-09-10 23:28:24 +0200: Memory Usage (465932K) : metal4_opc has 0 polygons
2026-09-10 23:28:24 +0200: Memory Usage (465932K) : metal4_noqrc has 0 polygons
2026-09-10 23:28:24 +0200: Memory Usage (465932K) : metal4_res has 0 polygons
2026-09-10 23:28:24 +0200: Memory Usage (466060K) : metal4_iprobe has 0 polygons
2026-09-10 23:28:24 +0200: Memory Usage (466060K) : metal4_diffprb has 0 polygons
2026-09-10 23:28:24 +0200: Memory Usage (466188K) : heattrans_drw has 520 polygons
2026-09-10 23:28:24 +0200: Memory Usage (466188K) : heatres_drw has 0 polygons
2026-09-10 23:28:24 +0200: Memory Usage (466316K) : pempoly_drw has 0 polygons
2026-09-10 23:28:24 +0200: Memory Usage (466316K) : fbe_drw has 0 polygons
2026-09-10 23:28:24 +0200: Memory Usage (466444K) : empoly_drw has 0 polygons
2026-09-10 23:28:24 +0200: Memory Usage (466444K) : ldmos_drw has 0 polygons
2026-09-10 23:28:24 +0200: Memory Usage (466572K) : pbiwind_drw has 0 polygons
2026-09-10 23:28:24 +0200: Memory Usage (466572K) : digisub_drw has 0 polygons
2026-09-10 23:28:24 +0200: Memory Usage (466700K) : nodrc_drw has 0 polygons
2026-09-10 23:28:24 +0200: Memory Usage (466700K) : text_drw has 802 polygons
2026-09-10 23:28:24 +0200: Memory Usage (466828K) : via4_drw has 0 polygons
2026-09-10 23:28:24 +0200: Memory Usage (466828K) : metal5_drw has 0 polygons
2026-09-10 23:28:24 +0200: Memory Usage (466828K) : metal5_pin has 0 polygons
2026-09-10 23:28:24 +0200: Memory Usage (466956K) : metal5_mask has 0 polygons
2026-09-10 23:28:24 +0200: Memory Usage (466956K) : metal5_filler has 0 polygons
2026-09-10 23:28:24 +0200: Memory Usage (467084K) : metal5_nofill has 0 polygons
2026-09-10 23:28:24 +0200: Memory Usage (467212K) : metal5_slit has 0 polygons
2026-09-10 23:28:24 +0200: Memory Usage (467212K) : metal5_text has 0 polygons
2026-09-10 23:28:24 +0200: Memory Usage (467212K) : metal5_opc has 0 polygons
2026-09-10 23:28:24 +0200: Memory Usage (467340K) : metal5_noqrc has 0 polygons
2026-09-10 23:28:24 +0200: Memory Usage (467468K) : metal5_res has 0 polygons
2026-09-10 23:28:24 +0200: Memory Usage (467468K) : metal5_iprobe has 0 polygons
2026-09-10 23:28:24 +0200: Memory Usage (467596K) : metal5_diffprb has 0 polygons
2026-09-10 23:28:24 +0200: Memory Usage (467596K) : radhard_drw has 0 polygons
2026-09-10 23:28:24 +0200: Memory Usage (467596K) : memcap_drw has 0 polygons
2026-09-10 23:28:24 +0200: Memory Usage (467724K) : varicap_drw has 0 polygons
2026-09-10 23:28:24 +0200: Memory Usage (467724K) : flash_drw has 0 polygons
2026-09-10 23:28:24 +0200: Memory Usage (467852K) : intbondvia_drw has 0 polygons
2026-09-10 23:28:24 +0200: Memory Usage (467852K) : intbondmet_drw has 0 polygons
2026-09-10 23:28:24 +0200: Memory Usage (467980K) : devbondvia_drw has 0 polygons
2026-09-10 23:28:24 +0200: Memory Usage (467980K) : devbondmet_drw has 0 polygons
2026-09-10 23:28:24 +0200: Memory Usage (467980K) : devtrench_drw has 0 polygons
2026-09-10 23:28:24 +0200: Memory Usage (468108K) : redist_drw has 0 polygons
2026-09-10 23:28:24 +0200: Memory Usage (468108K) : graphbot_drw has 0 polygons
2026-09-10 23:28:24 +0200: Memory Usage (468236K) : graphtop_drw has 0 polygons
2026-09-10 23:28:24 +0200: Memory Usage (468236K) : antvia1_drw has 0 polygons
2026-09-10 23:28:24 +0200: Memory Usage (468364K) : antmetal2_drw has 0 polygons
2026-09-10 23:28:24 +0200: Memory Usage (468364K) : graphcont_drw has 0 polygons
2026-09-10 23:28:24 +0200: Memory Usage (468364K) : siwg_drw has 0 polygons
2026-09-10 23:28:24 +0200: Memory Usage (468364K) : siwg_filler has 0 polygons
2026-09-10 23:28:24 +0200: Memory Usage (468492K) : siwg_nofill has 0 polygons
2026-09-10 23:28:24 +0200: Memory Usage (468492K) : sigrating_drw has 0 polygons
2026-09-10 23:28:24 +0200: Memory Usage (468492K) : singrating_drw has 0 polygons
2026-09-10 23:28:24 +0200: Memory Usage (468492K) : graphpas_drw has 0 polygons
2026-09-10 23:28:24 +0200: Memory Usage (468620K) : emwind3_drw has 0 polygons
2026-09-10 23:28:24 +0200: Memory Usage (468620K) : emwihv3_drw has 0 polygons
2026-09-10 23:28:24 +0200: Memory Usage (468620K) : redbulay_drw has 0 polygons
2026-09-10 23:28:24 +0200: Memory Usage (468748K) : smos_drw has 0 polygons
2026-09-10 23:28:24 +0200: Memory Usage (468748K) : graphpad_drw has 0 polygons
2026-09-10 23:28:24 +0200: Memory Usage (468748K) : polimide_drw has 0 polygons
2026-09-10 23:28:24 +0200: Memory Usage (468876K) : polimide_pin has 0 polygons
2026-09-10 23:28:24 +0200: Memory Usage (468876K) : recog_drw has 0 polygons
2026-09-10 23:28:24 +0200: Memory Usage (468876K) : recog_pin has 0 polygons
2026-09-10 23:28:24 +0200: Memory Usage (468876K) : recog_esd has 0 polygons
2026-09-10 23:28:24 +0200: Memory Usage (469004K) : recog_diode has 0 polygons
2026-09-10 23:28:24 +0200: Memory Usage (469004K) : recog_tsv has 0 polygons
2026-09-10 23:28:24 +0200: Memory Usage (469132K) : recog_iprobe has 0 polygons
2026-09-10 23:28:24 +0200: Memory Usage (469132K) : recog_diffprb has 0 polygons
2026-09-10 23:28:24 +0200: Memory Usage (469132K) : recog_pillar has 0 polygons
2026-09-10 23:28:24 +0200: Memory Usage (469260K) : recog_sbump has 0 polygons
2026-09-10 23:28:24 +0200: Memory Usage (469260K) : recog_otp has 0 polygons
2026-09-10 23:28:24 +0200: Memory Usage (469388K) : recog_pdiode has 0 polygons
2026-09-10 23:28:24 +0200: Memory Usage (469388K) : recog_mom has 0 polygons
2026-09-10 23:28:24 +0200: Memory Usage (469516K) : recog_pcm has 0 polygons
2026-09-10 23:28:24 +0200: Memory Usage (469516K) : colopen_drw has 0 polygons
2026-09-10 23:28:24 +0200: Memory Usage (469516K) : graphmetal1_drw has 0 polygons
2026-09-10 23:28:24 +0200: Memory Usage (469644K) : graphmetal1_filler has 0 polygons
2026-09-10 23:28:24 +0200: Memory Usage (469644K) : graphmetal1_nofill has 0 polygons
2026-09-10 23:28:24 +0200: Memory Usage (469772K) : graphmetal1_slit has 0 polygons
2026-09-10 23:28:24 +0200: Memory Usage (469772K) : graphmetal1_opc has 0 polygons
2026-09-10 23:28:24 +0200: Memory Usage (469900K) : graphmet1l_drw has 0 polygons
2026-09-10 23:28:24 +0200: Memory Usage (469900K) : graphmet1l_filler has 0 polygons
2026-09-10 23:28:24 +0200: Memory Usage (469900K) : graphmet1l_nofill has 0 polygons
2026-09-10 23:28:24 +0200: Memory Usage (470028K) : graphmet1l_slit has 0 polygons
2026-09-10 23:28:24 +0200: Memory Usage (470028K) : graphmet1l_opc has 0 polygons
2026-09-10 23:28:24 +0200: Memory Usage (470156K) : extblock_drw has 0 polygons
2026-09-10 23:28:24 +0200: Memory Usage (470156K) : nldd_drw has 0 polygons
2026-09-10 23:28:24 +0200: Memory Usage (470284K) : pldd_drw has 0 polygons
2026-09-10 23:28:24 +0200: Memory Usage (470284K) : next_drw has 0 polygons
2026-09-10 23:28:24 +0200: Memory Usage (470284K) : pext_drw has 0 polygons
2026-09-10 23:28:24 +0200: Memory Usage (470412K) : nexthv_drw has 0 polygons
2026-09-10 23:28:24 +0200: Memory Usage (470412K) : pexthv_drw has 0 polygons
2026-09-10 23:28:24 +0200: Memory Usage (470412K) : graphgate_drw has 0 polygons
2026-09-10 23:28:24 +0200: Memory Usage (470540K) : sinwg_drw has 0 polygons
2026-09-10 23:28:24 +0200: Memory Usage (470540K) : sinwg_filler has 0 polygons
2026-09-10 23:28:24 +0200: Memory Usage (470540K) : sinwg_nofill has 0 polygons
2026-09-10 23:28:24 +0200: Memory Usage (470540K) : mempad_drw has 0 polygons
2026-09-10 23:28:24 +0200: Memory Usage (470668K) : topvia1_drw has 0 polygons
2026-09-10 23:28:24 +0200: Memory Usage (470668K) : topmetal1_drw has 0 polygons
2026-09-10 23:28:24 +0200: Memory Usage (470796K) : topmetal1_pin has 0 polygons
2026-09-10 23:28:24 +0200: Memory Usage (470796K) : topmetal1_mask has 0 polygons
2026-09-10 23:28:24 +0200: Memory Usage (470796K) : topmetal1_filler has 0 polygons
2026-09-10 23:28:24 +0200: Memory Usage (470924K) : topmetal1_nofill has 0 polygons
2026-09-10 23:28:24 +0200: Memory Usage (470924K) : topmetal1_slit has 0 polygons
2026-09-10 23:28:24 +0200: Memory Usage (471052K) : topmetal1_text has 0 polygons
2026-09-10 23:28:24 +0200: Memory Usage (471052K) : topmetal1_noqrc has 0 polygons
2026-09-10 23:28:24 +0200: Memory Usage (471052K) : topmetal1_res has 0 polygons
2026-09-10 23:28:24 +0200: Memory Usage (471180K) : topmetal1_iprobe has 0 polygons
2026-09-10 23:28:24 +0200: Memory Usage (471180K) : topmetal1_diffprb has 0 polygons
2026-09-10 23:28:24 +0200: Memory Usage (471308K) : inldpwl_drw has 0 polygons
2026-09-10 23:28:24 +0200: Memory Usage (471308K) : polyres_drw has 0 polygons
2026-09-10 23:28:24 +0200: Memory Usage (471436K) : polyres_pin has 0 polygons
2026-09-10 23:28:24 +0200: Memory Usage (471436K) : vmim_drw has 0 polygons
2026-09-10 23:28:24 +0200: Memory Usage (471436K) : nbulaycut_drw has 0 polygons
2026-09-10 23:28:24 +0200: Memory Usage (471564K) : antmetal1_drw has 0 polygons
2026-09-10 23:28:24 +0200: Memory Usage (471564K) : topvia2_drw has 0 polygons
2026-09-10 23:28:24 +0200: Memory Usage (471692K) : topmetal2_drw has 0 polygons
2026-09-10 23:28:24 +0200: Memory Usage (471692K) : topmetal2_pin has 0 polygons
2026-09-10 23:28:24 +0200: Memory Usage (471692K) : topmetal2_mask has 0 polygons
2026-09-10 23:28:24 +0200: Memory Usage (471820K) : topmetal2_filler has 0 polygons
2026-09-10 23:28:24 +0200: Memory Usage (471820K) : topmetal2_nofill has 0 polygons
2026-09-10 23:28:24 +0200: Memory Usage (471948K) : topmetal2_slit has 0 polygons
2026-09-10 23:28:24 +0200: Memory Usage (471948K) : topmetal2_text has 0 polygons
2026-09-10 23:28:24 +0200: Memory Usage (472076K) : topmetal2_noqrc has 0 polygons
2026-09-10 23:28:24 +0200: Memory Usage (472076K) : topmetal2_res has 0 polygons
2026-09-10 23:28:24 +0200: Memory Usage (472076K) : topmetal2_iprobe has 0 polygons
2026-09-10 23:28:24 +0200: Memory Usage (472076K) : topmetal2_diffprb has 0 polygons
2026-09-10 23:28:24 +0200: Memory Usage (472204K) : snsring_drw has 0 polygons
2026-09-10 23:28:24 +0200: Memory Usage (472204K) : sensor_drw has 0 polygons
2026-09-10 23:28:24 +0200: Memory Usage (472204K) : snsarms_drw has 0 polygons
2026-09-10 23:28:24 +0200: Memory Usage (472332K) : snscmosvia_drw has 0 polygons
2026-09-10 23:28:24 +0200: Memory Usage (472332K) : colwind_drw has 0 polygons
2026-09-10 23:28:24 +0200: Memory Usage (472332K) : flm_drw has 0 polygons
2026-09-10 23:28:24 +0200: Memory Usage (472332K) : hafniumox_drw has 0 polygons
2026-09-10 23:28:24 +0200: Memory Usage (472460K) : memvia_drw has 0 polygons
2026-09-10 23:28:24 +0200: Memory Usage (472460K) : thinfilmres_drw has 0 polygons
2026-09-10 23:28:24 +0200: Memory Usage (472460K) : rfmem_drw has 0 polygons
2026-09-10 23:28:24 +0200: Memory Usage (472588K) : norcx_drw has 0 polygons
2026-09-10 23:28:24 +0200: Memory Usage (472588K) : norcx_m2m3 has 0 polygons
2026-09-10 23:28:24 +0200: Memory Usage (472588K) : norcx_m2m4 has 0 polygons
2026-09-10 23:28:24 +0200: Memory Usage (472716K) : norcx_m2m5 has 0 polygons
2026-09-10 23:28:24 +0200: Memory Usage (472716K) : norcx_m2tm1 has 0 polygons
2026-09-10 23:28:24 +0200: Memory Usage (472716K) : norcx_m2tm2 has 0 polygons
2026-09-10 23:28:24 +0200: Memory Usage (472844K) : norcx_m3m4 has 0 polygons
2026-09-10 23:28:24 +0200: Memory Usage (472844K) : norcx_m3m5 has 0 polygons
2026-09-10 23:28:24 +0200: Memory Usage (472844K) : norcx_m3tm1 has 0 polygons
2026-09-10 23:28:24 +0200: Memory Usage (472844K) : norcx_m3tm2 has 0 polygons
2026-09-10 23:28:24 +0200: Memory Usage (472972K) : norcx_m4m5 has 0 polygons
2026-09-10 23:28:24 +0200: Memory Usage (472972K) : norcx_m4tm1 has 0 polygons
2026-09-10 23:28:24 +0200: Memory Usage (472972K) : norcx_m4tm2 has 0 polygons
2026-09-10 23:28:24 +0200: Memory Usage (473100K) : norcx_m5tm1 has 0 polygons
2026-09-10 23:28:24 +0200: Memory Usage (473100K) : norcx_m5tm2 has 0 polygons
2026-09-10 23:28:24 +0200: Memory Usage (473100K) : norcx_tm1tm2 has 0 polygons
2026-09-10 23:28:24 +0200: Memory Usage (473228K) : norcx_m1sub has 0 polygons
2026-09-10 23:28:24 +0200: Memory Usage (473228K) : norcx_m2sub has 0 polygons
2026-09-10 23:28:24 +0200: Memory Usage (473356K) : norcx_m3sub has 0 polygons
2026-09-10 23:28:24 +0200: Memory Usage (473356K) : norcx_m4sub has 0 polygons
2026-09-10 23:28:24 +0200: Memory Usage (473356K) : norcx_m5sub has 0 polygons
2026-09-10 23:28:24 +0200: Memory Usage (473484K) : norcx_tm1sub has 0 polygons
2026-09-10 23:28:24 +0200: Memory Usage (473484K) : norcx_tm2sub has 0 polygons
2026-09-10 23:28:24 +0200: Memory Usage (473612K) : snsbotvia_drw has 0 polygons
2026-09-10 23:28:24 +0200: Memory Usage (473612K) : snstopvia_drw has 0 polygons
2026-09-10 23:28:24 +0200: Memory Usage (473612K) : deepvia_drw has 0 polygons
2026-09-10 23:28:24 +0200: Memory Usage (473740K) : fgetch_drw has 0 polygons
2026-09-10 23:28:24 +0200: Memory Usage (473740K) : ctrgat_drw has 0 polygons
2026-09-10 23:28:24 +0200: Memory Usage (473868K) : fgimp_drw has 0 polygons
2026-09-10 23:28:24 +0200: Memory Usage (473868K) : emwihv_drw has 0 polygons
2026-09-10 23:28:24 +0200: Memory Usage (473996K) : lbe_drw has 0 polygons
2026-09-10 23:28:24 +0200: Memory Usage (473996K) : alcustop_drw has 0 polygons
2026-09-10 23:28:24 +0200: Memory Usage (473996K) : nometfiller_drw has 0 polygons
2026-09-10 23:28:24 +0200: Memory Usage (473996K) : prboundary_drw has 0 polygons
2026-09-10 23:28:24 +0200: Memory Usage (473996K) : exchange0_drw has 0 polygons
2026-09-10 23:28:24 +0200: Memory Usage (473996K) : exchange0_pin has 0 polygons
2026-09-10 23:28:24 +0200: Memory Usage (473996K) : exchange0_text has 0 polygons
2026-09-10 23:28:24 +0200: Memory Usage (473996K) : exchange1_drw has 0 polygons
2026-09-10 23:28:24 +0200: Memory Usage (473996K) : exchange1_pin has 0 polygons
2026-09-10 23:28:24 +0200: Memory Usage (473996K) : exchange1_text has 0 polygons
2026-09-10 23:28:24 +0200: Memory Usage (474124K) : exchange2_drw has 0 polygons
2026-09-10 23:28:24 +0200: Memory Usage (474124K) : exchange2_pin has 0 polygons
2026-09-10 23:28:24 +0200: Memory Usage (474124K) : exchange2_text has 0 polygons
2026-09-10 23:28:24 +0200: Memory Usage (474252K) : exchange3_drw has 0 polygons
2026-09-10 23:28:24 +0200: Memory Usage (474252K) : exchange3_pin has 0 polygons
2026-09-10 23:28:24 +0200: Memory Usage (474380K) : exchange3_text has 0 polygons
2026-09-10 23:28:24 +0200: Memory Usage (474380K) : exchange4_drw has 0 polygons
2026-09-10 23:28:24 +0200: Memory Usage (474380K) : exchange4_pin has 0 polygons
2026-09-10 23:28:24 +0200: Memory Usage (474508K) : exchange4_text has 0 polygons
2026-09-10 23:28:24 +0200: Memory Usage (474508K) : isonwell_drw has 0 polygons
2026-09-10 23:28:24 +0200: Memory Usage (474508K) : Total no. of polygons in the design is 26449
2026-09-10 23:28:24 +0200: Memory Usage (474508K) : Loaded TECH DRC rules values from /foss/pdks/ihp-sg13cmos5l/libs.tech/klayout/python/sg13cmos5l_pycell_lib/sg13cmos5l_tech_mod.json
2026-09-10 23:28:24 +0200: Memory Usage (474508K) : Loaded default DRC rules values from /foss/pdks/ihp-sg13cmos5l/libs.tech/klayout/tech/drc/rule_decks/sg13cmos5l_tech_default.json
2026-09-10 23:28:24 +0200: Memory Usage (475800K) : Total area of the design is 4063.95335 um^2.
2026-09-10 23:28:24 +0200: Memory Usage (475800K) : The design dimensions are 27.189999999999998 um * 149.465 um.
2026-09-10 23:28:24 +0200: Memory Usage (475800K) : Starting general IHP-SG13CMOS5L derivations.
2026-09-10 23:28:24 +0200: Memory Usage (475800K) : Starting Pwell derivations
2026-09-10 23:28:24 +0200: Memory Usage (478796K) : Starting n-Activ derivations
2026-09-10 23:28:24 +0200: Memory Usage (479564K) : Starting p-Activ derivations
2026-09-10 23:28:24 +0200: Memory Usage (479692K) : Starting ptap derivations
2026-09-10 23:28:24 +0200: Memory Usage (479692K) : Starting ntap derivations
2026-09-10 23:28:24 +0200: Memory Usage (479820K) : Starting pact FET derivations
2026-09-10 23:28:24 +0200: Memory Usage (479820K) : Starting nact FET derivations
2026-09-10 23:28:24 +0200: Memory Usage (479948K) : Starting Gate derivations
2026-09-10 23:28:24 +0200: Memory Usage (480204K) : Starting cont/contbar general derivations
2026-09-10 23:28:24 +0200: Memory Usage (481356K) : Starting pad general derivations (TM1 top)
2026-09-10 23:28:24 +0200: Memory Usage (481484K) : Starting IHP-SG13CMOS5L DRC connectivity related derivations.
2026-09-10 23:28:24 +0200: Memory Usage (481740K) : Starting IHP-SG13CMOS5L DRC connectivity setup
2026-09-10 23:28:24 +0200: Memory Usage (483788K) : Starting IHP-SG13CMOS5L DRC rules.
2026-09-10 23:28:24 +0200: Memory Usage (483788K) : Running all FEOL rules
2026-09-10 23:28:24 +0200: Memory Usage (483788K) : Running all BEOL rules
2026-09-10 23:28:24 +0200: Memory Usage (483788K) : Running all PIN rules
2026-09-10 23:28:24 +0200: Memory Usage (483788K) : Running all FORBIDDEN rules
2026-09-10 23:28:24 +0200: Memory Usage (483788K) : Starting 5.1 NWell table
2026-09-10 23:28:24 +0200: Memory Usage (483788K) : Executing rule NW.b
2026-09-10 23:28:24 +0200: Memory Usage (484568K) : Executing rule NW.b1
2026-09-10 23:28:24 +0200: Memory Usage (485080K) : Executing rule NW.f1
2026-09-10 23:28:24 +0200: Memory Usage (485336K) : Executing rule NW.f1.digibnd
2026-09-10 23:28:24 +0200: Memory Usage (485464K) : Starting 5.2 PWell:block
2026-09-10 23:28:24 +0200: Memory Usage (485464K) : Executing rule PWB.e
2026-09-10 23:28:24 +0200: Memory Usage (485592K) : Executing rule PWB.e1
2026-09-10 23:28:24 +0200: Memory Usage (485720K) : Executing rule PWB.f
2026-09-10 23:28:24 +0200: Memory Usage (485848K) : Executing rule PWB.f1
2026-09-10 23:28:24 +0200: Memory Usage (485976K) : Starting 5.3 nBuLay table
2026-09-10 23:28:24 +0200: Memory Usage (485976K) : nBuLay (32/0) is a FORBIDDEN layer in CMOS5L - skipping NBL rules
2026-09-10 23:28:24 +0200: Memory Usage (485976K) : Starting 5.5. Activ table
2026-09-10 23:28:24 +0200: Memory Usage (485976K) : Executing rule Act.a
2026-09-10 23:28:24 +0200: Memory Usage (486104K) : Executing rule Act.b
2026-09-10 23:28:24 +0200: Memory Usage (486232K) : Starting 5.6 Activ:filler table
2026-09-10 23:28:24 +0200: Memory Usage (486232K) : Executing rule AFil.c1
2026-09-10 23:28:24 +0200: Memory Usage (486232K) : Executing rule AFil.c
2026-09-10 23:28:24 +0200: Memory Usage (486232K) : Executing rule AFil.d
2026-09-10 23:28:24 +0200: Memory Usage (486232K) : Skipping rule AFil.e (TRANS is forbidden in CMOS5L)
2026-09-10 23:28:24 +0200: Memory Usage (486232K) : Executing rule AFil.j
2026-09-10 23:28:24 +0200: Memory Usage (486232K) : Starting 5.7. ThickGateOx table
2026-09-10 23:28:24 +0200: Memory Usage (486232K) : Executing rule TGO.f
2026-09-10 23:28:24 +0200: Memory Usage (486232K) : Starting 5.8. GatPoly table
2026-09-10 23:28:24 +0200: Memory Usage (486232K) : Executing rule Gat.a
2026-09-10 23:28:24 +0200: Memory Usage (486232K) : Executing rule Gat.b
2026-09-10 23:28:24 +0200: Memory Usage (486232K) : Executing rule Gat.d
2026-09-10 23:28:24 +0200: Memory Usage (486232K) : Executing rule Gat.a1
2026-09-10 23:28:24 +0200: Memory Usage (486872K) : Executing rule Gat.a2
2026-09-10 23:28:24 +0200: Memory Usage (486872K) : Executing rule Gat.g
2026-09-10 23:28:24 +0200: Memory Usage (491736K) : Starting 5.9 GatPoly:filler
2026-09-10 23:28:24 +0200: Memory Usage (491736K) : Executing rule GFil.d
2026-09-10 23:28:24 +0200: Memory Usage (491736K) : Executing rule GFil.e
2026-09-10 23:28:24 +0200: Memory Usage (491736K) : Executing rule GFil.i
2026-09-10 23:28:24 +0200: Memory Usage (491736K) : Starting 5.10 pSD table
2026-09-10 23:28:24 +0200: Memory Usage (491736K) : Executing rule pSD.c1
2026-09-10 23:28:24 +0200: Memory Usage (491736K) : Starting 5.14. Cont table
2026-09-10 23:28:24 +0200: Memory Usage (491736K) : Executing rule Cnt.a
2026-09-10 23:28:24 +0200: Memory Usage (491736K) : Executing rule Cnt.b
2026-09-10 23:28:24 +0200: Memory Usage (491736K) : Executing rule Cnt.c
2026-09-10 23:28:24 +0200: Memory Usage (491864K) : Executing rule Cnt.c.digibnd
2026-09-10 23:28:24 +0200: Memory Usage (491864K) : Executing rule Cnt.c.SRAM
2026-09-10 23:28:24 +0200: Memory Usage (491864K) : Executing rule Cnt.d
2026-09-10 23:28:24 +0200: Memory Usage (491864K) : Executing rule Cnt.e
2026-09-10 23:28:24 +0200: Memory Usage (491864K) : Executing rule Cnt.g1
2026-09-10 23:28:24 +0200: Memory Usage (491864K) : Executing rule Cnt.g2
2026-09-10 23:28:24 +0200: Memory Usage (491864K) : Starting 5.15. ContBar table
2026-09-10 23:28:24 +0200: Memory Usage (491864K) : Executing rule CntB.b1
2026-09-10 23:28:24 +0200: Memory Usage (491864K) : Executing rule CntB.h1
2026-09-10 23:28:24 +0200: Memory Usage (491864K) : Starting 7.2 Latch-up table
2026-09-10 23:28:24 +0200: Memory Usage (491864K) : Executing rule LU.b
2026-09-10 23:28:25 +0200: Memory Usage (491864K) : Starting 5.16. Metal1 table
2026-09-10 23:28:25 +0200: Memory Usage (491864K) : Executing rule M1.a
2026-09-10 23:28:25 +0200: Memory Usage (491864K) : Executing rule M1.b
2026-09-10 23:28:25 +0200: Memory Usage (492120K) : Executing rule M1.e
2026-09-10 23:28:25 +0200: Memory Usage (492120K) : Executing rule M1.f
2026-09-10 23:28:25 +0200: Memory Usage (492120K) : Executing rule M1.g
2026-09-10 23:28:25 +0200: Memory Usage (492120K) : Executing rule M1.i
2026-09-10 23:28:25 +0200: Memory Usage (492120K) : Starting 5.17 Metaln table
2026-09-10 23:28:25 +0200: Memory Usage (492120K) : Executing rule M2.a
2026-09-10 23:28:25 +0200: Memory Usage (492120K) : Executing rule M2.b
2026-09-10 23:28:25 +0200: Memory Usage (492120K) : Executing rule M2.e
2026-09-10 23:28:25 +0200: Memory Usage (492120K) : Executing rule M2.f
2026-09-10 23:28:25 +0200: Memory Usage (492120K) : Executing rule M2.g
2026-09-10 23:28:25 +0200: Memory Usage (492120K) : Executing rule M2.i
2026-09-10 23:28:25 +0200: Memory Usage (492120K) : Executing rule M3.a
2026-09-10 23:28:25 +0200: Memory Usage (492120K) : Executing rule M3.b
2026-09-10 23:28:25 +0200: Memory Usage (492120K) : Executing rule M3.e
2026-09-10 23:28:25 +0200: Memory Usage (492120K) : Executing rule M3.f
2026-09-10 23:28:25 +0200: Memory Usage (492120K) : Executing rule M3.g
2026-09-10 23:28:25 +0200: Memory Usage (492120K) : Executing rule M3.i
2026-09-10 23:28:25 +0200: Memory Usage (492120K) : Executing rule M4.a
2026-09-10 23:28:25 +0200: Memory Usage (492120K) : Executing rule M4.b
2026-09-10 23:28:25 +0200: Memory Usage (492120K) : Executing rule M4.e
2026-09-10 23:28:25 +0200: Memory Usage (492120K) : Executing rule M4.f
2026-09-10 23:28:25 +0200: Memory Usage (492120K) : Executing rule M4.g
2026-09-10 23:28:25 +0200: Memory Usage (492120K) : Executing rule M4.i
2026-09-10 23:28:25 +0200: Memory Usage (492120K) : Starting 5.18 Metaln:filler table
2026-09-10 23:28:25 +0200: Memory Usage (492120K) : Executing rule M1Fil.c
2026-09-10 23:28:25 +0200: Memory Usage (492120K) : Executing rule M1Fil.a2
2026-09-10 23:28:25 +0200: Memory Usage (492120K) : Executing rule M2Fil.c
2026-09-10 23:28:25 +0200: Memory Usage (492120K) : Executing rule M2Fil.a2
2026-09-10 23:28:25 +0200: Memory Usage (492120K) : Executing rule M3Fil.c
2026-09-10 23:28:25 +0200: Memory Usage (492120K) : Executing rule M3Fil.a2
2026-09-10 23:28:25 +0200: Memory Usage (492120K) : Executing rule M4Fil.c
2026-09-10 23:28:25 +0200: Memory Usage (492120K) : Executing rule M4Fil.a2
2026-09-10 23:28:25 +0200: Memory Usage (492120K) : Starting 5.19. Via1 table
2026-09-10 23:28:25 +0200: Memory Usage (492120K) : Starting 5.19. Via1 table derivations
2026-09-10 23:28:25 +0200: Memory Usage (492120K) : Executing rule V1.a
2026-09-10 23:28:25 +0200: Memory Usage (492120K) : Executing rule V1.b
2026-09-10 23:28:25 +0200: Memory Usage (492120K) : Executing rule V1.c
2026-09-10 23:28:25 +0200: Memory Usage (492120K) : Starting 5.20. Vian table
2026-09-10 23:28:25 +0200: Memory Usage (492120K) : Executing rule V2.a
2026-09-10 23:28:25 +0200: Memory Usage (492120K) : Executing rule V2.b
2026-09-10 23:28:25 +0200: Memory Usage (492120K) : Executing rule V2.c
2026-09-10 23:28:25 +0200: Memory Usage (492120K) : Executing rule V3.a
2026-09-10 23:28:25 +0200: Memory Usage (492120K) : Executing rule V3.b
2026-09-10 23:28:25 +0200: Memory Usage (492120K) : Executing rule V3.c
2026-09-10 23:28:25 +0200: Memory Usage (492120K) : Starting 5.21. TopVia1 table
2026-09-10 23:28:25 +0200: Memory Usage (492120K) : Executing rule TV1.a
2026-09-10 23:28:25 +0200: Memory Usage (492120K) : Executing rule TV1.b
2026-09-10 23:28:25 +0200: Memory Usage (492120K) : Executing rule TV1.c
2026-09-10 23:28:25 +0200: Memory Usage (492120K) : Executing rule TV1.d
2026-09-10 23:28:25 +0200: Memory Usage (492120K) : Starting 5.22. TopMetal1 table
2026-09-10 23:28:25 +0200: Memory Usage (492120K) : Executing rule TM1.a
2026-09-10 23:28:25 +0200: Memory Usage (492120K) : Executing rule TM1.b
2026-09-10 23:28:25 +0200: Memory Usage (492120K) : Starting 5.23 TopMetal1:filler table
2026-09-10 23:28:25 +0200: Memory Usage (492120K) : Executing rule TM1Fil.c
2026-09-10 23:28:25 +0200: Memory Usage (492120K) : Executing rule TM1Fil.a1
2026-09-10 23:28:25 +0200: Memory Usage (492120K) : Starting 5.27. Passiv table
2026-09-10 23:28:25 +0200: Memory Usage (492120K) : Executing rule Pas.a
2026-09-10 23:28:25 +0200: Memory Usage (492120K) : Executing rule Pas.b
2026-09-10 23:28:25 +0200: Memory Usage (492120K) : Executing rule Pas.c
2026-09-10 23:28:25 +0200: Memory Usage (492120K) : Starting 6.9 Pad table
2026-09-10 23:28:25 +0200: Memory Usage (492120K) : Executing rule Pad.m
2026-09-10 23:28:25 +0200: Memory Usage (492120K) : Executing rule Pad.fR_M1
2026-09-10 23:28:25 +0200: Memory Usage (492120K) : Executing rule Pad.fR_M2
2026-09-10 23:28:25 +0200: Memory Usage (492120K) : Executing rule Pad.fR_M3
2026-09-10 23:28:25 +0200: Memory Usage (492120K) : Executing rule Pad.fR_M4
2026-09-10 23:28:25 +0200: Memory Usage (492120K) : Executing rule Pad.fR_TM1
2026-09-10 23:28:25 +0200: Memory Usage (492120K) : Executing rule Pad.i
2026-09-10 23:28:25 +0200: Memory Usage (492120K) : Starting 6.10 Sealring table
2026-09-10 23:28:25 +0200: Memory Usage (492120K) : Executing rule Seal.l
2026-09-10 23:28:25 +0200: Memory Usage (492120K) : Executing rule Seal.n
2026-09-10 23:28:25 +0200: Memory Usage (492120K) : Executing rule seal.b_metal1
2026-09-10 23:28:25 +0200: Memory Usage (492120K) : Executing rule seal.b_metal2
2026-09-10 23:28:25 +0200: Memory Usage (492120K) : Executing rule seal.b_metal3
2026-09-10 23:28:25 +0200: Memory Usage (492120K) : Executing rule seal.b_metal4
2026-09-10 23:28:25 +0200: Memory Usage (492120K) : Executing rule seal.b_topmetal1
2026-09-10 23:28:25 +0200: Memory Usage (492120K) : Executing rule seal.b_activ
2026-09-10 23:28:25 +0200: Memory Usage (492120K) : Executing rule seal.b_psd
2026-09-10 23:28:25 +0200: Memory Usage (492120K) : Executing rule Seal.k
2026-09-10 23:28:25 +0200: Memory Usage (492120K) : Executing rule Seal.m
2026-09-10 23:28:25 +0200: Memory Usage (492120K) : Starting 7.3 Metal Slits table
2026-09-10 23:28:25 +0200: Memory Usage (492120K) : Executing rule Slt.e1_M1
2026-09-10 23:28:25 +0200: Memory Usage (492120K) : Executing rule Slt.e1_M2
2026-09-10 23:28:25 +0200: Memory Usage (492120K) : Executing rule Slt.e1_M3
2026-09-10 23:28:25 +0200: Memory Usage (492120K) : Executing rule Slt.e1_M4
2026-09-10 23:28:25 +0200: Memory Usage (492120K) : Executing rule Slt.e1_TM1
2026-09-10 23:28:25 +0200: Memory Usage (492120K) : Starting 9.1. LBE table
2026-09-10 23:28:25 +0200: Memory Usage (492120K) : Executing rule LBE.a
2026-09-10 23:28:25 +0200: Memory Usage (492120K) : Executing rule LBE.b
2026-09-10 23:28:25 +0200: Memory Usage (492120K) : Executing rule LBE.b1
2026-09-10 23:28:25 +0200: Memory Usage (492120K) : Executing rule LBE.c
2026-09-10 23:28:25 +0200: Memory Usage (492120K) : Executing rule LBE.d
2026-09-10 23:28:25 +0200: Memory Usage (492120K) : Executing rule LBE.h
2026-09-10 23:28:25 +0200: Memory Usage (492120K) : Starting 7.4. PIN table
2026-09-10 23:28:25 +0200: Memory Usage (492120K) : Executing rule Pin.a
2026-09-10 23:28:25 +0200: Memory Usage (492120K) : Executing rule Pin.b
2026-09-10 23:28:25 +0200: Memory Usage (492120K) : Executing rule Pin.e
2026-09-10 23:28:25 +0200: Memory Usage (492120K) : Executing rule Pin.f_M2
2026-09-10 23:28:25 +0200: Memory Usage (492120K) : Executing rule Pin.f_M3
2026-09-10 23:28:25 +0200: Memory Usage (492120K) : Executing rule Pin.f_M4
2026-09-10 23:28:25 +0200: Memory Usage (492120K) : Executing rule Pin.g
2026-09-10 23:28:25 +0200: Memory Usage (492120K) : Starting 3.1. offgrid table
2026-09-10 23:28:25 +0200: Memory Usage (492120K) : Executing rule activ_drw_Offgrid
2026-09-10 23:28:25 +0200: Memory Usage (493016K) : Executing rule activ_pin_Offgrid
2026-09-10 23:28:25 +0200: Memory Usage (493016K) : Executing rule activ_mask_Offgrid
2026-09-10 23:28:25 +0200: Memory Usage (493400K) : Executing rule activ_filler_Offgrid
2026-09-10 23:28:25 +0200: Memory Usage (493784K) : Executing rule activ_nofill_Offgrid
2026-09-10 23:28:25 +0200: Memory Usage (493784K) : Executing rule activ_opc_Offgrid
2026-09-10 23:28:25 +0200: Memory Usage (493784K) : Executing rule activ_iopc_Offgrid
2026-09-10 23:28:25 +0200: Memory Usage (493912K) : Executing rule activ_noqrc_Offgrid
2026-09-10 23:28:25 +0200: Memory Usage (494040K) : Executing rule gatpoly_drw_Offgrid
2026-09-10 23:28:25 +0200: Memory Usage (494040K) : Executing rule gatpoly_pin_Offgrid
2026-09-10 23:28:25 +0200: Memory Usage (494040K) : Executing rule gatpoly_filler_Offgrid
2026-09-10 23:28:25 +0200: Memory Usage (494040K) : Executing rule gatpoly_nofill_Offgrid
2026-09-10 23:28:25 +0200: Memory Usage (494040K) : Executing rule gatpoly_opc_Offgrid
2026-09-10 23:28:25 +0200: Memory Usage (494040K) : Executing rule gatpoly_iopc_Offgrid
2026-09-10 23:28:25 +0200: Memory Usage (494040K) : Executing rule gatpoly_noqrc_Offgrid
2026-09-10 23:28:25 +0200: Memory Usage (494040K) : Executing rule cont_drw_Offgrid
2026-09-10 23:28:25 +0200: Memory Usage (494040K) : Executing rule cont_opc_Offgrid
2026-09-10 23:28:25 +0200: Memory Usage (494040K) : Executing rule nsd_drw_Offgrid
2026-09-10 23:28:25 +0200: Memory Usage (494040K) : Executing rule nsd_block_Offgrid
2026-09-10 23:28:25 +0200: Memory Usage (494040K) : Executing rule metal1_drw_Offgrid
2026-09-10 23:28:25 +0200: Memory Usage (494040K) : Executing rule metal1_pin_Offgrid
2026-09-10 23:28:25 +0200: Memory Usage (494040K) : Executing rule metal1_mask_Offgrid
2026-09-10 23:28:25 +0200: Memory Usage (494040K) : Executing rule metal1_filler_Offgrid
2026-09-10 23:28:25 +0200: Memory Usage (494040K) : Executing rule metal1_nofill_Offgrid
2026-09-10 23:28:25 +0200: Memory Usage (494040K) : Executing rule metal1_slit_Offgrid
2026-09-10 23:28:26 +0200: Memory Usage (494040K) : Executing rule metal1_opc_Offgrid
2026-09-10 23:28:26 +0200: Memory Usage (494040K) : Executing rule metal1_noqrc_Offgrid
2026-09-10 23:28:26 +0200: Memory Usage (494040K) : Executing rule metal1_res_Offgrid
2026-09-10 23:28:26 +0200: Memory Usage (494040K) : Executing rule metal1_iprobe_Offgrid
2026-09-10 23:28:26 +0200: Memory Usage (494040K) : Executing rule metal1_diffprb_Offgrid
2026-09-10 23:28:26 +0200: Memory Usage (494040K) : Executing rule passiv_drw_Offgrid
2026-09-10 23:28:26 +0200: Memory Usage (494040K) : Executing rule passiv_pin_Offgrid
2026-09-10 23:28:26 +0200: Memory Usage (494040K) : Executing rule passiv_pillar_Offgrid
2026-09-10 23:28:26 +0200: Memory Usage (494040K) : Executing rule passiv_sbump_Offgrid
2026-09-10 23:28:26 +0200: Memory Usage (494040K) : Executing rule passiv_pdl_Offgrid
2026-09-10 23:28:26 +0200: Memory Usage (494040K) : Executing rule metal2_drw_Offgrid
2026-09-10 23:28:26 +0200: Memory Usage (494040K) : Executing rule metal2_pin_Offgrid
2026-09-10 23:28:26 +0200: Memory Usage (494040K) : Executing rule metal2_mask_Offgrid
2026-09-10 23:28:26 +0200: Memory Usage (494040K) : Executing rule metal2_filler_Offgrid
2026-09-10 23:28:26 +0200: Memory Usage (494296K) : Executing rule metal2_nofill_Offgrid
2026-09-10 23:28:26 +0200: Memory Usage (494808K) : Executing rule metal2_slit_Offgrid
2026-09-10 23:28:26 +0200: Memory Usage (495448K) : Executing rule metal2_opc_Offgrid
2026-09-10 23:28:26 +0200: Memory Usage (495960K) : Executing rule metal2_noqrc_Offgrid
2026-09-10 23:28:26 +0200: Memory Usage (496600K) : Executing rule metal2_res_Offgrid
2026-09-10 23:28:26 +0200: Memory Usage (497112K) : Executing rule metal2_iprobe_Offgrid
2026-09-10 23:28:26 +0200: Memory Usage (497752K) : Executing rule metal2_diffprb_Offgrid
2026-09-10 23:28:26 +0200: Memory Usage (498264K) : Executing rule psd_drw_Offgrid
2026-09-10 23:28:26 +0200: Memory Usage (499416K) : Executing rule via1_drw_Offgrid
2026-09-10 23:28:26 +0200: Memory Usage (500696K) : Executing rule salblock_drw_Offgrid
2026-09-10 23:28:26 +0200: Memory Usage (501208K) : Executing rule via2_drw_Offgrid
2026-09-10 23:28:26 +0200: Memory Usage (503128K) : Executing rule metal3_drw_Offgrid
2026-09-10 23:28:26 +0200: Memory Usage (504024K) : Executing rule metal3_pin_Offgrid
2026-09-10 23:28:26 +0200: Memory Usage (504024K) : Executing rule metal3_mask_Offgrid
2026-09-10 23:28:26 +0200: Memory Usage (504024K) : Executing rule metal3_filler_Offgrid
2026-09-10 23:28:26 +0200: Memory Usage (504024K) : Executing rule metal3_nofill_Offgrid
2026-09-10 23:28:26 +0200: Memory Usage (504024K) : Executing rule metal3_slit_Offgrid
2026-09-10 23:28:26 +0200: Memory Usage (504024K) : Executing rule metal3_opc_Offgrid
2026-09-10 23:28:26 +0200: Memory Usage (504024K) : Executing rule metal3_noqrc_Offgrid
2026-09-10 23:28:26 +0200: Memory Usage (504024K) : Executing rule metal3_res_Offgrid
2026-09-10 23:28:26 +0200: Memory Usage (504024K) : Executing rule metal3_iprobe_Offgrid
2026-09-10 23:28:26 +0200: Memory Usage (504024K) : Executing rule metal3_diffprb_Offgrid
2026-09-10 23:28:26 +0200: Memory Usage (504024K) : Executing rule nwell_drw_Offgrid
2026-09-10 23:28:26 +0200: Memory Usage (504024K) : Executing rule nwell_pin_Offgrid
2026-09-10 23:28:26 +0200: Memory Usage (504024K) : Executing rule pwell_drw_Offgrid
2026-09-10 23:28:26 +0200: Memory Usage (504024K) : Executing rule pwell_pin_Offgrid
2026-09-10 23:28:26 +0200: Memory Usage (504024K) : Executing rule pwell_block_Offgrid
2026-09-10 23:28:26 +0200: Memory Usage (504024K) : Executing rule substrate_drw_Offgrid
2026-09-10 23:28:26 +0200: Memory Usage (504024K) : Executing rule via3_drw_Offgrid
2026-09-10 23:28:26 +0200: Memory Usage (504024K) : Executing rule metal4_drw_Offgrid
2026-09-10 23:28:26 +0200: Memory Usage (504024K) : Executing rule metal4_pin_Offgrid
2026-09-10 23:28:26 +0200: Memory Usage (504024K) : Executing rule metal4_mask_Offgrid
2026-09-10 23:28:26 +0200: Memory Usage (504024K) : Executing rule metal4_filler_Offgrid
2026-09-10 23:28:26 +0200: Memory Usage (504024K) : Executing rule metal4_nofill_Offgrid
2026-09-10 23:28:26 +0200: Memory Usage (504024K) : Executing rule metal4_slit_Offgrid
2026-09-10 23:28:26 +0200: Memory Usage (504024K) : Executing rule metal4_opc_Offgrid
2026-09-10 23:28:26 +0200: Memory Usage (504024K) : Executing rule metal4_noqrc_Offgrid
2026-09-10 23:28:26 +0200: Memory Usage (504024K) : Executing rule metal4_res_Offgrid
2026-09-10 23:28:26 +0200: Memory Usage (504024K) : Executing rule metal4_iprobe_Offgrid
2026-09-10 23:28:26 +0200: Memory Usage (504024K) : Executing rule metal4_diffprb_Offgrid
2026-09-10 23:28:26 +0200: Memory Usage (504024K) : Executing rule topvia1_drw_Offgrid
2026-09-10 23:28:26 +0200: Memory Usage (504024K) : Executing rule topmetal1_drw_Offgrid
2026-09-10 23:28:26 +0200: Memory Usage (504024K) : Executing rule topmetal1_pin_Offgrid
2026-09-10 23:28:26 +0200: Memory Usage (504024K) : Executing rule topmetal1_mask_Offgrid
2026-09-10 23:28:26 +0200: Memory Usage (504024K) : Executing rule topmetal1_filler_Offgrid
2026-09-10 23:28:26 +0200: Memory Usage (504024K) : Executing rule topmetal1_nofill_Offgrid
2026-09-10 23:28:26 +0200: Memory Usage (504024K) : Executing rule topmetal1_slit_Offgrid
2026-09-10 23:28:26 +0200: Memory Usage (504024K) : Executing rule topmetal1_noqrc_Offgrid
2026-09-10 23:28:26 +0200: Memory Usage (504024K) : Executing rule topmetal1_res_Offgrid
2026-09-10 23:28:26 +0200: Memory Usage (504024K) : Executing rule topmetal1_iprobe_Offgrid
2026-09-10 23:28:26 +0200: Memory Usage (504024K) : Executing rule topmetal1_diffprb_Offgrid
2026-09-10 23:28:26 +0200: Memory Usage (504024K) : Executing rule thickgateox_drw_Offgrid
2026-09-10 23:28:26 +0200: Memory Usage (504024K) : Executing rule polyres_drw_Offgrid
2026-09-10 23:28:26 +0200: Memory Usage (504024K) : Executing rule polyres_pin_Offgrid
2026-09-10 23:28:26 +0200: Memory Usage (504024K) : Executing rule antmetal1_drw_Offgrid
2026-09-10 23:28:26 +0200: Memory Usage (504024K) : Executing rule thinfilmres_drw_Offgrid
2026-09-10 23:28:26 +0200: Memory Usage (504024K) : Executing rule lbe_drw_Offgrid
2026-09-10 23:28:26 +0200: Memory Usage (504024K) : Executing rule prboundary_drw_Offgrid
2026-09-10 23:28:26 +0200: Memory Usage (504024K) : Starting 3.2. angle table
2026-09-10 23:28:26 +0200: Memory Usage (504024K) : Executing rule activ_drw_Acute
2026-09-10 23:28:26 +0200: Memory Usage (504152K) : Executing rule activ_pin_Acute
2026-09-10 23:28:26 +0200: Memory Usage (504152K) : Executing rule activ_mask_Acute
2026-09-10 23:28:26 +0200: Memory Usage (504152K) : Executing rule activ_filler_Acute
2026-09-10 23:28:26 +0200: Memory Usage (504152K) : Executing rule activ_nofill_Acute
2026-09-10 23:28:26 +0200: Memory Usage (504152K) : Executing rule activ_opc_Acute
2026-09-10 23:28:26 +0200: Memory Usage (504152K) : Executing rule activ_iopc_Acute
2026-09-10 23:28:26 +0200: Memory Usage (504152K) : Executing rule activ_noqrc_Acute
2026-09-10 23:28:26 +0200: Memory Usage (504152K) : Executing rule gatpoly_drw_Acute
2026-09-10 23:28:26 +0200: Memory Usage (504152K) : Executing rule gatpoly_pin_Acute
2026-09-10 23:28:26 +0200: Memory Usage (504152K) : Executing rule gatpoly_filler_Acute
2026-09-10 23:28:26 +0200: Memory Usage (504152K) : Executing rule gatpoly_nofill_Acute
2026-09-10 23:28:26 +0200: Memory Usage (504152K) : Executing rule gatpoly_opc_Acute
2026-09-10 23:28:26 +0200: Memory Usage (504152K) : Executing rule gatpoly_iopc_Acute
2026-09-10 23:28:26 +0200: Memory Usage (504152K) : Executing rule gatpoly_noqrc_Acute
2026-09-10 23:28:26 +0200: Memory Usage (504152K) : Executing rule cont_drw_Acute
2026-09-10 23:28:26 +0200: Memory Usage (504152K) : Executing rule cont_opc_Acute
2026-09-10 23:28:26 +0200: Memory Usage (504152K) : Executing rule nsd_drw_Acute
2026-09-10 23:28:26 +0200: Memory Usage (504152K) : Executing rule nsd_block_Acute
2026-09-10 23:28:26 +0200: Memory Usage (504152K) : Executing rule metal1_drw_Acute
2026-09-10 23:28:26 +0200: Memory Usage (504152K) : Executing rule metal1_pin_Acute
2026-09-10 23:28:26 +0200: Memory Usage (504152K) : Executing rule metal1_mask_Acute
2026-09-10 23:28:26 +0200: Memory Usage (504152K) : Executing rule metal1_filler_Acute
2026-09-10 23:28:26 +0200: Memory Usage (504152K) : Executing rule metal1_nofill_Acute
2026-09-10 23:28:26 +0200: Memory Usage (504152K) : Executing rule metal1_slit_Acute
2026-09-10 23:28:26 +0200: Memory Usage (504152K) : Executing rule metal1_opc_Acute
2026-09-10 23:28:26 +0200: Memory Usage (504152K) : Executing rule metal1_noqrc_Acute
2026-09-10 23:28:26 +0200: Memory Usage (504152K) : Executing rule metal1_res_Acute
2026-09-10 23:28:26 +0200: Memory Usage (504152K) : Executing rule metal1_iprobe_Acute
2026-09-10 23:28:26 +0200: Memory Usage (504152K) : Executing rule metal1_diffprb_Acute
2026-09-10 23:28:26 +0200: Memory Usage (504152K) : Executing rule passiv_drw_Acute
2026-09-10 23:28:26 +0200: Memory Usage (504152K) : Executing rule passiv_pin_Acute
2026-09-10 23:28:26 +0200: Memory Usage (504152K) : Executing rule passiv_pillar_Acute
2026-09-10 23:28:26 +0200: Memory Usage (504152K) : Executing rule passiv_sbump_Acute
2026-09-10 23:28:26 +0200: Memory Usage (504152K) : Executing rule passiv_pdl_Acute
2026-09-10 23:28:26 +0200: Memory Usage (504152K) : Executing rule metal2_drw_Acute
2026-09-10 23:28:27 +0200: Memory Usage (504152K) : Executing rule metal2_pin_Acute
2026-09-10 23:28:27 +0200: Memory Usage (504152K) : Executing rule metal2_mask_Acute
2026-09-10 23:28:27 +0200: Memory Usage (504152K) : Executing rule metal2_filler_Acute
2026-09-10 23:28:27 +0200: Memory Usage (504152K) : Executing rule metal2_nofill_Acute
2026-09-10 23:28:27 +0200: Memory Usage (504152K) : Executing rule metal2_slit_Acute
2026-09-10 23:28:27 +0200: Memory Usage (504152K) : Executing rule metal2_opc_Acute
2026-09-10 23:28:27 +0200: Memory Usage (504152K) : Executing rule metal2_noqrc_Acute
2026-09-10 23:28:27 +0200: Memory Usage (504152K) : Executing rule metal2_res_Acute
2026-09-10 23:28:27 +0200: Memory Usage (504152K) : Executing rule metal2_iprobe_Acute
2026-09-10 23:28:27 +0200: Memory Usage (504152K) : Executing rule metal2_diffprb_Acute
2026-09-10 23:28:27 +0200: Memory Usage (504152K) : Executing rule psd_drw_Acute
2026-09-10 23:28:27 +0200: Memory Usage (504152K) : Executing rule via1_drw_Acute
2026-09-10 23:28:27 +0200: Memory Usage (504152K) : Executing rule salblock_drw_Acute
2026-09-10 23:28:27 +0200: Memory Usage (504152K) : Executing rule via2_drw_Acute
2026-09-10 23:28:27 +0200: Memory Usage (504152K) : Executing rule metal3_drw_Acute
2026-09-10 23:28:27 +0200: Memory Usage (504152K) : Executing rule metal3_pin_Acute
2026-09-10 23:28:27 +0200: Memory Usage (504152K) : Executing rule metal3_mask_Acute
2026-09-10 23:28:27 +0200: Memory Usage (504152K) : Executing rule metal3_filler_Acute
2026-09-10 23:28:27 +0200: Memory Usage (504152K) : Executing rule metal3_nofill_Acute
2026-09-10 23:28:27 +0200: Memory Usage (504152K) : Executing rule metal3_slit_Acute
2026-09-10 23:28:27 +0200: Memory Usage (504152K) : Executing rule metal3_opc_Acute
2026-09-10 23:28:27 +0200: Memory Usage (504152K) : Executing rule metal3_noqrc_Acute
2026-09-10 23:28:27 +0200: Memory Usage (504152K) : Executing rule metal3_res_Acute
2026-09-10 23:28:27 +0200: Memory Usage (504280K) : Executing rule metal3_iprobe_Acute
2026-09-10 23:28:27 +0200: Memory Usage (504920K) : Executing rule metal3_diffprb_Acute
2026-09-10 23:28:27 +0200: Memory Usage (505688K) : Executing rule nwell_drw_Acute
2026-09-10 23:28:27 +0200: Memory Usage (506840K) : Executing rule nwell_pin_Acute
2026-09-10 23:28:27 +0200: Memory Usage (507096K) : Executing rule pwell_drw_Acute
2026-09-10 23:28:27 +0200: Memory Usage (507352K) : Executing rule pwell_pin_Acute
2026-09-10 23:28:27 +0200: Memory Usage (507352K) : Executing rule pwell_block_Acute
2026-09-10 23:28:27 +0200: Memory Usage (507352K) : Executing rule substrate_drw_Acute
2026-09-10 23:28:27 +0200: Memory Usage (507352K) : Executing rule via3_drw_Acute
2026-09-10 23:28:27 +0200: Memory Usage (507352K) : Executing rule metal4_drw_Acute
2026-09-10 23:28:27 +0200: Memory Usage (507352K) : Executing rule metal4_pin_Acute
2026-09-10 23:28:27 +0200: Memory Usage (507352K) : Executing rule metal4_mask_Acute
2026-09-10 23:28:27 +0200: Memory Usage (507352K) : Executing rule metal4_filler_Acute
2026-09-10 23:28:27 +0200: Memory Usage (507352K) : Executing rule metal4_nofill_Acute
2026-09-10 23:28:27 +0200: Memory Usage (507352K) : Executing rule metal4_slit_Acute
2026-09-10 23:28:27 +0200: Memory Usage (507352K) : Executing rule metal4_opc_Acute
2026-09-10 23:28:27 +0200: Memory Usage (507352K) : Executing rule metal4_noqrc_Acute
2026-09-10 23:28:27 +0200: Memory Usage (507352K) : Executing rule metal4_res_Acute
2026-09-10 23:28:27 +0200: Memory Usage (507352K) : Executing rule metal4_iprobe_Acute
2026-09-10 23:28:27 +0200: Memory Usage (507352K) : Executing rule metal4_diffprb_Acute
2026-09-10 23:28:27 +0200: Memory Usage (507352K) : Executing rule topvia1_drw_Acute
2026-09-10 23:28:27 +0200: Memory Usage (507352K) : Executing rule topmetal1_drw_Acute
2026-09-10 23:28:27 +0200: Memory Usage (507352K) : Executing rule topmetal1_pin_Acute
2026-09-10 23:28:27 +0200: Memory Usage (507352K) : Executing rule topmetal1_mask_Acute
2026-09-10 23:28:27 +0200: Memory Usage (507352K) : Executing rule topmetal1_filler_Acute
2026-09-10 23:28:27 +0200: Memory Usage (507352K) : Executing rule topmetal1_nofill_Acute
2026-09-10 23:28:27 +0200: Memory Usage (507352K) : Executing rule topmetal1_slit_Acute
2026-09-10 23:28:27 +0200: Memory Usage (507352K) : Executing rule topmetal1_noqrc_Acute
2026-09-10 23:28:27 +0200: Memory Usage (507352K) : Executing rule topmetal1_res_Acute
2026-09-10 23:28:27 +0200: Memory Usage (507352K) : Executing rule topmetal1_iprobe_Acute
2026-09-10 23:28:27 +0200: Memory Usage (507352K) : Executing rule topmetal1_diffprb_Acute
2026-09-10 23:28:27 +0200: Memory Usage (507352K) : Executing rule thickgateox_drw_Acute
2026-09-10 23:28:27 +0200: Memory Usage (507352K) : Executing rule polyres_drw_Acute
2026-09-10 23:28:27 +0200: Memory Usage (507352K) : Executing rule polyres_pin_Acute
2026-09-10 23:28:27 +0200: Memory Usage (507352K) : Executing rule antmetal1_drw_Acute
2026-09-10 23:28:27 +0200: Memory Usage (507352K) : Executing rule thinfilmres_drw_Acute
2026-09-10 23:28:27 +0200: Memory Usage (507352K) : Executing rule lbe_drw_Acute
2026-09-10 23:28:27 +0200: Memory Usage (507352K) : Executing rule prboundary_drw_Acute
2026-09-10 23:28:27 +0200: Memory Usage (507352K) : Executing rule cont_drw_Angle90
2026-09-10 23:28:27 +0200: Memory Usage (507352K) : Executing rule via1_drw_Angle90
2026-09-10 23:28:27 +0200: Memory Usage (507352K) : Executing rule via2_drw_Angle90
2026-09-10 23:28:27 +0200: Memory Usage (507352K) : Executing rule via3_drw_Angle90
2026-09-10 23:28:27 +0200: Memory Usage (507352K) : Executing rule topvia1_drw_Angle90
2026-09-10 23:28:27 +0200: Memory Usage (507352K) : Executing rule gatpoly_drw_Angle45
2026-09-10 23:28:27 +0200: Memory Usage (507352K) : Executing rule activ_drw_Angle45
2026-09-10 23:28:27 +0200: Memory Usage (507352K) : Executing rule metal1_drw_Angle45
2026-09-10 23:28:28 +0200: Memory Usage (507352K) : Executing rule metal2_drw_Angle45
2026-09-10 23:28:28 +0200: Memory Usage (507352K) : Executing rule metal3_drw_Angle45
2026-09-10 23:28:28 +0200: Memory Usage (507352K) : Executing rule metal4_drw_Angle45
2026-09-10 23:28:28 +0200: Memory Usage (507352K) : Executing rule topmetal1_drw_Angle45
2026-09-10 23:28:28 +0200: Memory Usage (507352K) : Starting 3.2. FORBIDDEN table
2026-09-10 23:28:28 +0200: Memory Usage (507352K) : Executing rule forbidden.biwind
2026-09-10 23:28:28 +0200: Memory Usage (507352K) : Executing rule forbidden.pemwind
2026-09-10 23:28:28 +0200: Memory Usage (507352K) : Executing rule forbidden.baspoly
2026-09-10 23:28:28 +0200: Memory Usage (507352K) : Executing rule forbidden.deepco
2026-09-10 23:28:28 +0200: Memory Usage (507352K) : Executing rule forbidden.pempoly
2026-09-10 23:28:28 +0200: Memory Usage (507352K) : Executing rule forbidden.empoly
2026-09-10 23:28:28 +0200: Memory Usage (507352K) : Executing rule forbidden.ldmos
2026-09-10 23:28:28 +0200: Memory Usage (507352K) : Executing rule forbidden.pbiwind
2026-09-10 23:28:28 +0200: Memory Usage (507352K) : Executing rule forbidden.nodrc
2026-09-10 23:28:28 +0200: Memory Usage (507352K) : Executing rule forbidden.flash
2026-09-10 23:28:28 +0200: Memory Usage (507352K) : Executing rule forbidden.colwind
2026-09-10 23:28:28 +0200: Memory Usage (507352K) : Starting 3.2. CMOS5L FORBIDDEN layers check
2026-09-10 23:28:28 +0200: Memory Usage (507352K) : Executing rule CMOS5L.FORB.Metal5
2026-09-10 23:28:28 +0200: Memory Usage (507352K) : Executing rule CMOS5L.FORB.Metal5.filler
2026-09-10 23:28:28 +0200: Memory Usage (507352K) : Executing rule CMOS5L.FORB.Via4
2026-09-10 23:28:28 +0200: Memory Usage (507352K) : Executing rule CMOS5L.FORB.TopMetal2
2026-09-10 23:28:28 +0200: Memory Usage (507352K) : Executing rule CMOS5L.FORB.TopMetal2.filler
2026-09-10 23:28:28 +0200: Memory Usage (507352K) : Executing rule CMOS5L.FORB.TopVia2
2026-09-10 23:28:28 +0200: Memory Usage (507352K) : Executing rule CMOS5L.FORB.TRANS
2026-09-10 23:28:28 +0200: Memory Usage (507352K) : Executing rule CMOS5L.FORB.nBuLay
2026-09-10 23:28:28 +0200: Memory Usage (507352K) : Executing rule CMOS5L.FORB.MIM
2026-09-10 23:28:28 +0200: Memory Usage (507352K) : Executing rule CMOS5L.FORB.Vmim
2026-09-10 23:28:28 +0200: Memory Usage (507352K) : KLayout DRC run for tables 'main' completed in 4.05 seconds
