
Magic 8.3 revision 681 - Compiled on Tue Aug 25 11:50:23 AM CEST 2026.
Starting magic under Tcl interpreter
Using the terminal as the console.
WARNING: RLIMIT_NOFILE is above 1024 and Tcl_Version<9 this may cause runtime issues [rlim_cur=1048576]
Using NULL graphics device.
Processing system .magicrc file
Switching to WIRING tool.
Switching to NETLIST tool.
Switching to PICK tool.
Switching to BOX tool.
Sourcing design .magicrc for technology ihp-sg13g2 ...
2 Magic internal units = 1 Lambda
Input style sg13g2(): scaleFactor=2, multiplier=2
The following types are not handled by extraction and will be treated as non-electrical types:
    pblock sealcont difffill nemitter hvnemitter hvisodiffres sealvia1 sealvia2 sealvia3 sealvia4 sealvia5 sealvia6 pillar solder seal glass thruvia inductor 
Scaled tech values by 2 / 1 to match internal grid scaling
Loading ihp-sg13g2 Device Generator Menu ...
Loading "/foss/designs/CHIP-PLL/layout/extraction/pex_vco_delay_cell_4.tcl" from command line.
Warning: Calma reading is not undoable!  I hope that's OK.
Library written using GDS-II Release 6.0
Library name: LIB
Reading "$$$CONTEXT_INFO$$$".
Reading "nmos$3".
Reading "nmos".
Reading "pmos$3".
Reading "pmos".
Reading "Via$4".
Reading "ptap1".
Moving label "sub!" from space to ptapdiff in cell ptap1.
Reading "ntap1".
Reading "Via$6".
Reading "Via$5".
Reading "Via$2".
Reading "Via".
Reading "vco_delay_cell_4".
Extracting vco_delay_cell_4 into /foss/designs/CHIP-PLL/layout/extraction/vco_delay_cell_4.ext:
Processing vco_delay_cell_4
exttospice finished.
