# Logfile created on 2026-08-23 18:26:25 +0200 by logger.rb/v1.5.3
2026-08-23 18:26:25 +0200: Memory Usage (457444K) : Starting running SG13CMOS5L Klayout LVS runset on /foss/designs/CHIP-PLL/layout/PFD/PFD_passgate.gds
2026-08-23 18:26:25 +0200: Memory Usage (457444K) : Ruby Version for klayout: 3.2.3
2026-08-23 18:26:25 +0200: Memory Usage (458816K) : Loading database to memory is complete.
2026-08-23 18:26:25 +0200: Memory Usage (458816K) : SG13CMOS5L Klayout LVS runset output at: /foss/designs/CHIP-PLL/layout/PFD/lvs_run_PFD_passgate_2026_08_23_18_26_23/PFD_passgate.lvsdb
2026-08-23 18:26:25 +0200: Memory Usage (458816K) : Evaluate switches.
2026-08-23 18:26:25 +0200: Memory Usage (458816K) : Extracted netlist with net names: true
2026-08-23 18:26:25 +0200: Memory Usage (458816K) : Extracted netlist with comments in details: false
2026-08-23 18:26:25 +0200: Memory Usage (458816K) : Selected NET_ONLY option: false
2026-08-23 18:26:25 +0200: Memory Usage (458816K) : Selected LAYOUT_NETLIST option: (none)
2026-08-23 18:26:25 +0200: Memory Usage (458816K) : Selected IGNORE_TOP_PORTS_MISMATCH option: 
2026-08-23 18:26:25 +0200: Memory Usage (458816K) : Selected IMPLICIT_NETS option: (none)
2026-08-23 18:26:25 +0200: Memory Usage (458816K) : Selected TOP_LVL_PINS option: false
2026-08-23 18:26:25 +0200: Memory Usage (458816K) : Selected COMBINE DEVICES option: false
2026-08-23 18:26:25 +0200: Memory Usage (458816K) : Selected PURGE option: false
2026-08-23 18:26:25 +0200: Memory Usage (458816K) : Selected PURGE_NETS option: false
2026-08-23 18:26:25 +0200: Memory Usage (458816K) : Selected SIMPLIFY option: true
2026-08-23 18:26:25 +0200: Memory Usage (458816K) : Selected SERIES_RES option: true
2026-08-23 18:26:25 +0200: Memory Usage (458816K) : Selected PARALLEL_RES option: true
2026-08-23 18:26:25 +0200: Memory Usage (458816K) : Selected DISABLE_TAP_EXTRACTION option: false
2026-08-23 18:26:25 +0200: Memory Usage (458816K) : flat  mode is enabled.
2026-08-23 18:26:25 +0200: Memory Usage (460144K) : Netlist file: /foss/designs/CHIP-PLL/schematics/PFD/simulations/PFD_passgate.spice
2026-08-23 18:26:25 +0200: Memory Usage (460144K) : LVS extracted netlist at: /foss/designs/CHIP-PLL/layout/PFD/lvs_run_PFD_passgate_2026_08_23_18_26_23/PFD_passgate_extracted.cir
2026-08-23 18:26:25 +0200: Memory Usage (460144K) : Applying SRAM integration support.
2026-08-23 18:26:25 +0200: Memory Usage (460144K) : Starting SG13CMOS5L LVS runset
2026-08-23 18:26:25 +0200: Memory Usage (460144K) : Read in polygons from layers.
2026-08-23 18:26:25 +0200: Memory Usage (461040K) : activ_drw has 4 polygons
2026-08-23 18:26:25 +0200: Memory Usage (461040K) : activ_filler has 0 polygons
2026-08-23 18:26:25 +0200: Memory Usage (461168K) : activ has 4 polygons
2026-08-23 18:26:25 +0200: Memory Usage (461168K) : activ_pin has 0 polygons
2026-08-23 18:26:25 +0200: Memory Usage (461168K) : activ_mask has 0 polygons
2026-08-23 18:26:25 +0200: Memory Usage (461168K) : activ_nofill has 0 polygons
2026-08-23 18:26:25 +0200: Memory Usage (461168K) : activ_OPC has 0 polygons
2026-08-23 18:26:25 +0200: Memory Usage (461168K) : activ_iOPC has 0 polygons
2026-08-23 18:26:25 +0200: Memory Usage (461168K) : activ_noqrc has 0 polygons
2026-08-23 18:26:25 +0200: Memory Usage (461296K) : biwind_drw has 0 polygons
2026-08-23 18:26:25 +0200: Memory Usage (461296K) : biwind_OPC has 0 polygons
2026-08-23 18:26:25 +0200: Memory Usage (461296K) : gatpoly_drw has 2 polygons
2026-08-23 18:26:25 +0200: Memory Usage (461296K) : gatpoly_filler has 0 polygons
2026-08-23 18:26:25 +0200: Memory Usage (461424K) : gatpoly has 2 polygons
2026-08-23 18:26:25 +0200: Memory Usage (461552K) : gatpoly_pin has 1 polygons
2026-08-23 18:26:25 +0200: Memory Usage (461808K) : gatpoly_nofill has 0 polygons
2026-08-23 18:26:25 +0200: Memory Usage (462192K) : gatpoly_OPC has 0 polygons
2026-08-23 18:26:25 +0200: Memory Usage (462320K) : gatpoly_iOPC has 0 polygons
2026-08-23 18:26:25 +0200: Memory Usage (462320K) : gatpoly_noqrc has 0 polygons
2026-08-23 18:26:25 +0200: Memory Usage (462320K) : cont_drw has 18 polygons
2026-08-23 18:26:25 +0200: Memory Usage (462448K) : cont_OPC has 0 polygons
2026-08-23 18:26:25 +0200: Memory Usage (462576K) : nsd_drw has 0 polygons
2026-08-23 18:26:25 +0200: Memory Usage (462704K) : nsd_block has 0 polygons
2026-08-23 18:26:25 +0200: Memory Usage (462964K) : metal1_drw has 7 polygons
2026-08-23 18:26:25 +0200: Memory Usage (463220K) : metal1_filler has 0 polygons
2026-08-23 18:26:25 +0200: Memory Usage (463348K) : metal1_slit has 0 polygons
2026-08-23 18:26:25 +0200: Memory Usage (463476K) : metal1 has 7 polygons
2026-08-23 18:26:25 +0200: Memory Usage (463604K) : metal1_pin has 8 polygons
2026-08-23 18:26:25 +0200: Memory Usage (463732K) : metal1_mask has 0 polygons
2026-08-23 18:26:25 +0200: Memory Usage (463860K) : metal1_nofill has 0 polygons
2026-08-23 18:26:25 +0200: Memory Usage (464116K) : metal1_text has 4 polygons
2026-08-23 18:26:25 +0200: Memory Usage (464244K) : metal1_OPC has 0 polygons
2026-08-23 18:26:25 +0200: Memory Usage (464372K) : metal1_noqrc has 0 polygons
2026-08-23 18:26:25 +0200: Memory Usage (464500K) : metal1_res has 0 polygons
2026-08-23 18:26:25 +0200: Memory Usage (464628K) : metal1_iprobe has 0 polygons
2026-08-23 18:26:25 +0200: Memory Usage (464756K) : metal1_diffprb has 0 polygons
2026-08-23 18:26:25 +0200: Memory Usage (465012K) : passiv_drw has 0 polygons
2026-08-23 18:26:25 +0200: Memory Usage (465140K) : passiv_pin has 0 polygons
2026-08-23 18:26:25 +0200: Memory Usage (465268K) : passiv_sbump has 0 polygons
2026-08-23 18:26:25 +0200: Memory Usage (465396K) : passiv_pillar has 0 polygons
2026-08-23 18:26:25 +0200: Memory Usage (465652K) : passiv_pdl has 0 polygons
2026-08-23 18:26:25 +0200: Memory Usage (465780K) : metal2_drw has 2 polygons
2026-08-23 18:26:25 +0200: Memory Usage (465908K) : metal2_filler has 0 polygons
2026-08-23 18:26:25 +0200: Memory Usage (466036K) : metal2_slit has 0 polygons
2026-08-23 18:26:25 +0200: Memory Usage (466164K) : metal2 has 2 polygons
2026-08-23 18:26:25 +0200: Memory Usage (466292K) : metal2_pin has 2 polygons
2026-08-23 18:26:25 +0200: Memory Usage (466548K) : metal2_mask has 0 polygons
2026-08-23 18:26:25 +0200: Memory Usage (466676K) : metal2_nofill has 0 polygons
2026-08-23 18:26:25 +0200: Memory Usage (466676K) : metal2_text has 2 polygons
2026-08-23 18:26:25 +0200: Memory Usage (466804K) : metal2_OPC has 0 polygons
2026-08-23 18:26:25 +0200: Memory Usage (466932K) : metal2_noqrc has 0 polygons
2026-08-23 18:26:25 +0200: Memory Usage (467060K) : metal2_res has 0 polygons
2026-08-23 18:26:25 +0200: Memory Usage (467316K) : metal2_iprobe has 0 polygons
2026-08-23 18:26:25 +0200: Memory Usage (467444K) : metal2_diffprb has 0 polygons
2026-08-23 18:26:25 +0200: Memory Usage (467572K) : baspoly_drw has 0 polygons
2026-08-23 18:26:25 +0200: Memory Usage (467700K) : baspoly_pin has 0 polygons
2026-08-23 18:26:25 +0200: Memory Usage (467956K) : psd_drw has 2 polygons
2026-08-23 18:26:25 +0200: Memory Usage (468084K) : nldb_drw has 0 polygons
2026-08-23 18:26:25 +0200: Memory Usage (468212K) : digibnd_drw has 0 polygons
2026-08-23 18:26:25 +0200: Memory Usage (468340K) : via1_drw has 6 polygons
2026-08-23 18:26:25 +0200: Memory Usage (468468K) : backmetal1_drw has 0 polygons
2026-08-23 18:26:25 +0200: Memory Usage (468596K) : backmetal1_pin has 0 polygons
2026-08-23 18:26:25 +0200: Memory Usage (468724K) : backmetal1_mask has 0 polygons
2026-08-23 18:26:25 +0200: Memory Usage (468724K) : backmetal1_filler has 0 polygons
2026-08-23 18:26:25 +0200: Memory Usage (468852K) : backmetal1_nofill has 0 polygons
2026-08-23 18:26:25 +0200: Memory Usage (468980K) : backmetal1_slit has 0 polygons
2026-08-23 18:26:25 +0200: Memory Usage (468980K) : backmetal1_text has 0 polygons
2026-08-23 18:26:25 +0200: Memory Usage (468980K) : backmetal1_OPC has 0 polygons
2026-08-23 18:26:25 +0200: Memory Usage (469108K) : backmetal1_noqrc has 0 polygons
2026-08-23 18:26:25 +0200: Memory Usage (469236K) : backmetal1_res has 0 polygons
2026-08-23 18:26:25 +0200: Memory Usage (469236K) : backmetal1_iprobe has 0 polygons
2026-08-23 18:26:25 +0200: Memory Usage (469364K) : backmetal1_diffprb has 0 polygons
2026-08-23 18:26:25 +0200: Memory Usage (469492K) : backpassiv_drw has 0 polygons
2026-08-23 18:26:25 +0200: Memory Usage (469620K) : res_drw has 0 polygons
2026-08-23 18:26:25 +0200: Memory Usage (469748K) : sram_drw has 0 polygons
2026-08-23 18:26:25 +0200: Memory Usage (469876K) : trans_drw has 0 polygons
2026-08-23 18:26:25 +0200: Memory Usage (470004K) : ind_drw has 0 polygons
2026-08-23 18:26:25 +0200: Memory Usage (470260K) : ind_pin has 0 polygons
2026-08-23 18:26:25 +0200: Memory Usage (470260K) : ind_text has 0 polygons
2026-08-23 18:26:25 +0200: Memory Usage (470388K) : salblock_drw has 0 polygons
2026-08-23 18:26:25 +0200: Memory Usage (470516K) : via2_drw has 0 polygons
2026-08-23 18:26:25 +0200: Memory Usage (470644K) : metal3_drw has 0 polygons
2026-08-23 18:26:25 +0200: Memory Usage (470900K) : metal3_filler has 0 polygons
2026-08-23 18:26:25 +0200: Memory Usage (471028K) : metal3_slit has 0 polygons
2026-08-23 18:26:25 +0200: Memory Usage (471156K) : metal3 has 0 polygons
2026-08-23 18:26:25 +0200: Memory Usage (471284K) : metal3_pin has 0 polygons
2026-08-23 18:26:25 +0200: Memory Usage (471412K) : metal3_mask has 0 polygons
2026-08-23 18:26:25 +0200: Memory Usage (471540K) : metal3_nofill has 0 polygons
2026-08-23 18:26:25 +0200: Memory Usage (471540K) : metal3_text has 0 polygons
2026-08-23 18:26:25 +0200: Memory Usage (471668K) : metal3_OPC has 0 polygons
2026-08-23 18:26:25 +0200: Memory Usage (471668K) : metal3_noqrc has 0 polygons
2026-08-23 18:26:25 +0200: Memory Usage (471796K) : metal3_res has 0 polygons
2026-08-23 18:26:25 +0200: Memory Usage (471924K) : metal3_iprobe has 0 polygons
2026-08-23 18:26:25 +0200: Memory Usage (472052K) : metal3_diffprb has 0 polygons
2026-08-23 18:26:25 +0200: Memory Usage (472180K) : nwell_drw has 1 polygons
2026-08-23 18:26:25 +0200: Memory Usage (472308K) : nwell_pin has 1 polygons
2026-08-23 18:26:25 +0200: Memory Usage (472436K) : nwell_text has 0 polygons
2026-08-23 18:26:25 +0200: Memory Usage (472564K) : nbulay_drw has 0 polygons
2026-08-23 18:26:25 +0200: Memory Usage (472692K) : nbulay_pin has 0 polygons
2026-08-23 18:26:25 +0200: Memory Usage (472820K) : nbulay_block has 0 polygons
2026-08-23 18:26:25 +0200: Memory Usage (472948K) : emwind_drw has 0 polygons
2026-08-23 18:26:25 +0200: Memory Usage (473076K) : emwind_OPC has 0 polygons
2026-08-23 18:26:25 +0200: Memory Usage (473204K) : deepco_drw has 0 polygons
2026-08-23 18:26:25 +0200: Memory Usage (473332K) : mim_drw has 0 polygons
2026-08-23 18:26:25 +0200: Memory Usage (473588K) : edgeseal_drw has 0 polygons
2026-08-23 18:26:25 +0200: Memory Usage (473716K) : substrate_drw has 2 polygons
2026-08-23 18:26:25 +0200: Memory Usage (473716K) : substrate_text has 0 polygons
2026-08-23 18:26:25 +0200: Memory Usage (473844K) : dfpad_drw has 0 polygons
2026-08-23 18:26:25 +0200: Memory Usage (473972K) : dfpad_pillar has 0 polygons
2026-08-23 18:26:25 +0200: Memory Usage (474228K) : dfpad_sbump has 0 polygons
2026-08-23 18:26:25 +0200: Memory Usage (474228K) : thickgateox_drw has 0 polygons
2026-08-23 18:26:25 +0200: Memory Usage (474356K) : pldb_drw has 0 polygons
2026-08-23 18:26:25 +0200: Memory Usage (474356K) : pwell_drw has 0 polygons
2026-08-23 18:26:25 +0200: Memory Usage (474484K) : pwell_pin has 0 polygons
2026-08-23 18:26:25 +0200: Memory Usage (474484K) : pwell_block has 0 polygons
2026-08-23 18:26:25 +0200: Memory Usage (474612K) : ic_drw has 0 polygons
2026-08-23 18:26:25 +0200: Memory Usage (474740K) : via3_drw has 0 polygons
2026-08-23 18:26:25 +0200: Memory Usage (474868K) : metal4_drw has 0 polygons
2026-08-23 18:26:25 +0200: Memory Usage (474996K) : metal4_filler has 0 polygons
2026-08-23 18:26:25 +0200: Memory Usage (475124K) : metal4_slit has 0 polygons
2026-08-23 18:26:25 +0200: Memory Usage (475252K) : metal4 has 0 polygons
2026-08-23 18:26:25 +0200: Memory Usage (475380K) : metal4_pin has 0 polygons
2026-08-23 18:26:25 +0200: Memory Usage (475508K) : metal4_mask has 0 polygons
2026-08-23 18:26:25 +0200: Memory Usage (475636K) : metal4_nofill has 0 polygons
2026-08-23 18:26:25 +0200: Memory Usage (475764K) : metal4_text has 0 polygons
2026-08-23 18:26:25 +0200: Memory Usage (475892K) : metal4_OPC has 0 polygons
2026-08-23 18:26:25 +0200: Memory Usage (476020K) : metal4_noqrc has 0 polygons
2026-08-23 18:26:25 +0200: Memory Usage (476148K) : metal4_res has 0 polygons
2026-08-23 18:26:25 +0200: Memory Usage (476276K) : metal4_iprobe has 0 polygons
2026-08-23 18:26:25 +0200: Memory Usage (476404K) : metal4_diffprb has 0 polygons
2026-08-23 18:26:25 +0200: Memory Usage (476660K) : heattrans_drw has 4 polygons
2026-08-23 18:26:25 +0200: Memory Usage (476788K) : heatres_drw has 0 polygons
2026-08-23 18:26:25 +0200: Memory Usage (476916K) : fbe_drw has 0 polygons
2026-08-23 18:26:25 +0200: Memory Usage (477044K) : empoly_drw has 0 polygons
2026-08-23 18:26:25 +0200: Memory Usage (477044K) : digisub_drw has 0 polygons
2026-08-23 18:26:25 +0200: Memory Usage (477044K) : text_drw has 4 polygons
2026-08-23 18:26:25 +0200: Memory Usage (477044K) : via4_drw has 0 polygons
2026-08-23 18:26:25 +0200: Memory Usage (477172K) : metal5_drw has 0 polygons
2026-08-23 18:26:25 +0200: Memory Usage (477300K) : metal5_filler has 0 polygons
2026-08-23 18:26:25 +0200: Memory Usage (477428K) : metal5_slit has 0 polygons
2026-08-23 18:26:25 +0200: Memory Usage (477556K) : metal5 has 0 polygons
2026-08-23 18:26:25 +0200: Memory Usage (477684K) : metal5_pin has 0 polygons
2026-08-23 18:26:25 +0200: Memory Usage (477812K) : metal5_mask has 0 polygons
2026-08-23 18:26:25 +0200: Memory Usage (477940K) : metal5_nofill has 0 polygons
2026-08-23 18:26:25 +0200: Memory Usage (478068K) : metal5_text has 0 polygons
2026-08-23 18:26:25 +0200: Memory Usage (478196K) : metal5_OPC has 0 polygons
2026-08-23 18:26:25 +0200: Memory Usage (478324K) : metal5_noqrc has 0 polygons
2026-08-23 18:26:25 +0200: Memory Usage (478452K) : metal5_res has 0 polygons
2026-08-23 18:26:25 +0200: Memory Usage (478580K) : metal5_iprobe has 0 polygons
2026-08-23 18:26:25 +0200: Memory Usage (478708K) : metal5_diffprb has 0 polygons
2026-08-23 18:26:25 +0200: Memory Usage (478964K) : radhard_drw has 0 polygons
2026-08-23 18:26:25 +0200: Memory Usage (479092K) : memcap_drw has 0 polygons
2026-08-23 18:26:25 +0200: Memory Usage (479220K) : varicap_drw has 0 polygons
2026-08-23 18:26:25 +0200: Memory Usage (479348K) : intbondvia_drw has 0 polygons
2026-08-23 18:26:25 +0200: Memory Usage (479476K) : intbondmet_drw has 0 polygons
2026-08-23 18:26:25 +0200: Memory Usage (479604K) : devbondvia_drw has 0 polygons
2026-08-23 18:26:25 +0200: Memory Usage (479732K) : devbondmet_drw has 0 polygons
2026-08-23 18:26:25 +0200: Memory Usage (479860K) : devtrench_drw has 0 polygons
2026-08-23 18:26:25 +0200: Memory Usage (479988K) : redist_drw has 0 polygons
2026-08-23 18:26:25 +0200: Memory Usage (480244K) : graphbot_drw has 0 polygons
2026-08-23 18:26:25 +0200: Memory Usage (480372K) : graphtop_drw has 0 polygons
2026-08-23 18:26:25 +0200: Memory Usage (480500K) : antvia1_drw has 0 polygons
2026-08-23 18:26:25 +0200: Memory Usage (480628K) : antmetal2_drw has 0 polygons
2026-08-23 18:26:25 +0200: Memory Usage (480756K) : graphcont_drw has 0 polygons
2026-08-23 18:26:25 +0200: Memory Usage (480884K) : siwg_drw has 0 polygons
2026-08-23 18:26:25 +0200: Memory Usage (481012K) : siwg_filler has 0 polygons
2026-08-23 18:26:25 +0200: Memory Usage (481140K) : siwg_nofill has 0 polygons
2026-08-23 18:26:25 +0200: Memory Usage (481268K) : sigrating_drw has 0 polygons
2026-08-23 18:26:25 +0200: Memory Usage (481396K) : singrating_drw has 0 polygons
2026-08-23 18:26:25 +0200: Memory Usage (481652K) : graphpas_drw has 0 polygons
2026-08-23 18:26:25 +0200: Memory Usage (481780K) : emwind3_drw has 0 polygons
2026-08-23 18:26:25 +0200: Memory Usage (481908K) : emwihv3_drw has 0 polygons
2026-08-23 18:26:25 +0200: Memory Usage (482036K) : redbulay_drw has 0 polygons
2026-08-23 18:26:25 +0200: Memory Usage (482164K) : smos_drw has 0 polygons
2026-08-23 18:26:25 +0200: Memory Usage (482292K) : graphpad_drw has 0 polygons
2026-08-23 18:26:25 +0200: Memory Usage (482420K) : polimide_drw has 0 polygons
2026-08-23 18:26:25 +0200: Memory Usage (482548K) : polimide_pin has 0 polygons
2026-08-23 18:26:25 +0200: Memory Usage (482676K) : recog_drw has 0 polygons
2026-08-23 18:26:25 +0200: Memory Usage (482932K) : recog_pin has 0 polygons
2026-08-23 18:26:25 +0200: Memory Usage (483060K) : recog_esd has 0 polygons
2026-08-23 18:26:25 +0200: Memory Usage (483188K) : recog_diode has 0 polygons
2026-08-23 18:26:25 +0200: Memory Usage (483316K) : recog_tsv has 0 polygons
2026-08-23 18:26:25 +0200: Memory Usage (483444K) : recog_iprobe has 0 polygons
2026-08-23 18:26:25 +0200: Memory Usage (483572K) : recog_diffprb has 0 polygons
2026-08-23 18:26:25 +0200: Memory Usage (483700K) : recog_pillar has 0 polygons
2026-08-23 18:26:25 +0200: Memory Usage (483828K) : recog_sbump has 0 polygons
2026-08-23 18:26:25 +0200: Memory Usage (483956K) : recog_otp has 0 polygons
2026-08-23 18:26:25 +0200: Memory Usage (484084K) : recog_pdiode has 0 polygons
2026-08-23 18:26:25 +0200: Memory Usage (484340K) : recog_mom has 0 polygons
2026-08-23 18:26:25 +0200: Memory Usage (484468K) : recog_pcm has 0 polygons
2026-08-23 18:26:25 +0200: Memory Usage (484596K) : colopen_drw has 0 polygons
2026-08-23 18:26:25 +0200: Memory Usage (484724K) : graphmetal1_drw has 0 polygons
2026-08-23 18:26:25 +0200: Memory Usage (484852K) : graphmetal1_filler has 0 polygons
2026-08-23 18:26:25 +0200: Memory Usage (484980K) : graphmetal1_nofill has 0 polygons
2026-08-23 18:26:25 +0200: Memory Usage (485108K) : graphmetal1_slit has 0 polygons
2026-08-23 18:26:25 +0200: Memory Usage (485236K) : graphmetal1_OPC has 0 polygons
2026-08-23 18:26:25 +0200: Memory Usage (485364K) : graphmet1l_drw has 0 polygons
2026-08-23 18:26:25 +0200: Memory Usage (485620K) : graphmet1l_filler has 0 polygons
2026-08-23 18:26:25 +0200: Memory Usage (485620K) : graphmet1l_nofill has 0 polygons
2026-08-23 18:26:25 +0200: Memory Usage (485620K) : graphmet1l_slit has 0 polygons
2026-08-23 18:26:25 +0200: Memory Usage (485620K) : graphmet1l_OPC has 0 polygons
2026-08-23 18:26:25 +0200: Memory Usage (485620K) : extblock_drw has 0 polygons
2026-08-23 18:26:25 +0200: Memory Usage (485620K) : nldd_drw has 0 polygons
2026-08-23 18:26:25 +0200: Memory Usage (485620K) : pldd_drw has 0 polygons
2026-08-23 18:26:25 +0200: Memory Usage (485620K) : next_drw has 0 polygons
2026-08-23 18:26:25 +0200: Memory Usage (485620K) : pext_drw has 0 polygons
2026-08-23 18:26:25 +0200: Memory Usage (485620K) : nexthv_drw has 0 polygons
2026-08-23 18:26:25 +0200: Memory Usage (485620K) : pexthv_drw has 0 polygons
2026-08-23 18:26:25 +0200: Memory Usage (485620K) : graphgate_drw has 0 polygons
2026-08-23 18:26:25 +0200: Memory Usage (485620K) : sinwg_drw has 0 polygons
2026-08-23 18:26:25 +0200: Memory Usage (485620K) : sinwg_filler has 0 polygons
2026-08-23 18:26:25 +0200: Memory Usage (485620K) : sinwg_nofill has 0 polygons
2026-08-23 18:26:25 +0200: Memory Usage (485620K) : mempad_drw has 0 polygons
2026-08-23 18:26:25 +0200: Memory Usage (485620K) : topvia1_drw has 0 polygons
2026-08-23 18:26:25 +0200: Memory Usage (485620K) : topmetal1_drw has 0 polygons
2026-08-23 18:26:25 +0200: Memory Usage (485620K) : topmetal1_filler has 0 polygons
2026-08-23 18:26:25 +0200: Memory Usage (485620K) : topmetal1_slit has 0 polygons
2026-08-23 18:26:25 +0200: Memory Usage (485620K) : topmetal1 has 0 polygons
2026-08-23 18:26:25 +0200: Memory Usage (485620K) : topmetal1_pin has 0 polygons
2026-08-23 18:26:25 +0200: Memory Usage (485620K) : topmetal1_mask has 0 polygons
2026-08-23 18:26:25 +0200: Memory Usage (485620K) : topmetal1_nofill has 0 polygons
2026-08-23 18:26:25 +0200: Memory Usage (485620K) : topmetal1_text has 0 polygons
2026-08-23 18:26:25 +0200: Memory Usage (485620K) : topmetal1_noqrc has 0 polygons
2026-08-23 18:26:25 +0200: Memory Usage (485620K) : topmetal1_res has 0 polygons
2026-08-23 18:26:25 +0200: Memory Usage (485620K) : topmetal1_iprobe has 0 polygons
2026-08-23 18:26:25 +0200: Memory Usage (485620K) : topmetal1_diffprb has 0 polygons
2026-08-23 18:26:25 +0200: Memory Usage (485620K) : inldpwl_drw has 0 polygons
2026-08-23 18:26:25 +0200: Memory Usage (485620K) : polyres_drw has 0 polygons
2026-08-23 18:26:25 +0200: Memory Usage (485620K) : polyres_pin has 0 polygons
2026-08-23 18:26:25 +0200: Memory Usage (485620K) : vmim_drw has 0 polygons
2026-08-23 18:26:25 +0200: Memory Usage (485620K) : nbulaycut_drw has 0 polygons
2026-08-23 18:26:25 +0200: Memory Usage (485620K) : antmetal1_drw has 0 polygons
2026-08-23 18:26:25 +0200: Memory Usage (485620K) : topvia2_drw has 0 polygons
2026-08-23 18:26:25 +0200: Memory Usage (485620K) : topmetal2_drw has 0 polygons
2026-08-23 18:26:25 +0200: Memory Usage (485620K) : topmetal2_filler has 0 polygons
2026-08-23 18:26:25 +0200: Memory Usage (485620K) : topmetal2_slit has 0 polygons
2026-08-23 18:26:25 +0200: Memory Usage (485620K) : topmetal2 has 0 polygons
2026-08-23 18:26:25 +0200: Memory Usage (485620K) : topmetal2_pin has 0 polygons
2026-08-23 18:26:25 +0200: Memory Usage (485620K) : topmetal2_mask has 0 polygons
2026-08-23 18:26:25 +0200: Memory Usage (485620K) : topmetal2_nofill has 0 polygons
2026-08-23 18:26:25 +0200: Memory Usage (485620K) : topmetal2_text has 0 polygons
2026-08-23 18:26:25 +0200: Memory Usage (485620K) : topmetal2_noqrc has 0 polygons
2026-08-23 18:26:25 +0200: Memory Usage (485620K) : topmetal2_res has 0 polygons
2026-08-23 18:26:25 +0200: Memory Usage (485620K) : topmetal2_iprobe has 0 polygons
2026-08-23 18:26:25 +0200: Memory Usage (485620K) : topmetal2_diffprb has 0 polygons
2026-08-23 18:26:25 +0200: Memory Usage (485620K) : snsring_drw has 0 polygons
2026-08-23 18:26:25 +0200: Memory Usage (485620K) : sensor_drw has 0 polygons
2026-08-23 18:26:25 +0200: Memory Usage (485748K) : snsarms_drw has 0 polygons
2026-08-23 18:26:25 +0200: Memory Usage (485748K) : snscmosvia_drw has 0 polygons
2026-08-23 18:26:25 +0200: Memory Usage (485748K) : colwind_drw has 0 polygons
2026-08-23 18:26:25 +0200: Memory Usage (485876K) : flm_drw has 0 polygons
2026-08-23 18:26:25 +0200: Memory Usage (486004K) : hafniumox_drw has 0 polygons
2026-08-23 18:26:25 +0200: Memory Usage (486132K) : memvia_drw has 0 polygons
2026-08-23 18:26:25 +0200: Memory Usage (486260K) : thinfilmres_drw has 0 polygons
2026-08-23 18:26:25 +0200: Memory Usage (486388K) : rfmem_drw has 0 polygons
2026-08-23 18:26:25 +0200: Memory Usage (486516K) : norcx_drw has 0 polygons
2026-08-23 18:26:25 +0200: Memory Usage (486644K) : norcx_m2m3 has 0 polygons
2026-08-23 18:26:25 +0200: Memory Usage (486644K) : norcx_m2m4 has 0 polygons
2026-08-23 18:26:25 +0200: Memory Usage (486644K) : norcx_m2m5 has 0 polygons
2026-08-23 18:26:25 +0200: Memory Usage (486644K) : norcx_m2tm1 has 0 polygons
2026-08-23 18:26:25 +0200: Memory Usage (486644K) : norcx_m2tm2 has 0 polygons
2026-08-23 18:26:26 +0200: Memory Usage (486644K) : norcx_m3m4 has 0 polygons
2026-08-23 18:26:26 +0200: Memory Usage (486644K) : norcx_m3m5 has 0 polygons
2026-08-23 18:26:26 +0200: Memory Usage (486644K) : norcx_m3tm1 has 0 polygons
2026-08-23 18:26:26 +0200: Memory Usage (486644K) : norcx_m3tm2 has 0 polygons
2026-08-23 18:26:26 +0200: Memory Usage (486644K) : norcx_m4m5 has 0 polygons
2026-08-23 18:26:26 +0200: Memory Usage (486644K) : norcx_m4tm1 has 0 polygons
2026-08-23 18:26:26 +0200: Memory Usage (486644K) : norcx_m4tm2 has 0 polygons
2026-08-23 18:26:26 +0200: Memory Usage (486644K) : norcx_m5tm1 has 0 polygons
2026-08-23 18:26:26 +0200: Memory Usage (486644K) : norcx_m5tm2 has 0 polygons
2026-08-23 18:26:26 +0200: Memory Usage (486644K) : norcx_tm1tm2 has 0 polygons
2026-08-23 18:26:26 +0200: Memory Usage (486644K) : norcx_m1sub has 0 polygons
2026-08-23 18:26:26 +0200: Memory Usage (486644K) : norcx_m2sub has 0 polygons
2026-08-23 18:26:26 +0200: Memory Usage (486644K) : norcx_m3sub has 0 polygons
2026-08-23 18:26:26 +0200: Memory Usage (486644K) : norcx_m4sub has 0 polygons
2026-08-23 18:26:26 +0200: Memory Usage (486644K) : norcx_m5sub has 0 polygons
2026-08-23 18:26:26 +0200: Memory Usage (486644K) : norcx_tm1sub has 0 polygons
2026-08-23 18:26:26 +0200: Memory Usage (486644K) : norcx_tm2sub has 0 polygons
2026-08-23 18:26:26 +0200: Memory Usage (486644K) : snsbotvia_drw has 0 polygons
2026-08-23 18:26:26 +0200: Memory Usage (486644K) : snstopvia_drw has 0 polygons
2026-08-23 18:26:26 +0200: Memory Usage (486644K) : deepvia_drw has 0 polygons
2026-08-23 18:26:26 +0200: Memory Usage (486644K) : fgetch_drw has 0 polygons
2026-08-23 18:26:26 +0200: Memory Usage (486644K) : ctrgat_drw has 0 polygons
2026-08-23 18:26:26 +0200: Memory Usage (486644K) : fgimp_drw has 0 polygons
2026-08-23 18:26:26 +0200: Memory Usage (486644K) : emwihv_drw has 0 polygons
2026-08-23 18:26:26 +0200: Memory Usage (486644K) : lbe_drw has 0 polygons
2026-08-23 18:26:26 +0200: Memory Usage (486644K) : alcustop_drw has 0 polygons
2026-08-23 18:26:26 +0200: Memory Usage (486644K) : nometfiller_drw has 0 polygons
2026-08-23 18:26:26 +0200: Memory Usage (486644K) : prboundary_drw has 0 polygons
2026-08-23 18:26:26 +0200: Memory Usage (486644K) : exchange0_drw has 0 polygons
2026-08-23 18:26:26 +0200: Memory Usage (486644K) : exchange0_pin has 0 polygons
2026-08-23 18:26:26 +0200: Memory Usage (486644K) : exchange0_text has 0 polygons
2026-08-23 18:26:26 +0200: Memory Usage (486644K) : exchange1_drw has 0 polygons
2026-08-23 18:26:26 +0200: Memory Usage (486644K) : exchange1_pin has 0 polygons
2026-08-23 18:26:26 +0200: Memory Usage (486644K) : exchange1_text has 0 polygons
2026-08-23 18:26:26 +0200: Memory Usage (486644K) : exchange2_drw has 0 polygons
2026-08-23 18:26:26 +0200: Memory Usage (486644K) : exchange2_pin has 0 polygons
2026-08-23 18:26:26 +0200: Memory Usage (486644K) : exchange2_text has 0 polygons
2026-08-23 18:26:26 +0200: Memory Usage (486644K) : exchange3_drw has 0 polygons
2026-08-23 18:26:26 +0200: Memory Usage (486644K) : exchange3_pin has 0 polygons
2026-08-23 18:26:26 +0200: Memory Usage (486644K) : exchange3_text has 0 polygons
2026-08-23 18:26:26 +0200: Memory Usage (486644K) : exchange4_drw has 0 polygons
2026-08-23 18:26:26 +0200: Memory Usage (486644K) : exchange4_pin has 0 polygons
2026-08-23 18:26:26 +0200: Memory Usage (486644K) : exchange4_text has 0 polygons
2026-08-23 18:26:26 +0200: Memory Usage (486644K) : isonwell_drw has 0 polygons
2026-08-23 18:26:26 +0200: Memory Usage (486644K) : Total no. of polygons in the design is 70
2026-08-23 18:26:26 +0200: Memory Usage (486644K) : Starting CMOS5L Forbidden Layer Check
2026-08-23 18:26:26 +0200: Memory Usage (486644K) : CMOS5L Forbidden Layer Check: PASSED - No forbidden layers found
2026-08-23 18:26:26 +0200: Memory Usage (486644K) : CMOS5L Forbidden Layer Check: PASSED
2026-08-23 18:26:26 +0200: Memory Usage (486644K) : Starting base layers derivations
2026-08-23 18:26:26 +0200: Memory Usage (486644K) : Starting general LVS derivations
2026-08-23 18:26:26 +0200: Memory Usage (488252K) : Starting MOSFET DERIVATIONS
2026-08-23 18:26:26 +0200: Memory Usage (488380K) : Starting NMOS DERIVATIONS
2026-08-23 18:26:26 +0200: Memory Usage (488380K) : Starting PMOS DERIVATIONS
2026-08-23 18:26:26 +0200: Memory Usage (488380K) : Starting RF-MOSFET DERIVATIONS
2026-08-23 18:26:26 +0200: Memory Usage (488380K) : Starting RF-NMOS DERIVATIONS
2026-08-23 18:26:26 +0200: Memory Usage (488380K) : Starting RF-PMOS DERIVATIONS
2026-08-23 18:26:26 +0200: Memory Usage (488380K) : Starting BJT DERIVATIONS
2026-08-23 18:26:26 +0200: Memory Usage (488380K) : Starting NPN-BJT DERIVATIONS
2026-08-23 18:26:26 +0200: Memory Usage (488380K) : Starting PNP-BJT DERIVATIONS
2026-08-23 18:26:26 +0200: Memory Usage (488380K) : Starting DIODE DERIVATIONS
2026-08-23 18:26:26 +0200: Memory Usage (488380K) : Starting RESISTOR DERIVATIONS
2026-08-23 18:26:26 +0200: Memory Usage (489404K) : Starting CAP DERIVATIONS
2026-08-23 18:26:26 +0200: Memory Usage (489788K) : Starting CAP_MFRINGE DERIVATIONS
2026-08-23 18:26:26 +0200: Memory Usage (489788K) : Starting ESD DERIVATIONS
2026-08-23 18:26:26 +0200: Memory Usage (489788K) : Starting Inductor DERIVATIONS
2026-08-23 18:26:26 +0200: Memory Usage (489788K) : Starting Taps DERIVATIONS
2026-08-23 18:26:26 +0200: Memory Usage (489788K) : Starting SG13G2 LVS connectivity setup
2026-08-23 18:26:26 +0200: Memory Usage (489788K) : Starting SG13G2 LVS connectivity setup (Inter-layer)
2026-08-23 18:26:26 +0200: Memory Usage (490232K) : Starting SG13G2 LVS connectivity setup (Global)
2026-08-23 18:26:26 +0200: Memory Usage (490232K) : Starting LVS MOSFET CONNECTIONS
2026-08-23 18:26:26 +0200: Memory Usage (490232K) : Starting LVS RF-MOSFET CONNECTIONS
2026-08-23 18:26:26 +0200: Memory Usage (490232K) : Starting LVS BJT CONNECTIONS
2026-08-23 18:26:26 +0200: Memory Usage (490232K) : Starting LVS DIODE CONNECTIONS
2026-08-23 18:26:26 +0200: Memory Usage (490232K) : Starting RESISTOR CONNECTIONS
2026-08-23 18:26:26 +0200: Memory Usage (490232K) : Starting LVS CAP CONNECTIONS
2026-08-23 18:26:26 +0200: Memory Usage (490232K) : Starting ESD CONNECTIONS
2026-08-23 18:26:26 +0200: Memory Usage (490360K) : Starting Inductor CONNECTIONS
2026-08-23 18:26:26 +0200: Memory Usage (490360K) : Starting LVS Taps CONNECTIONS
2026-08-23 18:26:26 +0200: Memory Usage (490360K) : Starting CAP_MFRINGE CONNECTIONS
2026-08-23 18:26:26 +0200: Memory Usage (490360K) : Starting SG13CMOS5L LVS DEVICES EXTRACTION
2026-08-23 18:26:26 +0200: Memory Usage (490360K) : Starting MOSFET EXTRACTION
2026-08-23 18:26:26 +0200: Memory Usage (490360K) : Starting NMOS EXTRACTION
2026-08-23 18:26:26 +0200: Memory Usage (490360K) : Extraction of NMOS-LV transistor
2026-08-23 18:26:26 +0200: Memory Usage (491128K) : Extraction of NMOS-HV transistor
2026-08-23 18:26:26 +0200: Memory Usage (491256K) : Starting PMOS EXTRACTION
2026-08-23 18:26:26 +0200: Memory Usage (491256K) : Extraction of PMOS-LV transistor
2026-08-23 18:26:26 +0200: Memory Usage (491256K) : Extraction of PMOS-HV transistor
2026-08-23 18:26:26 +0200: Memory Usage (491256K) : Starting RF-MOSFET EXTRACTION
2026-08-23 18:26:26 +0200: Memory Usage (491256K) : Extraction of RF-NMOS-LV transistor
2026-08-23 18:26:26 +0200: Memory Usage (491256K) : Extraction of RF-NMOS-HV transistor
2026-08-23 18:26:26 +0200: Memory Usage (491256K) : Extraction of RF-PMOS-LV transistor
2026-08-23 18:26:26 +0200: Memory Usage (491256K) : Extraction of RF-PMOS-HV transistor
2026-08-23 18:26:26 +0200: Memory Usage (491256K) : Starting BJT EXTRACTION
2026-08-23 18:26:26 +0200: Memory Usage (491256K) : Starting NPN-BJT EXTRACTION
2026-08-23 18:26:26 +0200: Memory Usage (491256K) : Extraction of npn13G2 BJT transistor
2026-08-23 18:26:26 +0200: Memory Usage (491256K) : Extraction of npn13G2L BJT transistor
2026-08-23 18:26:26 +0200: Memory Usage (491256K) : Extraction of npn13G2V BJT transistor
2026-08-23 18:26:26 +0200: Memory Usage (491256K) : Starting PNP-BJT EXTRACTION
2026-08-23 18:26:26 +0200: Memory Usage (491256K) : Extracting pnpMPA BJT
2026-08-23 18:26:26 +0200: Memory Usage (491256K) : Starting DIODE EXTRACTION
2026-08-23 18:26:26 +0200: Memory Usage (491256K) : Extracting dantenna diode
2026-08-23 18:26:26 +0200: Memory Usage (491256K) : Extracting dpantenna diode
2026-08-23 18:26:26 +0200: Memory Usage (491256K) : Extracting schottky_nbl1 diode
2026-08-23 18:26:26 +0200: Memory Usage (491256K) : Extracting isolbox diode
2026-08-23 18:26:26 +0200: Memory Usage (491256K) : Starting RESISTOR EXTRACTION
2026-08-23 18:26:26 +0200: Memory Usage (491256K) : Extracting rsil resistor
2026-08-23 18:26:26 +0200: Memory Usage (491256K) : Extracting rppd resistor
2026-08-23 18:26:26 +0200: Memory Usage (491256K) : Extracting rhigh resistor
2026-08-23 18:26:26 +0200: Memory Usage (491256K) : Extracting res_metal1 resistor
2026-08-23 18:26:26 +0200: Memory Usage (491256K) : Extracting res_metal2 resistor
2026-08-23 18:26:26 +0200: Memory Usage (491256K) : Extracting res_metal3 resistor
2026-08-23 18:26:26 +0200: Memory Usage (491256K) : Extracting res_metal4 resistor
2026-08-23 18:26:26 +0200: Memory Usage (491256K) : Extracting res_metal5 resistor
2026-08-23 18:26:26 +0200: Memory Usage (491256K) : Extracting res_topmetal1 resistor
2026-08-23 18:26:26 +0200: Memory Usage (491256K) : Extracting res_topmetal2 resistor
2026-08-23 18:26:26 +0200: Memory Usage (491256K) : Starting CAP EXTRACTION
2026-08-23 18:26:26 +0200: Memory Usage (491256K) : Extracting cap_cmim device
2026-08-23 18:26:26 +0200: Memory Usage (491256K) : Extracting rfcmim device
2026-08-23 18:26:26 +0200: Memory Usage (491256K) : Extracting sg13_hv_svaricap varactor
2026-08-23 18:26:26 +0200: Memory Usage (491256K) : Extracting cap_mfringe device
2026-08-23 18:26:26 +0200: Memory Usage (491256K) : Starting ESD EXTRACTION
2026-08-23 18:26:26 +0200: Memory Usage (491256K) : Extracting diodevdd_2kv ESD device
2026-08-23 18:26:26 +0200: Memory Usage (491256K) : Extracting diodevdd_4kv ESD device
2026-08-23 18:26:26 +0200: Memory Usage (491256K) : Extracting diodevss_2kv ESD device
2026-08-23 18:26:26 +0200: Memory Usage (491256K) : Extracting diodevss_4kv ESD device
2026-08-23 18:26:26 +0200: Memory Usage (491256K) : Extracting idiodevdd_2kv ESD device
2026-08-23 18:26:26 +0200: Memory Usage (491256K) : Extracting idiodevdd_4kv ESD device
2026-08-23 18:26:26 +0200: Memory Usage (491256K) : Extracting idiodevss_2kv ESD device
2026-08-23 18:26:26 +0200: Memory Usage (491256K) : Extracting idiodevss_4kv ESD device
2026-08-23 18:26:26 +0200: Memory Usage (491256K) : Extracting nmoscl_2 ESD device
2026-08-23 18:26:26 +0200: Memory Usage (491256K) : Extracting nmoscl_4 ESD device
2026-08-23 18:26:26 +0200: Memory Usage (491256K) : Starting Inductor EXTRACTION
2026-08-23 18:26:26 +0200: Memory Usage (491256K) : Extracting Inductor2 device
2026-08-23 18:26:26 +0200: Memory Usage (491256K) : Extracting Inductor3 device
2026-08-23 18:26:26 +0200: Memory Usage (491256K) : Starting Taps EXTRACTION
2026-08-23 18:26:26 +0200: Memory Usage (491256K) : Extracting ntap1 device
2026-08-23 18:26:26 +0200: Memory Usage (491256K) : Extracting ptap1 device
2026-08-23 18:26:26 +0200: Memory Usage (491256K) : Starting SG13CMOS5L LVS RF MOS Model Mapping
2026-08-23 18:26:26 +0200: Memory Usage (491384K) : [layout_netlist] Apply RF MOS model mapping and rfmode parameter.
2026-08-23 18:26:26 +0200: Memory Usage (491384K) : Starting SG13CMOS5L LVS Options Preparations
2026-08-23 18:26:26 +0200: Memory Usage (491384K) : SG13CMOS5L LVS flow: extraction -> alignment -> option preparation -> comparison.
2026-08-23 18:26:26 +0200: Memory Usage (491384K) : Starting SG13CMOS5L LVS Alignment
2026-08-23 18:26:26 +0200: Memory Usage (491384K) : Starting SG13CMOS5L LVS Simplification
2026-08-23 18:26:26 +0200: Memory Usage (491384K) : [layout_netlist] simplify: ENABLED
2026-08-23 18:26:26 +0200: Memory Usage (491384K) : [layout_netlist] make_top_level_pins: SKIPPED
2026-08-23 18:26:26 +0200: Memory Usage (491384K) : [layout_netlist] combine_devices: SKIPPED
2026-08-23 18:26:26 +0200: Memory Usage (491384K) : [layout_netlist] purge: SKIPPED
2026-08-23 18:26:26 +0200: Memory Usage (491384K) : [layout_netlist] purge_nets: SKIPPED
2026-08-23 18:26:26 +0200: Memory Usage (491384K) : [schematic_netlist] simplify: ENABLED
2026-08-23 18:26:26 +0200: Memory Usage (491384K) : [schematic_netlist] make_top_level_pins: SKIPPED
2026-08-23 18:26:26 +0200: Memory Usage (491384K) : [schematic_netlist] combine_devices: SKIPPED
2026-08-23 18:26:26 +0200: Memory Usage (491384K) : [schematic_netlist] purge: SKIPPED
2026-08-23 18:26:26 +0200: Memory Usage (491384K) : [schematic_netlist] purge_nets: SKIPPED
2026-08-23 18:26:26 +0200: Memory Usage (491384K) : Starting SG13CMOS5L LVS Comparison in strict port mode.
2026-08-23 18:26:26 +0200: Memory Usage (491384K) : flag_missing_ports enabled: missing/mislabeled top-level ports are treated as errors.
2026-08-23 18:26:26 +0200: Memory Usage (491512K) : xxxxxxxxxxxxxxxxxxxxxxxxxxxxxxxxxxxxxxxxxx
2026-08-23 18:26:26 +0200: Memory Usage (491512K) : ERROR : Netlists don't match
2026-08-23 18:26:26 +0200: Memory Usage (491512K) : xxxxxxxxxxxxxxxxxxxxxxxxxxxxxxxxxxxxxxxxxx
2026-08-23 18:26:26 +0200: Memory Usage (491512K) : LVS Total Run time 1.076678 seconds
