# Logfile created on 2026-07-07 20:46:24 +0200 by logger.rb/v1.5.3
2026-07-07 20:46:24 +0200: Memory Usage (453560K) : Starting running IHP-SG13G2 KLayout DRC runset on /foss/designs/CHIP-PLL/layout/CP/curr_source.oas
2026-07-07 20:46:24 +0200: Memory Usage (453560K) : Ruby Version for klayout: 3.2.3
2026-07-07 20:46:24 +0200: Memory Usage (455352K) : Loading database to memory is complete.
2026-07-07 20:46:24 +0200: Memory Usage (455352K) : IHP-SG13G2 KLayout DRC runset output at: /foss/designs/CHIP-PLL/layout/CP/drc_run_curr_source/curr_source_curr_source_main.lyrdb
2026-07-07 20:46:24 +0200: Memory Usage (455352K) : Evaluate switches.
2026-07-07 20:46:24 +0200: Memory Usage (455352K) : tables selected: main
2026-07-07 20:46:24 +0200: Memory Usage (455352K) : KLayout will use 1 thread(s) in tiling mode.
2026-07-07 20:46:24 +0200: Memory Usage (455352K) : deep mode is enabled.
2026-07-07 20:46:24 +0200: Memory Usage (455352K) : FEOL enabled: true
2026-07-07 20:46:24 +0200: Memory Usage (455352K) : BEOL enabled: true
2026-07-07 20:46:24 +0200: Memory Usage (455352K) : OFFGRID enabled: true
2026-07-07 20:46:24 +0200: Memory Usage (455352K) : PIN enabled: true
2026-07-07 20:46:24 +0200: Memory Usage (455352K) : FORBIDDEN enabled: true
2026-07-07 20:46:24 +0200: Memory Usage (455352K) : RECOMMENDED enabled: true
2026-07-07 20:46:24 +0200: Memory Usage (455352K) : PreCheck DRC enabled: false
2026-07-07 20:46:24 +0200: Memory Usage (455352K) : CONNECTIVITY_RULES enabled: true.
2026-07-07 20:46:24 +0200: Memory Usage (455352K) : Read in polygons from layers.
2026-07-07 20:46:24 +0200: Memory Usage (456660K) : activ_drw has 37 polygons
2026-07-07 20:46:24 +0200: Memory Usage (456660K) : activ_pin has 0 polygons
2026-07-07 20:46:24 +0200: Memory Usage (456660K) : activ_mask has 0 polygons
2026-07-07 20:46:24 +0200: Memory Usage (456660K) : activ_filler has 0 polygons
2026-07-07 20:46:24 +0200: Memory Usage (456660K) : activ_nofill has 0 polygons
2026-07-07 20:46:24 +0200: Memory Usage (456660K) : activ_opc has 0 polygons
2026-07-07 20:46:24 +0200: Memory Usage (456660K) : activ_iopc has 0 polygons
2026-07-07 20:46:24 +0200: Memory Usage (456660K) : activ_noqrc has 0 polygons
2026-07-07 20:46:24 +0200: Memory Usage (456660K) : biwind_drw has 0 polygons
2026-07-07 20:46:24 +0200: Memory Usage (456660K) : biwind_opc has 0 polygons
2026-07-07 20:46:24 +0200: Memory Usage (456660K) : pemwind_drw has 0 polygons
2026-07-07 20:46:24 +0200: Memory Usage (456660K) : gatpoly_drw has 17 polygons
2026-07-07 20:46:24 +0200: Memory Usage (456660K) : gatpoly_pin has 5 polygons
2026-07-07 20:46:24 +0200: Memory Usage (456660K) : gatpoly_filler has 0 polygons
2026-07-07 20:46:24 +0200: Memory Usage (456660K) : gatpoly_nofill has 0 polygons
2026-07-07 20:46:24 +0200: Memory Usage (456660K) : gatpoly_opc has 0 polygons
2026-07-07 20:46:24 +0200: Memory Usage (456660K) : gatpoly_iopc has 0 polygons
2026-07-07 20:46:24 +0200: Memory Usage (456660K) : gatpoly_noqrc has 0 polygons
2026-07-07 20:46:24 +0200: Memory Usage (456660K) : cont_drw has 117 polygons
2026-07-07 20:46:24 +0200: Memory Usage (456660K) : cont_opc has 0 polygons
2026-07-07 20:46:24 +0200: Memory Usage (456660K) : nsd_drw has 0 polygons
2026-07-07 20:46:24 +0200: Memory Usage (456660K) : nsd_block has 0 polygons
2026-07-07 20:46:24 +0200: Memory Usage (457044K) : metal1_drw has 72 polygons
2026-07-07 20:46:24 +0200: Memory Usage (457172K) : metal1_pin has 30 polygons
2026-07-07 20:46:24 +0200: Memory Usage (457172K) : metal1_mask has 0 polygons
2026-07-07 20:46:24 +0200: Memory Usage (457172K) : metal1_filler has 0 polygons
2026-07-07 20:46:24 +0200: Memory Usage (457428K) : metal1_nofill has 0 polygons
2026-07-07 20:46:24 +0200: Memory Usage (457428K) : metal1_slit has 0 polygons
2026-07-07 20:46:24 +0200: Memory Usage (457556K) : metal1_text has 2 polygons
2026-07-07 20:46:24 +0200: Memory Usage (457556K) : metal1_opc has 0 polygons
2026-07-07 20:46:24 +0200: Memory Usage (457556K) : metal1_noqrc has 0 polygons
2026-07-07 20:46:24 +0200: Memory Usage (457556K) : metal1_res has 0 polygons
2026-07-07 20:46:24 +0200: Memory Usage (457684K) : metal1_iprobe has 0 polygons
2026-07-07 20:46:24 +0200: Memory Usage (457684K) : metal1_diffprb has 0 polygons
2026-07-07 20:46:24 +0200: Memory Usage (457812K) : passiv_drw has 0 polygons
2026-07-07 20:46:24 +0200: Memory Usage (457812K) : passiv_pin has 0 polygons
2026-07-07 20:46:24 +0200: Memory Usage (457940K) : passiv_sbump has 0 polygons
2026-07-07 20:46:24 +0200: Memory Usage (457940K) : passiv_pillar has 0 polygons
2026-07-07 20:46:24 +0200: Memory Usage (458068K) : passiv_pdl has 0 polygons
2026-07-07 20:46:24 +0200: Memory Usage (458068K) : metal2_drw has 21 polygons
2026-07-07 20:46:24 +0200: Memory Usage (458068K) : metal2_pin has 1 polygons
2026-07-07 20:46:24 +0200: Memory Usage (458196K) : metal2_mask has 0 polygons
2026-07-07 20:46:24 +0200: Memory Usage (458196K) : metal2_filler has 0 polygons
2026-07-07 20:46:24 +0200: Memory Usage (458324K) : metal2_nofill has 0 polygons
2026-07-07 20:46:24 +0200: Memory Usage (458324K) : metal2_slit has 0 polygons
2026-07-07 20:46:24 +0200: Memory Usage (458452K) : metal2_text has 1 polygons
2026-07-07 20:46:24 +0200: Memory Usage (458452K) : metal2_opc has 0 polygons
2026-07-07 20:46:24 +0200: Memory Usage (458452K) : metal2_noqrc has 0 polygons
2026-07-07 20:46:24 +0200: Memory Usage (458580K) : metal2_res has 0 polygons
2026-07-07 20:46:24 +0200: Memory Usage (458708K) : metal2_iprobe has 0 polygons
2026-07-07 20:46:24 +0200: Memory Usage (458708K) : metal2_diffprb has 0 polygons
2026-07-07 20:46:24 +0200: Memory Usage (458836K) : baspoly_drw has 0 polygons
2026-07-07 20:46:24 +0200: Memory Usage (458836K) : baspoly_pin has 0 polygons
2026-07-07 20:46:24 +0200: Memory Usage (458836K) : psd_drw has 13 polygons
2026-07-07 20:46:24 +0200: Memory Usage (458964K) : nldb_drw has 0 polygons
2026-07-07 20:46:24 +0200: Memory Usage (458964K) : digibnd_drw has 0 polygons
2026-07-07 20:46:24 +0200: Memory Usage (459092K) : via1_drw has 9 polygons
2026-07-07 20:46:24 +0200: Memory Usage (459092K) : backmetal1_drw has 0 polygons
2026-07-07 20:46:24 +0200: Memory Usage (459220K) : backmetal1_pin has 0 polygons
2026-07-07 20:46:24 +0200: Memory Usage (459220K) : backmetal1_mask has 0 polygons
2026-07-07 20:46:24 +0200: Memory Usage (459220K) : backmetal1_filler has 0 polygons
2026-07-07 20:46:24 +0200: Memory Usage (459348K) : backmetal1_nofill has 0 polygons
2026-07-07 20:46:24 +0200: Memory Usage (459348K) : backmetal1_slit has 0 polygons
2026-07-07 20:46:24 +0200: Memory Usage (459476K) : backmetal1_text has 0 polygons
2026-07-07 20:46:24 +0200: Memory Usage (459476K) : backmetal1_opc has 0 polygons
2026-07-07 20:46:24 +0200: Memory Usage (459604K) : backmetal1_noqrc has 0 polygons
2026-07-07 20:46:24 +0200: Memory Usage (459604K) : backmetal1_res has 0 polygons
2026-07-07 20:46:24 +0200: Memory Usage (459732K) : backmetal1_iprobe has 0 polygons
2026-07-07 20:46:24 +0200: Memory Usage (459732K) : backmetal1_diffprb has 0 polygons
2026-07-07 20:46:24 +0200: Memory Usage (459732K) : backpassiv_drw has 0 polygons
2026-07-07 20:46:24 +0200: Memory Usage (459860K) : res_drw has 0 polygons
2026-07-07 20:46:24 +0200: Memory Usage (459860K) : sram_drw has 0 polygons
2026-07-07 20:46:24 +0200: Memory Usage (459988K) : trans_drw has 0 polygons
2026-07-07 20:46:24 +0200: Memory Usage (459988K) : ind_drw has 0 polygons
2026-07-07 20:46:24 +0200: Memory Usage (460116K) : ind_pin has 0 polygons
2026-07-07 20:46:24 +0200: Memory Usage (460116K) : ind_text has 0 polygons
2026-07-07 20:46:24 +0200: Memory Usage (460244K) : salblock_drw has 1 polygons
2026-07-07 20:46:24 +0200: Memory Usage (460244K) : via2_drw has 4 polygons
2026-07-07 20:46:24 +0200: Memory Usage (460372K) : metal3_drw has 9 polygons
2026-07-07 20:46:24 +0200: Memory Usage (460500K) : metal3_pin has 0 polygons
2026-07-07 20:46:24 +0200: Memory Usage (460500K) : metal3_mask has 0 polygons
2026-07-07 20:46:24 +0200: Memory Usage (460500K) : metal3_filler has 0 polygons
2026-07-07 20:46:24 +0200: Memory Usage (460628K) : metal3_nofill has 0 polygons
2026-07-07 20:46:24 +0200: Memory Usage (460628K) : metal3_slit has 0 polygons
2026-07-07 20:46:24 +0200: Memory Usage (460756K) : metal3_text has 0 polygons
2026-07-07 20:46:24 +0200: Memory Usage (460756K) : metal3_opc has 0 polygons
2026-07-07 20:46:24 +0200: Memory Usage (460884K) : metal3_noqrc has 0 polygons
2026-07-07 20:46:24 +0200: Memory Usage (461012K) : metal3_res has 0 polygons
2026-07-07 20:46:24 +0200: Memory Usage (461012K) : metal3_iprobe has 0 polygons
2026-07-07 20:46:24 +0200: Memory Usage (461012K) : metal3_diffprb has 0 polygons
2026-07-07 20:46:24 +0200: Memory Usage (461140K) : nwell_drw has 11 polygons
2026-07-07 20:46:24 +0200: Memory Usage (461140K) : nwell_pin has 0 polygons
2026-07-07 20:46:24 +0200: Memory Usage (461268K) : nbulay_drw has 8 polygons
2026-07-07 20:46:24 +0200: Memory Usage (461268K) : nbulay_pin has 0 polygons
2026-07-07 20:46:24 +0200: Memory Usage (461396K) : nbulay_block has 0 polygons
2026-07-07 20:46:24 +0200: Memory Usage (461396K) : emwind_drw has 0 polygons
2026-07-07 20:46:24 +0200: Memory Usage (461524K) : emwind_opc has 0 polygons
2026-07-07 20:46:24 +0200: Memory Usage (461524K) : deepco_drw has 0 polygons
2026-07-07 20:46:24 +0200: Memory Usage (461652K) : deepco_drw has 0 polygons
2026-07-07 20:46:24 +0200: Memory Usage (461652K) : mim_drw has 0 polygons
2026-07-07 20:46:24 +0200: Memory Usage (461780K) : edgeseal_drw has 0 polygons
2026-07-07 20:46:24 +0200: Memory Usage (461908K) : edgeseal_bound has 0 polygons
2026-07-07 20:46:24 +0200: Memory Usage (461908K) : substrate_drw has 2 polygons
2026-07-07 20:46:24 +0200: Memory Usage (461908K) : substrate_text has 0 polygons
2026-07-07 20:46:24 +0200: Memory Usage (462036K) : dfpad_drw has 0 polygons
2026-07-07 20:46:24 +0200: Memory Usage (462036K) : dfpad_pillar has 0 polygons
2026-07-07 20:46:24 +0200: Memory Usage (462164K) : dfpad_sbump has 0 polygons
2026-07-07 20:46:24 +0200: Memory Usage (462164K) : thickgateox_drw has 0 polygons
2026-07-07 20:46:24 +0200: Memory Usage (462292K) : pldb_drw has 0 polygons
2026-07-07 20:46:24 +0200: Memory Usage (462292K) : pwell_drw has 0 polygons
2026-07-07 20:46:24 +0200: Memory Usage (462292K) : pwell_pin has 0 polygons
2026-07-07 20:46:24 +0200: Memory Usage (462420K) : pwell_block has 0 polygons
2026-07-07 20:46:24 +0200: Memory Usage (462420K) : ic_drw has 0 polygons
2026-07-07 20:46:24 +0200: Memory Usage (462548K) : via3_drw has 0 polygons
2026-07-07 20:46:24 +0200: Memory Usage (462676K) : metal4_drw has 0 polygons
2026-07-07 20:46:24 +0200: Memory Usage (462676K) : metal4_pin has 0 polygons
2026-07-07 20:46:24 +0200: Memory Usage (462676K) : metal4_mask has 0 polygons
2026-07-07 20:46:24 +0200: Memory Usage (462804K) : metal4_filler has 0 polygons
2026-07-07 20:46:24 +0200: Memory Usage (462804K) : metal4_nofill has 0 polygons
2026-07-07 20:46:24 +0200: Memory Usage (462932K) : metal4_slit has 0 polygons
2026-07-07 20:46:24 +0200: Memory Usage (462932K) : metal4_text has 0 polygons
2026-07-07 20:46:24 +0200: Memory Usage (463060K) : metal4_opc has 0 polygons
2026-07-07 20:46:24 +0200: Memory Usage (463060K) : metal4_noqrc has 0 polygons
2026-07-07 20:46:24 +0200: Memory Usage (463060K) : metal4_res has 0 polygons
2026-07-07 20:46:24 +0200: Memory Usage (463188K) : metal4_iprobe has 0 polygons
2026-07-07 20:46:24 +0200: Memory Usage (463316K) : metal4_diffprb has 0 polygons
2026-07-07 20:46:24 +0200: Memory Usage (463316K) : heattrans_drw has 7 polygons
2026-07-07 20:46:24 +0200: Memory Usage (463444K) : heatres_drw has 1 polygons
2026-07-07 20:46:24 +0200: Memory Usage (463444K) : pempoly_drw has 0 polygons
2026-07-07 20:46:24 +0200: Memory Usage (463572K) : fbe_drw has 0 polygons
2026-07-07 20:46:24 +0200: Memory Usage (463572K) : empoly_drw has 0 polygons
2026-07-07 20:46:24 +0200: Memory Usage (463572K) : ldmos_drw has 0 polygons
2026-07-07 20:46:24 +0200: Memory Usage (463700K) : pbiwind_drw has 0 polygons
2026-07-07 20:46:24 +0200: Memory Usage (463828K) : digisub_drw has 0 polygons
2026-07-07 20:46:24 +0200: Memory Usage (463828K) : nodrc_drw has 0 polygons
2026-07-07 20:46:24 +0200: Memory Usage (463956K) : text_drw has 8 polygons
2026-07-07 20:46:24 +0200: Memory Usage (463956K) : via4_drw has 0 polygons
2026-07-07 20:46:24 +0200: Memory Usage (464084K) : metal5_drw has 0 polygons
2026-07-07 20:46:24 +0200: Memory Usage (464084K) : metal5_pin has 0 polygons
2026-07-07 20:46:24 +0200: Memory Usage (464084K) : metal5_mask has 0 polygons
2026-07-07 20:46:24 +0200: Memory Usage (464212K) : metal5_filler has 0 polygons
2026-07-07 20:46:24 +0200: Memory Usage (464212K) : metal5_nofill has 0 polygons
2026-07-07 20:46:24 +0200: Memory Usage (464340K) : metal5_slit has 0 polygons
2026-07-07 20:46:24 +0200: Memory Usage (464340K) : metal5_text has 0 polygons
2026-07-07 20:46:24 +0200: Memory Usage (464340K) : metal5_opc has 0 polygons
2026-07-07 20:46:24 +0200: Memory Usage (464468K) : metal5_noqrc has 0 polygons
2026-07-07 20:46:24 +0200: Memory Usage (464468K) : metal5_res has 0 polygons
2026-07-07 20:46:24 +0200: Memory Usage (464596K) : metal5_iprobe has 0 polygons
2026-07-07 20:46:24 +0200: Memory Usage (464596K) : metal5_diffprb has 0 polygons
2026-07-07 20:46:24 +0200: Memory Usage (464724K) : radhard_drw has 0 polygons
2026-07-07 20:46:24 +0200: Memory Usage (464852K) : memcap_drw has 0 polygons
2026-07-07 20:46:24 +0200: Memory Usage (464852K) : varicap_drw has 0 polygons
2026-07-07 20:46:24 +0200: Memory Usage (464980K) : flash_drw has 0 polygons
2026-07-07 20:46:24 +0200: Memory Usage (464980K) : intbondvia_drw has 0 polygons
2026-07-07 20:46:24 +0200: Memory Usage (465108K) : intbondmet_drw has 0 polygons
2026-07-07 20:46:24 +0200: Memory Usage (465108K) : devbondvia_drw has 0 polygons
2026-07-07 20:46:24 +0200: Memory Usage (465236K) : devbondmet_drw has 0 polygons
2026-07-07 20:46:24 +0200: Memory Usage (465236K) : devtrench_drw has 0 polygons
2026-07-07 20:46:24 +0200: Memory Usage (465236K) : redist_drw has 0 polygons
2026-07-07 20:46:24 +0200: Memory Usage (465364K) : graphbot_drw has 0 polygons
2026-07-07 20:46:24 +0200: Memory Usage (465364K) : graphtop_drw has 0 polygons
2026-07-07 20:46:24 +0200: Memory Usage (465492K) : antvia1_drw has 0 polygons
2026-07-07 20:46:24 +0200: Memory Usage (465492K) : antmetal2_drw has 0 polygons
2026-07-07 20:46:24 +0200: Memory Usage (465620K) : graphcont_drw has 0 polygons
2026-07-07 20:46:24 +0200: Memory Usage (465620K) : siwg_drw has 0 polygons
2026-07-07 20:46:24 +0200: Memory Usage (465748K) : siwg_filler has 0 polygons
2026-07-07 20:46:24 +0200: Memory Usage (465748K) : siwg_nofill has 0 polygons
2026-07-07 20:46:24 +0200: Memory Usage (465876K) : sigrating_drw has 0 polygons
2026-07-07 20:46:24 +0200: Memory Usage (465876K) : singrating_drw has 0 polygons
2026-07-07 20:46:24 +0200: Memory Usage (466004K) : graphpas_drw has 0 polygons
2026-07-07 20:46:24 +0200: Memory Usage (466004K) : emwind3_drw has 0 polygons
2026-07-07 20:46:24 +0200: Memory Usage (466004K) : emwihv3_drw has 0 polygons
2026-07-07 20:46:24 +0200: Memory Usage (466132K) : redbulay_drw has 0 polygons
2026-07-07 20:46:24 +0200: Memory Usage (466132K) : smos_drw has 0 polygons
2026-07-07 20:46:24 +0200: Memory Usage (466260K) : graphpad_drw has 0 polygons
2026-07-07 20:46:24 +0200: Memory Usage (466260K) : polimide_drw has 0 polygons
2026-07-07 20:46:24 +0200: Memory Usage (466388K) : polimide_pin has 0 polygons
2026-07-07 20:46:24 +0200: Memory Usage (466516K) : recog_drw has 0 polygons
2026-07-07 20:46:24 +0200: Memory Usage (466516K) : recog_pin has 0 polygons
2026-07-07 20:46:24 +0200: Memory Usage (466516K) : recog_esd has 0 polygons
2026-07-07 20:46:24 +0200: Memory Usage (466644K) : recog_diode has 0 polygons
2026-07-07 20:46:24 +0200: Memory Usage (466644K) : recog_tsv has 0 polygons
2026-07-07 20:46:24 +0200: Memory Usage (466772K) : recog_iprobe has 0 polygons
2026-07-07 20:46:24 +0200: Memory Usage (466772K) : recog_diffprb has 0 polygons
2026-07-07 20:46:24 +0200: Memory Usage (466772K) : recog_pillar has 0 polygons
2026-07-07 20:46:24 +0200: Memory Usage (466900K) : recog_sbump has 0 polygons
2026-07-07 20:46:24 +0200: Memory Usage (466900K) : recog_otp has 0 polygons
2026-07-07 20:46:24 +0200: Memory Usage (466900K) : recog_pdiode has 0 polygons
2026-07-07 20:46:24 +0200: Memory Usage (467028K) : recog_mom has 0 polygons
2026-07-07 20:46:24 +0200: Memory Usage (467028K) : recog_pcm has 0 polygons
2026-07-07 20:46:24 +0200: Memory Usage (467028K) : colopen_drw has 0 polygons
2026-07-07 20:46:24 +0200: Memory Usage (467028K) : graphmetal1_drw has 0 polygons
2026-07-07 20:46:24 +0200: Memory Usage (467156K) : graphmetal1_filler has 0 polygons
2026-07-07 20:46:24 +0200: Memory Usage (467156K) : graphmetal1_nofill has 0 polygons
2026-07-07 20:46:24 +0200: Memory Usage (467156K) : graphmetal1_slit has 0 polygons
2026-07-07 20:46:24 +0200: Memory Usage (467284K) : graphmetal1_opc has 0 polygons
2026-07-07 20:46:24 +0200: Memory Usage (467284K) : graphmet1l_drw has 0 polygons
2026-07-07 20:46:24 +0200: Memory Usage (467284K) : graphmet1l_filler has 0 polygons
2026-07-07 20:46:24 +0200: Memory Usage (467412K) : graphmet1l_nofill has 0 polygons
2026-07-07 20:46:24 +0200: Memory Usage (467412K) : graphmet1l_slit has 0 polygons
2026-07-07 20:46:24 +0200: Memory Usage (467412K) : graphmet1l_opc has 0 polygons
2026-07-07 20:46:24 +0200: Memory Usage (467412K) : extblock_drw has 3 polygons
2026-07-07 20:46:24 +0200: Memory Usage (467540K) : nldd_drw has 0 polygons
2026-07-07 20:46:24 +0200: Memory Usage (467540K) : pldd_drw has 0 polygons
2026-07-07 20:46:24 +0200: Memory Usage (467668K) : next_drw has 0 polygons
2026-07-07 20:46:24 +0200: Memory Usage (467668K) : pext_drw has 0 polygons
2026-07-07 20:46:24 +0200: Memory Usage (467668K) : nexthv_drw has 0 polygons
2026-07-07 20:46:24 +0200: Memory Usage (467796K) : pexthv_drw has 0 polygons
2026-07-07 20:46:24 +0200: Memory Usage (467796K) : graphgate_drw has 0 polygons
2026-07-07 20:46:24 +0200: Memory Usage (467924K) : sinwg_drw has 0 polygons
2026-07-07 20:46:24 +0200: Memory Usage (467924K) : sinwg_filler has 0 polygons
2026-07-07 20:46:24 +0200: Memory Usage (468052K) : sinwg_nofill has 0 polygons
2026-07-07 20:46:24 +0200: Memory Usage (468052K) : mempad_drw has 0 polygons
2026-07-07 20:46:24 +0200: Memory Usage (468052K) : topvia1_drw has 0 polygons
2026-07-07 20:46:24 +0200: Memory Usage (468180K) : topmetal1_drw has 0 polygons
2026-07-07 20:46:24 +0200: Memory Usage (468180K) : topmetal1_pin has 0 polygons
2026-07-07 20:46:24 +0200: Memory Usage (468180K) : topmetal1_mask has 0 polygons
2026-07-07 20:46:24 +0200: Memory Usage (468308K) : topmetal1_filler has 0 polygons
2026-07-07 20:46:24 +0200: Memory Usage (468308K) : topmetal1_nofill has 0 polygons
2026-07-07 20:46:24 +0200: Memory Usage (468308K) : topmetal1_slit has 0 polygons
2026-07-07 20:46:24 +0200: Memory Usage (468436K) : topmetal1_text has 0 polygons
2026-07-07 20:46:24 +0200: Memory Usage (468436K) : topmetal1_noqrc has 0 polygons
2026-07-07 20:46:24 +0200: Memory Usage (468436K) : topmetal1_res has 0 polygons
2026-07-07 20:46:24 +0200: Memory Usage (468564K) : topmetal1_iprobe has 0 polygons
2026-07-07 20:46:24 +0200: Memory Usage (468564K) : topmetal1_diffprb has 0 polygons
2026-07-07 20:46:24 +0200: Memory Usage (468564K) : inldpwl_drw has 0 polygons
2026-07-07 20:46:24 +0200: Memory Usage (468692K) : polyres_drw has 1 polygons
2026-07-07 20:46:24 +0200: Memory Usage (468692K) : polyres_pin has 0 polygons
2026-07-07 20:46:24 +0200: Memory Usage (468692K) : vmim_drw has 0 polygons
2026-07-07 20:46:24 +0200: Memory Usage (468820K) : nbulaycut_drw has 0 polygons
2026-07-07 20:46:24 +0200: Memory Usage (468820K) : antmetal1_drw has 0 polygons
2026-07-07 20:46:24 +0200: Memory Usage (468948K) : topvia2_drw has 0 polygons
2026-07-07 20:46:24 +0200: Memory Usage (468948K) : topmetal2_drw has 0 polygons
2026-07-07 20:46:24 +0200: Memory Usage (468948K) : topmetal2_pin has 0 polygons
2026-07-07 20:46:24 +0200: Memory Usage (469076K) : topmetal2_mask has 0 polygons
2026-07-07 20:46:24 +0200: Memory Usage (469076K) : topmetal2_filler has 0 polygons
2026-07-07 20:46:24 +0200: Memory Usage (469204K) : topmetal2_nofill has 0 polygons
2026-07-07 20:46:24 +0200: Memory Usage (469204K) : topmetal2_slit has 0 polygons
2026-07-07 20:46:24 +0200: Memory Usage (469332K) : topmetal2_text has 0 polygons
2026-07-07 20:46:24 +0200: Memory Usage (469332K) : topmetal2_noqrc has 0 polygons
2026-07-07 20:46:24 +0200: Memory Usage (469332K) : topmetal2_res has 0 polygons
2026-07-07 20:46:24 +0200: Memory Usage (469460K) : topmetal2_iprobe has 0 polygons
2026-07-07 20:46:24 +0200: Memory Usage (469460K) : topmetal2_diffprb has 0 polygons
2026-07-07 20:46:24 +0200: Memory Usage (469588K) : snsring_drw has 0 polygons
2026-07-07 20:46:24 +0200: Memory Usage (469588K) : sensor_drw has 0 polygons
2026-07-07 20:46:24 +0200: Memory Usage (469716K) : snsarms_drw has 0 polygons
2026-07-07 20:46:24 +0200: Memory Usage (469716K) : snscmosvia_drw has 0 polygons
2026-07-07 20:46:24 +0200: Memory Usage (469716K) : colwind_drw has 0 polygons
2026-07-07 20:46:24 +0200: Memory Usage (469844K) : flm_drw has 0 polygons
2026-07-07 20:46:24 +0200: Memory Usage (469844K) : hafniumox_drw has 0 polygons
2026-07-07 20:46:24 +0200: Memory Usage (469972K) : memvia_drw has 0 polygons
2026-07-07 20:46:24 +0200: Memory Usage (469972K) : thinfilmres_drw has 0 polygons
2026-07-07 20:46:24 +0200: Memory Usage (470100K) : rfmem_drw has 0 polygons
2026-07-07 20:46:24 +0200: Memory Usage (470100K) : norcx_drw has 0 polygons
2026-07-07 20:46:24 +0200: Memory Usage (470100K) : norcx_m2m3 has 0 polygons
2026-07-07 20:46:24 +0200: Memory Usage (470228K) : norcx_m2m4 has 0 polygons
2026-07-07 20:46:24 +0200: Memory Usage (470228K) : norcx_m2m5 has 0 polygons
2026-07-07 20:46:24 +0200: Memory Usage (470356K) : norcx_m2tm1 has 0 polygons
2026-07-07 20:46:24 +0200: Memory Usage (470356K) : norcx_m2tm2 has 0 polygons
2026-07-07 20:46:24 +0200: Memory Usage (470484K) : norcx_m3m4 has 0 polygons
2026-07-07 20:46:24 +0200: Memory Usage (470484K) : norcx_m3m5 has 0 polygons
2026-07-07 20:46:24 +0200: Memory Usage (470484K) : norcx_m3tm1 has 0 polygons
2026-07-07 20:46:24 +0200: Memory Usage (470484K) : norcx_m3tm2 has 0 polygons
2026-07-07 20:46:24 +0200: Memory Usage (470484K) : norcx_m4m5 has 0 polygons
2026-07-07 20:46:24 +0200: Memory Usage (470484K) : norcx_m4tm1 has 0 polygons
2026-07-07 20:46:24 +0200: Memory Usage (470612K) : norcx_m4tm2 has 0 polygons
2026-07-07 20:46:24 +0200: Memory Usage (470612K) : norcx_m5tm1 has 0 polygons
2026-07-07 20:46:24 +0200: Memory Usage (470612K) : norcx_m5tm2 has 0 polygons
2026-07-07 20:46:24 +0200: Memory Usage (470740K) : norcx_tm1tm2 has 0 polygons
2026-07-07 20:46:24 +0200: Memory Usage (470740K) : norcx_m1sub has 0 polygons
2026-07-07 20:46:24 +0200: Memory Usage (470740K) : norcx_m2sub has 0 polygons
2026-07-07 20:46:24 +0200: Memory Usage (470740K) : norcx_m3sub has 0 polygons
2026-07-07 20:46:24 +0200: Memory Usage (470868K) : norcx_m4sub has 0 polygons
2026-07-07 20:46:24 +0200: Memory Usage (470868K) : norcx_m5sub has 0 polygons
2026-07-07 20:46:24 +0200: Memory Usage (470868K) : norcx_tm1sub has 0 polygons
2026-07-07 20:46:24 +0200: Memory Usage (470996K) : norcx_tm2sub has 0 polygons
2026-07-07 20:46:24 +0200: Memory Usage (470996K) : snsbotvia_drw has 0 polygons
2026-07-07 20:46:24 +0200: Memory Usage (470996K) : snstopvia_drw has 0 polygons
2026-07-07 20:46:24 +0200: Memory Usage (471124K) : deepvia_drw has 0 polygons
2026-07-07 20:46:24 +0200: Memory Usage (471124K) : fgetch_drw has 0 polygons
2026-07-07 20:46:24 +0200: Memory Usage (471124K) : ctrgat_drw has 0 polygons
2026-07-07 20:46:24 +0200: Memory Usage (471124K) : fgimp_drw has 0 polygons
2026-07-07 20:46:24 +0200: Memory Usage (471252K) : emwihv_drw has 0 polygons
2026-07-07 20:46:24 +0200: Memory Usage (471252K) : lbe_drw has 0 polygons
2026-07-07 20:46:24 +0200: Memory Usage (471252K) : alcustop_drw has 0 polygons
2026-07-07 20:46:24 +0200: Memory Usage (471380K) : nometfiller_drw has 0 polygons
2026-07-07 20:46:24 +0200: Memory Usage (471380K) : prboundary_drw has 0 polygons
2026-07-07 20:46:24 +0200: Memory Usage (471380K) : exchange0_drw has 0 polygons
2026-07-07 20:46:24 +0200: Memory Usage (471380K) : exchange0_pin has 0 polygons
2026-07-07 20:46:24 +0200: Memory Usage (471508K) : exchange0_text has 0 polygons
2026-07-07 20:46:24 +0200: Memory Usage (471508K) : exchange1_drw has 0 polygons
2026-07-07 20:46:24 +0200: Memory Usage (471508K) : exchange1_pin has 0 polygons
2026-07-07 20:46:24 +0200: Memory Usage (471636K) : exchange1_text has 0 polygons
2026-07-07 20:46:24 +0200: Memory Usage (471636K) : exchange2_drw has 0 polygons
2026-07-07 20:46:24 +0200: Memory Usage (471764K) : exchange2_pin has 0 polygons
2026-07-07 20:46:24 +0200: Memory Usage (471764K) : exchange2_text has 0 polygons
2026-07-07 20:46:24 +0200: Memory Usage (471764K) : exchange3_drw has 0 polygons
2026-07-07 20:46:24 +0200: Memory Usage (471892K) : exchange3_pin has 0 polygons
2026-07-07 20:46:24 +0200: Memory Usage (471892K) : exchange3_text has 0 polygons
2026-07-07 20:46:24 +0200: Memory Usage (472020K) : exchange4_drw has 0 polygons
2026-07-07 20:46:24 +0200: Memory Usage (472020K) : exchange4_pin has 0 polygons
2026-07-07 20:46:24 +0200: Memory Usage (472148K) : exchange4_text has 0 polygons
2026-07-07 20:46:24 +0200: Memory Usage (472148K) : isonwell_drw has 0 polygons
2026-07-07 20:46:24 +0200: Memory Usage (472148K) : Total no. of polygons in the design is 380
2026-07-07 20:46:24 +0200: Memory Usage (472148K) : Loaded TECH DRC rules values from /foss/pdks/ihp-sg13g2/libs.tech/klayout/python/sg13g2_pycell_lib/sg13g2_tech_mod.json
2026-07-07 20:46:24 +0200: Memory Usage (472148K) : Loaded default DRC rules values from /foss/pdks/ihp-sg13g2/libs.tech/klayout/tech/drc/rule_decks/sg13g2_tech_default.json
2026-07-07 20:46:24 +0200: Memory Usage (472148K) : The following rules values were missing in tech json and default values were used:
2026-07-07 20:46:24 +0200: Memory Usage (472148K) :   - Cnt_c_digibnd
2026-07-07 20:46:24 +0200: Memory Usage (473172K) : Total area of the design is 38.96505 um^2.
2026-07-07 20:46:24 +0200: Memory Usage (473172K) : The design dimensions are 3.6450000000000005 µm * 10.690000000000001 µm.
2026-07-07 20:46:24 +0200: Memory Usage (473172K) : Starting general IHP-SG13G2 derivations.
2026-07-07 20:46:24 +0200: Memory Usage (473172K) : Starting Pwell derivations
2026-07-07 20:46:24 +0200: Memory Usage (475552K) : Starting n-Activ derivations
2026-07-07 20:46:24 +0200: Memory Usage (475936K) : Starting p-Activ derivations
2026-07-07 20:46:24 +0200: Memory Usage (475936K) : Starting ptap derivations
2026-07-07 20:46:24 +0200: Memory Usage (475936K) : Starting ntap derivations
2026-07-07 20:46:24 +0200: Memory Usage (476064K) : Starting pact FET derivations
2026-07-07 20:46:24 +0200: Memory Usage (476064K) : Starting nact FET derivations
2026-07-07 20:46:24 +0200: Memory Usage (476064K) : Starting Gate derivations
2026-07-07 20:46:24 +0200: Memory Usage (476192K) : Starting cont/contbar general derivations
2026-07-07 20:46:24 +0200: Memory Usage (476320K) : Starting pad general derivations
2026-07-07 20:46:24 +0200: Memory Usage (476576K) : Starting IHP-SG13G2 DRC connectivity related derivations.
2026-07-07 20:46:24 +0200: Memory Usage (477600K) : Starting IHP-SG13G2 DRC connectivity setup
2026-07-07 20:46:24 +0200: Memory Usage (478240K) : Starting IHP-SG13G2 DRC rules.
2026-07-07 20:46:24 +0200: Memory Usage (478240K) : Running all FEOL rules
2026-07-07 20:46:24 +0200: Memory Usage (478240K) : Running all BEOL rules
2026-07-07 20:46:24 +0200: Memory Usage (478240K) : Running all PIN rules
2026-07-07 20:46:24 +0200: Memory Usage (478240K) : Running all FORBIDDEN rules
2026-07-07 20:46:24 +0200: Memory Usage (478240K) : Starting 5.1 NWell table
2026-07-07 20:46:24 +0200: Memory Usage (478240K) : Executing rule NW.b
2026-07-07 20:46:24 +0200: Memory Usage (478752K) : Executing rule NW.b1
2026-07-07 20:46:24 +0200: Memory Usage (479192K) : Starting 5.2 PWell:block
2026-07-07 20:46:24 +0200: Memory Usage (479192K) : Executing rule PWB.e
2026-07-07 20:46:24 +0200: Memory Usage (479320K) : Executing rule PWB.e1
2026-07-07 20:46:24 +0200: Memory Usage (479448K) : Executing rule PWB.f
2026-07-07 20:46:24 +0200: Memory Usage (479576K) : Executing rule PWB.f1
2026-07-07 20:46:24 +0200: Memory Usage (480088K) : Starting 5.3 nBuLay table
2026-07-07 20:46:24 +0200: Memory Usage (480216K) : Executing rule NBL.b
2026-07-07 20:46:24 +0200: Memory Usage (480216K) : Executing rule NBL.c
2026-07-07 20:46:24 +0200: Memory Usage (480216K) : Executing rule NBL.d
2026-07-07 20:46:24 +0200: Memory Usage (480216K) : Executing rule NBL.e
2026-07-07 20:46:24 +0200: Memory Usage (480216K) : Executing rule NBL.f
2026-07-07 20:46:24 +0200: Memory Usage (480216K) : Starting 5.5. Activ table
2026-07-07 20:46:24 +0200: Memory Usage (480216K) : Executing rule Act.a
2026-07-07 20:46:24 +0200: Memory Usage (480216K) : Executing rule Act.b
2026-07-07 20:46:24 +0200: Memory Usage (480344K) : Starting 5.6 Activ:filler table
2026-07-07 20:46:24 +0200: Memory Usage (480344K) : Executing rule AFil.c1
2026-07-07 20:46:24 +0200: Memory Usage (480344K) : Executing rule AFil.c
2026-07-07 20:46:24 +0200: Memory Usage (480344K) : Executing rule AFil.d
2026-07-07 20:46:24 +0200: Memory Usage (480344K) : Executing rule AFil.e
2026-07-07 20:46:24 +0200: Memory Usage (480344K) : Executing rule AFil.j
2026-07-07 20:46:24 +0200: Memory Usage (480344K) : Starting 5.7. ThickGateOx table
2026-07-07 20:46:24 +0200: Memory Usage (480344K) : Executing rule TGO.f
2026-07-07 20:46:24 +0200: Memory Usage (480344K) : Starting 5.8. GatPoly table
2026-07-07 20:46:24 +0200: Memory Usage (480344K) : Executing rule Gat.a
2026-07-07 20:46:24 +0200: Memory Usage (480344K) : Executing rule Gat.b
2026-07-07 20:46:24 +0200: Memory Usage (480344K) : Executing rule Gat.d
2026-07-07 20:46:24 +0200: Memory Usage (480344K) : Executing rule Gat.a1
2026-07-07 20:46:24 +0200: Memory Usage (480856K) : Executing rule Gat.a2
2026-07-07 20:46:24 +0200: Memory Usage (480856K) : Executing rule Gat.g
2026-07-07 20:46:24 +0200: Memory Usage (480856K) : Starting 5.9 GatPoly:filler
2026-07-07 20:46:24 +0200: Memory Usage (480856K) : Executing rule GFil.d
2026-07-07 20:46:24 +0200: Memory Usage (480856K) : Executing rule GFil.e
2026-07-07 20:46:24 +0200: Memory Usage (480856K) : Executing rule GFil.i
2026-07-07 20:46:24 +0200: Memory Usage (480856K) : Starting 5.10 pSD table
2026-07-07 20:46:24 +0200: Memory Usage (480856K) : Executing rule pSD.c1
2026-07-07 20:46:24 +0200: Memory Usage (480856K) : Starting 5.14. Cont table
2026-07-07 20:46:24 +0200: Memory Usage (480856K) : Executing rule Cnt.a
2026-07-07 20:46:24 +0200: Memory Usage (480856K) : Executing rule Cnt.b
2026-07-07 20:46:24 +0200: Memory Usage (480856K) : Executing rule Cnt.c
2026-07-07 20:46:24 +0200: Memory Usage (480856K) : Executing rule Cnt.c
2026-07-07 20:46:24 +0200: Memory Usage (480856K) : Executing rule Cnt.d
2026-07-07 20:46:24 +0200: Memory Usage (480856K) : Executing rule Cnt.e
2026-07-07 20:46:24 +0200: Memory Usage (480856K) : Executing rule Cnt.g1
2026-07-07 20:46:24 +0200: Memory Usage (480856K) : Executing rule Cnt.g2
2026-07-07 20:46:24 +0200: Memory Usage (480856K) : Starting 5.15. ContBar table
2026-07-07 20:46:24 +0200: Memory Usage (480856K) : Executing rule CntB.b1
2026-07-07 20:46:24 +0200: Memory Usage (480856K) : Executing rule CntB.h1
2026-07-07 20:46:24 +0200: Memory Usage (480856K) : Starting 6.1.3 NPN Substrate-Tie table
2026-07-07 20:46:24 +0200: Memory Usage (480856K) : Executing rule npn13G2.bR 
2026-07-07 20:46:24 +0200: Memory Usage (480856K) : Executing rule npn13G2L.cR 
2026-07-07 20:46:24 +0200: Memory Usage (480856K) : Executing rule npn13G2V.cR 
2026-07-07 20:46:24 +0200: Memory Usage (480856K) : Starting 6.7 Schottky diode table
2026-07-07 20:46:24 +0200: Memory Usage (480856K) : Executing rule Sdiod.d
2026-07-07 20:46:24 +0200: Memory Usage (480856K) : Executing rule Sdiod.e
2026-07-07 20:46:24 +0200: Memory Usage (480856K) : Starting 7.2 Latch-up table
2026-07-07 20:46:24 +0200: Memory Usage (480856K) : Executing rule LU.b
2026-07-07 20:46:24 +0200: Memory Usage (480856K) : Starting 5.16. Metal1 table
2026-07-07 20:46:24 +0200: Memory Usage (480856K) : Executing rule M1.a
2026-07-07 20:46:24 +0200: Memory Usage (480856K) : Executing rule M1.b
2026-07-07 20:46:24 +0200: Memory Usage (480856K) : Executing rule M1.e
2026-07-07 20:46:24 +0200: Memory Usage (480984K) : Executing rule M1.f
2026-07-07 20:46:24 +0200: Memory Usage (481112K) : Executing rule M1.g
2026-07-07 20:46:24 +0200: Memory Usage (481368K) : Executing rule M1.i
2026-07-07 20:46:24 +0200: Memory Usage (481624K) : Starting 5.17 Metaln table
2026-07-07 20:46:24 +0200: Memory Usage (481624K) : Executing rule M2.a
2026-07-07 20:46:24 +0200: Memory Usage (481752K) : Executing rule M2.b
2026-07-07 20:46:24 +0200: Memory Usage (481880K) : Executing rule M2.e
2026-07-07 20:46:24 +0200: Memory Usage (482136K) : Executing rule M2.f
2026-07-07 20:46:24 +0200: Memory Usage (482392K) : Executing rule M2.g
2026-07-07 20:46:24 +0200: Memory Usage (482648K) : Executing rule M2.i
2026-07-07 20:46:24 +0200: Memory Usage (483032K) : Executing rule M3.a
2026-07-07 20:46:24 +0200: Memory Usage (483160K) : Executing rule M3.b
2026-07-07 20:46:24 +0200: Memory Usage (483288K) : Executing rule M3.e
2026-07-07 20:46:24 +0200: Memory Usage (483544K) : Executing rule M3.f
2026-07-07 20:46:24 +0200: Memory Usage (483800K) : Executing rule M3.g
2026-07-07 20:46:24 +0200: Memory Usage (484056K) : Executing rule M3.i
2026-07-07 20:46:24 +0200: Memory Usage (484440K) : Executing rule M4.a
2026-07-07 20:46:24 +0200: Memory Usage (484568K) : Executing rule M4.b
2026-07-07 20:46:24 +0200: Memory Usage (484568K) : Executing rule M4.e
2026-07-07 20:46:24 +0200: Memory Usage (484568K) : Executing rule M4.f
2026-07-07 20:46:24 +0200: Memory Usage (484568K) : Executing rule M4.g
2026-07-07 20:46:24 +0200: Memory Usage (484568K) : Executing rule M4.i
2026-07-07 20:46:24 +0200: Memory Usage (484568K) : Executing rule M5.a
2026-07-07 20:46:24 +0200: Memory Usage (484568K) : Executing rule M5.b
2026-07-07 20:46:24 +0200: Memory Usage (484568K) : Executing rule M5.e
2026-07-07 20:46:24 +0200: Memory Usage (484568K) : Executing rule M5.f
2026-07-07 20:46:24 +0200: Memory Usage (484568K) : Executing rule M5.g
2026-07-07 20:46:24 +0200: Memory Usage (484568K) : Executing rule M5.i
2026-07-07 20:46:24 +0200: Memory Usage (484568K) : Starting 5.18 Metaln:filler table
2026-07-07 20:46:24 +0200: Memory Usage (484568K) : Executing rule M1Fil.c
2026-07-07 20:46:24 +0200: Memory Usage (484568K) : Executing rule M1Fil.a2
2026-07-07 20:46:24 +0200: Memory Usage (484568K) : Executing rule M2Fil.c
2026-07-07 20:46:24 +0200: Memory Usage (484568K) : Executing rule M2Fil.a2
2026-07-07 20:46:24 +0200: Memory Usage (484568K) : Executing rule M3Fil.c
2026-07-07 20:46:24 +0200: Memory Usage (484568K) : Executing rule M3Fil.a2
2026-07-07 20:46:24 +0200: Memory Usage (484568K) : Executing rule M4Fil.c
2026-07-07 20:46:24 +0200: Memory Usage (484568K) : Executing rule M4Fil.a2
2026-07-07 20:46:24 +0200: Memory Usage (484568K) : Executing rule M5Fil.c
2026-07-07 20:46:24 +0200: Memory Usage (484568K) : Executing rule M5Fil.a2
2026-07-07 20:46:24 +0200: Memory Usage (484568K) : Starting 5.19. Via1 table
2026-07-07 20:46:24 +0200: Memory Usage (484568K) : Starting 5.19. Via1 table derivations
2026-07-07 20:46:24 +0200: Memory Usage (484568K) : Executing rule V1.a
2026-07-07 20:46:24 +0200: Memory Usage (484568K) : Executing rule V1.b
2026-07-07 20:46:24 +0200: Memory Usage (484568K) : Executing rule V1.c
2026-07-07 20:46:24 +0200: Memory Usage (484568K) : Starting 5.20. Vian table
2026-07-07 20:46:24 +0200: Memory Usage (484568K) : Executing rule V2.a
2026-07-07 20:46:24 +0200: Memory Usage (484568K) : Executing rule V2.b
2026-07-07 20:46:24 +0200: Memory Usage (484568K) : Executing rule V2.c
2026-07-07 20:46:24 +0200: Memory Usage (484568K) : Executing rule V3.a
2026-07-07 20:46:24 +0200: Memory Usage (484568K) : Executing rule V3.b
2026-07-07 20:46:24 +0200: Memory Usage (484568K) : Executing rule V3.c
2026-07-07 20:46:25 +0200: Memory Usage (484568K) : Executing rule V4.a
2026-07-07 20:46:25 +0200: Memory Usage (484568K) : Executing rule V4.b
2026-07-07 20:46:25 +0200: Memory Usage (484568K) : Executing rule V4.c
2026-07-07 20:46:25 +0200: Memory Usage (484568K) : Starting 5.21. TopVia1 table
2026-07-07 20:46:25 +0200: Memory Usage (484568K) : Executing rule TV1.a
2026-07-07 20:46:25 +0200: Memory Usage (484568K) : Executing rule TV1.b
2026-07-07 20:46:25 +0200: Memory Usage (484568K) : Executing rule TV1.c
2026-07-07 20:46:25 +0200: Memory Usage (484568K) : Executing rule TV1.d
2026-07-07 20:46:25 +0200: Memory Usage (484568K) : Starting 5.22. TopMetal1 table
2026-07-07 20:46:25 +0200: Memory Usage (484568K) : Executing rule TM1.a
2026-07-07 20:46:25 +0200: Memory Usage (484568K) : Executing rule TM1.b
2026-07-07 20:46:25 +0200: Memory Usage (484568K) : Starting 5.23 TopMetal1:filler table
2026-07-07 20:46:25 +0200: Memory Usage (484568K) : Executing rule TM1Fil.c
2026-07-07 20:46:25 +0200: Memory Usage (484568K) : Executing rule TM1Fil.a1
2026-07-07 20:46:25 +0200: Memory Usage (484568K) : Starting 5.24. TopVia2 table
2026-07-07 20:46:25 +0200: Memory Usage (484568K) : Executing rule TV2.a
2026-07-07 20:46:25 +0200: Memory Usage (484568K) : Executing rule TV2.b
2026-07-07 20:46:25 +0200: Memory Usage (484568K) : Executing rule TV2.c
2026-07-07 20:46:25 +0200: Memory Usage (484568K) : Executing rule TV2.d
2026-07-07 20:46:25 +0200: Memory Usage (484568K) : Starting 5.25. TopMetal2 table
2026-07-07 20:46:25 +0200: Memory Usage (484568K) : Executing rule TM2.a
2026-07-07 20:46:25 +0200: Memory Usage (484568K) : Executing rule TM2.b
2026-07-07 20:46:25 +0200: Memory Usage (484568K) : Executing rule TM2.bR
2026-07-07 20:46:25 +0200: Memory Usage (484568K) : Starting 5.26 TopMetal2:filler table
2026-07-07 20:46:25 +0200: Memory Usage (484568K) : Executing rule TM2Fil.c
2026-07-07 20:46:25 +0200: Memory Usage (484568K) : Executing rule TM2Fil.a1
2026-07-07 20:46:25 +0200: Memory Usage (484568K) : Starting 5.27. Passiv table
2026-07-07 20:46:25 +0200: Memory Usage (484568K) : Executing rule Pas.a
2026-07-07 20:46:25 +0200: Memory Usage (484568K) : Executing rule Pas.b
2026-07-07 20:46:25 +0200: Memory Usage (484568K) : Executing rule Pas.c
2026-07-07 20:46:25 +0200: Memory Usage (484568K) : Starting 6.9.2 Copper Pillar table
2026-07-07 20:46:25 +0200: Memory Usage (484568K) : Executing rule Padc.a
2026-07-07 20:46:25 +0200: Memory Usage (484568K) : Executing rule Padc.b
2026-07-07 20:46:25 +0200: Memory Usage (484568K) : Executing rule Padc.c
2026-07-07 20:46:25 +0200: Memory Usage (484568K) : Executing rule Padb.f
2026-07-07 20:46:25 +0200: Memory Usage (484568K) : Starting 6.9 Pad table
2026-07-07 20:46:25 +0200: Memory Usage (484568K) : Executing rule Pad.m
2026-07-07 20:46:25 +0200: Memory Usage (484568K) : Executing rule Pad.fR_M1
2026-07-07 20:46:25 +0200: Memory Usage (484568K) : Executing rule Pad.fR_M2
2026-07-07 20:46:25 +0200: Memory Usage (484568K) : Executing rule Pad.fR_M3
2026-07-07 20:46:25 +0200: Memory Usage (484568K) : Executing rule Pad.fR_M4
2026-07-07 20:46:25 +0200: Memory Usage (484568K) : Executing rule Pad.fR_M5
2026-07-07 20:46:25 +0200: Memory Usage (484568K) : Executing rule Pad.fR_TM1
2026-07-07 20:46:25 +0200: Memory Usage (484568K) : Executing rule Pad.fR_TM2
2026-07-07 20:46:25 +0200: Memory Usage (484568K) : Executing rule Pad.i
2026-07-07 20:46:25 +0200: Memory Usage (484568K) : Starting 6.9.1 Solder Bump
2026-07-07 20:46:25 +0200: Memory Usage (484568K) : Executing rule Padb.a
2026-07-07 20:46:25 +0200: Memory Usage (484568K) : Executing rule Padb.b
2026-07-07 20:46:25 +0200: Memory Usage (484568K) : Executing rule Padb.c
2026-07-07 20:46:25 +0200: Memory Usage (484568K) : Executing rule Padb.f
2026-07-07 20:46:25 +0200: Memory Usage (484568K) : Executing rule Padb.d
2026-07-07 20:46:25 +0200: Memory Usage (484568K) : Starting 6.10 Sealring table
2026-07-07 20:46:25 +0200: Memory Usage (484568K) : Executing rule Seal.l
2026-07-07 20:46:25 +0200: Memory Usage (484568K) : Executing rule Seal.n
2026-07-07 20:46:25 +0200: Memory Usage (484568K) : Executing rule seal.b_metal1
2026-07-07 20:46:25 +0200: Memory Usage (484568K) : Executing rule seal.b_metal2
2026-07-07 20:46:25 +0200: Memory Usage (484568K) : Executing rule seal.b_metal3
2026-07-07 20:46:25 +0200: Memory Usage (484568K) : Executing rule seal.b_metal4
2026-07-07 20:46:25 +0200: Memory Usage (484568K) : Executing rule seal.b_metal5
2026-07-07 20:46:25 +0200: Memory Usage (484568K) : Executing rule seal.b_topmetal1
2026-07-07 20:46:25 +0200: Memory Usage (484568K) : Executing rule seal.b_topmetal2
2026-07-07 20:46:25 +0200: Memory Usage (484568K) : Executing rule seal.b_activ
2026-07-07 20:46:25 +0200: Memory Usage (484568K) : Executing rule seal.b_psd
2026-07-07 20:46:25 +0200: Memory Usage (484568K) : Executing rule Seal.k
2026-07-07 20:46:25 +0200: Memory Usage (484568K) : Executing rule Seal.m
2026-07-07 20:46:25 +0200: Memory Usage (484568K) : Starting 6.11 MIM table
2026-07-07 20:46:25 +0200: Memory Usage (484568K) : Executing rule MIM.c
2026-07-07 20:46:25 +0200: Memory Usage (484568K) : Executing rule MIM.d
2026-07-07 20:46:25 +0200: Memory Usage (484568K) : Executing rule MIM.gR
2026-07-07 20:46:25 +0200: Memory Usage (484568K) : Starting 7.3 Metal Slits table
2026-07-07 20:46:25 +0200: Memory Usage (484568K) : Executing rule Slt.e1_M1
2026-07-07 20:46:25 +0200: Memory Usage (484568K) : Executing rule Slt.e1_M2
2026-07-07 20:46:25 +0200: Memory Usage (484568K) : Executing rule Slt.e1_M3
2026-07-07 20:46:25 +0200: Memory Usage (484568K) : Executing rule Slt.e1_M4
2026-07-07 20:46:25 +0200: Memory Usage (484568K) : Executing rule Slt.e1_M5
2026-07-07 20:46:25 +0200: Memory Usage (484568K) : Executing rule Slt.e1_TM1
2026-07-07 20:46:25 +0200: Memory Usage (484568K) : Executing rule Slt.e1_TM2
2026-07-07 20:46:25 +0200: Memory Usage (484568K) : Starting 9.1. LBE table
2026-07-07 20:46:25 +0200: Memory Usage (484568K) : Executing rule LBE.a
2026-07-07 20:46:25 +0200: Memory Usage (484568K) : Executing rule LBE.b
2026-07-07 20:46:25 +0200: Memory Usage (484568K) : Executing rule LBE.b1
2026-07-07 20:46:25 +0200: Memory Usage (484568K) : Executing rule LBE.c
2026-07-07 20:46:25 +0200: Memory Usage (484568K) : Executing rule LBE.d
2026-07-07 20:46:25 +0200: Memory Usage (484568K) : Executing rule LBE.h
2026-07-07 20:46:25 +0200: Memory Usage (484568K) : Starting 7.4. PIN table
2026-07-07 20:46:25 +0200: Memory Usage (484568K) : Executing rule Pin.a
2026-07-07 20:46:25 +0200: Memory Usage (484568K) : Executing rule Pin.b
2026-07-07 20:46:25 +0200: Memory Usage (484568K) : Executing rule Pin.e
2026-07-07 20:46:25 +0200: Memory Usage (484568K) : Executing rule Pin.f_M2
2026-07-07 20:46:25 +0200: Memory Usage (484568K) : Executing rule Pin.f_M3
2026-07-07 20:46:25 +0200: Memory Usage (484568K) : Executing rule Pin.f_M4
2026-07-07 20:46:25 +0200: Memory Usage (484568K) : Executing rule Pin.f_M5
2026-07-07 20:46:25 +0200: Memory Usage (484568K) : Executing rule Pin.g
2026-07-07 20:46:25 +0200: Memory Usage (484568K) : Executing rule Pin.h
2026-07-07 20:46:25 +0200: Memory Usage (484568K) : Starting 3.2. FORBIDDEN table
2026-07-07 20:46:25 +0200: Memory Usage (484568K) : Executing rule forbidden.biwind
2026-07-07 20:46:25 +0200: Memory Usage (484568K) : Executing rule forbidden.pemwind
2026-07-07 20:46:25 +0200: Memory Usage (484568K) : Executing rule forbidden.baspoly
2026-07-07 20:46:25 +0200: Memory Usage (484568K) : Executing rule forbidden.deepco
2026-07-07 20:46:25 +0200: Memory Usage (484568K) : Executing rule forbidden.pempoly
2026-07-07 20:46:25 +0200: Memory Usage (484568K) : Executing rule forbidden.empoly
2026-07-07 20:46:25 +0200: Memory Usage (484568K) : Executing rule forbidden.ldmos
2026-07-07 20:46:25 +0200: Memory Usage (484568K) : Executing rule forbidden.pbiwind
2026-07-07 20:46:25 +0200: Memory Usage (484568K) : Executing rule forbidden.nodrc
2026-07-07 20:46:25 +0200: Memory Usage (484568K) : Executing rule forbidden.flash
2026-07-07 20:46:25 +0200: Memory Usage (484568K) : Executing rule forbidden.colwind
2026-07-07 20:46:25 +0200: Memory Usage (484568K) : KLayout DRC run for tables 'main' completed in 0.74 seconds
