# Logfile created on 2026-09-26 19:15:41 +0200 by logger.rb/v1.5.3
2026-09-26 19:15:41 +0200: Memory Usage (454300K) : Starting running IHP-SG13G2 KLayout DRC runset on /foss/designs/CHIP-PLL/layout/divider/pdiv.gds
2026-09-26 19:15:41 +0200: Memory Usage (454300K) : Ruby Version for klayout: 3.2.3
2026-09-26 19:15:41 +0200: Memory Usage (455964K) : Loading database to memory is complete.
2026-09-26 19:15:41 +0200: Memory Usage (455964K) : IHP-SG13G2 KLayout DRC runset output at: /foss/designs/CHIP-PLL/layout/divider/drc_run_pdiv/pdiv_pdiv_main.lyrdb
2026-09-26 19:15:41 +0200: Memory Usage (456092K) : Evaluate switches.
2026-09-26 19:15:41 +0200: Memory Usage (456092K) : tables selected: main
2026-09-26 19:15:41 +0200: Memory Usage (456092K) : KLayout will use 1 thread(s) in tiling mode.
2026-09-26 19:15:41 +0200: Memory Usage (456092K) : deep mode is enabled.
2026-09-26 19:15:41 +0200: Memory Usage (456092K) : FEOL enabled: true
2026-09-26 19:15:41 +0200: Memory Usage (456092K) : BEOL enabled: true
2026-09-26 19:15:41 +0200: Memory Usage (456092K) : OFFGRID enabled: true
2026-09-26 19:15:41 +0200: Memory Usage (456092K) : ANGLE enabled: true
2026-09-26 19:15:41 +0200: Memory Usage (456092K) : PIN enabled: true
2026-09-26 19:15:41 +0200: Memory Usage (456092K) : FORBIDDEN enabled: true
2026-09-26 19:15:41 +0200: Memory Usage (456092K) : RECOMMENDED enabled: true
2026-09-26 19:15:41 +0200: Memory Usage (456092K) : PreCheck DRC enabled: false
2026-09-26 19:15:41 +0200: Memory Usage (456092K) : CONNECTIVITY_RULES enabled: true.
2026-09-26 19:15:41 +0200: Memory Usage (456092K) : Read in polygons from layers.
2026-09-26 19:15:41 +0200: Memory Usage (457372K) : activ_drw has 874 polygons
2026-09-26 19:15:41 +0200: Memory Usage (457500K) : activ_pin has 0 polygons
2026-09-26 19:15:41 +0200: Memory Usage (457628K) : activ_mask has 0 polygons
2026-09-26 19:15:41 +0200: Memory Usage (457628K) : activ_filler has 0 polygons
2026-09-26 19:15:41 +0200: Memory Usage (457628K) : activ_nofill has 0 polygons
2026-09-26 19:15:41 +0200: Memory Usage (457628K) : activ_opc has 0 polygons
2026-09-26 19:15:41 +0200: Memory Usage (457628K) : activ_iopc has 0 polygons
2026-09-26 19:15:41 +0200: Memory Usage (457628K) : activ_noqrc has 0 polygons
2026-09-26 19:15:41 +0200: Memory Usage (457628K) : biwind_drw has 0 polygons
2026-09-26 19:15:41 +0200: Memory Usage (457628K) : biwind_opc has 0 polygons
2026-09-26 19:15:41 +0200: Memory Usage (457628K) : pemwind_drw has 0 polygons
2026-09-26 19:15:41 +0200: Memory Usage (457628K) : gatpoly_drw has 1201 polygons
2026-09-26 19:15:41 +0200: Memory Usage (457628K) : gatpoly_pin has 79 polygons
2026-09-26 19:15:41 +0200: Memory Usage (457884K) : gatpoly_filler has 0 polygons
2026-09-26 19:15:41 +0200: Memory Usage (458012K) : gatpoly_nofill has 0 polygons
2026-09-26 19:15:41 +0200: Memory Usage (458012K) : gatpoly_opc has 0 polygons
2026-09-26 19:15:41 +0200: Memory Usage (458012K) : gatpoly_iopc has 0 polygons
2026-09-26 19:15:41 +0200: Memory Usage (458012K) : gatpoly_noqrc has 0 polygons
2026-09-26 19:15:41 +0200: Memory Usage (458012K) : cont_drw has 5252 polygons
2026-09-26 19:15:41 +0200: Memory Usage (458140K) : cont_opc has 0 polygons
2026-09-26 19:15:41 +0200: Memory Usage (458268K) : nsd_drw has 0 polygons
2026-09-26 19:15:41 +0200: Memory Usage (458268K) : nsd_block has 0 polygons
2026-09-26 19:15:41 +0200: Memory Usage (458524K) : metal1_drw has 2839 polygons
2026-09-26 19:15:41 +0200: Memory Usage (458524K) : metal1_pin has 690 polygons
2026-09-26 19:15:41 +0200: Memory Usage (458652K) : metal1_mask has 0 polygons
2026-09-26 19:15:41 +0200: Memory Usage (458780K) : metal1_filler has 0 polygons
2026-09-26 19:15:41 +0200: Memory Usage (458780K) : metal1_nofill has 0 polygons
2026-09-26 19:15:41 +0200: Memory Usage (458908K) : metal1_slit has 0 polygons
2026-09-26 19:15:41 +0200: Memory Usage (459036K) : metal1_text has 151 polygons
2026-09-26 19:15:41 +0200: Memory Usage (459036K) : metal1_opc has 0 polygons
2026-09-26 19:15:41 +0200: Memory Usage (459164K) : metal1_noqrc has 0 polygons
2026-09-26 19:15:41 +0200: Memory Usage (459164K) : metal1_res has 0 polygons
2026-09-26 19:15:41 +0200: Memory Usage (459292K) : metal1_iprobe has 0 polygons
2026-09-26 19:15:41 +0200: Memory Usage (459292K) : metal1_diffprb has 0 polygons
2026-09-26 19:15:41 +0200: Memory Usage (459420K) : passiv_drw has 0 polygons
2026-09-26 19:15:41 +0200: Memory Usage (459420K) : passiv_pin has 0 polygons
2026-09-26 19:15:41 +0200: Memory Usage (459420K) : passiv_sbump has 0 polygons
2026-09-26 19:15:41 +0200: Memory Usage (459548K) : passiv_pillar has 0 polygons
2026-09-26 19:15:41 +0200: Memory Usage (459548K) : passiv_pdl has 0 polygons
2026-09-26 19:15:41 +0200: Memory Usage (459676K) : metal2_drw has 1798 polygons
2026-09-26 19:15:41 +0200: Memory Usage (459804K) : metal2_pin has 234 polygons
2026-09-26 19:15:41 +0200: Memory Usage (459932K) : metal2_mask has 0 polygons
2026-09-26 19:15:41 +0200: Memory Usage (459932K) : metal2_filler has 0 polygons
2026-09-26 19:15:41 +0200: Memory Usage (460060K) : metal2_nofill has 0 polygons
2026-09-26 19:15:41 +0200: Memory Usage (460060K) : metal2_slit has 0 polygons
2026-09-26 19:15:41 +0200: Memory Usage (460060K) : metal2_text has 224 polygons
2026-09-26 19:15:41 +0200: Memory Usage (460188K) : metal2_opc has 0 polygons
2026-09-26 19:15:41 +0200: Memory Usage (460188K) : metal2_noqrc has 0 polygons
2026-09-26 19:15:41 +0200: Memory Usage (460316K) : metal2_res has 0 polygons
2026-09-26 19:15:41 +0200: Memory Usage (460316K) : metal2_iprobe has 0 polygons
2026-09-26 19:15:41 +0200: Memory Usage (460444K) : metal2_diffprb has 0 polygons
2026-09-26 19:15:41 +0200: Memory Usage (460444K) : baspoly_drw has 0 polygons
2026-09-26 19:15:41 +0200: Memory Usage (460444K) : baspoly_pin has 0 polygons
2026-09-26 19:15:41 +0200: Memory Usage (460572K) : psd_drw has 170 polygons
2026-09-26 19:15:41 +0200: Memory Usage (460572K) : nldb_drw has 0 polygons
2026-09-26 19:15:41 +0200: Memory Usage (460700K) : digibnd_drw has 0 polygons
2026-09-26 19:15:41 +0200: Memory Usage (460700K) : via1_drw has 723 polygons
2026-09-26 19:15:41 +0200: Memory Usage (460828K) : backmetal1_drw has 0 polygons
2026-09-26 19:15:41 +0200: Memory Usage (460828K) : backmetal1_pin has 0 polygons
2026-09-26 19:15:41 +0200: Memory Usage (460956K) : backmetal1_mask has 0 polygons
2026-09-26 19:15:41 +0200: Memory Usage (460956K) : backmetal1_filler has 0 polygons
2026-09-26 19:15:41 +0200: Memory Usage (461084K) : backmetal1_nofill has 0 polygons
2026-09-26 19:15:41 +0200: Memory Usage (461084K) : backmetal1_slit has 0 polygons
2026-09-26 19:15:41 +0200: Memory Usage (461084K) : backmetal1_text has 0 polygons
2026-09-26 19:15:41 +0200: Memory Usage (461212K) : backmetal1_opc has 0 polygons
2026-09-26 19:15:41 +0200: Memory Usage (461340K) : backmetal1_noqrc has 0 polygons
2026-09-26 19:15:41 +0200: Memory Usage (461340K) : backmetal1_res has 0 polygons
2026-09-26 19:15:41 +0200: Memory Usage (461468K) : backmetal1_iprobe has 0 polygons
2026-09-26 19:15:41 +0200: Memory Usage (461468K) : backmetal1_diffprb has 0 polygons
2026-09-26 19:15:41 +0200: Memory Usage (461596K) : backpassiv_drw has 0 polygons
2026-09-26 19:15:41 +0200: Memory Usage (461596K) : res_drw has 0 polygons
2026-09-26 19:15:41 +0200: Memory Usage (461724K) : sram_drw has 0 polygons
2026-09-26 19:15:41 +0200: Memory Usage (461724K) : trans_drw has 0 polygons
2026-09-26 19:15:41 +0200: Memory Usage (461852K) : ind_drw has 0 polygons
2026-09-26 19:15:41 +0200: Memory Usage (461852K) : ind_pin has 0 polygons
2026-09-26 19:15:41 +0200: Memory Usage (461852K) : ind_text has 0 polygons
2026-09-26 19:15:41 +0200: Memory Usage (461980K) : salblock_drw has 0 polygons
2026-09-26 19:15:41 +0200: Memory Usage (461980K) : via2_drw has 1031 polygons
2026-09-26 19:15:41 +0200: Memory Usage (462108K) : metal3_drw has 1378 polygons
2026-09-26 19:15:41 +0200: Memory Usage (462236K) : metal3_pin has 18 polygons
2026-09-26 19:15:41 +0200: Memory Usage (462236K) : metal3_mask has 0 polygons
2026-09-26 19:15:41 +0200: Memory Usage (462364K) : metal3_filler has 0 polygons
2026-09-26 19:15:41 +0200: Memory Usage (462364K) : metal3_nofill has 0 polygons
2026-09-26 19:15:41 +0200: Memory Usage (462364K) : metal3_slit has 0 polygons
2026-09-26 19:15:41 +0200: Memory Usage (462492K) : metal3_text has 9 polygons
2026-09-26 19:15:41 +0200: Memory Usage (462620K) : metal3_opc has 0 polygons
2026-09-26 19:15:41 +0200: Memory Usage (462620K) : metal3_noqrc has 0 polygons
2026-09-26 19:15:41 +0200: Memory Usage (462748K) : metal3_res has 0 polygons
2026-09-26 19:15:41 +0200: Memory Usage (462748K) : metal3_iprobe has 0 polygons
2026-09-26 19:15:41 +0200: Memory Usage (462748K) : metal3_diffprb has 0 polygons
2026-09-26 19:15:41 +0200: Memory Usage (462748K) : nwell_drw has 463 polygons
2026-09-26 19:15:41 +0200: Memory Usage (462876K) : nwell_pin has 129 polygons
2026-09-26 19:15:41 +0200: Memory Usage (462876K) : nbulay_drw has 42 polygons
2026-09-26 19:15:41 +0200: Memory Usage (462876K) : nbulay_pin has 0 polygons
2026-09-26 19:15:41 +0200: Memory Usage (463004K) : nbulay_block has 0 polygons
2026-09-26 19:15:41 +0200: Memory Usage (463004K) : emwind_drw has 0 polygons
2026-09-26 19:15:41 +0200: Memory Usage (463004K) : emwind_opc has 0 polygons
2026-09-26 19:15:41 +0200: Memory Usage (463132K) : deepco_drw has 0 polygons
2026-09-26 19:15:41 +0200: Memory Usage (463132K) : deepco_drw has 0 polygons
2026-09-26 19:15:41 +0200: Memory Usage (463132K) : mim_drw has 0 polygons
2026-09-26 19:15:41 +0200: Memory Usage (463132K) : edgeseal_drw has 0 polygons
2026-09-26 19:15:41 +0200: Memory Usage (463260K) : edgeseal_bound has 0 polygons
2026-09-26 19:15:41 +0200: Memory Usage (463260K) : substrate_drw has 170 polygons
2026-09-26 19:15:41 +0200: Memory Usage (463388K) : substrate_text has 0 polygons
2026-09-26 19:15:41 +0200: Memory Usage (463388K) : dfpad_drw has 0 polygons
2026-09-26 19:15:41 +0200: Memory Usage (463516K) : dfpad_pillar has 0 polygons
2026-09-26 19:15:41 +0200: Memory Usage (463516K) : dfpad_sbump has 0 polygons
2026-09-26 19:15:41 +0200: Memory Usage (463516K) : thickgateox_drw has 0 polygons
2026-09-26 19:15:41 +0200: Memory Usage (463644K) : pldb_drw has 0 polygons
2026-09-26 19:15:41 +0200: Memory Usage (463644K) : pwell_drw has 0 polygons
2026-09-26 19:15:41 +0200: Memory Usage (463772K) : pwell_pin has 0 polygons
2026-09-26 19:15:41 +0200: Memory Usage (463772K) : pwell_block has 0 polygons
2026-09-26 19:15:41 +0200: Memory Usage (463772K) : ic_drw has 0 polygons
2026-09-26 19:15:41 +0200: Memory Usage (463900K) : via3_drw has 0 polygons
2026-09-26 19:15:41 +0200: Memory Usage (463900K) : metal4_drw has 0 polygons
2026-09-26 19:15:41 +0200: Memory Usage (464028K) : metal4_pin has 0 polygons
2026-09-26 19:15:41 +0200: Memory Usage (464028K) : metal4_mask has 0 polygons
2026-09-26 19:15:41 +0200: Memory Usage (464156K) : metal4_filler has 0 polygons
2026-09-26 19:15:41 +0200: Memory Usage (464156K) : metal4_nofill has 0 polygons
2026-09-26 19:15:41 +0200: Memory Usage (464156K) : metal4_slit has 0 polygons
2026-09-26 19:15:41 +0200: Memory Usage (464284K) : metal4_text has 0 polygons
2026-09-26 19:15:41 +0200: Memory Usage (464284K) : metal4_opc has 0 polygons
2026-09-26 19:15:41 +0200: Memory Usage (464412K) : metal4_noqrc has 0 polygons
2026-09-26 19:15:41 +0200: Memory Usage (464412K) : metal4_res has 0 polygons
2026-09-26 19:15:41 +0200: Memory Usage (464540K) : metal4_iprobe has 0 polygons
2026-09-26 19:15:41 +0200: Memory Usage (464540K) : metal4_diffprb has 0 polygons
2026-09-26 19:15:41 +0200: Memory Usage (464540K) : heattrans_drw has 338 polygons
2026-09-26 19:15:41 +0200: Memory Usage (464668K) : heatres_drw has 0 polygons
2026-09-26 19:15:41 +0200: Memory Usage (464796K) : pempoly_drw has 0 polygons
2026-09-26 19:15:41 +0200: Memory Usage (464796K) : fbe_drw has 0 polygons
2026-09-26 19:15:41 +0200: Memory Usage (464796K) : empoly_drw has 0 polygons
2026-09-26 19:15:41 +0200: Memory Usage (464924K) : ldmos_drw has 0 polygons
2026-09-26 19:15:41 +0200: Memory Usage (464924K) : pbiwind_drw has 0 polygons
2026-09-26 19:15:41 +0200: Memory Usage (464924K) : digisub_drw has 0 polygons
2026-09-26 19:15:41 +0200: Memory Usage (465052K) : nodrc_drw has 0 polygons
2026-09-26 19:15:41 +0200: Memory Usage (465052K) : text_drw has 378 polygons
2026-09-26 19:15:41 +0200: Memory Usage (465052K) : via4_drw has 0 polygons
2026-09-26 19:15:41 +0200: Memory Usage (465052K) : metal5_drw has 0 polygons
2026-09-26 19:15:41 +0200: Memory Usage (465180K) : metal5_pin has 0 polygons
2026-09-26 19:15:41 +0200: Memory Usage (465180K) : metal5_mask has 0 polygons
2026-09-26 19:15:41 +0200: Memory Usage (465308K) : metal5_filler has 0 polygons
2026-09-26 19:15:41 +0200: Memory Usage (465308K) : metal5_nofill has 0 polygons
2026-09-26 19:15:41 +0200: Memory Usage (465308K) : metal5_slit has 0 polygons
2026-09-26 19:15:41 +0200: Memory Usage (465436K) : metal5_text has 0 polygons
2026-09-26 19:15:41 +0200: Memory Usage (465436K) : metal5_opc has 0 polygons
2026-09-26 19:15:41 +0200: Memory Usage (465564K) : metal5_noqrc has 0 polygons
2026-09-26 19:15:41 +0200: Memory Usage (465564K) : metal5_res has 0 polygons
2026-09-26 19:15:41 +0200: Memory Usage (465692K) : metal5_iprobe has 0 polygons
2026-09-26 19:15:41 +0200: Memory Usage (465692K) : metal5_diffprb has 0 polygons
2026-09-26 19:15:41 +0200: Memory Usage (465692K) : radhard_drw has 0 polygons
2026-09-26 19:15:41 +0200: Memory Usage (465820K) : memcap_drw has 0 polygons
2026-09-26 19:15:41 +0200: Memory Usage (465820K) : varicap_drw has 0 polygons
2026-09-26 19:15:41 +0200: Memory Usage (465948K) : flash_drw has 0 polygons
2026-09-26 19:15:41 +0200: Memory Usage (465948K) : intbondvia_drw has 0 polygons
2026-09-26 19:15:41 +0200: Memory Usage (466076K) : intbondmet_drw has 0 polygons
2026-09-26 19:15:41 +0200: Memory Usage (466076K) : devbondvia_drw has 0 polygons
2026-09-26 19:15:41 +0200: Memory Usage (466076K) : devbondmet_drw has 0 polygons
2026-09-26 19:15:41 +0200: Memory Usage (466204K) : devtrench_drw has 0 polygons
2026-09-26 19:15:41 +0200: Memory Usage (466204K) : redist_drw has 0 polygons
2026-09-26 19:15:41 +0200: Memory Usage (466332K) : graphbot_drw has 0 polygons
2026-09-26 19:15:41 +0200: Memory Usage (466332K) : graphtop_drw has 0 polygons
2026-09-26 19:15:41 +0200: Memory Usage (466332K) : antvia1_drw has 0 polygons
2026-09-26 19:15:41 +0200: Memory Usage (466460K) : antmetal2_drw has 0 polygons
2026-09-26 19:15:41 +0200: Memory Usage (466460K) : graphcont_drw has 0 polygons
2026-09-26 19:15:41 +0200: Memory Usage (466588K) : siwg_drw has 0 polygons
2026-09-26 19:15:41 +0200: Memory Usage (466588K) : siwg_filler has 0 polygons
2026-09-26 19:15:41 +0200: Memory Usage (466716K) : siwg_nofill has 0 polygons
2026-09-26 19:15:41 +0200: Memory Usage (466716K) : sigrating_drw has 0 polygons
2026-09-26 19:15:41 +0200: Memory Usage (466844K) : singrating_drw has 0 polygons
2026-09-26 19:15:41 +0200: Memory Usage (466844K) : graphpas_drw has 0 polygons
2026-09-26 19:15:41 +0200: Memory Usage (466844K) : emwind3_drw has 0 polygons
2026-09-26 19:15:41 +0200: Memory Usage (466844K) : emwihv3_drw has 0 polygons
2026-09-26 19:15:41 +0200: Memory Usage (466972K) : redbulay_drw has 0 polygons
2026-09-26 19:15:41 +0200: Memory Usage (466972K) : smos_drw has 0 polygons
2026-09-26 19:15:41 +0200: Memory Usage (466972K) : graphpad_drw has 0 polygons
2026-09-26 19:15:41 +0200: Memory Usage (466972K) : polimide_drw has 0 polygons
2026-09-26 19:15:41 +0200: Memory Usage (467100K) : polimide_pin has 0 polygons
2026-09-26 19:15:41 +0200: Memory Usage (467100K) : recog_drw has 0 polygons
2026-09-26 19:15:41 +0200: Memory Usage (467228K) : recog_pin has 0 polygons
2026-09-26 19:15:41 +0200: Memory Usage (467228K) : recog_esd has 0 polygons
2026-09-26 19:15:41 +0200: Memory Usage (467228K) : recog_diode has 0 polygons
2026-09-26 19:15:41 +0200: Memory Usage (467356K) : recog_tsv has 0 polygons
2026-09-26 19:15:41 +0200: Memory Usage (467356K) : recog_iprobe has 0 polygons
2026-09-26 19:15:41 +0200: Memory Usage (467484K) : recog_diffprb has 0 polygons
2026-09-26 19:15:41 +0200: Memory Usage (467484K) : recog_pillar has 0 polygons
2026-09-26 19:15:41 +0200: Memory Usage (467484K) : recog_sbump has 0 polygons
2026-09-26 19:15:41 +0200: Memory Usage (467612K) : recog_otp has 0 polygons
2026-09-26 19:15:41 +0200: Memory Usage (467612K) : recog_pdiode has 0 polygons
2026-09-26 19:15:41 +0200: Memory Usage (467740K) : recog_mom has 0 polygons
2026-09-26 19:15:41 +0200: Memory Usage (467740K) : recog_pcm has 0 polygons
2026-09-26 19:15:41 +0200: Memory Usage (467868K) : colopen_drw has 0 polygons
2026-09-26 19:15:41 +0200: Memory Usage (467868K) : graphmetal1_drw has 0 polygons
2026-09-26 19:15:41 +0200: Memory Usage (467868K) : graphmetal1_filler has 0 polygons
2026-09-26 19:15:41 +0200: Memory Usage (467996K) : graphmetal1_nofill has 0 polygons
2026-09-26 19:15:41 +0200: Memory Usage (467996K) : graphmetal1_slit has 0 polygons
2026-09-26 19:15:41 +0200: Memory Usage (468124K) : graphmetal1_opc has 0 polygons
2026-09-26 19:15:41 +0200: Memory Usage (468124K) : graphmet1l_drw has 0 polygons
2026-09-26 19:15:41 +0200: Memory Usage (468252K) : graphmet1l_filler has 0 polygons
2026-09-26 19:15:41 +0200: Memory Usage (468252K) : graphmet1l_nofill has 0 polygons
2026-09-26 19:15:41 +0200: Memory Usage (468252K) : graphmet1l_slit has 0 polygons
2026-09-26 19:15:41 +0200: Memory Usage (468380K) : graphmet1l_opc has 0 polygons
2026-09-26 19:15:41 +0200: Memory Usage (468380K) : extblock_drw has 0 polygons
2026-09-26 19:15:41 +0200: Memory Usage (468508K) : nldd_drw has 0 polygons
2026-09-26 19:15:41 +0200: Memory Usage (468508K) : pldd_drw has 0 polygons
2026-09-26 19:15:41 +0200: Memory Usage (468508K) : next_drw has 0 polygons
2026-09-26 19:15:41 +0200: Memory Usage (468636K) : pext_drw has 0 polygons
2026-09-26 19:15:41 +0200: Memory Usage (468636K) : nexthv_drw has 0 polygons
2026-09-26 19:15:41 +0200: Memory Usage (468764K) : pexthv_drw has 0 polygons
2026-09-26 19:15:41 +0200: Memory Usage (468764K) : graphgate_drw has 0 polygons
2026-09-26 19:15:41 +0200: Memory Usage (468892K) : sinwg_drw has 0 polygons
2026-09-26 19:15:41 +0200: Memory Usage (468892K) : sinwg_filler has 0 polygons
2026-09-26 19:15:41 +0200: Memory Usage (468892K) : sinwg_nofill has 0 polygons
2026-09-26 19:15:41 +0200: Memory Usage (469020K) : mempad_drw has 0 polygons
2026-09-26 19:15:41 +0200: Memory Usage (469020K) : topvia1_drw has 0 polygons
2026-09-26 19:15:41 +0200: Memory Usage (469020K) : topmetal1_drw has 0 polygons
2026-09-26 19:15:41 +0200: Memory Usage (469020K) : topmetal1_pin has 0 polygons
2026-09-26 19:15:41 +0200: Memory Usage (469020K) : topmetal1_mask has 0 polygons
2026-09-26 19:15:41 +0200: Memory Usage (469020K) : topmetal1_filler has 0 polygons
2026-09-26 19:15:41 +0200: Memory Usage (469020K) : topmetal1_nofill has 0 polygons
2026-09-26 19:15:41 +0200: Memory Usage (469020K) : topmetal1_slit has 0 polygons
2026-09-26 19:15:41 +0200: Memory Usage (469020K) : topmetal1_text has 0 polygons
2026-09-26 19:15:41 +0200: Memory Usage (469148K) : topmetal1_noqrc has 0 polygons
2026-09-26 19:15:41 +0200: Memory Usage (469148K) : topmetal1_res has 0 polygons
2026-09-26 19:15:41 +0200: Memory Usage (469276K) : topmetal1_iprobe has 0 polygons
2026-09-26 19:15:41 +0200: Memory Usage (469276K) : topmetal1_diffprb has 0 polygons
2026-09-26 19:15:41 +0200: Memory Usage (469276K) : inldpwl_drw has 0 polygons
2026-09-26 19:15:41 +0200: Memory Usage (469404K) : polyres_drw has 0 polygons
2026-09-26 19:15:41 +0200: Memory Usage (469404K) : polyres_pin has 0 polygons
2026-09-26 19:15:41 +0200: Memory Usage (469532K) : vmim_drw has 0 polygons
2026-09-26 19:15:41 +0200: Memory Usage (469532K) : nbulaycut_drw has 0 polygons
2026-09-26 19:15:41 +0200: Memory Usage (469660K) : antmetal1_drw has 0 polygons
2026-09-26 19:15:41 +0200: Memory Usage (469660K) : topvia2_drw has 0 polygons
2026-09-26 19:15:41 +0200: Memory Usage (469660K) : topmetal2_drw has 0 polygons
2026-09-26 19:15:41 +0200: Memory Usage (469788K) : topmetal2_pin has 0 polygons
2026-09-26 19:15:41 +0200: Memory Usage (469788K) : topmetal2_mask has 0 polygons
2026-09-26 19:15:41 +0200: Memory Usage (469916K) : topmetal2_filler has 0 polygons
2026-09-26 19:15:41 +0200: Memory Usage (469916K) : topmetal2_nofill has 0 polygons
2026-09-26 19:15:41 +0200: Memory Usage (469916K) : topmetal2_slit has 0 polygons
2026-09-26 19:15:41 +0200: Memory Usage (470044K) : topmetal2_text has 0 polygons
2026-09-26 19:15:41 +0200: Memory Usage (470044K) : topmetal2_noqrc has 0 polygons
2026-09-26 19:15:41 +0200: Memory Usage (470172K) : topmetal2_res has 0 polygons
2026-09-26 19:15:41 +0200: Memory Usage (470172K) : topmetal2_iprobe has 0 polygons
2026-09-26 19:15:41 +0200: Memory Usage (470300K) : topmetal2_diffprb has 0 polygons
2026-09-26 19:15:41 +0200: Memory Usage (470300K) : snsring_drw has 0 polygons
2026-09-26 19:15:41 +0200: Memory Usage (470300K) : sensor_drw has 0 polygons
2026-09-26 19:15:41 +0200: Memory Usage (470428K) : snsarms_drw has 0 polygons
2026-09-26 19:15:41 +0200: Memory Usage (470428K) : snscmosvia_drw has 0 polygons
2026-09-26 19:15:41 +0200: Memory Usage (470556K) : colwind_drw has 0 polygons
2026-09-26 19:15:41 +0200: Memory Usage (470556K) : flm_drw has 0 polygons
2026-09-26 19:15:41 +0200: Memory Usage (470556K) : hafniumox_drw has 0 polygons
2026-09-26 19:15:41 +0200: Memory Usage (470684K) : memvia_drw has 0 polygons
2026-09-26 19:15:41 +0200: Memory Usage (470684K) : thinfilmres_drw has 0 polygons
2026-09-26 19:15:41 +0200: Memory Usage (470812K) : rfmem_drw has 0 polygons
2026-09-26 19:15:41 +0200: Memory Usage (470812K) : norcx_drw has 0 polygons
2026-09-26 19:15:41 +0200: Memory Usage (470940K) : norcx_m2m3 has 0 polygons
2026-09-26 19:15:41 +0200: Memory Usage (470940K) : norcx_m2m4 has 0 polygons
2026-09-26 19:15:41 +0200: Memory Usage (470940K) : norcx_m2m5 has 0 polygons
2026-09-26 19:15:41 +0200: Memory Usage (471068K) : norcx_m2tm1 has 0 polygons
2026-09-26 19:15:41 +0200: Memory Usage (471068K) : norcx_m2tm2 has 0 polygons
2026-09-26 19:15:41 +0200: Memory Usage (471196K) : norcx_m3m4 has 0 polygons
2026-09-26 19:15:41 +0200: Memory Usage (471196K) : norcx_m3m5 has 0 polygons
2026-09-26 19:15:41 +0200: Memory Usage (471196K) : norcx_m3tm1 has 0 polygons
2026-09-26 19:15:41 +0200: Memory Usage (471324K) : norcx_m3tm2 has 0 polygons
2026-09-26 19:15:41 +0200: Memory Usage (471324K) : norcx_m4m5 has 0 polygons
2026-09-26 19:15:41 +0200: Memory Usage (471452K) : norcx_m4tm1 has 0 polygons
2026-09-26 19:15:41 +0200: Memory Usage (471452K) : norcx_m4tm2 has 0 polygons
2026-09-26 19:15:41 +0200: Memory Usage (471580K) : norcx_m5tm1 has 0 polygons
2026-09-26 19:15:41 +0200: Memory Usage (471580K) : norcx_m5tm2 has 0 polygons
2026-09-26 19:15:41 +0200: Memory Usage (471580K) : norcx_tm1tm2 has 0 polygons
2026-09-26 19:15:41 +0200: Memory Usage (471708K) : norcx_m1sub has 0 polygons
2026-09-26 19:15:41 +0200: Memory Usage (471708K) : norcx_m2sub has 0 polygons
2026-09-26 19:15:41 +0200: Memory Usage (471836K) : norcx_m3sub has 0 polygons
2026-09-26 19:15:41 +0200: Memory Usage (471836K) : norcx_m4sub has 0 polygons
2026-09-26 19:15:41 +0200: Memory Usage (471964K) : norcx_m5sub has 0 polygons
2026-09-26 19:15:41 +0200: Memory Usage (471964K) : norcx_tm1sub has 0 polygons
2026-09-26 19:15:41 +0200: Memory Usage (471964K) : norcx_tm2sub has 0 polygons
2026-09-26 19:15:41 +0200: Memory Usage (472092K) : snsbotvia_drw has 0 polygons
2026-09-26 19:15:41 +0200: Memory Usage (472092K) : snstopvia_drw has 0 polygons
2026-09-26 19:15:41 +0200: Memory Usage (472220K) : deepvia_drw has 0 polygons
2026-09-26 19:15:41 +0200: Memory Usage (472220K) : fgetch_drw has 0 polygons
2026-09-26 19:15:41 +0200: Memory Usage (472220K) : ctrgat_drw has 0 polygons
2026-09-26 19:15:41 +0200: Memory Usage (472348K) : fgimp_drw has 0 polygons
2026-09-26 19:15:41 +0200: Memory Usage (472348K) : emwihv_drw has 0 polygons
2026-09-26 19:15:41 +0200: Memory Usage (472476K) : lbe_drw has 0 polygons
2026-09-26 19:15:41 +0200: Memory Usage (472476K) : alcustop_drw has 0 polygons
2026-09-26 19:15:41 +0200: Memory Usage (472604K) : nometfiller_drw has 0 polygons
2026-09-26 19:15:41 +0200: Memory Usage (472604K) : prboundary_drw has 0 polygons
2026-09-26 19:15:41 +0200: Memory Usage (472604K) : exchange0_drw has 0 polygons
2026-09-26 19:15:41 +0200: Memory Usage (472732K) : exchange0_pin has 0 polygons
2026-09-26 19:15:41 +0200: Memory Usage (472732K) : exchange0_text has 0 polygons
2026-09-26 19:15:41 +0200: Memory Usage (472860K) : exchange1_drw has 0 polygons
2026-09-26 19:15:41 +0200: Memory Usage (472860K) : exchange1_pin has 0 polygons
2026-09-26 19:15:41 +0200: Memory Usage (472860K) : exchange1_text has 0 polygons
2026-09-26 19:15:41 +0200: Memory Usage (472988K) : exchange2_drw has 0 polygons
2026-09-26 19:15:41 +0200: Memory Usage (472988K) : exchange2_pin has 0 polygons
2026-09-26 19:15:41 +0200: Memory Usage (473116K) : exchange2_text has 0 polygons
2026-09-26 19:15:41 +0200: Memory Usage (473116K) : exchange3_drw has 0 polygons
2026-09-26 19:15:41 +0200: Memory Usage (473116K) : exchange3_pin has 0 polygons
2026-09-26 19:15:41 +0200: Memory Usage (473244K) : exchange3_text has 0 polygons
2026-09-26 19:15:41 +0200: Memory Usage (473244K) : exchange4_drw has 0 polygons
2026-09-26 19:15:41 +0200: Memory Usage (473372K) : exchange4_pin has 0 polygons
2026-09-26 19:15:41 +0200: Memory Usage (473372K) : exchange4_text has 0 polygons
2026-09-26 19:15:41 +0200: Memory Usage (473372K) : isonwell_drw has 0 polygons
2026-09-26 19:15:41 +0200: Memory Usage (473372K) : Total no. of polygons in the design is 18191
2026-09-26 19:15:41 +0200: Memory Usage (473500K) : Loaded TECH DRC rules values from /foss/pdks/ihp-sg13g2/libs.tech/klayout/python/sg13g2_pycell_lib/sg13g2_tech_mod.json
2026-09-26 19:15:41 +0200: Memory Usage (473500K) : Loaded default DRC rules values from /foss/pdks/ihp-sg13g2/libs.tech/klayout/tech/drc/rule_decks/sg13g2_tech_default.json
2026-09-26 19:15:41 +0200: Memory Usage (473500K) : The following rules values were missing in tech json and default values were used:
2026-09-26 19:15:41 +0200: Memory Usage (473500K) :   - NW_f1_digibnd
2026-09-26 19:15:41 +0200: Memory Usage (473500K) :   - Cnt_c_digibnd
2026-09-26 19:15:41 +0200: Memory Usage (473500K) :   - Cnt_c_sram
2026-09-26 19:15:41 +0200: Memory Usage (473500K) :   - Sdiod_b
2026-09-26 19:15:41 +0200: Memory Usage (473500K) :   - Sdiod_c
2026-09-26 19:15:41 +0200: Memory Usage (474524K) : Total area of the design is 2407.8599999999997 um^2.
2026-09-26 19:15:41 +0200: Memory Usage (474524K) : The design dimensions are 44.1 µm * 54.6 µm.
2026-09-26 19:15:41 +0200: Memory Usage (474524K) : Starting general IHP-SG13G2 derivations.
2026-09-26 19:15:41 +0200: Memory Usage (474524K) : Starting Pwell derivations
2026-09-26 19:15:41 +0200: Memory Usage (476700K) : Starting n-Activ derivations
2026-09-26 19:15:41 +0200: Memory Usage (477084K) : Starting p-Activ derivations
2026-09-26 19:15:41 +0200: Memory Usage (477084K) : Starting ptap derivations
2026-09-26 19:15:41 +0200: Memory Usage (477084K) : Starting ntap derivations
2026-09-26 19:15:41 +0200: Memory Usage (477084K) : Starting pact FET derivations
2026-09-26 19:15:41 +0200: Memory Usage (477084K) : Starting nact FET derivations
2026-09-26 19:15:41 +0200: Memory Usage (477084K) : Starting Gate derivations
2026-09-26 19:15:41 +0200: Memory Usage (477084K) : Starting cont/contbar general derivations
2026-09-26 19:15:41 +0200: Memory Usage (477084K) : Starting pad general derivations
2026-09-26 19:15:41 +0200: Memory Usage (477084K) : Starting schottky_nbl general derivations
2026-09-26 19:15:41 +0200: Memory Usage (477084K) : Starting SVaricap general derivations
2026-09-26 19:15:41 +0200: Memory Usage (477084K) : Starting HBT general derivations
2026-09-26 19:15:41 +0200: Memory Usage (477084K) : Starting IHP-SG13G2 DRC connectivity related derivations.
2026-09-26 19:15:41 +0200: Memory Usage (477084K) : Starting IHP-SG13G2 DRC connectivity setup
2026-09-26 19:15:41 +0200: Memory Usage (477340K) : Starting IHP-SG13G2 DRC rules.
2026-09-26 19:15:41 +0200: Memory Usage (477340K) : Running all FEOL rules
2026-09-26 19:15:41 +0200: Memory Usage (477340K) : Running all BEOL rules
2026-09-26 19:15:41 +0200: Memory Usage (477340K) : Running all PIN rules
2026-09-26 19:15:41 +0200: Memory Usage (477340K) : Running all FORBIDDEN rules
2026-09-26 19:15:41 +0200: Memory Usage (477340K) : Starting 5.1 NWell table
2026-09-26 19:15:41 +0200: Memory Usage (477340K) : Executing rule NW.b
2026-09-26 19:15:41 +0200: Memory Usage (478236K) : Executing rule NW.b1
2026-09-26 19:15:41 +0200: Memory Usage (478236K) : Executing rule NW.f1
2026-09-26 19:15:41 +0200: Memory Usage (478236K) : Executing rule NW.f1.digibnd
2026-09-26 19:15:41 +0200: Memory Usage (478236K) : Starting 5.2 PWell:block
2026-09-26 19:15:41 +0200: Memory Usage (478236K) : Executing rule PWB.e
2026-09-26 19:15:42 +0200: Memory Usage (478236K) : Executing rule PWB.e1
2026-09-26 19:15:42 +0200: Memory Usage (478236K) : Executing rule PWB.f
2026-09-26 19:15:42 +0200: Memory Usage (478236K) : Executing rule PWB.f1
2026-09-26 19:15:42 +0200: Memory Usage (478236K) : Starting 5.3 nBuLay table
2026-09-26 19:15:42 +0200: Memory Usage (478236K) : Executing rule NBL.b
2026-09-26 19:15:42 +0200: Memory Usage (478236K) : Executing rule NBL.c
2026-09-26 19:15:42 +0200: Memory Usage (478236K) : Executing rule NBL.d
2026-09-26 19:15:42 +0200: Memory Usage (478236K) : Executing rule NBL.e
2026-09-26 19:15:42 +0200: Memory Usage (478236K) : Executing rule NBL.f
2026-09-26 19:15:42 +0200: Memory Usage (478236K) : Starting 5.5. Activ table
2026-09-26 19:15:42 +0200: Memory Usage (478236K) : Executing rule Act.a
2026-09-26 19:15:42 +0200: Memory Usage (478236K) : Executing rule Act.b
2026-09-26 19:15:42 +0200: Memory Usage (478364K) : Starting 5.6 Activ:filler table
2026-09-26 19:15:42 +0200: Memory Usage (478364K) : Executing rule AFil.c1
2026-09-26 19:15:42 +0200: Memory Usage (478364K) : Executing rule AFil.c
2026-09-26 19:15:42 +0200: Memory Usage (478364K) : Executing rule AFil.d
2026-09-26 19:15:42 +0200: Memory Usage (478364K) : Executing rule AFil.e
2026-09-26 19:15:42 +0200: Memory Usage (478364K) : Executing rule AFil.j
2026-09-26 19:15:42 +0200: Memory Usage (478364K) : Starting 5.7. ThickGateOx table
2026-09-26 19:15:42 +0200: Memory Usage (478364K) : Executing rule TGO.f
2026-09-26 19:15:42 +0200: Memory Usage (478364K) : Starting 5.8. GatPoly table
2026-09-26 19:15:42 +0200: Memory Usage (478364K) : Executing rule Gat.a
2026-09-26 19:15:42 +0200: Memory Usage (478364K) : Executing rule Gat.b
2026-09-26 19:15:42 +0200: Memory Usage (478364K) : Executing rule Gat.d
2026-09-26 19:15:42 +0200: Memory Usage (478364K) : Executing rule Gat.a1
2026-09-26 19:15:42 +0200: Memory Usage (478620K) : Executing rule Gat.a2
2026-09-26 19:15:42 +0200: Memory Usage (478620K) : Executing rule Gat.g
2026-09-26 19:15:42 +0200: Memory Usage (478620K) : Starting 5.9 GatPoly:filler
2026-09-26 19:15:42 +0200: Memory Usage (478620K) : Executing rule GFil.d
2026-09-26 19:15:42 +0200: Memory Usage (478620K) : Executing rule GFil.e
2026-09-26 19:15:42 +0200: Memory Usage (478620K) : Executing rule GFil.i
2026-09-26 19:15:42 +0200: Memory Usage (478620K) : Starting 5.10 pSD table
2026-09-26 19:15:42 +0200: Memory Usage (478620K) : Executing rule pSD.c1
2026-09-26 19:15:42 +0200: Memory Usage (478620K) : Starting 5.14. Cont table
2026-09-26 19:15:42 +0200: Memory Usage (478620K) : Executing rule Cnt.a
2026-09-26 19:15:42 +0200: Memory Usage (478620K) : Executing rule Cnt.b
2026-09-26 19:15:42 +0200: Memory Usage (478620K) : Executing rule Cnt.c
2026-09-26 19:15:42 +0200: Memory Usage (478748K) : Executing rule Cnt.c.digibnd
2026-09-26 19:15:42 +0200: Memory Usage (478748K) : Executing rule Cnt.c.SRAM
2026-09-26 19:15:42 +0200: Memory Usage (478748K) : Executing rule Cnt.d
2026-09-26 19:15:42 +0200: Memory Usage (478748K) : Executing rule Cnt.e
2026-09-26 19:15:42 +0200: Memory Usage (478748K) : Executing rule Cnt.g1
2026-09-26 19:15:42 +0200: Memory Usage (478748K) : Executing rule Cnt.g2
2026-09-26 19:15:43 +0200: Memory Usage (478748K) : Starting 5.15. ContBar table
2026-09-26 19:15:43 +0200: Memory Usage (478748K) : Executing rule CntB.a
2026-09-26 19:15:43 +0200: Memory Usage (478876K) : Executing rule CntB.a1
2026-09-26 19:15:43 +0200: Memory Usage (478876K) : Executing rule CntB.b1
2026-09-26 19:15:43 +0200: Memory Usage (478876K) : Executing rule CntB.h1
2026-09-26 19:15:43 +0200: Memory Usage (478876K) : Starting 6.1.3 NPN Substrate-Tie table
2026-09-26 19:15:43 +0200: Memory Usage (478876K) : Executing rule npn13G2.bR 
2026-09-26 19:15:43 +0200: Memory Usage (478876K) : Executing rule npn13G2L.cR 
2026-09-26 19:15:43 +0200: Memory Usage (478876K) : Executing rule npn13G2V.cR 
2026-09-26 19:15:43 +0200: Memory Usage (478876K) : Starting 6.7 Schottky diode table
2026-09-26 19:15:43 +0200: Memory Usage (478876K) : Executing rule Sdiod.b
2026-09-26 19:15:43 +0200: Memory Usage (478876K) : Executing rule Sdiod.c
2026-09-26 19:15:43 +0200: Memory Usage (479004K) : Executing rule Sdiod.d
2026-09-26 19:15:43 +0200: Memory Usage (479132K) : Executing rule Sdiod.e
2026-09-26 19:15:43 +0200: Memory Usage (479260K) : Starting 7.2 Latch-up table
2026-09-26 19:15:43 +0200: Memory Usage (479260K) : Executing rule LU.b
2026-09-26 19:15:43 +0200: Memory Usage (479388K) : Starting 5.16. Metal1 table
2026-09-26 19:15:43 +0200: Memory Usage (479388K) : Executing rule M1.a
2026-09-26 19:15:44 +0200: Memory Usage (479388K) : Executing rule M1.b
2026-09-26 19:15:44 +0200: Memory Usage (479644K) : Executing rule M1.e
2026-09-26 19:15:44 +0200: Memory Usage (479644K) : Executing rule M1.f
2026-09-26 19:15:44 +0200: Memory Usage (479644K) : Executing rule M1.g
2026-09-26 19:15:44 +0200: Memory Usage (479644K) : Executing rule M1.i
2026-09-26 19:15:44 +0200: Memory Usage (479772K) : Starting 5.17 Metaln table
2026-09-26 19:15:44 +0200: Memory Usage (479772K) : Executing rule M2.a
2026-09-26 19:15:44 +0200: Memory Usage (479772K) : Executing rule M2.b
2026-09-26 19:15:44 +0200: Memory Usage (479772K) : Executing rule M2.e
2026-09-26 19:15:44 +0200: Memory Usage (479772K) : Executing rule M2.f
2026-09-26 19:15:44 +0200: Memory Usage (479772K) : Executing rule M2.g
2026-09-26 19:15:44 +0200: Memory Usage (479772K) : Executing rule M2.i
2026-09-26 19:15:44 +0200: Memory Usage (479772K) : Executing rule M3.a
2026-09-26 19:15:44 +0200: Memory Usage (479772K) : Executing rule M3.b
2026-09-26 19:15:44 +0200: Memory Usage (479772K) : Executing rule M3.e
2026-09-26 19:15:44 +0200: Memory Usage (479772K) : Executing rule M3.f
2026-09-26 19:15:44 +0200: Memory Usage (479772K) : Executing rule M3.g
2026-09-26 19:15:44 +0200: Memory Usage (479772K) : Executing rule M3.i
2026-09-26 19:15:44 +0200: Memory Usage (479772K) : Executing rule M4.a
2026-09-26 19:15:44 +0200: Memory Usage (479772K) : Executing rule M4.b
2026-09-26 19:15:44 +0200: Memory Usage (479772K) : Executing rule M4.e
2026-09-26 19:15:44 +0200: Memory Usage (479772K) : Executing rule M4.f
2026-09-26 19:15:44 +0200: Memory Usage (479772K) : Executing rule M4.g
2026-09-26 19:15:44 +0200: Memory Usage (479772K) : Executing rule M4.i
2026-09-26 19:15:44 +0200: Memory Usage (479772K) : Executing rule M5.a
2026-09-26 19:15:44 +0200: Memory Usage (479772K) : Executing rule M5.b
2026-09-26 19:15:44 +0200: Memory Usage (479772K) : Executing rule M5.e
2026-09-26 19:15:44 +0200: Memory Usage (479772K) : Executing rule M5.f
2026-09-26 19:15:44 +0200: Memory Usage (479772K) : Executing rule M5.g
2026-09-26 19:15:44 +0200: Memory Usage (479772K) : Executing rule M5.i
2026-09-26 19:15:44 +0200: Memory Usage (479772K) : Starting 5.18 Metaln:filler table
2026-09-26 19:15:44 +0200: Memory Usage (479772K) : Executing rule M1Fil.c
2026-09-26 19:15:44 +0200: Memory Usage (479772K) : Executing rule M1Fil.a2
2026-09-26 19:15:44 +0200: Memory Usage (479772K) : Executing rule M2Fil.c
2026-09-26 19:15:44 +0200: Memory Usage (479772K) : Executing rule M2Fil.a2
2026-09-26 19:15:44 +0200: Memory Usage (479772K) : Executing rule M3Fil.c
2026-09-26 19:15:44 +0200: Memory Usage (479772K) : Executing rule M3Fil.a2
2026-09-26 19:15:44 +0200: Memory Usage (479772K) : Executing rule M4Fil.c
2026-09-26 19:15:44 +0200: Memory Usage (479900K) : Executing rule M4Fil.a2
2026-09-26 19:15:44 +0200: Memory Usage (480028K) : Executing rule M5Fil.c
2026-09-26 19:15:44 +0200: Memory Usage (480156K) : Executing rule M5Fil.a2
2026-09-26 19:15:44 +0200: Memory Usage (480284K) : Starting 5.19. Via1 table
2026-09-26 19:15:44 +0200: Memory Usage (480284K) : Starting 5.19. Via1 table derivations
2026-09-26 19:15:44 +0200: Memory Usage (480412K) : Executing rule V1.a
2026-09-26 19:15:44 +0200: Memory Usage (480668K) : Executing rule V1.b
2026-09-26 19:15:44 +0200: Memory Usage (480796K) : Executing rule V1.c
2026-09-26 19:15:44 +0200: Memory Usage (480924K) : Starting 5.20. Vian table
2026-09-26 19:15:44 +0200: Memory Usage (480924K) : Executing rule V2.a
2026-09-26 19:15:44 +0200: Memory Usage (481308K) : Executing rule V2.b
2026-09-26 19:15:44 +0200: Memory Usage (481308K) : Executing rule V2.c
2026-09-26 19:15:44 +0200: Memory Usage (481692K) : Executing rule V3.a
2026-09-26 19:15:44 +0200: Memory Usage (481820K) : Executing rule V3.b
2026-09-26 19:15:44 +0200: Memory Usage (481948K) : Executing rule V3.c
2026-09-26 19:15:44 +0200: Memory Usage (482204K) : Executing rule V4.a
2026-09-26 19:15:44 +0200: Memory Usage (482460K) : Executing rule V4.b
2026-09-26 19:15:44 +0200: Memory Usage (482588K) : Executing rule V4.c
2026-09-26 19:15:44 +0200: Memory Usage (482716K) : Starting 5.21. TopVia1 table
2026-09-26 19:15:44 +0200: Memory Usage (482716K) : Executing rule TV1.a
2026-09-26 19:15:44 +0200: Memory Usage (482972K) : Executing rule TV1.b
2026-09-26 19:15:44 +0200: Memory Usage (483100K) : Executing rule TV1.c
2026-09-26 19:15:44 +0200: Memory Usage (483228K) : Executing rule TV1.d
2026-09-26 19:15:44 +0200: Memory Usage (483228K) : Starting 5.22. TopMetal1 table
2026-09-26 19:15:44 +0200: Memory Usage (483228K) : Executing rule TM1.a
2026-09-26 19:15:44 +0200: Memory Usage (483356K) : Executing rule TM1.b
2026-09-26 19:15:44 +0200: Memory Usage (483612K) : Starting 5.23 TopMetal1:filler table
2026-09-26 19:15:44 +0200: Memory Usage (483612K) : Executing rule TM1Fil.c
2026-09-26 19:15:44 +0200: Memory Usage (483612K) : Executing rule TM1Fil.a1
2026-09-26 19:15:44 +0200: Memory Usage (483740K) : Starting 5.24. TopVia2 table
2026-09-26 19:15:44 +0200: Memory Usage (483868K) : Executing rule TV2.a
2026-09-26 19:15:44 +0200: Memory Usage (484124K) : Executing rule TV2.b
2026-09-26 19:15:44 +0200: Memory Usage (484124K) : Executing rule TV2.c
2026-09-26 19:15:44 +0200: Memory Usage (484124K) : Executing rule TV2.d
2026-09-26 19:15:44 +0200: Memory Usage (484124K) : Starting 5.25. TopMetal2 table
2026-09-26 19:15:44 +0200: Memory Usage (484124K) : Executing rule TM2.a
2026-09-26 19:15:44 +0200: Memory Usage (484124K) : Executing rule TM2.b
2026-09-26 19:15:44 +0200: Memory Usage (484124K) : Executing rule TM2.bR
2026-09-26 19:15:44 +0200: Memory Usage (484124K) : Starting 5.26 TopMetal2:filler table
2026-09-26 19:15:44 +0200: Memory Usage (484124K) : Executing rule TM2Fil.c
2026-09-26 19:15:44 +0200: Memory Usage (484124K) : Executing rule TM2Fil.a1
2026-09-26 19:15:44 +0200: Memory Usage (484124K) : Starting 5.27. Passiv table
2026-09-26 19:15:44 +0200: Memory Usage (484124K) : Executing rule Pas.a
2026-09-26 19:15:44 +0200: Memory Usage (484124K) : Executing rule Pas.b
2026-09-26 19:15:44 +0200: Memory Usage (484124K) : Executing rule Pas.c
2026-09-26 19:15:44 +0200: Memory Usage (484124K) : Starting 6.9.2 Copper Pillar table
2026-09-26 19:15:44 +0200: Memory Usage (484124K) : Executing rule Padc.a
2026-09-26 19:15:44 +0200: Memory Usage (484124K) : Executing rule Padc.b
2026-09-26 19:15:44 +0200: Memory Usage (484124K) : Executing rule Padc.c
2026-09-26 19:15:44 +0200: Memory Usage (484124K) : Executing rule Padb.f
2026-09-26 19:15:44 +0200: Memory Usage (484124K) : Starting 6.9 Pad table
2026-09-26 19:15:44 +0200: Memory Usage (484124K) : Executing rule Pad.m
2026-09-26 19:15:44 +0200: Memory Usage (484124K) : Executing rule Pad.fR_M1
2026-09-26 19:15:44 +0200: Memory Usage (484124K) : Executing rule Pad.fR_M2
2026-09-26 19:15:45 +0200: Memory Usage (484124K) : Executing rule Pad.fR_M3
2026-09-26 19:15:45 +0200: Memory Usage (484124K) : Executing rule Pad.fR_M4
2026-09-26 19:15:45 +0200: Memory Usage (484124K) : Executing rule Pad.fR_M5
2026-09-26 19:15:45 +0200: Memory Usage (484124K) : Executing rule Pad.fR_TM1
2026-09-26 19:15:45 +0200: Memory Usage (484124K) : Executing rule Pad.fR_TM2
2026-09-26 19:15:45 +0200: Memory Usage (484124K) : Executing rule Pad.i
2026-09-26 19:15:45 +0200: Memory Usage (484124K) : Starting 6.9.1 Solder Bump
2026-09-26 19:15:45 +0200: Memory Usage (484124K) : Executing rule Padb.a
2026-09-26 19:15:45 +0200: Memory Usage (484124K) : Executing rule Padb.b
2026-09-26 19:15:45 +0200: Memory Usage (484124K) : Executing rule Padb.c
2026-09-26 19:15:45 +0200: Memory Usage (484124K) : Executing rule Padb.f
2026-09-26 19:15:45 +0200: Memory Usage (484124K) : Executing rule Padb.d
2026-09-26 19:15:45 +0200: Memory Usage (484124K) : Starting 6.10 Sealring table
2026-09-26 19:15:45 +0200: Memory Usage (484124K) : Executing rule Seal.l
2026-09-26 19:15:45 +0200: Memory Usage (484124K) : Executing rule Seal.n
2026-09-26 19:15:45 +0200: Memory Usage (484124K) : Executing rule seal.b_metal1
2026-09-26 19:15:45 +0200: Memory Usage (484124K) : Executing rule seal.b_metal2
2026-09-26 19:15:45 +0200: Memory Usage (484124K) : Executing rule seal.b_metal3
2026-09-26 19:15:45 +0200: Memory Usage (484124K) : Executing rule seal.b_metal4
2026-09-26 19:15:45 +0200: Memory Usage (484124K) : Executing rule seal.b_metal5
2026-09-26 19:15:45 +0200: Memory Usage (484124K) : Executing rule seal.b_topmetal1
2026-09-26 19:15:45 +0200: Memory Usage (484124K) : Executing rule seal.b_topmetal2
2026-09-26 19:15:45 +0200: Memory Usage (484124K) : Executing rule seal.b_activ
2026-09-26 19:15:45 +0200: Memory Usage (484124K) : Executing rule seal.b_psd
2026-09-26 19:15:45 +0200: Memory Usage (484252K) : Executing rule Seal.k
2026-09-26 19:15:45 +0200: Memory Usage (484380K) : Executing rule Seal.m
2026-09-26 19:15:45 +0200: Memory Usage (484508K) : Starting 6.11 MIM table
2026-09-26 19:15:45 +0200: Memory Usage (484508K) : Executing rule MIM.c
2026-09-26 19:15:45 +0200: Memory Usage (484636K) : Executing rule MIM.d
2026-09-26 19:15:45 +0200: Memory Usage (484764K) : Executing rule MIM.gR
2026-09-26 19:15:45 +0200: Memory Usage (484892K) : Starting 7.3 Metal Slits table
2026-09-26 19:15:45 +0200: Memory Usage (484892K) : Executing rule Slt.e1_M1
2026-09-26 19:15:45 +0200: Memory Usage (485020K) : Executing rule Slt.e1_M2
2026-09-26 19:15:45 +0200: Memory Usage (485148K) : Executing rule Slt.e1_M3
2026-09-26 19:15:45 +0200: Memory Usage (485276K) : Executing rule Slt.e1_M4
2026-09-26 19:15:45 +0200: Memory Usage (485404K) : Executing rule Slt.e1_M5
2026-09-26 19:15:45 +0200: Memory Usage (485532K) : Executing rule Slt.e1_TM1
2026-09-26 19:15:45 +0200: Memory Usage (485660K) : Executing rule Slt.e1_TM2
2026-09-26 19:15:45 +0200: Memory Usage (485788K) : Starting 9.1. LBE table
2026-09-26 19:15:45 +0200: Memory Usage (485916K) : Executing rule LBE.a
2026-09-26 19:15:45 +0200: Memory Usage (486044K) : Executing rule LBE.b
2026-09-26 19:15:45 +0200: Memory Usage (486172K) : Executing rule LBE.b1
2026-09-26 19:15:45 +0200: Memory Usage (486172K) : Executing rule LBE.c
2026-09-26 19:15:45 +0200: Memory Usage (486300K) : Executing rule LBE.d
2026-09-26 19:15:45 +0200: Memory Usage (486428K) : Executing rule LBE.h
2026-09-26 19:15:45 +0200: Memory Usage (486684K) : Starting 7.4. PIN table
2026-09-26 19:15:45 +0200: Memory Usage (486684K) : Executing rule Pin.a
2026-09-26 19:15:45 +0200: Memory Usage (486812K) : Executing rule Pin.b
2026-09-26 19:15:45 +0200: Memory Usage (486940K) : Executing rule Pin.e
2026-09-26 19:15:45 +0200: Memory Usage (487068K) : Executing rule Pin.f_M2
2026-09-26 19:15:45 +0200: Memory Usage (487324K) : Executing rule Pin.f_M3
2026-09-26 19:15:45 +0200: Memory Usage (487452K) : Executing rule Pin.f_M4
2026-09-26 19:15:45 +0200: Memory Usage (487580K) : Executing rule Pin.f_M5
2026-09-26 19:15:45 +0200: Memory Usage (487836K) : Executing rule Pin.g
2026-09-26 19:15:45 +0200: Memory Usage (487964K) : Executing rule Pin.h
2026-09-26 19:15:45 +0200: Memory Usage (488092K) : Starting 3.1. offgrid table
2026-09-26 19:15:45 +0200: Memory Usage (488092K) : Executing rule activ_drw_Offgrid
2026-09-26 19:15:45 +0200: Memory Usage (489372K) : Executing rule activ_mask_Offgrid
2026-09-26 19:15:45 +0200: Memory Usage (489372K) : Executing rule activ_filler_Offgrid
2026-09-26 19:15:45 +0200: Memory Usage (489884K) : Executing rule activ_opc_Offgrid
2026-09-26 19:15:45 +0200: Memory Usage (490396K) : Executing rule activ_iopc_Offgrid
2026-09-26 19:15:45 +0200: Memory Usage (490908K) : Executing rule biwind_drw_Offgrid
2026-09-26 19:15:45 +0200: Memory Usage (491548K) : Executing rule biwind_opc_Offgrid
2026-09-26 19:15:45 +0200: Memory Usage (492188K) : Executing rule pemwind_drw_Offgrid
2026-09-26 19:15:45 +0200: Memory Usage (492828K) : Executing rule gatpoly_drw_Offgrid
2026-09-26 19:15:45 +0200: Memory Usage (493852K) : Executing rule gatpoly_filler_Offgrid
2026-09-26 19:15:45 +0200: Memory Usage (493852K) : Executing rule gatpoly_opc_Offgrid
2026-09-26 19:15:45 +0200: Memory Usage (493852K) : Executing rule gatpoly_iopc_Offgrid
2026-09-26 19:15:45 +0200: Memory Usage (493852K) : Executing rule gatpoly_noqrc_Offgrid
2026-09-26 19:15:45 +0200: Memory Usage (493852K) : Executing rule cont_drw_Offgrid
2026-09-26 19:15:45 +0200: Memory Usage (493852K) : Executing rule cont_opc_Offgrid
2026-09-26 19:15:45 +0200: Memory Usage (493852K) : Executing rule nsd_drw_Offgrid
2026-09-26 19:15:45 +0200: Memory Usage (493852K) : Executing rule nsd_block_Offgrid
2026-09-26 19:15:45 +0200: Memory Usage (493852K) : Executing rule metal1_drw_Offgrid
2026-09-26 19:15:45 +0200: Memory Usage (493852K) : Executing rule metal1_mask_Offgrid
2026-09-26 19:15:45 +0200: Memory Usage (493852K) : Executing rule metal1_filler_Offgrid
2026-09-26 19:15:45 +0200: Memory Usage (493852K) : Executing rule metal1_slit_Offgrid
2026-09-26 19:15:45 +0200: Memory Usage (493852K) : Executing rule metal1_opc_Offgrid
2026-09-26 19:15:45 +0200: Memory Usage (493852K) : Executing rule metal1_noqrc_Offgrid
2026-09-26 19:15:45 +0200: Memory Usage (493852K) : Executing rule metal1_res_Offgrid
2026-09-26 19:15:45 +0200: Memory Usage (493852K) : Executing rule metal1_iprobe_Offgrid
2026-09-26 19:15:45 +0200: Memory Usage (493852K) : Executing rule metal1_diffprb_Offgrid
2026-09-26 19:15:45 +0200: Memory Usage (493852K) : Executing rule passiv_drw_Offgrid
2026-09-26 19:15:45 +0200: Memory Usage (493852K) : Executing rule passiv_pillar_Offgrid
2026-09-26 19:15:45 +0200: Memory Usage (493852K) : Executing rule passiv_sbump_Offgrid
2026-09-26 19:15:45 +0200: Memory Usage (493852K) : Executing rule passiv_pdl_Offgrid
2026-09-26 19:15:45 +0200: Memory Usage (493852K) : Executing rule metal2_drw_Offgrid
2026-09-26 19:15:45 +0200: Memory Usage (493852K) : Executing rule metal2_mask_Offgrid
2026-09-26 19:15:45 +0200: Memory Usage (493852K) : Executing rule metal2_filler_Offgrid
2026-09-26 19:15:45 +0200: Memory Usage (493852K) : Executing rule metal2_slit_Offgrid
2026-09-26 19:15:45 +0200: Memory Usage (493852K) : Executing rule metal2_opc_Offgrid
2026-09-26 19:15:45 +0200: Memory Usage (493852K) : Executing rule metal2_noqrc_Offgrid
2026-09-26 19:15:45 +0200: Memory Usage (493852K) : Executing rule metal2_res_Offgrid
2026-09-26 19:15:45 +0200: Memory Usage (493852K) : Executing rule metal2_iprobe_Offgrid
2026-09-26 19:15:46 +0200: Memory Usage (493852K) : Executing rule metal2_diffprb_Offgrid
2026-09-26 19:15:46 +0200: Memory Usage (493852K) : Executing rule baspoly_drw_Offgrid
2026-09-26 19:15:46 +0200: Memory Usage (493852K) : Executing rule psd_drw_Offgrid
2026-09-26 19:15:46 +0200: Memory Usage (493852K) : Executing rule nldb_drw_Offgrid
2026-09-26 19:15:46 +0200: Memory Usage (493852K) : Executing rule via1_drw_Offgrid
2026-09-26 19:15:46 +0200: Memory Usage (493852K) : Executing rule backmetal1_drw_Offgrid
2026-09-26 19:15:46 +0200: Memory Usage (493852K) : Executing rule backmetal1_mask_Offgrid
2026-09-26 19:15:46 +0200: Memory Usage (493852K) : Executing rule backmetal1_filler_Offgrid
2026-09-26 19:15:46 +0200: Memory Usage (493852K) : Executing rule backmetal1_slit_Offgrid
2026-09-26 19:15:46 +0200: Memory Usage (493852K) : Executing rule backmetal1_opc_Offgrid
2026-09-26 19:15:46 +0200: Memory Usage (493852K) : Executing rule backmetal1_noqrc_Offgrid
2026-09-26 19:15:46 +0200: Memory Usage (493852K) : Executing rule backmetal1_res_Offgrid
2026-09-26 19:15:46 +0200: Memory Usage (493852K) : Executing rule backmetal1_iprobe_Offgrid
2026-09-26 19:15:46 +0200: Memory Usage (493852K) : Executing rule backmetal1_diffprb_Offgrid
2026-09-26 19:15:46 +0200: Memory Usage (493852K) : Executing rule backpassiv_drw_Offgrid
2026-09-26 19:15:46 +0200: Memory Usage (493852K) : Executing rule salblock_drw_Offgrid
2026-09-26 19:15:46 +0200: Memory Usage (493852K) : Executing rule via2_drw_Offgrid
2026-09-26 19:15:46 +0200: Memory Usage (493852K) : Executing rule metal3_drw_Offgrid
2026-09-26 19:15:46 +0200: Memory Usage (493852K) : Executing rule metal3_mask_Offgrid
2026-09-26 19:15:46 +0200: Memory Usage (493852K) : Executing rule metal3_filler_Offgrid
2026-09-26 19:15:46 +0200: Memory Usage (493852K) : Executing rule metal3_slit_Offgrid
2026-09-26 19:15:46 +0200: Memory Usage (493852K) : Executing rule metal3_opc_Offgrid
2026-09-26 19:15:46 +0200: Memory Usage (493852K) : Executing rule metal3_noqrc_Offgrid
2026-09-26 19:15:46 +0200: Memory Usage (493852K) : Executing rule metal3_res_Offgrid
2026-09-26 19:15:46 +0200: Memory Usage (493852K) : Executing rule metal3_iprobe_Offgrid
2026-09-26 19:15:46 +0200: Memory Usage (493852K) : Executing rule metal3_diffprb_Offgrid
2026-09-26 19:15:46 +0200: Memory Usage (493852K) : Executing rule nwell_drw_Offgrid
2026-09-26 19:15:46 +0200: Memory Usage (493852K) : Executing rule nbulay_drw_Offgrid
2026-09-26 19:15:46 +0200: Memory Usage (493852K) : Executing rule nbulay_block_Offgrid
2026-09-26 19:15:46 +0200: Memory Usage (493852K) : Executing rule pwell_drw_Offgrid
2026-09-26 19:15:46 +0200: Memory Usage (493852K) : Executing rule pwell_block_Offgrid
2026-09-26 19:15:46 +0200: Memory Usage (493852K) : Executing rule emwind_drw_Offgrid
2026-09-26 19:15:46 +0200: Memory Usage (493852K) : Executing rule emwind_opc_Offgrid
2026-09-26 19:15:46 +0200: Memory Usage (493852K) : Executing rule deepco_drw_Offgrid
2026-09-26 19:15:46 +0200: Memory Usage (493852K) : Executing rule mim_drw_Offgrid
2026-09-26 19:15:46 +0200: Memory Usage (493852K) : Executing rule substrate_drw_Offgrid
2026-09-26 19:15:47 +0200: Memory Usage (493852K) : Executing rule ic_drw_Offgrid
2026-09-26 19:15:47 +0200: Memory Usage (493852K) : Executing rule via3_drw_Offgrid
2026-09-26 19:15:47 +0200: Memory Usage (493852K) : Executing rule pldb_drw_Offgrid
2026-09-26 19:15:47 +0200: Memory Usage (493852K) : Executing rule metal4_drw_Offgrid
2026-09-26 19:15:47 +0200: Memory Usage (493852K) : Executing rule metal4_mask_Offgrid
2026-09-26 19:15:47 +0200: Memory Usage (493852K) : Executing rule metal4_filler_Offgrid
2026-09-26 19:15:47 +0200: Memory Usage (493852K) : Executing rule metal4_slit_Offgrid
2026-09-26 19:15:47 +0200: Memory Usage (493852K) : Executing rule metal4_opc_Offgrid
2026-09-26 19:15:47 +0200: Memory Usage (493852K) : Executing rule metal4_noqrc_Offgrid
2026-09-26 19:15:47 +0200: Memory Usage (493852K) : Executing rule metal4_res_Offgrid
2026-09-26 19:15:47 +0200: Memory Usage (493852K) : Executing rule metal4_iprobe_Offgrid
2026-09-26 19:15:47 +0200: Memory Usage (493852K) : Executing rule metal4_diffprb_Offgrid
2026-09-26 19:15:47 +0200: Memory Usage (493852K) : Executing rule via4_drw_Offgrid
2026-09-26 19:15:47 +0200: Memory Usage (493852K) : Executing rule metal5_drw_Offgrid
2026-09-26 19:15:47 +0200: Memory Usage (493852K) : Executing rule metal5_mask_Offgrid
2026-09-26 19:15:47 +0200: Memory Usage (493852K) : Executing rule metal5_filler_Offgrid
2026-09-26 19:15:47 +0200: Memory Usage (493852K) : Executing rule metal5_slit_Offgrid
2026-09-26 19:15:47 +0200: Memory Usage (493852K) : Executing rule metal5_opc_Offgrid
2026-09-26 19:15:47 +0200: Memory Usage (493852K) : Executing rule metal5_noqrc_Offgrid
2026-09-26 19:15:47 +0200: Memory Usage (493852K) : Executing rule metal5_res_Offgrid
2026-09-26 19:15:47 +0200: Memory Usage (493852K) : Executing rule metal5_iprobe_Offgrid
2026-09-26 19:15:47 +0200: Memory Usage (493852K) : Executing rule metal5_diffprb_Offgrid
2026-09-26 19:15:47 +0200: Memory Usage (493852K) : Executing rule prboundary_drw_Offgrid
2026-09-26 19:15:47 +0200: Memory Usage (493852K) : Executing rule exchange0_drw_Offgrid
2026-09-26 19:15:47 +0200: Memory Usage (493852K) : Executing rule exchange1_drw_Offgrid
2026-09-26 19:15:47 +0200: Memory Usage (493852K) : Executing rule exchange2_drw_Offgrid
2026-09-26 19:15:47 +0200: Memory Usage (493852K) : Executing rule exchange3_drw_Offgrid
2026-09-26 19:15:47 +0200: Memory Usage (493852K) : Executing rule exchange4_drw_Offgrid
2026-09-26 19:15:47 +0200: Memory Usage (493852K) : Executing rule isonwell_drw_Offgrid
2026-09-26 19:15:47 +0200: Memory Usage (493852K) : Executing rule thickgateox_drw_Offgrid
2026-09-26 19:15:47 +0200: Memory Usage (493852K) : Executing rule pempoly_drw_Offgrid
2026-09-26 19:15:47 +0200: Memory Usage (493852K) : Executing rule fbe_drw_Offgrid
2026-09-26 19:15:47 +0200: Memory Usage (493852K) : Executing rule empoly_drw_Offgrid
2026-09-26 19:15:47 +0200: Memory Usage (493852K) : Executing rule ldmos_drw_Offgrid
2026-09-26 19:15:47 +0200: Memory Usage (494236K) : Executing rule pbiwind_drw_Offgrid
2026-09-26 19:15:47 +0200: Memory Usage (494876K) : Executing rule colopen_drw_Offgrid
2026-09-26 19:15:47 +0200: Memory Usage (495516K) : Executing rule extblock_drw_Offgrid
2026-09-26 19:15:47 +0200: Memory Usage (496028K) : Executing rule nldd_drw_Offgrid
2026-09-26 19:15:47 +0200: Memory Usage (496668K) : Executing rule pldd_drw_Offgrid
2026-09-26 19:15:47 +0200: Memory Usage (497308K) : Executing rule next_drw_Offgrid
2026-09-26 19:15:47 +0200: Memory Usage (497692K) : Executing rule pext_drw_Offgrid
2026-09-26 19:15:47 +0200: Memory Usage (497692K) : Executing rule nexthv_drw_Offgrid
2026-09-26 19:15:47 +0200: Memory Usage (497692K) : Executing rule pexthv_drw_Offgrid
2026-09-26 19:15:47 +0200: Memory Usage (497692K) : Executing rule graphgate_drw_Offgrid
2026-09-26 19:15:47 +0200: Memory Usage (497692K) : Executing rule mempad_drw_Offgrid
2026-09-26 19:15:47 +0200: Memory Usage (497948K) : Executing rule topvia1_drw_Offgrid
2026-09-26 19:15:47 +0200: Memory Usage (497948K) : Executing rule topmetal1_drw_Offgrid
2026-09-26 19:15:47 +0200: Memory Usage (497948K) : Executing rule topmetal1_mask_Offgrid
2026-09-26 19:15:47 +0200: Memory Usage (497948K) : Executing rule topmetal1_filler_Offgrid
2026-09-26 19:15:47 +0200: Memory Usage (497948K) : Executing rule topmetal1_slit_Offgrid
2026-09-26 19:15:47 +0200: Memory Usage (497948K) : Executing rule topmetal1_noqrc_Offgrid
2026-09-26 19:15:47 +0200: Memory Usage (497948K) : Executing rule topmetal1_res_Offgrid
2026-09-26 19:15:47 +0200: Memory Usage (497948K) : Executing rule topmetal1_iprobe_Offgrid
2026-09-26 19:15:47 +0200: Memory Usage (497948K) : Executing rule topmetal1_diffprb_Offgrid
2026-09-26 19:15:47 +0200: Memory Usage (497948K) : Executing rule inldpwl_drw_Offgrid
2026-09-26 19:15:47 +0200: Memory Usage (497948K) : Executing rule polyres_drw_Offgrid
2026-09-26 19:15:47 +0200: Memory Usage (497948K) : Executing rule vmim_drw_Offgrid
2026-09-26 19:15:47 +0200: Memory Usage (497948K) : Executing rule nbulaycut_drw_Offgrid
2026-09-26 19:15:47 +0200: Memory Usage (497948K) : Executing rule antmetal1_drw_Offgrid
2026-09-26 19:15:47 +0200: Memory Usage (497948K) : Executing rule topvia2_drw_Offgrid
2026-09-26 19:15:47 +0200: Memory Usage (497948K) : Executing rule topmetal2_drw_Offgrid
2026-09-26 19:15:47 +0200: Memory Usage (497948K) : Executing rule topmetal2_mask_Offgrid
2026-09-26 19:15:47 +0200: Memory Usage (497948K) : Executing rule topmetal2_filler_Offgrid
2026-09-26 19:15:47 +0200: Memory Usage (497948K) : Executing rule topmetal2_slit_Offgrid
2026-09-26 19:15:47 +0200: Memory Usage (497948K) : Executing rule topmetal2_noqrc_Offgrid
2026-09-26 19:15:47 +0200: Memory Usage (497948K) : Executing rule topmetal2_res_Offgrid
2026-09-26 19:15:47 +0200: Memory Usage (497948K) : Executing rule topmetal2_iprobe_Offgrid
2026-09-26 19:15:47 +0200: Memory Usage (497948K) : Executing rule topmetal2_diffprb_Offgrid
2026-09-26 19:15:47 +0200: Memory Usage (497948K) : Executing rule snsring_drw_Offgrid
2026-09-26 19:15:47 +0200: Memory Usage (497948K) : Executing rule sensor_drw_Offgrid
2026-09-26 19:15:47 +0200: Memory Usage (497948K) : Executing rule snsarms_drw_Offgrid
2026-09-26 19:15:47 +0200: Memory Usage (497948K) : Executing rule snscmosvia_drw_Offgrid
2026-09-26 19:15:47 +0200: Memory Usage (497948K) : Executing rule colwind_drw_Offgrid
2026-09-26 19:15:47 +0200: Memory Usage (497948K) : Executing rule flm_drw_Offgrid
2026-09-26 19:15:47 +0200: Memory Usage (497948K) : Executing rule hafniumox_drw_Offgrid
2026-09-26 19:15:47 +0200: Memory Usage (497948K) : Executing rule memvia_drw_Offgrid
2026-09-26 19:15:47 +0200: Memory Usage (497948K) : Executing rule thinfilmres_drw_Offgrid
2026-09-26 19:15:47 +0200: Memory Usage (497948K) : Executing rule rfmem_drw_Offgrid
2026-09-26 19:15:47 +0200: Memory Usage (497948K) : Executing rule snsbotvia_drw_Offgrid
2026-09-26 19:15:47 +0200: Memory Usage (497948K) : Executing rule snstopvia_drw_Offgrid
2026-09-26 19:15:47 +0200: Memory Usage (497948K) : Executing rule deepvia_drw_Offgrid
2026-09-26 19:15:47 +0200: Memory Usage (497948K) : Executing rule fgetch_drw_Offgrid
2026-09-26 19:15:47 +0200: Memory Usage (497948K) : Executing rule ctrgat_drw_Offgrid
2026-09-26 19:15:47 +0200: Memory Usage (497948K) : Executing rule fgimp_drw_Offgrid
2026-09-26 19:15:47 +0200: Memory Usage (497948K) : Executing rule emwihv_drw_Offgrid
2026-09-26 19:15:47 +0200: Memory Usage (497948K) : Executing rule lbe_drw_Offgrid
2026-09-26 19:15:47 +0200: Memory Usage (497948K) : Executing rule alcustop_drw_Offgrid
2026-09-26 19:15:47 +0200: Memory Usage (497948K) : Starting 3.2. angle table
2026-09-26 19:15:47 +0200: Memory Usage (497948K) : Executing rule activ_drw_Acute
2026-09-26 19:15:47 +0200: Memory Usage (497948K) : Executing rule activ_pin_Acute
2026-09-26 19:15:47 +0200: Memory Usage (497948K) : Executing rule activ_mask_Acute
2026-09-26 19:15:47 +0200: Memory Usage (497948K) : Executing rule activ_filler_Acute
2026-09-26 19:15:47 +0200: Memory Usage (497948K) : Executing rule activ_nofill_Acute
2026-09-26 19:15:47 +0200: Memory Usage (497948K) : Executing rule activ_opc_Acute
2026-09-26 19:15:47 +0200: Memory Usage (497948K) : Executing rule activ_iopc_Acute
2026-09-26 19:15:47 +0200: Memory Usage (497948K) : Executing rule activ_noqrc_Acute
2026-09-26 19:15:47 +0200: Memory Usage (497948K) : Executing rule biwind_drw_Acute
2026-09-26 19:15:47 +0200: Memory Usage (497948K) : Executing rule biwind_opc_Acute
2026-09-26 19:15:47 +0200: Memory Usage (497948K) : Executing rule pemwind_drw_Acute
2026-09-26 19:15:47 +0200: Memory Usage (497948K) : Executing rule gatpoly_drw_Acute
2026-09-26 19:15:48 +0200: Memory Usage (498460K) : Executing rule gatpoly_pin_Acute
2026-09-26 19:15:48 +0200: Memory Usage (498844K) : Executing rule gatpoly_filler_Acute
2026-09-26 19:15:48 +0200: Memory Usage (498972K) : Executing rule gatpoly_nofill_Acute
2026-09-26 19:15:48 +0200: Memory Usage (498972K) : Executing rule gatpoly_opc_Acute
2026-09-26 19:15:48 +0200: Memory Usage (498972K) : Executing rule gatpoly_iopc_Acute
2026-09-26 19:15:48 +0200: Memory Usage (498972K) : Executing rule gatpoly_noqrc_Acute
2026-09-26 19:15:48 +0200: Memory Usage (498972K) : Executing rule cont_drw_Acute
2026-09-26 19:15:48 +0200: Memory Usage (498972K) : Executing rule cont_opc_Acute
2026-09-26 19:15:48 +0200: Memory Usage (498972K) : Executing rule nsd_drw_Acute
2026-09-26 19:15:48 +0200: Memory Usage (498972K) : Executing rule nsd_block_Acute
2026-09-26 19:15:48 +0200: Memory Usage (498972K) : Executing rule metal1_drw_Acute
2026-09-26 19:15:48 +0200: Memory Usage (498972K) : Executing rule metal1_pin_Acute
2026-09-26 19:15:48 +0200: Memory Usage (498972K) : Executing rule metal1_mask_Acute
2026-09-26 19:15:48 +0200: Memory Usage (498972K) : Executing rule metal1_filler_Acute
2026-09-26 19:15:48 +0200: Memory Usage (498972K) : Executing rule metal1_nofill_Acute
2026-09-26 19:15:48 +0200: Memory Usage (498972K) : Executing rule metal1_slit_Acute
2026-09-26 19:15:48 +0200: Memory Usage (498972K) : Executing rule metal1_opc_Acute
2026-09-26 19:15:48 +0200: Memory Usage (498972K) : Executing rule metal1_noqrc_Acute
2026-09-26 19:15:48 +0200: Memory Usage (498972K) : Executing rule metal1_res_Acute
2026-09-26 19:15:48 +0200: Memory Usage (498972K) : Executing rule metal1_iprobe_Acute
2026-09-26 19:15:48 +0200: Memory Usage (498972K) : Executing rule metal1_diffprb_Acute
2026-09-26 19:15:48 +0200: Memory Usage (498972K) : Executing rule passiv_drw_Acute
2026-09-26 19:15:48 +0200: Memory Usage (498972K) : Executing rule passiv_pin_Acute
2026-09-26 19:15:48 +0200: Memory Usage (498972K) : Executing rule passiv_pillar_Acute
2026-09-26 19:15:48 +0200: Memory Usage (498972K) : Executing rule passiv_sbump_Acute
2026-09-26 19:15:48 +0200: Memory Usage (498972K) : Executing rule passiv_pdl_Acute
2026-09-26 19:15:48 +0200: Memory Usage (498972K) : Executing rule metal2_drw_Acute
2026-09-26 19:15:48 +0200: Memory Usage (498972K) : Executing rule metal2_pin_Acute
2026-09-26 19:15:49 +0200: Memory Usage (498972K) : Executing rule metal2_mask_Acute
2026-09-26 19:15:49 +0200: Memory Usage (498972K) : Executing rule metal2_filler_Acute
2026-09-26 19:15:49 +0200: Memory Usage (498972K) : Executing rule metal2_nofill_Acute
2026-09-26 19:15:49 +0200: Memory Usage (498972K) : Executing rule metal2_slit_Acute
2026-09-26 19:15:49 +0200: Memory Usage (498972K) : Executing rule metal2_opc_Acute
2026-09-26 19:15:49 +0200: Memory Usage (498972K) : Executing rule metal2_noqrc_Acute
2026-09-26 19:15:49 +0200: Memory Usage (498972K) : Executing rule metal2_res_Acute
2026-09-26 19:15:49 +0200: Memory Usage (498972K) : Executing rule metal2_iprobe_Acute
2026-09-26 19:15:49 +0200: Memory Usage (498972K) : Executing rule metal2_diffprb_Acute
2026-09-26 19:15:49 +0200: Memory Usage (498972K) : Executing rule baspoly_drw_Acute
2026-09-26 19:15:49 +0200: Memory Usage (498972K) : Executing rule baspoly_pin_Acute
2026-09-26 19:15:49 +0200: Memory Usage (498972K) : Executing rule psd_drw_Acute
2026-09-26 19:15:49 +0200: Memory Usage (498972K) : Executing rule nldb_drw_Acute
2026-09-26 19:15:49 +0200: Memory Usage (498972K) : Executing rule via1_drw_Acute
2026-09-26 19:15:49 +0200: Memory Usage (498972K) : Executing rule backmetal1_drw_Acute
2026-09-26 19:15:49 +0200: Memory Usage (498972K) : Executing rule backmetal1_pin_Acute
2026-09-26 19:15:49 +0200: Memory Usage (498972K) : Executing rule backmetal1_mask_Acute
2026-09-26 19:15:49 +0200: Memory Usage (498972K) : Executing rule backmetal1_filler_Acute
2026-09-26 19:15:49 +0200: Memory Usage (498972K) : Executing rule backmetal1_nofill_Acute
2026-09-26 19:15:49 +0200: Memory Usage (498972K) : Executing rule backmetal1_slit_Acute
2026-09-26 19:15:49 +0200: Memory Usage (498972K) : Executing rule backmetal1_opc_Acute
2026-09-26 19:15:49 +0200: Memory Usage (498972K) : Executing rule backmetal1_noqrc_Acute
2026-09-26 19:15:49 +0200: Memory Usage (498972K) : Executing rule backmetal1_res_Acute
2026-09-26 19:15:49 +0200: Memory Usage (498972K) : Executing rule backmetal1_iprobe_Acute
2026-09-26 19:15:49 +0200: Memory Usage (498972K) : Executing rule backmetal1_diffprb_Acute
2026-09-26 19:15:49 +0200: Memory Usage (498972K) : Executing rule backpassiv_drw_Acute
2026-09-26 19:15:49 +0200: Memory Usage (498972K) : Executing rule salblock_drw_Acute
2026-09-26 19:15:49 +0200: Memory Usage (498972K) : Executing rule via2_drw_Acute
2026-09-26 19:15:49 +0200: Memory Usage (498972K) : Executing rule metal3_drw_Acute
2026-09-26 19:15:49 +0200: Memory Usage (498972K) : Executing rule metal3_pin_Acute
2026-09-26 19:15:49 +0200: Memory Usage (498972K) : Executing rule metal3_mask_Acute
2026-09-26 19:15:49 +0200: Memory Usage (498972K) : Executing rule metal3_filler_Acute
2026-09-26 19:15:49 +0200: Memory Usage (498972K) : Executing rule metal3_nofill_Acute
2026-09-26 19:15:49 +0200: Memory Usage (498972K) : Executing rule metal3_slit_Acute
2026-09-26 19:15:49 +0200: Memory Usage (498972K) : Executing rule metal3_opc_Acute
2026-09-26 19:15:49 +0200: Memory Usage (498972K) : Executing rule metal3_noqrc_Acute
2026-09-26 19:15:49 +0200: Memory Usage (498972K) : Executing rule metal3_res_Acute
2026-09-26 19:15:49 +0200: Memory Usage (498972K) : Executing rule metal3_iprobe_Acute
2026-09-26 19:15:49 +0200: Memory Usage (498972K) : Executing rule metal3_diffprb_Acute
2026-09-26 19:15:49 +0200: Memory Usage (498972K) : Executing rule nwell_drw_Acute
2026-09-26 19:15:50 +0200: Memory Usage (498972K) : Executing rule nwell_pin_Acute
2026-09-26 19:15:50 +0200: Memory Usage (498972K) : Executing rule nbulay_drw_Acute
2026-09-26 19:15:50 +0200: Memory Usage (498972K) : Executing rule nbulay_pin_Acute
2026-09-26 19:15:50 +0200: Memory Usage (498972K) : Executing rule nbulay_block_Acute
2026-09-26 19:15:50 +0200: Memory Usage (498972K) : Executing rule pwell_drw_Acute
2026-09-26 19:15:50 +0200: Memory Usage (498972K) : Executing rule pwell_pin_Acute
2026-09-26 19:15:50 +0200: Memory Usage (498972K) : Executing rule pwell_block_Acute
2026-09-26 19:15:50 +0200: Memory Usage (498972K) : Executing rule emwind_drw_Acute
2026-09-26 19:15:50 +0200: Memory Usage (498972K) : Executing rule emwind_opc_Acute
2026-09-26 19:15:50 +0200: Memory Usage (498972K) : Executing rule deepco_drw_Acute
2026-09-26 19:15:50 +0200: Memory Usage (498972K) : Executing rule mim_drw_Acute
2026-09-26 19:15:50 +0200: Memory Usage (498972K) : Executing rule substrate_drw_Acute
2026-09-26 19:15:50 +0200: Memory Usage (498972K) : Executing rule ic_drw_Acute
2026-09-26 19:15:50 +0200: Memory Usage (498972K) : Executing rule via3_drw_Acute
2026-09-26 19:15:50 +0200: Memory Usage (498972K) : Executing rule pldb_drw_Acute
2026-09-26 19:15:50 +0200: Memory Usage (498972K) : Executing rule metal4_drw_Acute
2026-09-26 19:15:50 +0200: Memory Usage (498972K) : Executing rule metal4_pin_Acute
2026-09-26 19:15:50 +0200: Memory Usage (498972K) : Executing rule metal4_mask_Acute
2026-09-26 19:15:50 +0200: Memory Usage (498972K) : Executing rule metal4_filler_Acute
2026-09-26 19:15:50 +0200: Memory Usage (498972K) : Executing rule metal4_nofill_Acute
2026-09-26 19:15:50 +0200: Memory Usage (498972K) : Executing rule metal4_slit_Acute
2026-09-26 19:15:50 +0200: Memory Usage (498972K) : Executing rule metal4_opc_Acute
2026-09-26 19:15:50 +0200: Memory Usage (498972K) : Executing rule metal4_noqrc_Acute
2026-09-26 19:15:50 +0200: Memory Usage (498972K) : Executing rule metal4_res_Acute
2026-09-26 19:15:50 +0200: Memory Usage (498972K) : Executing rule metal4_iprobe_Acute
2026-09-26 19:15:50 +0200: Memory Usage (498972K) : Executing rule metal4_diffprb_Acute
2026-09-26 19:15:50 +0200: Memory Usage (498972K) : Executing rule via4_drw_Acute
2026-09-26 19:15:50 +0200: Memory Usage (498972K) : Executing rule metal5_drw_Acute
2026-09-26 19:15:50 +0200: Memory Usage (498972K) : Executing rule metal5_pin_Acute
2026-09-26 19:15:50 +0200: Memory Usage (498972K) : Executing rule metal5_mask_Acute
2026-09-26 19:15:50 +0200: Memory Usage (498972K) : Executing rule metal5_filler_Acute
2026-09-26 19:15:50 +0200: Memory Usage (498972K) : Executing rule metal5_nofill_Acute
2026-09-26 19:15:50 +0200: Memory Usage (498972K) : Executing rule metal5_slit_Acute
2026-09-26 19:15:50 +0200: Memory Usage (498972K) : Executing rule metal5_opc_Acute
2026-09-26 19:15:50 +0200: Memory Usage (498972K) : Executing rule metal5_noqrc_Acute
2026-09-26 19:15:50 +0200: Memory Usage (498972K) : Executing rule metal5_res_Acute
2026-09-26 19:15:50 +0200: Memory Usage (498972K) : Executing rule metal5_iprobe_Acute
2026-09-26 19:15:50 +0200: Memory Usage (498972K) : Executing rule metal5_diffprb_Acute
2026-09-26 19:15:50 +0200: Memory Usage (498972K) : Executing rule prboundary_drw_Acute
2026-09-26 19:15:50 +0200: Memory Usage (498972K) : Executing rule exchange0_drw_Acute
2026-09-26 19:15:50 +0200: Memory Usage (498972K) : Executing rule exchange0_pin_Acute
2026-09-26 19:15:50 +0200: Memory Usage (498972K) : Executing rule exchange1_drw_Acute
2026-09-26 19:15:50 +0200: Memory Usage (498972K) : Executing rule exchange1_pin_Acute
2026-09-26 19:15:50 +0200: Memory Usage (499100K) : Executing rule exchange2_drw_Acute
2026-09-26 19:15:50 +0200: Memory Usage (499740K) : Executing rule exchange2_pin_Acute
2026-09-26 19:15:50 +0200: Memory Usage (500380K) : Executing rule exchange3_drw_Acute
2026-09-26 19:15:50 +0200: Memory Usage (501148K) : Executing rule exchange3_pin_Acute
2026-09-26 19:15:50 +0200: Memory Usage (501916K) : Executing rule exchange4_drw_Acute
2026-09-26 19:15:50 +0200: Memory Usage (502556K) : Executing rule exchange4_pin_Acute
2026-09-26 19:15:50 +0200: Memory Usage (503196K) : Executing rule isonwell_drw_Acute
2026-09-26 19:15:50 +0200: Memory Usage (503324K) : Executing rule thickgateox_drw_Acute
2026-09-26 19:15:50 +0200: Memory Usage (503324K) : Executing rule pempoly_drw_Acute
2026-09-26 19:15:50 +0200: Memory Usage (503324K) : Executing rule fbe_drw_Acute
2026-09-26 19:15:50 +0200: Memory Usage (503324K) : Executing rule empoly_drw_Acute
2026-09-26 19:15:50 +0200: Memory Usage (503324K) : Executing rule ldmos_drw_Acute
2026-09-26 19:15:50 +0200: Memory Usage (503324K) : Executing rule pbiwind_drw_Acute
2026-09-26 19:15:50 +0200: Memory Usage (503324K) : Executing rule colopen_drw_Acute
2026-09-26 19:15:50 +0200: Memory Usage (503324K) : Executing rule extblock_drw_Acute
2026-09-26 19:15:50 +0200: Memory Usage (503324K) : Executing rule nldd_drw_Acute
2026-09-26 19:15:50 +0200: Memory Usage (503324K) : Executing rule pldd_drw_Acute
2026-09-26 19:15:50 +0200: Memory Usage (503324K) : Executing rule next_drw_Acute
2026-09-26 19:15:50 +0200: Memory Usage (503324K) : Executing rule pext_drw_Acute
2026-09-26 19:15:50 +0200: Memory Usage (503324K) : Executing rule nexthv_drw_Acute
2026-09-26 19:15:50 +0200: Memory Usage (503324K) : Executing rule pexthv_drw_Acute
2026-09-26 19:15:50 +0200: Memory Usage (503324K) : Executing rule graphgate_drw_Acute
2026-09-26 19:15:50 +0200: Memory Usage (503324K) : Executing rule mempad_drw_Acute
2026-09-26 19:15:50 +0200: Memory Usage (503324K) : Executing rule topvia1_drw_Acute
2026-09-26 19:15:50 +0200: Memory Usage (503324K) : Executing rule topmetal1_drw_Acute
2026-09-26 19:15:50 +0200: Memory Usage (503324K) : Executing rule topmetal1_pin_Acute
2026-09-26 19:15:50 +0200: Memory Usage (503324K) : Executing rule topmetal1_mask_Acute
2026-09-26 19:15:50 +0200: Memory Usage (503324K) : Executing rule topmetal1_filler_Acute
2026-09-26 19:15:50 +0200: Memory Usage (503324K) : Executing rule topmetal1_nofill_Acute
2026-09-26 19:15:50 +0200: Memory Usage (503324K) : Executing rule topmetal1_slit_Acute
2026-09-26 19:15:50 +0200: Memory Usage (503324K) : Executing rule topmetal1_noqrc_Acute
2026-09-26 19:15:51 +0200: Memory Usage (503324K) : Executing rule topmetal1_res_Acute
2026-09-26 19:15:51 +0200: Memory Usage (503324K) : Executing rule topmetal1_iprobe_Acute
2026-09-26 19:15:51 +0200: Memory Usage (503324K) : Executing rule topmetal1_diffprb_Acute
2026-09-26 19:15:51 +0200: Memory Usage (503324K) : Executing rule inldpwl_drw_Acute
2026-09-26 19:15:51 +0200: Memory Usage (503324K) : Executing rule polyres_drw_Acute
2026-09-26 19:15:51 +0200: Memory Usage (503324K) : Executing rule polyres_pin_Acute
2026-09-26 19:15:51 +0200: Memory Usage (503324K) : Executing rule vmim_drw_Acute
2026-09-26 19:15:51 +0200: Memory Usage (503324K) : Executing rule nbulaycut_drw_Acute
2026-09-26 19:15:51 +0200: Memory Usage (503324K) : Executing rule antmetal1_drw_Acute
2026-09-26 19:15:51 +0200: Memory Usage (503324K) : Executing rule topvia2_drw_Acute
2026-09-26 19:15:51 +0200: Memory Usage (503324K) : Executing rule topmetal2_drw_Acute
2026-09-26 19:15:51 +0200: Memory Usage (503324K) : Executing rule topmetal2_pin_Acute
2026-09-26 19:15:51 +0200: Memory Usage (503324K) : Executing rule topmetal2_mask_Acute
2026-09-26 19:15:51 +0200: Memory Usage (503324K) : Executing rule topmetal2_filler_Acute
2026-09-26 19:15:51 +0200: Memory Usage (503324K) : Executing rule topmetal2_nofill_Acute
2026-09-26 19:15:51 +0200: Memory Usage (503324K) : Executing rule topmetal2_slit_Acute
2026-09-26 19:15:51 +0200: Memory Usage (503324K) : Executing rule topmetal2_noqrc_Acute
2026-09-26 19:15:51 +0200: Memory Usage (503324K) : Executing rule topmetal2_res_Acute
2026-09-26 19:15:51 +0200: Memory Usage (503324K) : Executing rule topmetal2_iprobe_Acute
2026-09-26 19:15:51 +0200: Memory Usage (503324K) : Executing rule topmetal2_diffprb_Acute
2026-09-26 19:15:51 +0200: Memory Usage (503324K) : Executing rule snsring_drw_Acute
2026-09-26 19:15:51 +0200: Memory Usage (503324K) : Executing rule sensor_drw_Acute
2026-09-26 19:15:51 +0200: Memory Usage (503324K) : Executing rule snsarms_drw_Acute
2026-09-26 19:15:51 +0200: Memory Usage (503324K) : Executing rule snscmosvia_drw_Acute
2026-09-26 19:15:51 +0200: Memory Usage (503324K) : Executing rule colwind_drw_Acute
2026-09-26 19:15:51 +0200: Memory Usage (503324K) : Executing rule flm_drw_Acute
2026-09-26 19:15:51 +0200: Memory Usage (503324K) : Executing rule hafniumox_drw_Acute
2026-09-26 19:15:51 +0200: Memory Usage (503324K) : Executing rule memvia_drw_Acute
2026-09-26 19:15:51 +0200: Memory Usage (503324K) : Executing rule thinfilmres_drw_Acute
2026-09-26 19:15:51 +0200: Memory Usage (503324K) : Executing rule rfmem_drw_Acute
2026-09-26 19:15:51 +0200: Memory Usage (503324K) : Executing rule snsbotvia_drw_Acute
2026-09-26 19:15:51 +0200: Memory Usage (503324K) : Executing rule snstopvia_drw_Acute
2026-09-26 19:15:51 +0200: Memory Usage (503324K) : Executing rule deepvia_drw_Acute
2026-09-26 19:15:51 +0200: Memory Usage (503324K) : Executing rule fgetch_drw_Acute
2026-09-26 19:15:51 +0200: Memory Usage (503324K) : Executing rule ctrgat_drw_Acute
2026-09-26 19:15:51 +0200: Memory Usage (503324K) : Executing rule fgimp_drw_Acute
2026-09-26 19:15:51 +0200: Memory Usage (503324K) : Executing rule emwihv_drw_Acute
2026-09-26 19:15:51 +0200: Memory Usage (503324K) : Executing rule lbe_drw_Acute
2026-09-26 19:15:51 +0200: Memory Usage (503324K) : Executing rule alcustop_drw_Acute
2026-09-26 19:15:51 +0200: Memory Usage (503324K) : Executing rule cont_drw_Angle90
2026-09-26 19:15:51 +0200: Memory Usage (503324K) : Executing rule via1_drw_Angle90
2026-09-26 19:15:51 +0200: Memory Usage (503324K) : Executing rule via2_drw_Angle90
2026-09-26 19:15:52 +0200: Memory Usage (503324K) : Executing rule via3_drw_Angle90
2026-09-26 19:15:52 +0200: Memory Usage (503324K) : Executing rule via4_drw_Angle90
2026-09-26 19:15:52 +0200: Memory Usage (503324K) : Executing rule vmim_drw_Angle90
2026-09-26 19:15:52 +0200: Memory Usage (503324K) : Executing rule topvia1_drw_Angle90
2026-09-26 19:15:52 +0200: Memory Usage (503324K) : Executing rule topvia2_drw_Angle90
2026-09-26 19:15:52 +0200: Memory Usage (503324K) : Executing rule gatpoly_drw_Angle45
2026-09-26 19:15:52 +0200: Memory Usage (503324K) : Executing rule activ_drw_Angle45
2026-09-26 19:15:52 +0200: Memory Usage (503324K) : Executing rule metal1_drw_Angle45
2026-09-26 19:15:53 +0200: Memory Usage (503324K) : Executing rule metal2_drw_Angle45
2026-09-26 19:15:53 +0200: Memory Usage (503324K) : Executing rule metal3_drw_Angle45
2026-09-26 19:15:53 +0200: Memory Usage (503324K) : Executing rule metal4_drw_Angle45
2026-09-26 19:15:53 +0200: Memory Usage (503324K) : Executing rule metal5_drw_Angle45
2026-09-26 19:15:53 +0200: Memory Usage (503324K) : Executing rule topmetal1_drw_Angle45
2026-09-26 19:15:53 +0200: Memory Usage (503324K) : Executing rule topmetal2_drw_Angle45
2026-09-26 19:15:53 +0200: Memory Usage (503324K) : Starting 3.2. FORBIDDEN table
2026-09-26 19:15:53 +0200: Memory Usage (503324K) : Executing rule forbidden.biwind
2026-09-26 19:15:53 +0200: Memory Usage (503324K) : Executing rule forbidden.pemwind
2026-09-26 19:15:53 +0200: Memory Usage (503324K) : Executing rule forbidden.baspoly
2026-09-26 19:15:53 +0200: Memory Usage (503324K) : Executing rule forbidden.deepco
2026-09-26 19:15:53 +0200: Memory Usage (503324K) : Executing rule forbidden.pempoly
2026-09-26 19:15:53 +0200: Memory Usage (503324K) : Executing rule forbidden.empoly
2026-09-26 19:15:53 +0200: Memory Usage (503324K) : Executing rule forbidden.ldmos
2026-09-26 19:15:53 +0200: Memory Usage (503324K) : Executing rule forbidden.pbiwind
2026-09-26 19:15:53 +0200: Memory Usage (503324K) : Executing rule forbidden.nodrc
2026-09-26 19:15:53 +0200: Memory Usage (503324K) : Executing rule forbidden.flash
2026-09-26 19:15:53 +0200: Memory Usage (503324K) : Executing rule forbidden.colwind
2026-09-26 19:15:53 +0200: Memory Usage (503324K) : KLayout DRC run for tables 'main' completed in 12.7 seconds
