# Logfile created on 2026-10-05 20:30:54 +0200 by logger.rb/v1.5.3
2026-10-05 20:30:54 +0200: Memory Usage (458660K) : Starting running SG13CMOS5L Klayout LVS runset on /foss/designs/CHIP-PLL/layout/PFD/PFD_cell_2.gds
2026-10-05 20:30:54 +0200: Memory Usage (458660K) : Ruby Version for klayout: 3.2.3
2026-10-05 20:30:54 +0200: Memory Usage (460248K) : Loading database to memory is complete.
2026-10-05 20:30:54 +0200: Memory Usage (460248K) : SG13CMOS5L Klayout LVS runset output at: /foss/designs/CHIP-PLL/layout/PFD/lvs_run_PFD_cell_2_2026_10_05_20_30_52/PFD_cell_2.lvsdb
2026-10-05 20:30:54 +0200: Memory Usage (460248K) : Evaluate switches.
2026-10-05 20:30:54 +0200: Memory Usage (460248K) : Extracted netlist with net names: true
2026-10-05 20:30:54 +0200: Memory Usage (460248K) : Extracted netlist with comments in details: false
2026-10-05 20:30:54 +0200: Memory Usage (460248K) : Selected NET_ONLY option: false
2026-10-05 20:30:54 +0200: Memory Usage (460248K) : Selected LAYOUT_NETLIST option: (none)
2026-10-05 20:30:54 +0200: Memory Usage (460248K) : Selected IGNORE_TOP_PORTS_MISMATCH option: 
2026-10-05 20:30:54 +0200: Memory Usage (460248K) : Selected IMPLICIT_NETS option: (none)
2026-10-05 20:30:54 +0200: Memory Usage (460248K) : Selected TOP_LVL_PINS option: false
2026-10-05 20:30:54 +0200: Memory Usage (460248K) : Selected COMBINE DEVICES option: false
2026-10-05 20:30:54 +0200: Memory Usage (460248K) : Selected PURGE option: false
2026-10-05 20:30:54 +0200: Memory Usage (460248K) : Selected PURGE_NETS option: false
2026-10-05 20:30:54 +0200: Memory Usage (460248K) : Selected SIMPLIFY option: true
2026-10-05 20:30:54 +0200: Memory Usage (460248K) : Selected SERIES_RES option: true
2026-10-05 20:30:54 +0200: Memory Usage (460248K) : Selected PARALLEL_RES option: true
2026-10-05 20:30:54 +0200: Memory Usage (460248K) : Selected DISABLE_TAP_EXTRACTION option: true
2026-10-05 20:30:54 +0200: Memory Usage (460248K) : deep  mode is enabled.
2026-10-05 20:30:54 +0200: Memory Usage (460504K) : Netlist file: /foss/designs/CHIP-PLL/schematics/PFD/simulations/PFD_cell_2.spice
2026-10-05 20:30:54 +0200: Memory Usage (460504K) : LVS extracted netlist at: /foss/designs/CHIP-PLL/layout/PFD/lvs_run_PFD_cell_2_2026_10_05_20_30_52/PFD_cell_2_extracted.cir
2026-10-05 20:30:54 +0200: Memory Usage (460504K) : Applying SRAM integration support.
2026-10-05 20:30:54 +0200: Memory Usage (460632K) : Starting SG13CMOS5L LVS runset
2026-10-05 20:30:54 +0200: Memory Usage (460632K) : Read in polygons from layers.
2026-10-05 20:30:54 +0200: Memory Usage (461536K) : activ_drw has 284 polygons
2026-10-05 20:30:54 +0200: Memory Usage (461536K) : activ_filler has 0 polygons
2026-10-05 20:30:54 +0200: Memory Usage (461536K) : activ has 284 polygons
2026-10-05 20:30:54 +0200: Memory Usage (461536K) : activ_pin has 0 polygons
2026-10-05 20:30:54 +0200: Memory Usage (461536K) : activ_mask has 0 polygons
2026-10-05 20:30:54 +0200: Memory Usage (461536K) : activ_nofill has 0 polygons
2026-10-05 20:30:54 +0200: Memory Usage (461536K) : activ_OPC has 0 polygons
2026-10-05 20:30:54 +0200: Memory Usage (461536K) : activ_iOPC has 0 polygons
2026-10-05 20:30:54 +0200: Memory Usage (461536K) : activ_noqrc has 0 polygons
2026-10-05 20:30:54 +0200: Memory Usage (461536K) : biwind_drw has 0 polygons
2026-10-05 20:30:54 +0200: Memory Usage (461536K) : biwind_OPC has 0 polygons
2026-10-05 20:30:54 +0200: Memory Usage (461536K) : gatpoly_drw has 256 polygons
2026-10-05 20:30:54 +0200: Memory Usage (461536K) : gatpoly_filler has 0 polygons
2026-10-05 20:30:54 +0200: Memory Usage (461536K) : gatpoly has 256 polygons
2026-10-05 20:30:54 +0200: Memory Usage (461536K) : gatpoly_pin has 42 polygons
2026-10-05 20:30:54 +0200: Memory Usage (461536K) : gatpoly_nofill has 0 polygons
2026-10-05 20:30:54 +0200: Memory Usage (461536K) : gatpoly_OPC has 0 polygons
2026-10-05 20:30:54 +0200: Memory Usage (461536K) : gatpoly_iOPC has 0 polygons
2026-10-05 20:30:54 +0200: Memory Usage (461536K) : gatpoly_noqrc has 0 polygons
2026-10-05 20:30:54 +0200: Memory Usage (461664K) : cont_drw has 1162 polygons
2026-10-05 20:30:54 +0200: Memory Usage (461664K) : cont_OPC has 0 polygons
2026-10-05 20:30:54 +0200: Memory Usage (461792K) : nsd_drw has 0 polygons
2026-10-05 20:30:54 +0200: Memory Usage (461792K) : nsd_block has 0 polygons
2026-10-05 20:30:54 +0200: Memory Usage (462096K) : metal1_drw has 721 polygons
2026-10-05 20:30:54 +0200: Memory Usage (462480K) : metal1_filler has 0 polygons
2026-10-05 20:30:54 +0200: Memory Usage (462480K) : metal1_slit has 0 polygons
2026-10-05 20:30:54 +0200: Memory Usage (462736K) : metal1 has 721 polygons
2026-10-05 20:30:54 +0200: Memory Usage (462736K) : metal1_pin has 230 polygons
2026-10-05 20:30:54 +0200: Memory Usage (462736K) : metal1_mask has 0 polygons
2026-10-05 20:30:54 +0200: Memory Usage (462736K) : metal1_nofill has 0 polygons
2026-10-05 20:30:54 +0200: Memory Usage (463040K) : metal1_text has 62 polygons
2026-10-05 20:30:54 +0200: Memory Usage (463040K) : metal1_OPC has 0 polygons
2026-10-05 20:30:54 +0200: Memory Usage (463168K) : metal1_noqrc has 0 polygons
2026-10-05 20:30:54 +0200: Memory Usage (463296K) : metal1_res has 0 polygons
2026-10-05 20:30:54 +0200: Memory Usage (463296K) : metal1_iprobe has 0 polygons
2026-10-05 20:30:54 +0200: Memory Usage (463424K) : metal1_diffprb has 0 polygons
2026-10-05 20:30:54 +0200: Memory Usage (463424K) : passiv_drw has 0 polygons
2026-10-05 20:30:54 +0200: Memory Usage (463552K) : passiv_pin has 0 polygons
2026-10-05 20:30:54 +0200: Memory Usage (463552K) : passiv_sbump has 0 polygons
2026-10-05 20:30:54 +0200: Memory Usage (463680K) : passiv_pillar has 0 polygons
2026-10-05 20:30:54 +0200: Memory Usage (463680K) : passiv_pdl has 0 polygons
2026-10-05 20:30:54 +0200: Memory Usage (463808K) : metal2_drw has 451 polygons
2026-10-05 20:30:54 +0200: Memory Usage (463808K) : metal2_filler has 0 polygons
2026-10-05 20:30:54 +0200: Memory Usage (463936K) : metal2_slit has 0 polygons
2026-10-05 20:30:54 +0200: Memory Usage (463936K) : metal2 has 451 polygons
2026-10-05 20:30:54 +0200: Memory Usage (464064K) : metal2_pin has 93 polygons
2026-10-05 20:30:54 +0200: Memory Usage (464064K) : metal2_mask has 0 polygons
2026-10-05 20:30:54 +0200: Memory Usage (464192K) : metal2_nofill has 0 polygons
2026-10-05 20:30:54 +0200: Memory Usage (464192K) : metal2_text has 106 polygons
2026-10-05 20:30:54 +0200: Memory Usage (464192K) : metal2_OPC has 0 polygons
2026-10-05 20:30:54 +0200: Memory Usage (464320K) : metal2_noqrc has 0 polygons
2026-10-05 20:30:54 +0200: Memory Usage (464320K) : metal2_res has 0 polygons
2026-10-05 20:30:54 +0200: Memory Usage (464448K) : metal2_iprobe has 0 polygons
2026-10-05 20:30:54 +0200: Memory Usage (464448K) : metal2_diffprb has 0 polygons
2026-10-05 20:30:54 +0200: Memory Usage (464576K) : baspoly_drw has 0 polygons
2026-10-05 20:30:54 +0200: Memory Usage (464576K) : baspoly_pin has 0 polygons
2026-10-05 20:30:54 +0200: Memory Usage (464704K) : psd_drw has 71 polygons
2026-10-05 20:30:54 +0200: Memory Usage (464704K) : nldb_drw has 0 polygons
2026-10-05 20:30:54 +0200: Memory Usage (464832K) : digibnd_drw has 0 polygons
2026-10-05 20:30:54 +0200: Memory Usage (464832K) : via1_drw has 422 polygons
2026-10-05 20:30:54 +0200: Memory Usage (464960K) : backmetal1_drw has 0 polygons
2026-10-05 20:30:54 +0200: Memory Usage (464960K) : backmetal1_pin has 0 polygons
2026-10-05 20:30:54 +0200: Memory Usage (465088K) : backmetal1_mask has 0 polygons
2026-10-05 20:30:54 +0200: Memory Usage (465088K) : backmetal1_filler has 0 polygons
2026-10-05 20:30:54 +0200: Memory Usage (465216K) : backmetal1_nofill has 0 polygons
2026-10-05 20:30:54 +0200: Memory Usage (465216K) : backmetal1_slit has 0 polygons
2026-10-05 20:30:54 +0200: Memory Usage (465344K) : backmetal1_text has 0 polygons
2026-10-05 20:30:54 +0200: Memory Usage (465472K) : backmetal1_OPC has 0 polygons
2026-10-05 20:30:54 +0200: Memory Usage (465472K) : backmetal1_noqrc has 0 polygons
2026-10-05 20:30:54 +0200: Memory Usage (465600K) : backmetal1_res has 0 polygons
2026-10-05 20:30:54 +0200: Memory Usage (465600K) : backmetal1_iprobe has 0 polygons
2026-10-05 20:30:54 +0200: Memory Usage (465728K) : backmetal1_diffprb has 0 polygons
2026-10-05 20:30:54 +0200: Memory Usage (465728K) : backpassiv_drw has 0 polygons
2026-10-05 20:30:54 +0200: Memory Usage (465856K) : res_drw has 0 polygons
2026-10-05 20:30:54 +0200: Memory Usage (465856K) : sram_drw has 0 polygons
2026-10-05 20:30:54 +0200: Memory Usage (465984K) : trans_drw has 0 polygons
2026-10-05 20:30:54 +0200: Memory Usage (466112K) : ind_drw has 0 polygons
2026-10-05 20:30:54 +0200: Memory Usage (466112K) : ind_pin has 0 polygons
2026-10-05 20:30:54 +0200: Memory Usage (466240K) : ind_text has 0 polygons
2026-10-05 20:30:54 +0200: Memory Usage (466240K) : salblock_drw has 0 polygons
2026-10-05 20:30:54 +0200: Memory Usage (466368K) : via2_drw has 270 polygons
2026-10-05 20:30:54 +0200: Memory Usage (466672K) : metal3_drw has 273 polygons
2026-10-05 20:30:54 +0200: Memory Usage (466800K) : metal3_filler has 0 polygons
2026-10-05 20:30:54 +0200: Memory Usage (466800K) : metal3_slit has 0 polygons
2026-10-05 20:30:54 +0200: Memory Usage (466928K) : metal3 has 273 polygons
2026-10-05 20:30:54 +0200: Memory Usage (466928K) : metal3_pin has 3 polygons
2026-10-05 20:30:54 +0200: Memory Usage (467056K) : metal3_mask has 0 polygons
2026-10-05 20:30:54 +0200: Memory Usage (467056K) : metal3_nofill has 0 polygons
2026-10-05 20:30:54 +0200: Memory Usage (467056K) : metal3_text has 6 polygons
2026-10-05 20:30:54 +0200: Memory Usage (467184K) : metal3_OPC has 0 polygons
2026-10-05 20:30:54 +0200: Memory Usage (467184K) : metal3_noqrc has 0 polygons
2026-10-05 20:30:54 +0200: Memory Usage (467312K) : metal3_res has 0 polygons
2026-10-05 20:30:54 +0200: Memory Usage (467312K) : metal3_iprobe has 0 polygons
2026-10-05 20:30:54 +0200: Memory Usage (467312K) : metal3_diffprb has 0 polygons
2026-10-05 20:30:54 +0200: Memory Usage (467440K) : nwell_drw has 162 polygons
2026-10-05 20:30:54 +0200: Memory Usage (467440K) : nwell_pin has 28 polygons
2026-10-05 20:30:54 +0200: Memory Usage (467568K) : nwell_text has 0 polygons
2026-10-05 20:30:54 +0200: Memory Usage (467568K) : nbulay_drw has 0 polygons
2026-10-05 20:30:54 +0200: Memory Usage (467696K) : nbulay_pin has 0 polygons
2026-10-05 20:30:54 +0200: Memory Usage (467824K) : nbulay_block has 0 polygons
2026-10-05 20:30:54 +0200: Memory Usage (467824K) : emwind_drw has 0 polygons
2026-10-05 20:30:54 +0200: Memory Usage (467952K) : emwind_OPC has 0 polygons
2026-10-05 20:30:54 +0200: Memory Usage (467952K) : deepco_drw has 0 polygons
2026-10-05 20:30:54 +0200: Memory Usage (468080K) : mim_drw has 0 polygons
2026-10-05 20:30:54 +0200: Memory Usage (468080K) : edgeseal_drw has 0 polygons
2026-10-05 20:30:54 +0200: Memory Usage (468208K) : substrate_drw has 58 polygons
2026-10-05 20:30:54 +0200: Memory Usage (468208K) : substrate_text has 0 polygons
2026-10-05 20:30:54 +0200: Memory Usage (468336K) : dfpad_drw has 0 polygons
2026-10-05 20:30:54 +0200: Memory Usage (468336K) : dfpad_pillar has 0 polygons
2026-10-05 20:30:54 +0200: Memory Usage (468464K) : dfpad_sbump has 0 polygons
2026-10-05 20:30:54 +0200: Memory Usage (468592K) : thickgateox_drw has 0 polygons
2026-10-05 20:30:54 +0200: Memory Usage (468592K) : pldb_drw has 0 polygons
2026-10-05 20:30:54 +0200: Memory Usage (468720K) : pwell_drw has 0 polygons
2026-10-05 20:30:54 +0200: Memory Usage (468720K) : pwell_pin has 0 polygons
2026-10-05 20:30:54 +0200: Memory Usage (468848K) : pwell_block has 0 polygons
2026-10-05 20:30:54 +0200: Memory Usage (468848K) : ic_drw has 0 polygons
2026-10-05 20:30:54 +0200: Memory Usage (468976K) : via3_drw has 0 polygons
2026-10-05 20:30:54 +0200: Memory Usage (468976K) : metal4_drw has 0 polygons
2026-10-05 20:30:54 +0200: Memory Usage (469104K) : metal4_filler has 0 polygons
2026-10-05 20:30:54 +0200: Memory Usage (469104K) : metal4_slit has 0 polygons
2026-10-05 20:30:54 +0200: Memory Usage (469232K) : metal4 has 0 polygons
2026-10-05 20:30:54 +0200: Memory Usage (469360K) : metal4_pin has 0 polygons
2026-10-05 20:30:54 +0200: Memory Usage (469360K) : metal4_mask has 0 polygons
2026-10-05 20:30:54 +0200: Memory Usage (469488K) : metal4_nofill has 0 polygons
2026-10-05 20:30:54 +0200: Memory Usage (469488K) : metal4_text has 0 polygons
2026-10-05 20:30:54 +0200: Memory Usage (469616K) : metal4_OPC has 0 polygons
2026-10-05 20:30:54 +0200: Memory Usage (469616K) : metal4_noqrc has 0 polygons
2026-10-05 20:30:54 +0200: Memory Usage (469744K) : metal4_res has 0 polygons
2026-10-05 20:30:54 +0200: Memory Usage (469872K) : metal4_iprobe has 0 polygons
2026-10-05 20:30:54 +0200: Memory Usage (469872K) : metal4_diffprb has 0 polygons
2026-10-05 20:30:54 +0200: Memory Usage (470000K) : heattrans_drw has 76 polygons
2026-10-05 20:30:54 +0200: Memory Usage (470000K) : heatres_drw has 0 polygons
2026-10-05 20:30:54 +0200: Memory Usage (470128K) : fbe_drw has 0 polygons
2026-10-05 20:30:54 +0200: Memory Usage (470128K) : empoly_drw has 0 polygons
2026-10-05 20:30:54 +0200: Memory Usage (470256K) : digisub_drw has 0 polygons
2026-10-05 20:30:54 +0200: Memory Usage (470256K) : text_drw has 132 polygons
2026-10-05 20:30:54 +0200: Memory Usage (470384K) : via4_drw has 0 polygons
2026-10-05 20:30:54 +0200: Memory Usage (470384K) : metal5_drw has 0 polygons
2026-10-05 20:30:54 +0200: Memory Usage (470512K) : metal5_filler has 0 polygons
2026-10-05 20:30:54 +0200: Memory Usage (470640K) : metal5_slit has 0 polygons
2026-10-05 20:30:54 +0200: Memory Usage (470768K) : metal5 has 0 polygons
2026-10-05 20:30:54 +0200: Memory Usage (470768K) : metal5_pin has 0 polygons
2026-10-05 20:30:54 +0200: Memory Usage (470896K) : metal5_mask has 0 polygons
2026-10-05 20:30:54 +0200: Memory Usage (470896K) : metal5_nofill has 0 polygons
2026-10-05 20:30:54 +0200: Memory Usage (471024K) : metal5_text has 0 polygons
2026-10-05 20:30:54 +0200: Memory Usage (471024K) : metal5_OPC has 0 polygons
2026-10-05 20:30:54 +0200: Memory Usage (471152K) : metal5_noqrc has 0 polygons
2026-10-05 20:30:54 +0200: Memory Usage (471152K) : metal5_res has 0 polygons
2026-10-05 20:30:54 +0200: Memory Usage (471152K) : metal5_iprobe has 0 polygons
2026-10-05 20:30:54 +0200: Memory Usage (471152K) : metal5_diffprb has 0 polygons
2026-10-05 20:30:54 +0200: Memory Usage (471280K) : radhard_drw has 0 polygons
2026-10-05 20:30:54 +0200: Memory Usage (471408K) : memcap_drw has 0 polygons
2026-10-05 20:30:54 +0200: Memory Usage (471408K) : varicap_drw has 0 polygons
2026-10-05 20:30:54 +0200: Memory Usage (471536K) : intbondvia_drw has 0 polygons
2026-10-05 20:30:54 +0200: Memory Usage (471536K) : intbondmet_drw has 0 polygons
2026-10-05 20:30:54 +0200: Memory Usage (471664K) : devbondvia_drw has 0 polygons
2026-10-05 20:30:54 +0200: Memory Usage (471664K) : devbondmet_drw has 0 polygons
2026-10-05 20:30:54 +0200: Memory Usage (471792K) : devtrench_drw has 0 polygons
2026-10-05 20:30:54 +0200: Memory Usage (471792K) : redist_drw has 0 polygons
2026-10-05 20:30:54 +0200: Memory Usage (471920K) : graphbot_drw has 0 polygons
2026-10-05 20:30:54 +0200: Memory Usage (472048K) : graphtop_drw has 0 polygons
2026-10-05 20:30:54 +0200: Memory Usage (472048K) : antvia1_drw has 0 polygons
2026-10-05 20:30:54 +0200: Memory Usage (472176K) : antmetal2_drw has 0 polygons
2026-10-05 20:30:54 +0200: Memory Usage (472176K) : graphcont_drw has 0 polygons
2026-10-05 20:30:54 +0200: Memory Usage (472304K) : siwg_drw has 0 polygons
2026-10-05 20:30:54 +0200: Memory Usage (472304K) : siwg_filler has 0 polygons
2026-10-05 20:30:54 +0200: Memory Usage (472432K) : siwg_nofill has 0 polygons
2026-10-05 20:30:54 +0200: Memory Usage (472432K) : sigrating_drw has 0 polygons
2026-10-05 20:30:54 +0200: Memory Usage (472560K) : singrating_drw has 0 polygons
2026-10-05 20:30:54 +0200: Memory Usage (472688K) : graphpas_drw has 0 polygons
2026-10-05 20:30:54 +0200: Memory Usage (472688K) : emwind3_drw has 0 polygons
2026-10-05 20:30:54 +0200: Memory Usage (472816K) : emwihv3_drw has 0 polygons
2026-10-05 20:30:54 +0200: Memory Usage (472816K) : redbulay_drw has 0 polygons
2026-10-05 20:30:54 +0200: Memory Usage (472944K) : smos_drw has 0 polygons
2026-10-05 20:30:54 +0200: Memory Usage (472944K) : graphpad_drw has 0 polygons
2026-10-05 20:30:54 +0200: Memory Usage (473072K) : polimide_drw has 0 polygons
2026-10-05 20:30:54 +0200: Memory Usage (473072K) : polimide_pin has 0 polygons
2026-10-05 20:30:54 +0200: Memory Usage (473200K) : recog_drw has 0 polygons
2026-10-05 20:30:54 +0200: Memory Usage (473328K) : recog_pin has 0 polygons
2026-10-05 20:30:54 +0200: Memory Usage (473328K) : recog_esd has 0 polygons
2026-10-05 20:30:54 +0200: Memory Usage (473456K) : recog_diode has 0 polygons
2026-10-05 20:30:54 +0200: Memory Usage (473456K) : recog_tsv has 0 polygons
2026-10-05 20:30:54 +0200: Memory Usage (473456K) : recog_iprobe has 0 polygons
2026-10-05 20:30:54 +0200: Memory Usage (473456K) : recog_diffprb has 0 polygons
2026-10-05 20:30:54 +0200: Memory Usage (473456K) : recog_pillar has 0 polygons
2026-10-05 20:30:54 +0200: Memory Usage (473584K) : recog_sbump has 0 polygons
2026-10-05 20:30:54 +0200: Memory Usage (473584K) : recog_otp has 0 polygons
2026-10-05 20:30:54 +0200: Memory Usage (473712K) : recog_pdiode has 0 polygons
2026-10-05 20:30:54 +0200: Memory Usage (473712K) : recog_mom has 0 polygons
2026-10-05 20:30:54 +0200: Memory Usage (473840K) : recog_momf has 0 polygons
2026-10-05 20:30:54 +0200: Memory Usage (473840K) : recog_pcm has 0 polygons
2026-10-05 20:30:54 +0200: Memory Usage (473968K) : colopen_drw has 0 polygons
2026-10-05 20:30:54 +0200: Memory Usage (473968K) : graphmetal1_drw has 0 polygons
2026-10-05 20:30:54 +0200: Memory Usage (474096K) : graphmetal1_filler has 0 polygons
2026-10-05 20:30:54 +0200: Memory Usage (474224K) : graphmetal1_nofill has 0 polygons
2026-10-05 20:30:54 +0200: Memory Usage (474224K) : graphmetal1_slit has 0 polygons
2026-10-05 20:30:54 +0200: Memory Usage (474352K) : graphmetal1_OPC has 0 polygons
2026-10-05 20:30:54 +0200: Memory Usage (474352K) : graphmet1l_drw has 0 polygons
2026-10-05 20:30:54 +0200: Memory Usage (474480K) : graphmet1l_filler has 0 polygons
2026-10-05 20:30:54 +0200: Memory Usage (474480K) : graphmet1l_nofill has 0 polygons
2026-10-05 20:30:54 +0200: Memory Usage (474608K) : graphmet1l_slit has 0 polygons
2026-10-05 20:30:54 +0200: Memory Usage (474608K) : graphmet1l_OPC has 0 polygons
2026-10-05 20:30:54 +0200: Memory Usage (474736K) : extblock_drw has 0 polygons
2026-10-05 20:30:54 +0200: Memory Usage (474864K) : nldd_drw has 0 polygons
2026-10-05 20:30:54 +0200: Memory Usage (474864K) : pldd_drw has 0 polygons
2026-10-05 20:30:54 +0200: Memory Usage (474992K) : next_drw has 0 polygons
2026-10-05 20:30:54 +0200: Memory Usage (474992K) : pext_drw has 0 polygons
2026-10-05 20:30:54 +0200: Memory Usage (475120K) : nexthv_drw has 0 polygons
2026-10-05 20:30:54 +0200: Memory Usage (475120K) : pexthv_drw has 0 polygons
2026-10-05 20:30:54 +0200: Memory Usage (475248K) : graphgate_drw has 0 polygons
2026-10-05 20:30:54 +0200: Memory Usage (475248K) : sinwg_drw has 0 polygons
2026-10-05 20:30:54 +0200: Memory Usage (475376K) : sinwg_filler has 0 polygons
2026-10-05 20:30:54 +0200: Memory Usage (475504K) : sinwg_nofill has 0 polygons
2026-10-05 20:30:54 +0200: Memory Usage (475504K) : mempad_drw has 0 polygons
2026-10-05 20:30:54 +0200: Memory Usage (475632K) : topvia1_drw has 0 polygons
2026-10-05 20:30:54 +0200: Memory Usage (475632K) : topmetal1_drw has 0 polygons
2026-10-05 20:30:54 +0200: Memory Usage (475760K) : topmetal1_filler has 0 polygons
2026-10-05 20:30:54 +0200: Memory Usage (475760K) : topmetal1_slit has 0 polygons
2026-10-05 20:30:54 +0200: Memory Usage (475888K) : topmetal1 has 0 polygons
2026-10-05 20:30:54 +0200: Memory Usage (476016K) : topmetal1_pin has 0 polygons
2026-10-05 20:30:54 +0200: Memory Usage (476016K) : topmetal1_mask has 0 polygons
2026-10-05 20:30:54 +0200: Memory Usage (476144K) : topmetal1_nofill has 0 polygons
2026-10-05 20:30:54 +0200: Memory Usage (476272K) : topmetal1_text has 0 polygons
2026-10-05 20:30:54 +0200: Memory Usage (476272K) : topmetal1_noqrc has 0 polygons
2026-10-05 20:30:54 +0200: Memory Usage (476400K) : topmetal1_res has 0 polygons
2026-10-05 20:30:54 +0200: Memory Usage (476400K) : topmetal1_iprobe has 0 polygons
2026-10-05 20:30:54 +0200: Memory Usage (476528K) : topmetal1_diffprb has 0 polygons
2026-10-05 20:30:54 +0200: Memory Usage (476528K) : inldpwl_drw has 0 polygons
2026-10-05 20:30:54 +0200: Memory Usage (476656K) : polyres_drw has 0 polygons
2026-10-05 20:30:54 +0200: Memory Usage (476656K) : polyres_pin has 0 polygons
2026-10-05 20:30:54 +0200: Memory Usage (476784K) : vmim_drw has 0 polygons
2026-10-05 20:30:54 +0200: Memory Usage (476784K) : nbulaycut_drw has 0 polygons
2026-10-05 20:30:54 +0200: Memory Usage (476912K) : antmetal1_drw has 0 polygons
2026-10-05 20:30:54 +0200: Memory Usage (477040K) : topvia2_drw has 0 polygons
2026-10-05 20:30:54 +0200: Memory Usage (477040K) : topmetal2_drw has 0 polygons
2026-10-05 20:30:54 +0200: Memory Usage (477168K) : topmetal2_filler has 0 polygons
2026-10-05 20:30:54 +0200: Memory Usage (477168K) : topmetal2_slit has 0 polygons
2026-10-05 20:30:54 +0200: Memory Usage (477296K) : topmetal2 has 0 polygons
2026-10-05 20:30:54 +0200: Memory Usage (477424K) : topmetal2_pin has 0 polygons
2026-10-05 20:30:54 +0200: Memory Usage (477424K) : topmetal2_mask has 0 polygons
2026-10-05 20:30:54 +0200: Memory Usage (477552K) : topmetal2_nofill has 0 polygons
2026-10-05 20:30:54 +0200: Memory Usage (477552K) : topmetal2_text has 0 polygons
2026-10-05 20:30:54 +0200: Memory Usage (477680K) : topmetal2_noqrc has 0 polygons
2026-10-05 20:30:54 +0200: Memory Usage (477808K) : topmetal2_res has 0 polygons
2026-10-05 20:30:54 +0200: Memory Usage (477808K) : topmetal2_iprobe has 0 polygons
2026-10-05 20:30:54 +0200: Memory Usage (477936K) : topmetal2_diffprb has 0 polygons
2026-10-05 20:30:54 +0200: Memory Usage (477936K) : snsring_drw has 0 polygons
2026-10-05 20:30:54 +0200: Memory Usage (478064K) : sensor_drw has 0 polygons
2026-10-05 20:30:54 +0200: Memory Usage (478064K) : snsarms_drw has 0 polygons
2026-10-05 20:30:54 +0200: Memory Usage (478192K) : snscmosvia_drw has 0 polygons
2026-10-05 20:30:54 +0200: Memory Usage (478320K) : colwind_drw has 0 polygons
2026-10-05 20:30:54 +0200: Memory Usage (478320K) : flm_drw has 0 polygons
2026-10-05 20:30:54 +0200: Memory Usage (478448K) : hafniumox_drw has 0 polygons
2026-10-05 20:30:54 +0200: Memory Usage (478448K) : memvia_drw has 0 polygons
2026-10-05 20:30:54 +0200: Memory Usage (478448K) : thinfilmres_drw has 0 polygons
2026-10-05 20:30:54 +0200: Memory Usage (478448K) : rfmem_drw has 0 polygons
2026-10-05 20:30:54 +0200: Memory Usage (478448K) : norcx_drw has 0 polygons
2026-10-05 20:30:54 +0200: Memory Usage (478448K) : norcx_m2m3 has 0 polygons
2026-10-05 20:30:54 +0200: Memory Usage (478448K) : norcx_m2m4 has 0 polygons
2026-10-05 20:30:54 +0200: Memory Usage (478448K) : norcx_m2m5 has 0 polygons
2026-10-05 20:30:54 +0200: Memory Usage (478448K) : norcx_m2tm1 has 0 polygons
2026-10-05 20:30:54 +0200: Memory Usage (478448K) : norcx_m2tm2 has 0 polygons
2026-10-05 20:30:54 +0200: Memory Usage (478448K) : norcx_m3m4 has 0 polygons
2026-10-05 20:30:54 +0200: Memory Usage (478448K) : norcx_m3m5 has 0 polygons
2026-10-05 20:30:54 +0200: Memory Usage (478448K) : norcx_m3tm1 has 0 polygons
2026-10-05 20:30:54 +0200: Memory Usage (478448K) : norcx_m3tm2 has 0 polygons
2026-10-05 20:30:54 +0200: Memory Usage (478448K) : norcx_m4m5 has 0 polygons
2026-10-05 20:30:54 +0200: Memory Usage (478448K) : norcx_m4tm1 has 0 polygons
2026-10-05 20:30:54 +0200: Memory Usage (478448K) : norcx_m4tm2 has 0 polygons
2026-10-05 20:30:54 +0200: Memory Usage (478448K) : norcx_m5tm1 has 0 polygons
2026-10-05 20:30:54 +0200: Memory Usage (478448K) : norcx_m5tm2 has 0 polygons
2026-10-05 20:30:54 +0200: Memory Usage (478448K) : norcx_tm1tm2 has 0 polygons
2026-10-05 20:30:54 +0200: Memory Usage (478448K) : norcx_m1sub has 0 polygons
2026-10-05 20:30:54 +0200: Memory Usage (478448K) : norcx_m2sub has 0 polygons
2026-10-05 20:30:54 +0200: Memory Usage (478448K) : norcx_m3sub has 0 polygons
2026-10-05 20:30:54 +0200: Memory Usage (478448K) : norcx_m4sub has 0 polygons
2026-10-05 20:30:54 +0200: Memory Usage (478448K) : norcx_m5sub has 0 polygons
2026-10-05 20:30:54 +0200: Memory Usage (478448K) : norcx_tm1sub has 0 polygons
2026-10-05 20:30:54 +0200: Memory Usage (478448K) : norcx_tm2sub has 0 polygons
2026-10-05 20:30:54 +0200: Memory Usage (478448K) : snsbotvia_drw has 0 polygons
2026-10-05 20:30:54 +0200: Memory Usage (478448K) : snstopvia_drw has 0 polygons
2026-10-05 20:30:54 +0200: Memory Usage (478448K) : deepvia_drw has 0 polygons
2026-10-05 20:30:54 +0200: Memory Usage (478448K) : fgetch_drw has 0 polygons
2026-10-05 20:30:54 +0200: Memory Usage (478576K) : ctrgat_drw has 0 polygons
2026-10-05 20:30:54 +0200: Memory Usage (478576K) : fgimp_drw has 0 polygons
2026-10-05 20:30:54 +0200: Memory Usage (478704K) : emwihv_drw has 0 polygons
2026-10-05 20:30:54 +0200: Memory Usage (478704K) : lbe_drw has 0 polygons
2026-10-05 20:30:54 +0200: Memory Usage (478704K) : alcustop_drw has 0 polygons
2026-10-05 20:30:54 +0200: Memory Usage (478832K) : nometfiller_drw has 0 polygons
2026-10-05 20:30:54 +0200: Memory Usage (478832K) : prboundary_drw has 0 polygons
2026-10-05 20:30:54 +0200: Memory Usage (478960K) : exchange0_drw has 0 polygons
2026-10-05 20:30:54 +0200: Memory Usage (478960K) : exchange0_pin has 0 polygons
2026-10-05 20:30:54 +0200: Memory Usage (479088K) : exchange0_text has 0 polygons
2026-10-05 20:30:54 +0200: Memory Usage (479088K) : exchange1_drw has 0 polygons
2026-10-05 20:30:54 +0200: Memory Usage (479216K) : exchange1_pin has 0 polygons
2026-10-05 20:30:54 +0200: Memory Usage (479216K) : exchange1_text has 0 polygons
2026-10-05 20:30:54 +0200: Memory Usage (479344K) : exchange2_drw has 0 polygons
2026-10-05 20:30:54 +0200: Memory Usage (479344K) : exchange2_pin has 0 polygons
2026-10-05 20:30:54 +0200: Memory Usage (479344K) : exchange2_text has 0 polygons
2026-10-05 20:30:54 +0200: Memory Usage (479472K) : exchange3_drw has 0 polygons
2026-10-05 20:30:54 +0200: Memory Usage (479472K) : exchange3_pin has 0 polygons
2026-10-05 20:30:54 +0200: Memory Usage (479600K) : exchange3_text has 0 polygons
2026-10-05 20:30:54 +0200: Memory Usage (479600K) : exchange4_drw has 0 polygons
2026-10-05 20:30:54 +0200: Memory Usage (479728K) : exchange4_pin has 0 polygons
2026-10-05 20:30:54 +0200: Memory Usage (479728K) : exchange4_text has 0 polygons
2026-10-05 20:30:54 +0200: Memory Usage (479728K) : isonwell_drw has 0 polygons
2026-10-05 20:30:54 +0200: Memory Usage (479728K) : Total no. of polygons in the design is 4908
2026-10-05 20:30:54 +0200: Memory Usage (479728K) : Starting CMOS5L Forbidden Layer Check
2026-10-05 20:30:54 +0200: Memory Usage (481264K) : CMOS5L Forbidden Layer Check: PASSED - No forbidden layers found
2026-10-05 20:30:54 +0200: Memory Usage (481264K) : CMOS5L Forbidden Layer Check: PASSED
2026-10-05 20:30:54 +0200: Memory Usage (481264K) : Starting base layers derivations
2026-10-05 20:30:54 +0200: Memory Usage (481264K) : Starting general LVS derivations
2026-10-05 20:30:54 +0200: Memory Usage (486552K) : Starting MOSFET DERIVATIONS
2026-10-05 20:30:55 +0200: Memory Usage (486552K) : Starting NMOS DERIVATIONS
2026-10-05 20:30:55 +0200: Memory Usage (486552K) : Starting PMOS DERIVATIONS
2026-10-05 20:30:55 +0200: Memory Usage (486552K) : Starting RF-MOSFET DERIVATIONS
2026-10-05 20:30:55 +0200: Memory Usage (486552K) : Starting RF-NMOS DERIVATIONS
2026-10-05 20:30:55 +0200: Memory Usage (486552K) : Starting RF-PMOS DERIVATIONS
2026-10-05 20:30:55 +0200: Memory Usage (486552K) : Starting BJT DERIVATIONS
2026-10-05 20:30:55 +0200: Memory Usage (486552K) : Starting NPN-BJT DERIVATIONS
2026-10-05 20:30:55 +0200: Memory Usage (486552K) : Starting PNP-BJT DERIVATIONS
2026-10-05 20:30:55 +0200: Memory Usage (486552K) : Starting DIODE DERIVATIONS
2026-10-05 20:30:55 +0200: Memory Usage (486552K) : Starting RESISTOR DERIVATIONS
2026-10-05 20:30:55 +0200: Memory Usage (486552K) : Starting CAP DERIVATIONS
2026-10-05 20:30:55 +0200: Memory Usage (486552K) : Starting CMOS5L SVaricap derivations override
2026-10-05 20:30:55 +0200: Memory Usage (486552K) : Starting CAP_CMOM DERIVATIONS
2026-10-05 20:30:55 +0200: Memory Usage (486552K) : Starting CAP_CMOMF DERIVATIONS
2026-10-05 20:30:55 +0200: Memory Usage (486552K) : Starting ESD DERIVATIONS
2026-10-05 20:30:55 +0200: Memory Usage (489112K) : Starting Inductor DERIVATIONS
2026-10-05 20:30:56 +0200: Memory Usage (489112K) : Starting Taps DERIVATIONS
2026-10-05 20:30:56 +0200: Memory Usage (489112K) : Starting SG13G2 LVS connectivity setup
2026-10-05 20:30:56 +0200: Memory Usage (489112K) : Starting SG13CMOS5L LVS connectivity setup (Inter-layer)
2026-10-05 20:30:56 +0200: Memory Usage (489288K) : Starting SG13CMOS5L LVS connectivity setup (Global)
2026-10-05 20:30:56 +0200: Memory Usage (489288K) : Starting LVS MOSFET CONNECTIONS
2026-10-05 20:30:56 +0200: Memory Usage (489288K) : Starting LVS RF-MOSFET CONNECTIONS
2026-10-05 20:30:56 +0200: Memory Usage (489288K) : Starting LVS BJT CONNECTIONS
2026-10-05 20:30:56 +0200: Memory Usage (489288K) : Starting LVS DIODE CONNECTIONS
2026-10-05 20:30:56 +0200: Memory Usage (489288K) : Starting RESISTOR CONNECTIONS
2026-10-05 20:30:56 +0200: Memory Usage (489288K) : Starting LVS CAP CONNECTIONS
2026-10-05 20:30:56 +0200: Memory Usage (489288K) : Starting CAP_CMOM CONNECTIONS
2026-10-05 20:30:56 +0200: Memory Usage (489288K) : Starting CAP_CMOMF CONNECTIONS
2026-10-05 20:30:56 +0200: Memory Usage (489288K) : Starting ESD CONNECTIONS
2026-10-05 20:30:56 +0200: Memory Usage (489288K) : Starting Inductor CONNECTIONS
2026-10-05 20:30:56 +0200: Memory Usage (489288K) : Starting LVS Taps CONNECTIONS
2026-10-05 20:30:56 +0200: Memory Usage (489288K) : Starting SG13CMOS5L LVS DEVICES EXTRACTION
2026-10-05 20:30:56 +0200: Memory Usage (489288K) : Starting MOSFET EXTRACTION
2026-10-05 20:30:56 +0200: Memory Usage (489288K) : Starting NMOS EXTRACTION
2026-10-05 20:30:56 +0200: Memory Usage (489288K) : Extraction of NMOS-LV transistor
2026-10-05 20:30:56 +0200: Memory Usage (489556K) : Extraction of NMOS-HV transistor
2026-10-05 20:30:56 +0200: Memory Usage (489556K) : Starting PMOS EXTRACTION
2026-10-05 20:30:56 +0200: Memory Usage (489556K) : Extraction of PMOS-LV transistor
2026-10-05 20:30:56 +0200: Memory Usage (489556K) : Extraction of PMOS-HV transistor
2026-10-05 20:30:56 +0200: Memory Usage (489556K) : Starting RF-MOSFET EXTRACTION
2026-10-05 20:30:56 +0200: Memory Usage (489556K) : Extraction of RF-NMOS-LV transistor
2026-10-05 20:30:56 +0200: Memory Usage (489556K) : Extraction of RF-NMOS-HV transistor
2026-10-05 20:30:56 +0200: Memory Usage (489556K) : Extraction of RF-PMOS-LV transistor
2026-10-05 20:30:56 +0200: Memory Usage (489556K) : Extraction of RF-PMOS-HV transistor
2026-10-05 20:30:56 +0200: Memory Usage (489556K) : Starting BJT EXTRACTION
2026-10-05 20:30:56 +0200: Memory Usage (489556K) : Starting NPN-BJT EXTRACTION
2026-10-05 20:30:56 +0200: Memory Usage (489556K) : Extraction of npn13G2 BJT transistor
2026-10-05 20:30:56 +0200: Memory Usage (489556K) : Extraction of npn13G2L BJT transistor
2026-10-05 20:30:56 +0200: Memory Usage (489556K) : Extraction of npn13G2V BJT transistor
2026-10-05 20:30:56 +0200: Memory Usage (489556K) : Starting PNP-BJT EXTRACTION
2026-10-05 20:30:56 +0200: Memory Usage (489556K) : Extracting pnpMPA BJT
2026-10-05 20:30:56 +0200: Memory Usage (489556K) : Starting DIODE EXTRACTION
2026-10-05 20:30:56 +0200: Memory Usage (489556K) : Extracting dantenna diode
2026-10-05 20:30:56 +0200: Memory Usage (489556K) : Extracting dpantenna diode
2026-10-05 20:30:56 +0200: Memory Usage (489556K) : Extracting schottky_nbl1 diode
2026-10-05 20:30:56 +0200: Memory Usage (489556K) : Extracting isolbox diode
2026-10-05 20:30:56 +0200: Memory Usage (489556K) : Starting RESISTOR EXTRACTION
2026-10-05 20:30:56 +0200: Memory Usage (489556K) : Extracting rsil resistor
2026-10-05 20:30:56 +0200: Memory Usage (489556K) : Extracting rppd resistor
2026-10-05 20:30:56 +0200: Memory Usage (489556K) : Extracting rhigh resistor
2026-10-05 20:30:56 +0200: Memory Usage (489556K) : Extracting res_metal1 resistor
2026-10-05 20:30:56 +0200: Memory Usage (489692K) : Extracting res_metal2 resistor
2026-10-05 20:30:56 +0200: Memory Usage (489692K) : Extracting res_metal3 resistor
2026-10-05 20:30:56 +0200: Memory Usage (489692K) : Extracting res_metal4 resistor
2026-10-05 20:30:56 +0200: Memory Usage (489692K) : Extracting res_metal5 resistor
2026-10-05 20:30:56 +0200: Memory Usage (489692K) : Extracting res_topmetal1 resistor
2026-10-05 20:30:56 +0200: Memory Usage (489692K) : Extracting res_topmetal2 resistor
2026-10-05 20:30:56 +0200: Memory Usage (489692K) : Starting CAP EXTRACTION
2026-10-05 20:30:56 +0200: Memory Usage (489692K) : Extracting cap_cmim device
2026-10-05 20:30:56 +0200: Memory Usage (489692K) : Extracting rfcmim device
2026-10-05 20:30:56 +0200: Memory Usage (489692K) : Extracting sg13_hv_svaricap varactor
2026-10-05 20:30:56 +0200: Memory Usage (489692K) : Extracting cap_cmomi device
2026-10-05 20:30:56 +0200: Memory Usage (489692K) : Extracting cap_cmomf device
2026-10-05 20:30:56 +0200: Memory Usage (489692K) : Extracting sg13_moscap_n capacitor
2026-10-05 20:30:56 +0200: Memory Usage (489692K) : Extracting sg13_moscap_p capacitor
2026-10-05 20:30:56 +0200: Memory Usage (489692K) : Starting ESD EXTRACTION
2026-10-05 20:30:56 +0200: Memory Usage (489692K) : Extracting diodevdd_2kv ESD device
2026-10-05 20:30:56 +0200: Memory Usage (489692K) : Extracting diodevdd_4kv ESD device
2026-10-05 20:30:56 +0200: Memory Usage (489692K) : Extracting diodevss_2kv ESD device
2026-10-05 20:30:56 +0200: Memory Usage (489692K) : Extracting diodevss_4kv ESD device
2026-10-05 20:30:56 +0200: Memory Usage (489692K) : Extracting idiodevdd_2kv ESD device
2026-10-05 20:30:56 +0200: Memory Usage (489692K) : Extracting idiodevdd_4kv ESD device
2026-10-05 20:30:56 +0200: Memory Usage (489692K) : Extracting idiodevss_2kv ESD device
2026-10-05 20:30:56 +0200: Memory Usage (489692K) : Extracting idiodevss_4kv ESD device
2026-10-05 20:30:56 +0200: Memory Usage (489692K) : Extracting nmoscl_2 ESD device
2026-10-05 20:30:56 +0200: Memory Usage (489692K) : Extracting nmoscl_4 ESD device
2026-10-05 20:30:56 +0200: Memory Usage (489692K) : Starting Inductor EXTRACTION
2026-10-05 20:30:56 +0200: Memory Usage (489692K) : Extracting Inductor2 device
2026-10-05 20:30:56 +0200: Memory Usage (489692K) : Extracting Inductor3 device
2026-10-05 20:30:56 +0200: Memory Usage (489692K) : Starting Taps EXTRACTION
2026-10-05 20:30:56 +0200: Memory Usage (489692K) : DISABLE_TAP_EXTRACTION is enabled: skipping ntap1/ptap1 device extraction.
2026-10-05 20:30:56 +0200: Memory Usage (489692K) : Starting SG13CMOS5L LVS RF MOS Model Mapping
2026-10-05 20:30:56 +0200: Memory Usage (489692K) : [layout_netlist] Apply RF MOS model mapping and rfmode parameter.
2026-10-05 20:30:56 +0200: Memory Usage (489692K) : Starting SG13CMOS5L LVS Options Preparations
2026-10-05 20:30:56 +0200: Memory Usage (489692K) : SG13CMOS5L LVS flow: extraction -> alignment -> option preparation -> comparison.
2026-10-05 20:30:56 +0200: Memory Usage (489692K) : Starting SG13CMOS5L LVS Alignment
2026-10-05 20:30:56 +0200: Memory Usage (489820K) : Devices to compare: layout=23 schematic=23 (schematic counted before alignment, both per circuit definition)
2026-10-05 20:30:56 +0200: Memory Usage (489820K) : Starting SG13CMOS5L LVS Simplification
2026-10-05 20:30:56 +0200: Memory Usage (489820K) : [layout_netlist] simplify: ENABLED
2026-10-05 20:30:56 +0200: Memory Usage (489820K) : [layout_netlist] make_top_level_pins: SKIPPED
2026-10-05 20:30:56 +0200: Memory Usage (489820K) : [layout_netlist] combine_devices: SKIPPED
2026-10-05 20:30:56 +0200: Memory Usage (489820K) : [layout_netlist] purge: SKIPPED
2026-10-05 20:30:56 +0200: Memory Usage (489820K) : [layout_netlist] purge_nets: SKIPPED
2026-10-05 20:30:56 +0200: Memory Usage (489820K) : [schematic_netlist] simplify: ENABLED
2026-10-05 20:30:56 +0200: Memory Usage (489820K) : [schematic_netlist] make_top_level_pins: SKIPPED
2026-10-05 20:30:56 +0200: Memory Usage (489820K) : [schematic_netlist] combine_devices: SKIPPED
2026-10-05 20:30:56 +0200: Memory Usage (489820K) : [schematic_netlist] purge: SKIPPED
2026-10-05 20:30:56 +0200: Memory Usage (489820K) : [schematic_netlist] purge_nets: SKIPPED
2026-10-05 20:30:56 +0200: Memory Usage (489820K) : Starting SG13CMOS5L LVS Comparison in strict port mode.
2026-10-05 20:30:56 +0200: Memory Usage (489820K) : flag_missing_ports enabled: missing/mislabeled top-level ports are treated as errors.
2026-10-05 20:30:56 +0200: Memory Usage (489820K) : ==========================================
2026-10-05 20:30:56 +0200: Memory Usage (489820K) : INFO : Congratulations! Netlists match.
2026-10-05 20:30:56 +0200: Memory Usage (489820K) : ==========================================
2026-10-05 20:30:56 +0200: Memory Usage (489820K) : LVS Total Run time 2.057466 seconds
