# Logfile created on 2026-08-27 21:41:35 +0200 by logger.rb/v1.5.3
2026-08-27 21:41:35 +0200: Memory Usage (456532K) : Starting running IHP-SG13CMOS5L KLayout DRC runset on /foss/designs/CHIP-PLL/layout/misc/level_shifter/level_shifter.gds
2026-08-27 21:41:35 +0200: Memory Usage (456532K) : Ruby Version for klayout: 3.2.3
2026-08-27 21:41:35 +0200: Memory Usage (458040K) : Loading database to memory is complete.
2026-08-27 21:41:35 +0200: Memory Usage (458040K) : IHP-SG13CMOS5L KLayout DRC runset output at: /foss/designs/CHIP-PLL/layout/misc/level_shifter/drc_run_level_shifter/level_shifter_level_shifter_main.lyrdb
2026-08-27 21:41:35 +0200: Memory Usage (458168K) : Evaluate switches.
2026-08-27 21:41:35 +0200: Memory Usage (458168K) : tables selected: main
2026-08-27 21:41:35 +0200: Memory Usage (458168K) : KLayout will use 1 thread(s) in tiled mode.
2026-08-27 21:41:35 +0200: Memory Usage (458168K) : deep mode is enabled.
2026-08-27 21:41:35 +0200: Memory Usage (458168K) : FEOL enabled: true
2026-08-27 21:41:35 +0200: Memory Usage (458168K) : BEOL enabled: true
2026-08-27 21:41:35 +0200: Memory Usage (458168K) : OFFGRID enabled: true
2026-08-27 21:41:35 +0200: Memory Usage (458168K) : ANGLE enabled: true
2026-08-27 21:41:35 +0200: Memory Usage (458168K) : PIN enabled: true
2026-08-27 21:41:35 +0200: Memory Usage (458168K) : FORBIDDEN enabled: true
2026-08-27 21:41:35 +0200: Memory Usage (458168K) : RECOMMENDED enabled: true
2026-08-27 21:41:35 +0200: Memory Usage (458168K) : PreCheck DRC enabled: false
2026-08-27 21:41:35 +0200: Memory Usage (458168K) : CONNECTIVITY_RULES enabled: true.
2026-08-27 21:41:35 +0200: Memory Usage (458168K) : Read in polygons from layers.
2026-08-27 21:41:35 +0200: Memory Usage (459428K) : activ_drw has 48 polygons
2026-08-27 21:41:35 +0200: Memory Usage (459428K) : activ_pin has 0 polygons
2026-08-27 21:41:35 +0200: Memory Usage (459428K) : activ_mask has 0 polygons
2026-08-27 21:41:35 +0200: Memory Usage (459428K) : activ_filler has 0 polygons
2026-08-27 21:41:35 +0200: Memory Usage (459428K) : activ_nofill has 0 polygons
2026-08-27 21:41:35 +0200: Memory Usage (459428K) : activ_opc has 0 polygons
2026-08-27 21:41:35 +0200: Memory Usage (459428K) : activ_iopc has 0 polygons
2026-08-27 21:41:35 +0200: Memory Usage (459428K) : activ_noqrc has 0 polygons
2026-08-27 21:41:35 +0200: Memory Usage (459428K) : biwind_drw has 0 polygons
2026-08-27 21:41:35 +0200: Memory Usage (459428K) : biwind_opc has 0 polygons
2026-08-27 21:41:35 +0200: Memory Usage (459428K) : pemwind_drw has 0 polygons
2026-08-27 21:41:35 +0200: Memory Usage (459560K) : gatpoly_drw has 42 polygons
2026-08-27 21:41:35 +0200: Memory Usage (459560K) : gatpoly_pin has 10 polygons
2026-08-27 21:41:35 +0200: Memory Usage (459560K) : gatpoly_filler has 0 polygons
2026-08-27 21:41:35 +0200: Memory Usage (459560K) : gatpoly_nofill has 0 polygons
2026-08-27 21:41:35 +0200: Memory Usage (459560K) : gatpoly_opc has 0 polygons
2026-08-27 21:41:35 +0200: Memory Usage (459560K) : gatpoly_iopc has 0 polygons
2026-08-27 21:41:35 +0200: Memory Usage (459560K) : gatpoly_noqrc has 0 polygons
2026-08-27 21:41:35 +0200: Memory Usage (459560K) : cont_drw has 244 polygons
2026-08-27 21:41:35 +0200: Memory Usage (459560K) : cont_opc has 0 polygons
2026-08-27 21:41:35 +0200: Memory Usage (459560K) : nsd_drw has 0 polygons
2026-08-27 21:41:35 +0200: Memory Usage (459560K) : nsd_block has 0 polygons
2026-08-27 21:41:35 +0200: Memory Usage (459560K) : metal1_drw has 114 polygons
2026-08-27 21:41:35 +0200: Memory Usage (459688K) : metal1_pin has 29 polygons
2026-08-27 21:41:35 +0200: Memory Usage (459816K) : metal1_mask has 0 polygons
2026-08-27 21:41:35 +0200: Memory Usage (459944K) : metal1_filler has 0 polygons
2026-08-27 21:41:35 +0200: Memory Usage (459944K) : metal1_nofill has 0 polygons
2026-08-27 21:41:35 +0200: Memory Usage (459944K) : metal1_slit has 0 polygons
2026-08-27 21:41:35 +0200: Memory Usage (460216K) : metal1_text has 4 polygons
2026-08-27 21:41:35 +0200: Memory Usage (460216K) : metal1_opc has 0 polygons
2026-08-27 21:41:35 +0200: Memory Usage (460344K) : metal1_noqrc has 0 polygons
2026-08-27 21:41:35 +0200: Memory Usage (460344K) : metal1_res has 0 polygons
2026-08-27 21:41:35 +0200: Memory Usage (460344K) : metal1_iprobe has 0 polygons
2026-08-27 21:41:35 +0200: Memory Usage (460472K) : metal1_diffprb has 0 polygons
2026-08-27 21:41:35 +0200: Memory Usage (460472K) : passiv_drw has 0 polygons
2026-08-27 21:41:35 +0200: Memory Usage (460600K) : passiv_pin has 0 polygons
2026-08-27 21:41:35 +0200: Memory Usage (460600K) : passiv_sbump has 0 polygons
2026-08-27 21:41:35 +0200: Memory Usage (460728K) : passiv_pillar has 0 polygons
2026-08-27 21:41:35 +0200: Memory Usage (460728K) : passiv_pdl has 0 polygons
2026-08-27 21:41:35 +0200: Memory Usage (460856K) : metal2_drw has 39 polygons
2026-08-27 21:41:35 +0200: Memory Usage (460856K) : metal2_pin has 1 polygons
2026-08-27 21:41:35 +0200: Memory Usage (460984K) : metal2_mask has 0 polygons
2026-08-27 21:41:35 +0200: Memory Usage (460984K) : metal2_filler has 0 polygons
2026-08-27 21:41:35 +0200: Memory Usage (461112K) : metal2_nofill has 0 polygons
2026-08-27 21:41:35 +0200: Memory Usage (461112K) : metal2_slit has 0 polygons
2026-08-27 21:41:35 +0200: Memory Usage (461112K) : metal2_text has 4 polygons
2026-08-27 21:41:35 +0200: Memory Usage (461240K) : metal2_opc has 0 polygons
2026-08-27 21:41:35 +0200: Memory Usage (461240K) : metal2_noqrc has 0 polygons
2026-08-27 21:41:35 +0200: Memory Usage (461368K) : metal2_res has 0 polygons
2026-08-27 21:41:35 +0200: Memory Usage (461368K) : metal2_iprobe has 0 polygons
2026-08-27 21:41:35 +0200: Memory Usage (461496K) : metal2_diffprb has 0 polygons
2026-08-27 21:41:35 +0200: Memory Usage (461496K) : baspoly_drw has 0 polygons
2026-08-27 21:41:35 +0200: Memory Usage (461496K) : baspoly_pin has 0 polygons
2026-08-27 21:41:35 +0200: Memory Usage (461624K) : psd_drw has 8 polygons
2026-08-27 21:41:35 +0200: Memory Usage (461624K) : nldb_drw has 0 polygons
2026-08-27 21:41:35 +0200: Memory Usage (461752K) : digibnd_drw has 0 polygons
2026-08-27 21:41:35 +0200: Memory Usage (461752K) : via1_drw has 44 polygons
2026-08-27 21:41:35 +0200: Memory Usage (461880K) : backmetal1_drw has 0 polygons
2026-08-27 21:41:35 +0200: Memory Usage (461880K) : backmetal1_pin has 0 polygons
2026-08-27 21:41:35 +0200: Memory Usage (461880K) : backmetal1_mask has 0 polygons
2026-08-27 21:41:35 +0200: Memory Usage (462008K) : backmetal1_filler has 0 polygons
2026-08-27 21:41:35 +0200: Memory Usage (462008K) : backmetal1_nofill has 0 polygons
2026-08-27 21:41:35 +0200: Memory Usage (462136K) : backmetal1_slit has 0 polygons
2026-08-27 21:41:35 +0200: Memory Usage (462136K) : backmetal1_text has 0 polygons
2026-08-27 21:41:35 +0200: Memory Usage (462264K) : backmetal1_opc has 0 polygons
2026-08-27 21:41:35 +0200: Memory Usage (462264K) : backmetal1_noqrc has 0 polygons
2026-08-27 21:41:35 +0200: Memory Usage (462392K) : backmetal1_res has 0 polygons
2026-08-27 21:41:35 +0200: Memory Usage (462520K) : backmetal1_iprobe has 0 polygons
2026-08-27 21:41:35 +0200: Memory Usage (462520K) : backmetal1_diffprb has 0 polygons
2026-08-27 21:41:35 +0200: Memory Usage (462648K) : backpassiv_drw has 0 polygons
2026-08-27 21:41:35 +0200: Memory Usage (462648K) : res_drw has 0 polygons
2026-08-27 21:41:35 +0200: Memory Usage (462776K) : sram_drw has 0 polygons
2026-08-27 21:41:35 +0200: Memory Usage (462776K) : trans_drw has 0 polygons
2026-08-27 21:41:35 +0200: Memory Usage (462776K) : ind_drw has 0 polygons
2026-08-27 21:41:35 +0200: Memory Usage (462904K) : ind_pin has 0 polygons
2026-08-27 21:41:35 +0200: Memory Usage (463032K) : ind_text has 0 polygons
2026-08-27 21:41:35 +0200: Memory Usage (463032K) : salblock_drw has 0 polygons
2026-08-27 21:41:35 +0200: Memory Usage (463160K) : via2_drw has 4 polygons
2026-08-27 21:41:35 +0200: Memory Usage (463160K) : metal3_drw has 3 polygons
2026-08-27 21:41:35 +0200: Memory Usage (463160K) : metal3_pin has 0 polygons
2026-08-27 21:41:35 +0200: Memory Usage (463288K) : metal3_mask has 0 polygons
2026-08-27 21:41:35 +0200: Memory Usage (463288K) : metal3_filler has 0 polygons
2026-08-27 21:41:35 +0200: Memory Usage (463416K) : metal3_nofill has 0 polygons
2026-08-27 21:41:35 +0200: Memory Usage (463416K) : metal3_slit has 0 polygons
2026-08-27 21:41:35 +0200: Memory Usage (463544K) : metal3_text has 0 polygons
2026-08-27 21:41:35 +0200: Memory Usage (463544K) : metal3_opc has 0 polygons
2026-08-27 21:41:35 +0200: Memory Usage (463544K) : metal3_noqrc has 0 polygons
2026-08-27 21:41:35 +0200: Memory Usage (463672K) : metal3_res has 0 polygons
2026-08-27 21:41:35 +0200: Memory Usage (463672K) : metal3_iprobe has 0 polygons
2026-08-27 21:41:35 +0200: Memory Usage (463800K) : metal3_diffprb has 0 polygons
2026-08-27 21:41:35 +0200: Memory Usage (463928K) : nwell_drw has 11 polygons
2026-08-27 21:41:35 +0200: Memory Usage (463928K) : nwell_pin has 2 polygons
2026-08-27 21:41:35 +0200: Memory Usage (463928K) : nbulay_drw has 0 polygons
2026-08-27 21:41:35 +0200: Memory Usage (464056K) : nbulay_pin has 0 polygons
2026-08-27 21:41:35 +0200: Memory Usage (464184K) : nbulay_block has 0 polygons
2026-08-27 21:41:35 +0200: Memory Usage (464184K) : emwind_drw has 0 polygons
2026-08-27 21:41:35 +0200: Memory Usage (464312K) : emwind_opc has 0 polygons
2026-08-27 21:41:35 +0200: Memory Usage (464312K) : deepco_drw has 0 polygons
2026-08-27 21:41:35 +0200: Memory Usage (464440K) : deepco_drw has 0 polygons
2026-08-27 21:41:35 +0200: Memory Usage (464440K) : mim_drw has 0 polygons
2026-08-27 21:41:35 +0200: Memory Usage (464440K) : edgeseal_drw has 0 polygons
2026-08-27 21:41:35 +0200: Memory Usage (464568K) : edgeseal_bound has 0 polygons
2026-08-27 21:41:35 +0200: Memory Usage (464568K) : substrate_drw has 8 polygons
2026-08-27 21:41:35 +0200: Memory Usage (464696K) : substrate_text has 0 polygons
2026-08-27 21:41:35 +0200: Memory Usage (464696K) : dfpad_drw has 0 polygons
2026-08-27 21:41:35 +0200: Memory Usage (464824K) : dfpad_pillar has 0 polygons
2026-08-27 21:41:35 +0200: Memory Usage (464824K) : dfpad_sbump has 0 polygons
2026-08-27 21:41:35 +0200: Memory Usage (464824K) : thickgateox_drw has 6 polygons
2026-08-27 21:41:35 +0200: Memory Usage (464952K) : pldb_drw has 0 polygons
2026-08-27 21:41:35 +0200: Memory Usage (464952K) : pwell_drw has 0 polygons
2026-08-27 21:41:35 +0200: Memory Usage (465080K) : pwell_pin has 0 polygons
2026-08-27 21:41:35 +0200: Memory Usage (465208K) : pwell_block has 0 polygons
2026-08-27 21:41:35 +0200: Memory Usage (465208K) : ic_drw has 0 polygons
2026-08-27 21:41:35 +0200: Memory Usage (465208K) : via3_drw has 0 polygons
2026-08-27 21:41:35 +0200: Memory Usage (465336K) : metal4_drw has 0 polygons
2026-08-27 21:41:35 +0200: Memory Usage (465464K) : metal4_pin has 0 polygons
2026-08-27 21:41:35 +0200: Memory Usage (465464K) : metal4_mask has 0 polygons
2026-08-27 21:41:35 +0200: Memory Usage (465592K) : metal4_filler has 0 polygons
2026-08-27 21:41:35 +0200: Memory Usage (465592K) : metal4_nofill has 0 polygons
2026-08-27 21:41:35 +0200: Memory Usage (465720K) : metal4_slit has 0 polygons
2026-08-27 21:41:35 +0200: Memory Usage (465720K) : metal4_text has 0 polygons
2026-08-27 21:41:35 +0200: Memory Usage (465720K) : metal4_opc has 0 polygons
2026-08-27 21:41:35 +0200: Memory Usage (465848K) : metal4_noqrc has 0 polygons
2026-08-27 21:41:35 +0200: Memory Usage (465848K) : metal4_res has 0 polygons
2026-08-27 21:41:35 +0200: Memory Usage (465976K) : metal4_iprobe has 0 polygons
2026-08-27 21:41:35 +0200: Memory Usage (465976K) : metal4_diffprb has 0 polygons
2026-08-27 21:41:35 +0200: Memory Usage (465976K) : heattrans_drw has 20 polygons
2026-08-27 21:41:35 +0200: Memory Usage (466104K) : heatres_drw has 0 polygons
2026-08-27 21:41:35 +0200: Memory Usage (466104K) : pempoly_drw has 0 polygons
2026-08-27 21:41:35 +0200: Memory Usage (466232K) : fbe_drw has 0 polygons
2026-08-27 21:41:35 +0200: Memory Usage (466360K) : empoly_drw has 0 polygons
2026-08-27 21:41:35 +0200: Memory Usage (466360K) : ldmos_drw has 0 polygons
2026-08-27 21:41:35 +0200: Memory Usage (466488K) : pbiwind_drw has 0 polygons
2026-08-27 21:41:35 +0200: Memory Usage (466488K) : digisub_drw has 0 polygons
2026-08-27 21:41:35 +0200: Memory Usage (466488K) : nodrc_drw has 0 polygons
2026-08-27 21:41:35 +0200: Memory Usage (466616K) : text_drw has 16 polygons
2026-08-27 21:41:35 +0200: Memory Usage (466616K) : via4_drw has 0 polygons
2026-08-27 21:41:35 +0200: Memory Usage (466744K) : metal5_drw has 0 polygons
2026-08-27 21:41:35 +0200: Memory Usage (466744K) : metal5_pin has 0 polygons
2026-08-27 21:41:35 +0200: Memory Usage (466872K) : metal5_mask has 0 polygons
2026-08-27 21:41:35 +0200: Memory Usage (466872K) : metal5_filler has 0 polygons
2026-08-27 21:41:35 +0200: Memory Usage (467000K) : metal5_nofill has 0 polygons
2026-08-27 21:41:35 +0200: Memory Usage (467000K) : metal5_slit has 0 polygons
2026-08-27 21:41:35 +0200: Memory Usage (467128K) : metal5_text has 0 polygons
2026-08-27 21:41:35 +0200: Memory Usage (467128K) : metal5_opc has 0 polygons
2026-08-27 21:41:35 +0200: Memory Usage (467256K) : metal5_noqrc has 0 polygons
2026-08-27 21:41:35 +0200: Memory Usage (467384K) : metal5_res has 0 polygons
2026-08-27 21:41:35 +0200: Memory Usage (467384K) : metal5_iprobe has 0 polygons
2026-08-27 21:41:35 +0200: Memory Usage (467384K) : metal5_diffprb has 0 polygons
2026-08-27 21:41:35 +0200: Memory Usage (467512K) : radhard_drw has 0 polygons
2026-08-27 21:41:35 +0200: Memory Usage (467512K) : memcap_drw has 0 polygons
2026-08-27 21:41:35 +0200: Memory Usage (467640K) : varicap_drw has 0 polygons
2026-08-27 21:41:35 +0200: Memory Usage (467640K) : flash_drw has 0 polygons
2026-08-27 21:41:35 +0200: Memory Usage (467768K) : intbondvia_drw has 0 polygons
2026-08-27 21:41:35 +0200: Memory Usage (467768K) : intbondmet_drw has 0 polygons
2026-08-27 21:41:35 +0200: Memory Usage (467768K) : devbondvia_drw has 0 polygons
2026-08-27 21:41:35 +0200: Memory Usage (467896K) : devbondmet_drw has 0 polygons
2026-08-27 21:41:35 +0200: Memory Usage (467896K) : devtrench_drw has 0 polygons
2026-08-27 21:41:35 +0200: Memory Usage (468024K) : redist_drw has 0 polygons
2026-08-27 21:41:35 +0200: Memory Usage (468024K) : graphbot_drw has 0 polygons
2026-08-27 21:41:35 +0200: Memory Usage (468152K) : graphtop_drw has 0 polygons
2026-08-27 21:41:35 +0200: Memory Usage (468152K) : antvia1_drw has 0 polygons
2026-08-27 21:41:35 +0200: Memory Usage (468152K) : antmetal2_drw has 0 polygons
2026-08-27 21:41:35 +0200: Memory Usage (468280K) : graphcont_drw has 0 polygons
2026-08-27 21:41:35 +0200: Memory Usage (468280K) : siwg_drw has 0 polygons
2026-08-27 21:41:35 +0200: Memory Usage (468280K) : siwg_filler has 0 polygons
2026-08-27 21:41:35 +0200: Memory Usage (468280K) : siwg_nofill has 0 polygons
2026-08-27 21:41:35 +0200: Memory Usage (468408K) : sigrating_drw has 0 polygons
2026-08-27 21:41:35 +0200: Memory Usage (468408K) : singrating_drw has 0 polygons
2026-08-27 21:41:35 +0200: Memory Usage (468408K) : graphpas_drw has 0 polygons
2026-08-27 21:41:35 +0200: Memory Usage (468536K) : emwind3_drw has 0 polygons
2026-08-27 21:41:35 +0200: Memory Usage (468536K) : emwihv3_drw has 0 polygons
2026-08-27 21:41:35 +0200: Memory Usage (468536K) : redbulay_drw has 0 polygons
2026-08-27 21:41:35 +0200: Memory Usage (468536K) : smos_drw has 0 polygons
2026-08-27 21:41:35 +0200: Memory Usage (468664K) : graphpad_drw has 0 polygons
2026-08-27 21:41:35 +0200: Memory Usage (468664K) : polimide_drw has 0 polygons
2026-08-27 21:41:35 +0200: Memory Usage (468664K) : polimide_pin has 0 polygons
2026-08-27 21:41:35 +0200: Memory Usage (468792K) : recog_drw has 0 polygons
2026-08-27 21:41:35 +0200: Memory Usage (468792K) : recog_pin has 0 polygons
2026-08-27 21:41:35 +0200: Memory Usage (468792K) : recog_esd has 0 polygons
2026-08-27 21:41:35 +0200: Memory Usage (468920K) : recog_diode has 0 polygons
2026-08-27 21:41:35 +0200: Memory Usage (468920K) : recog_tsv has 0 polygons
2026-08-27 21:41:35 +0200: Memory Usage (468920K) : recog_iprobe has 0 polygons
2026-08-27 21:41:35 +0200: Memory Usage (469048K) : recog_diffprb has 0 polygons
2026-08-27 21:41:35 +0200: Memory Usage (469048K) : recog_pillar has 0 polygons
2026-08-27 21:41:35 +0200: Memory Usage (469176K) : recog_sbump has 0 polygons
2026-08-27 21:41:35 +0200: Memory Usage (469176K) : recog_otp has 0 polygons
2026-08-27 21:41:35 +0200: Memory Usage (469304K) : recog_pdiode has 0 polygons
2026-08-27 21:41:35 +0200: Memory Usage (469304K) : recog_mom has 0 polygons
2026-08-27 21:41:35 +0200: Memory Usage (469304K) : recog_pcm has 0 polygons
2026-08-27 21:41:35 +0200: Memory Usage (469432K) : colopen_drw has 0 polygons
2026-08-27 21:41:35 +0200: Memory Usage (469432K) : graphmetal1_drw has 0 polygons
2026-08-27 21:41:35 +0200: Memory Usage (469560K) : graphmetal1_filler has 0 polygons
2026-08-27 21:41:35 +0200: Memory Usage (469560K) : graphmetal1_nofill has 0 polygons
2026-08-27 21:41:35 +0200: Memory Usage (469688K) : graphmetal1_slit has 0 polygons
2026-08-27 21:41:35 +0200: Memory Usage (469688K) : graphmetal1_opc has 0 polygons
2026-08-27 21:41:35 +0200: Memory Usage (469688K) : graphmet1l_drw has 0 polygons
2026-08-27 21:41:35 +0200: Memory Usage (469816K) : graphmet1l_filler has 0 polygons
2026-08-27 21:41:35 +0200: Memory Usage (469816K) : graphmet1l_nofill has 0 polygons
2026-08-27 21:41:35 +0200: Memory Usage (469944K) : graphmet1l_slit has 0 polygons
2026-08-27 21:41:35 +0200: Memory Usage (469944K) : graphmet1l_opc has 0 polygons
2026-08-27 21:41:35 +0200: Memory Usage (470072K) : extblock_drw has 0 polygons
2026-08-27 21:41:35 +0200: Memory Usage (470072K) : nldd_drw has 0 polygons
2026-08-27 21:41:35 +0200: Memory Usage (470072K) : pldd_drw has 0 polygons
2026-08-27 21:41:35 +0200: Memory Usage (470200K) : next_drw has 0 polygons
2026-08-27 21:41:35 +0200: Memory Usage (470200K) : pext_drw has 0 polygons
2026-08-27 21:41:35 +0200: Memory Usage (470328K) : nexthv_drw has 0 polygons
2026-08-27 21:41:35 +0200: Memory Usage (470328K) : pexthv_drw has 0 polygons
2026-08-27 21:41:35 +0200: Memory Usage (470328K) : graphgate_drw has 0 polygons
2026-08-27 21:41:35 +0200: Memory Usage (470328K) : sinwg_drw has 0 polygons
2026-08-27 21:41:35 +0200: Memory Usage (470456K) : sinwg_filler has 0 polygons
2026-08-27 21:41:35 +0200: Memory Usage (470456K) : sinwg_nofill has 0 polygons
2026-08-27 21:41:35 +0200: Memory Usage (470456K) : mempad_drw has 0 polygons
2026-08-27 21:41:35 +0200: Memory Usage (470584K) : topvia1_drw has 0 polygons
2026-08-27 21:41:35 +0200: Memory Usage (470584K) : topmetal1_drw has 0 polygons
2026-08-27 21:41:35 +0200: Memory Usage (470584K) : topmetal1_pin has 0 polygons
2026-08-27 21:41:35 +0200: Memory Usage (470712K) : topmetal1_mask has 0 polygons
2026-08-27 21:41:35 +0200: Memory Usage (470712K) : topmetal1_filler has 0 polygons
2026-08-27 21:41:35 +0200: Memory Usage (470840K) : topmetal1_nofill has 0 polygons
2026-08-27 21:41:35 +0200: Memory Usage (470840K) : topmetal1_slit has 0 polygons
2026-08-27 21:41:35 +0200: Memory Usage (470840K) : topmetal1_text has 0 polygons
2026-08-27 21:41:35 +0200: Memory Usage (470968K) : topmetal1_noqrc has 0 polygons
2026-08-27 21:41:35 +0200: Memory Usage (470968K) : topmetal1_res has 0 polygons
2026-08-27 21:41:35 +0200: Memory Usage (471096K) : topmetal1_iprobe has 0 polygons
2026-08-27 21:41:35 +0200: Memory Usage (471096K) : topmetal1_diffprb has 0 polygons
2026-08-27 21:41:35 +0200: Memory Usage (471224K) : inldpwl_drw has 0 polygons
2026-08-27 21:41:35 +0200: Memory Usage (471224K) : polyres_drw has 0 polygons
2026-08-27 21:41:35 +0200: Memory Usage (471224K) : polyres_pin has 0 polygons
2026-08-27 21:41:35 +0200: Memory Usage (471352K) : vmim_drw has 0 polygons
2026-08-27 21:41:35 +0200: Memory Usage (471352K) : nbulaycut_drw has 0 polygons
2026-08-27 21:41:35 +0200: Memory Usage (471480K) : antmetal1_drw has 0 polygons
2026-08-27 21:41:35 +0200: Memory Usage (471480K) : topvia2_drw has 0 polygons
2026-08-27 21:41:35 +0200: Memory Usage (471480K) : topmetal2_drw has 0 polygons
2026-08-27 21:41:35 +0200: Memory Usage (471608K) : topmetal2_pin has 0 polygons
2026-08-27 21:41:35 +0200: Memory Usage (471608K) : topmetal2_mask has 0 polygons
2026-08-27 21:41:35 +0200: Memory Usage (471736K) : topmetal2_filler has 0 polygons
2026-08-27 21:41:35 +0200: Memory Usage (471736K) : topmetal2_nofill has 0 polygons
2026-08-27 21:41:35 +0200: Memory Usage (471864K) : topmetal2_slit has 0 polygons
2026-08-27 21:41:35 +0200: Memory Usage (471864K) : topmetal2_text has 0 polygons
2026-08-27 21:41:35 +0200: Memory Usage (471864K) : topmetal2_noqrc has 0 polygons
2026-08-27 21:41:35 +0200: Memory Usage (471992K) : topmetal2_res has 0 polygons
2026-08-27 21:41:35 +0200: Memory Usage (471992K) : topmetal2_iprobe has 0 polygons
2026-08-27 21:41:35 +0200: Memory Usage (471992K) : topmetal2_diffprb has 0 polygons
2026-08-27 21:41:35 +0200: Memory Usage (471992K) : snsring_drw has 0 polygons
2026-08-27 21:41:35 +0200: Memory Usage (472120K) : sensor_drw has 0 polygons
2026-08-27 21:41:35 +0200: Memory Usage (472120K) : snsarms_drw has 0 polygons
2026-08-27 21:41:35 +0200: Memory Usage (472120K) : snscmosvia_drw has 0 polygons
2026-08-27 21:41:35 +0200: Memory Usage (472248K) : colwind_drw has 0 polygons
2026-08-27 21:41:35 +0200: Memory Usage (472248K) : flm_drw has 0 polygons
2026-08-27 21:41:35 +0200: Memory Usage (472248K) : hafniumox_drw has 0 polygons
2026-08-27 21:41:35 +0200: Memory Usage (472376K) : memvia_drw has 0 polygons
2026-08-27 21:41:35 +0200: Memory Usage (472376K) : thinfilmres_drw has 0 polygons
2026-08-27 21:41:35 +0200: Memory Usage (472376K) : rfmem_drw has 0 polygons
2026-08-27 21:41:35 +0200: Memory Usage (472376K) : norcx_drw has 0 polygons
2026-08-27 21:41:35 +0200: Memory Usage (472504K) : norcx_m2m3 has 0 polygons
2026-08-27 21:41:35 +0200: Memory Usage (472504K) : norcx_m2m4 has 0 polygons
2026-08-27 21:41:35 +0200: Memory Usage (472504K) : norcx_m2m5 has 0 polygons
2026-08-27 21:41:35 +0200: Memory Usage (472632K) : norcx_m2tm1 has 0 polygons
2026-08-27 21:41:35 +0200: Memory Usage (472632K) : norcx_m2tm2 has 0 polygons
2026-08-27 21:41:35 +0200: Memory Usage (472632K) : norcx_m3m4 has 0 polygons
2026-08-27 21:41:35 +0200: Memory Usage (472760K) : norcx_m3m5 has 0 polygons
2026-08-27 21:41:35 +0200: Memory Usage (472760K) : norcx_m3tm1 has 0 polygons
2026-08-27 21:41:35 +0200: Memory Usage (472760K) : norcx_m3tm2 has 0 polygons
2026-08-27 21:41:35 +0200: Memory Usage (472888K) : norcx_m4m5 has 0 polygons
2026-08-27 21:41:35 +0200: Memory Usage (472888K) : norcx_m4tm1 has 0 polygons
2026-08-27 21:41:35 +0200: Memory Usage (472888K) : norcx_m4tm2 has 0 polygons
2026-08-27 21:41:35 +0200: Memory Usage (472888K) : norcx_m5tm1 has 0 polygons
2026-08-27 21:41:35 +0200: Memory Usage (473016K) : norcx_m5tm2 has 0 polygons
2026-08-27 21:41:35 +0200: Memory Usage (473016K) : norcx_tm1tm2 has 0 polygons
2026-08-27 21:41:35 +0200: Memory Usage (473144K) : norcx_m1sub has 0 polygons
2026-08-27 21:41:35 +0200: Memory Usage (473144K) : norcx_m2sub has 0 polygons
2026-08-27 21:41:35 +0200: Memory Usage (473144K) : norcx_m3sub has 0 polygons
2026-08-27 21:41:35 +0200: Memory Usage (473272K) : norcx_m4sub has 0 polygons
2026-08-27 21:41:35 +0200: Memory Usage (473272K) : norcx_m5sub has 0 polygons
2026-08-27 21:41:35 +0200: Memory Usage (473272K) : norcx_tm1sub has 0 polygons
2026-08-27 21:41:35 +0200: Memory Usage (473400K) : norcx_tm2sub has 0 polygons
2026-08-27 21:41:35 +0200: Memory Usage (473400K) : snsbotvia_drw has 0 polygons
2026-08-27 21:41:35 +0200: Memory Usage (473528K) : snstopvia_drw has 0 polygons
2026-08-27 21:41:35 +0200: Memory Usage (473528K) : deepvia_drw has 0 polygons
2026-08-27 21:41:35 +0200: Memory Usage (473656K) : fgetch_drw has 0 polygons
2026-08-27 21:41:35 +0200: Memory Usage (473656K) : ctrgat_drw has 0 polygons
2026-08-27 21:41:35 +0200: Memory Usage (473656K) : fgimp_drw has 0 polygons
2026-08-27 21:41:35 +0200: Memory Usage (473784K) : emwihv_drw has 0 polygons
2026-08-27 21:41:35 +0200: Memory Usage (473784K) : lbe_drw has 0 polygons
2026-08-27 21:41:35 +0200: Memory Usage (473912K) : alcustop_drw has 0 polygons
2026-08-27 21:41:35 +0200: Memory Usage (473912K) : nometfiller_drw has 0 polygons
2026-08-27 21:41:35 +0200: Memory Usage (473912K) : prboundary_drw has 0 polygons
2026-08-27 21:41:35 +0200: Memory Usage (473912K) : exchange0_drw has 0 polygons
2026-08-27 21:41:35 +0200: Memory Usage (473912K) : exchange0_pin has 0 polygons
2026-08-27 21:41:35 +0200: Memory Usage (473912K) : exchange0_text has 0 polygons
2026-08-27 21:41:35 +0200: Memory Usage (473912K) : exchange1_drw has 0 polygons
2026-08-27 21:41:35 +0200: Memory Usage (473912K) : exchange1_pin has 0 polygons
2026-08-27 21:41:35 +0200: Memory Usage (474040K) : exchange1_text has 0 polygons
2026-08-27 21:41:35 +0200: Memory Usage (474040K) : exchange2_drw has 0 polygons
2026-08-27 21:41:35 +0200: Memory Usage (474040K) : exchange2_pin has 0 polygons
2026-08-27 21:41:35 +0200: Memory Usage (474040K) : exchange2_text has 0 polygons
2026-08-27 21:41:35 +0200: Memory Usage (474168K) : exchange3_drw has 0 polygons
2026-08-27 21:41:35 +0200: Memory Usage (474168K) : exchange3_pin has 0 polygons
2026-08-27 21:41:35 +0200: Memory Usage (474168K) : exchange3_text has 0 polygons
2026-08-27 21:41:35 +0200: Memory Usage (474296K) : exchange4_drw has 0 polygons
2026-08-27 21:41:35 +0200: Memory Usage (474296K) : exchange4_pin has 0 polygons
2026-08-27 21:41:35 +0200: Memory Usage (474424K) : exchange4_text has 0 polygons
2026-08-27 21:41:35 +0200: Memory Usage (474424K) : isonwell_drw has 0 polygons
2026-08-27 21:41:35 +0200: Memory Usage (474424K) : Total no. of polygons in the design is 657
2026-08-27 21:41:35 +0200: Memory Usage (474424K) : Loaded TECH DRC rules values from /foss/pdks/ihp-sg13cmos5l/libs.tech/klayout/python/sg13cmos5l_pycell_lib/sg13cmos5l_tech_mod.json
2026-08-27 21:41:35 +0200: Memory Usage (474424K) : Loaded default DRC rules values from /foss/pdks/ihp-sg13cmos5l/libs.tech/klayout/tech/drc/rule_decks/sg13cmos5l_tech_default.json
2026-08-27 21:41:35 +0200: Memory Usage (475624K) : Total area of the design is 91.1625 um^2.
2026-08-27 21:41:35 +0200: Memory Usage (475624K) : The design dimensions are 12.75 um * 7.149999999999999 um.
2026-08-27 21:41:35 +0200: Memory Usage (475624K) : Starting general IHP-SG13CMOS5L derivations.
2026-08-27 21:41:35 +0200: Memory Usage (475624K) : Starting Pwell derivations
2026-08-27 21:41:35 +0200: Memory Usage (477700K) : Starting n-Activ derivations
2026-08-27 21:41:35 +0200: Memory Usage (478212K) : Starting p-Activ derivations
2026-08-27 21:41:35 +0200: Memory Usage (478212K) : Starting ptap derivations
2026-08-27 21:41:35 +0200: Memory Usage (478212K) : Starting ntap derivations
2026-08-27 21:41:35 +0200: Memory Usage (478340K) : Starting pact FET derivations
2026-08-27 21:41:35 +0200: Memory Usage (478340K) : Starting nact FET derivations
2026-08-27 21:41:35 +0200: Memory Usage (478340K) : Starting Gate derivations
2026-08-27 21:41:35 +0200: Memory Usage (478468K) : Starting cont/contbar general derivations
2026-08-27 21:41:35 +0200: Memory Usage (478724K) : Starting pad general derivations (TM1 top)
2026-08-27 21:41:35 +0200: Memory Usage (478980K) : Starting IHP-SG13CMOS5L DRC connectivity related derivations.
2026-08-27 21:41:35 +0200: Memory Usage (479364K) : Starting IHP-SG13CMOS5L DRC connectivity setup
2026-08-27 21:41:35 +0200: Memory Usage (479876K) : Starting IHP-SG13CMOS5L DRC rules.
2026-08-27 21:41:35 +0200: Memory Usage (479876K) : Running all FEOL rules
2026-08-27 21:41:35 +0200: Memory Usage (479876K) : Running all BEOL rules
2026-08-27 21:41:35 +0200: Memory Usage (479876K) : Running all PIN rules
2026-08-27 21:41:35 +0200: Memory Usage (479876K) : Running all FORBIDDEN rules
2026-08-27 21:41:35 +0200: Memory Usage (479876K) : Starting 5.1 NWell table
2026-08-27 21:41:35 +0200: Memory Usage (479876K) : Executing rule NW.b
2026-08-27 21:41:35 +0200: Memory Usage (480516K) : Executing rule NW.b1
2026-08-27 21:41:35 +0200: Memory Usage (481076K) : Executing rule NW.f1
2026-08-27 21:41:35 +0200: Memory Usage (481460K) : Executing rule NW.f1.digibnd
2026-08-27 21:41:35 +0200: Memory Usage (481588K) : Starting 5.2 PWell:block
2026-08-27 21:41:35 +0200: Memory Usage (481588K) : Executing rule PWB.e
2026-08-27 21:41:35 +0200: Memory Usage (481716K) : Executing rule PWB.e1
2026-08-27 21:41:35 +0200: Memory Usage (481844K) : Executing rule PWB.f
2026-08-27 21:41:35 +0200: Memory Usage (481972K) : Executing rule PWB.f1
2026-08-27 21:41:35 +0200: Memory Usage (482100K) : Starting 5.3 nBuLay table
2026-08-27 21:41:35 +0200: Memory Usage (482100K) : nBuLay (32/0) is a FORBIDDEN layer in CMOS5L - skipping NBL rules
2026-08-27 21:41:35 +0200: Memory Usage (482100K) : Starting 5.5. Activ table
2026-08-27 21:41:35 +0200: Memory Usage (482100K) : Executing rule Act.a
2026-08-27 21:41:35 +0200: Memory Usage (482228K) : Executing rule Act.b
2026-08-27 21:41:35 +0200: Memory Usage (482228K) : Starting 5.6 Activ:filler table
2026-08-27 21:41:35 +0200: Memory Usage (482228K) : Executing rule AFil.c1
2026-08-27 21:41:35 +0200: Memory Usage (482228K) : Executing rule AFil.c
2026-08-27 21:41:35 +0200: Memory Usage (482228K) : Executing rule AFil.d
2026-08-27 21:41:35 +0200: Memory Usage (482228K) : Skipping rule AFil.e (TRANS is forbidden in CMOS5L)
2026-08-27 21:41:35 +0200: Memory Usage (482228K) : Executing rule AFil.j
2026-08-27 21:41:35 +0200: Memory Usage (482228K) : Starting 5.7. ThickGateOx table
2026-08-27 21:41:35 +0200: Memory Usage (482228K) : Executing rule TGO.f
2026-08-27 21:41:35 +0200: Memory Usage (482228K) : Starting 5.8. GatPoly table
2026-08-27 21:41:35 +0200: Memory Usage (482228K) : Executing rule Gat.a
2026-08-27 21:41:35 +0200: Memory Usage (482228K) : Executing rule Gat.b
2026-08-27 21:41:35 +0200: Memory Usage (482228K) : Executing rule Gat.d
2026-08-27 21:41:35 +0200: Memory Usage (482228K) : Executing rule Gat.a1
2026-08-27 21:41:35 +0200: Memory Usage (482628K) : Executing rule Gat.a2
2026-08-27 21:41:35 +0200: Memory Usage (482628K) : Executing rule Gat.g
2026-08-27 21:41:35 +0200: Memory Usage (482628K) : Starting 5.9 GatPoly:filler
2026-08-27 21:41:35 +0200: Memory Usage (482628K) : Executing rule GFil.d
2026-08-27 21:41:35 +0200: Memory Usage (482628K) : Executing rule GFil.e
2026-08-27 21:41:35 +0200: Memory Usage (482628K) : Executing rule GFil.i
2026-08-27 21:41:35 +0200: Memory Usage (482628K) : Starting 5.10 pSD table
2026-08-27 21:41:35 +0200: Memory Usage (482628K) : Executing rule pSD.c1
2026-08-27 21:41:35 +0200: Memory Usage (482628K) : Starting 5.14. Cont table
2026-08-27 21:41:35 +0200: Memory Usage (482628K) : Executing rule Cnt.a
2026-08-27 21:41:35 +0200: Memory Usage (482628K) : Executing rule Cnt.b
2026-08-27 21:41:35 +0200: Memory Usage (482628K) : Executing rule Cnt.c
2026-08-27 21:41:35 +0200: Memory Usage (482628K) : Executing rule Cnt.c.digibnd
2026-08-27 21:41:35 +0200: Memory Usage (482628K) : Executing rule Cnt.c.SRAM
2026-08-27 21:41:36 +0200: Memory Usage (482628K) : Executing rule Cnt.d
2026-08-27 21:41:36 +0200: Memory Usage (482628K) : Executing rule Cnt.e
2026-08-27 21:41:36 +0200: Memory Usage (482628K) : Executing rule Cnt.g1
2026-08-27 21:41:36 +0200: Memory Usage (482628K) : Executing rule Cnt.g2
2026-08-27 21:41:36 +0200: Memory Usage (482628K) : Starting 5.15. ContBar table
2026-08-27 21:41:36 +0200: Memory Usage (482628K) : Executing rule CntB.b1
2026-08-27 21:41:36 +0200: Memory Usage (482628K) : Executing rule CntB.h1
2026-08-27 21:41:36 +0200: Memory Usage (482628K) : Starting 7.2 Latch-up table
2026-08-27 21:41:36 +0200: Memory Usage (482628K) : Executing rule LU.b
2026-08-27 21:41:36 +0200: Memory Usage (482628K) : Starting 5.16. Metal1 table
2026-08-27 21:41:36 +0200: Memory Usage (482628K) : Executing rule M1.a
2026-08-27 21:41:36 +0200: Memory Usage (482628K) : Executing rule M1.b
2026-08-27 21:41:36 +0200: Memory Usage (482756K) : Executing rule M1.e
2026-08-27 21:41:36 +0200: Memory Usage (482756K) : Executing rule M1.f
2026-08-27 21:41:36 +0200: Memory Usage (482756K) : Executing rule M1.g
2026-08-27 21:41:36 +0200: Memory Usage (482756K) : Executing rule M1.i
2026-08-27 21:41:36 +0200: Memory Usage (482756K) : Starting 5.17 Metaln table
2026-08-27 21:41:36 +0200: Memory Usage (482756K) : Executing rule M2.a
2026-08-27 21:41:36 +0200: Memory Usage (482756K) : Executing rule M2.b
2026-08-27 21:41:36 +0200: Memory Usage (482884K) : Executing rule M2.e
2026-08-27 21:41:36 +0200: Memory Usage (483140K) : Executing rule M2.f
2026-08-27 21:41:36 +0200: Memory Usage (483396K) : Executing rule M2.g
2026-08-27 21:41:36 +0200: Memory Usage (483652K) : Executing rule M2.i
2026-08-27 21:41:36 +0200: Memory Usage (484036K) : Executing rule M3.a
2026-08-27 21:41:36 +0200: Memory Usage (484164K) : Executing rule M3.b
2026-08-27 21:41:36 +0200: Memory Usage (484292K) : Executing rule M3.e
2026-08-27 21:41:36 +0200: Memory Usage (484548K) : Executing rule M3.f
2026-08-27 21:41:36 +0200: Memory Usage (484804K) : Executing rule M3.g
2026-08-27 21:41:36 +0200: Memory Usage (485188K) : Executing rule M3.i
2026-08-27 21:41:36 +0200: Memory Usage (485444K) : Executing rule M4.a
2026-08-27 21:41:36 +0200: Memory Usage (485572K) : Executing rule M4.b
2026-08-27 21:41:36 +0200: Memory Usage (485700K) : Executing rule M4.e
2026-08-27 21:41:36 +0200: Memory Usage (485956K) : Executing rule M4.f
2026-08-27 21:41:36 +0200: Memory Usage (486340K) : Executing rule M4.g
2026-08-27 21:41:36 +0200: Memory Usage (486596K) : Executing rule M4.i
2026-08-27 21:41:36 +0200: Memory Usage (486980K) : Starting 5.18 Metaln:filler table
2026-08-27 21:41:36 +0200: Memory Usage (486980K) : Executing rule M1Fil.c
2026-08-27 21:41:36 +0200: Memory Usage (487108K) : Executing rule M1Fil.a2
2026-08-27 21:41:36 +0200: Memory Usage (487236K) : Executing rule M2Fil.c
2026-08-27 21:41:36 +0200: Memory Usage (487364K) : Executing rule M2Fil.a2
2026-08-27 21:41:36 +0200: Memory Usage (487492K) : Executing rule M3Fil.c
2026-08-27 21:41:36 +0200: Memory Usage (487620K) : Executing rule M3Fil.a2
2026-08-27 21:41:36 +0200: Memory Usage (487748K) : Executing rule M4Fil.c
2026-08-27 21:41:36 +0200: Memory Usage (488004K) : Executing rule M4Fil.a2
2026-08-27 21:41:36 +0200: Memory Usage (488132K) : Starting 5.19. Via1 table
2026-08-27 21:41:36 +0200: Memory Usage (488132K) : Starting 5.19. Via1 table derivations
2026-08-27 21:41:36 +0200: Memory Usage (488132K) : Executing rule V1.a
2026-08-27 21:41:36 +0200: Memory Usage (488388K) : Executing rule V1.b
2026-08-27 21:41:36 +0200: Memory Usage (488516K) : Executing rule V1.c
2026-08-27 21:41:36 +0200: Memory Usage (488644K) : Starting 5.20. Vian table
2026-08-27 21:41:36 +0200: Memory Usage (488644K) : Executing rule V2.a
2026-08-27 21:41:36 +0200: Memory Usage (488900K) : Executing rule V2.b
2026-08-27 21:41:36 +0200: Memory Usage (489028K) : Executing rule V2.c
2026-08-27 21:41:36 +0200: Memory Usage (489284K) : Executing rule V3.a
2026-08-27 21:41:36 +0200: Memory Usage (489668K) : Executing rule V3.b
2026-08-27 21:41:36 +0200: Memory Usage (489668K) : Executing rule V3.c
2026-08-27 21:41:36 +0200: Memory Usage (489668K) : Starting 5.21. TopVia1 table
2026-08-27 21:41:36 +0200: Memory Usage (489668K) : Executing rule TV1.a
2026-08-27 21:41:36 +0200: Memory Usage (489668K) : Executing rule TV1.b
2026-08-27 21:41:36 +0200: Memory Usage (489668K) : Executing rule TV1.c
2026-08-27 21:41:36 +0200: Memory Usage (489668K) : Executing rule TV1.d
2026-08-27 21:41:36 +0200: Memory Usage (489668K) : Starting 5.22. TopMetal1 table
2026-08-27 21:41:36 +0200: Memory Usage (489668K) : Executing rule TM1.a
2026-08-27 21:41:36 +0200: Memory Usage (489668K) : Executing rule TM1.b
2026-08-27 21:41:36 +0200: Memory Usage (489668K) : Starting 5.23 TopMetal1:filler table
2026-08-27 21:41:36 +0200: Memory Usage (489668K) : Executing rule TM1Fil.c
2026-08-27 21:41:36 +0200: Memory Usage (489668K) : Executing rule TM1Fil.a1
2026-08-27 21:41:36 +0200: Memory Usage (489668K) : Starting 5.27. Passiv table
2026-08-27 21:41:36 +0200: Memory Usage (489668K) : Executing rule Pas.a
2026-08-27 21:41:36 +0200: Memory Usage (489668K) : Executing rule Pas.b
2026-08-27 21:41:36 +0200: Memory Usage (489668K) : Executing rule Pas.c
2026-08-27 21:41:36 +0200: Memory Usage (489668K) : Starting 6.9 Pad table
2026-08-27 21:41:36 +0200: Memory Usage (489668K) : Executing rule Pad.m
2026-08-27 21:41:36 +0200: Memory Usage (489668K) : Executing rule Pad.fR_M1
2026-08-27 21:41:36 +0200: Memory Usage (489668K) : Executing rule Pad.fR_M2
2026-08-27 21:41:36 +0200: Memory Usage (489668K) : Executing rule Pad.fR_M3
2026-08-27 21:41:36 +0200: Memory Usage (489668K) : Executing rule Pad.fR_M4
2026-08-27 21:41:36 +0200: Memory Usage (489668K) : Executing rule Pad.fR_TM1
2026-08-27 21:41:36 +0200: Memory Usage (489668K) : Executing rule Pad.i
2026-08-27 21:41:36 +0200: Memory Usage (489668K) : Starting 6.10 Sealring table
2026-08-27 21:41:36 +0200: Memory Usage (489668K) : Executing rule Seal.l
2026-08-27 21:41:36 +0200: Memory Usage (489668K) : Executing rule Seal.n
2026-08-27 21:41:36 +0200: Memory Usage (489668K) : Executing rule seal.b_metal1
2026-08-27 21:41:36 +0200: Memory Usage (489668K) : Executing rule seal.b_metal2
2026-08-27 21:41:36 +0200: Memory Usage (489668K) : Executing rule seal.b_metal3
2026-08-27 21:41:36 +0200: Memory Usage (489668K) : Executing rule seal.b_metal4
2026-08-27 21:41:36 +0200: Memory Usage (489668K) : Executing rule seal.b_topmetal1
2026-08-27 21:41:36 +0200: Memory Usage (489668K) : Executing rule seal.b_activ
2026-08-27 21:41:36 +0200: Memory Usage (489668K) : Executing rule seal.b_psd
2026-08-27 21:41:36 +0200: Memory Usage (489668K) : Executing rule Seal.k
2026-08-27 21:41:36 +0200: Memory Usage (489668K) : Executing rule Seal.m
2026-08-27 21:41:36 +0200: Memory Usage (489668K) : Starting 7.3 Metal Slits table
2026-08-27 21:41:36 +0200: Memory Usage (489668K) : Executing rule Slt.e1_M1
2026-08-27 21:41:36 +0200: Memory Usage (489668K) : Executing rule Slt.e1_M2
2026-08-27 21:41:36 +0200: Memory Usage (489668K) : Executing rule Slt.e1_M3
2026-08-27 21:41:36 +0200: Memory Usage (489668K) : Executing rule Slt.e1_M4
2026-08-27 21:41:36 +0200: Memory Usage (489668K) : Executing rule Slt.e1_TM1
2026-08-27 21:41:36 +0200: Memory Usage (489668K) : Starting 9.1. LBE table
2026-08-27 21:41:36 +0200: Memory Usage (489668K) : Executing rule LBE.a
2026-08-27 21:41:36 +0200: Memory Usage (489668K) : Executing rule LBE.b
2026-08-27 21:41:36 +0200: Memory Usage (489668K) : Executing rule LBE.b1
2026-08-27 21:41:36 +0200: Memory Usage (489668K) : Executing rule LBE.c
2026-08-27 21:41:36 +0200: Memory Usage (489668K) : Executing rule LBE.d
2026-08-27 21:41:36 +0200: Memory Usage (489668K) : Executing rule LBE.h
2026-08-27 21:41:36 +0200: Memory Usage (489668K) : Starting 7.4. PIN table
2026-08-27 21:41:36 +0200: Memory Usage (489668K) : Executing rule Pin.a
2026-08-27 21:41:36 +0200: Memory Usage (489668K) : Executing rule Pin.b
2026-08-27 21:41:36 +0200: Memory Usage (489668K) : Executing rule Pin.e
2026-08-27 21:41:36 +0200: Memory Usage (489668K) : Executing rule Pin.f_M2
2026-08-27 21:41:36 +0200: Memory Usage (489668K) : Executing rule Pin.f_M3
2026-08-27 21:41:36 +0200: Memory Usage (489668K) : Executing rule Pin.f_M4
2026-08-27 21:41:36 +0200: Memory Usage (489668K) : Executing rule Pin.g
2026-08-27 21:41:36 +0200: Memory Usage (489668K) : Starting 3.1. offgrid table
2026-08-27 21:41:36 +0200: Memory Usage (489668K) : Executing rule activ_drw_Offgrid
2026-08-27 21:41:36 +0200: Memory Usage (489796K) : Executing rule activ_pin_Offgrid
2026-08-27 21:41:36 +0200: Memory Usage (489796K) : Executing rule activ_mask_Offgrid
2026-08-27 21:41:36 +0200: Memory Usage (489796K) : Executing rule activ_filler_Offgrid
2026-08-27 21:41:36 +0200: Memory Usage (489796K) : Executing rule activ_nofill_Offgrid
2026-08-27 21:41:36 +0200: Memory Usage (489796K) : Executing rule activ_opc_Offgrid
2026-08-27 21:41:36 +0200: Memory Usage (489796K) : Executing rule activ_iopc_Offgrid
2026-08-27 21:41:36 +0200: Memory Usage (489796K) : Executing rule activ_noqrc_Offgrid
2026-08-27 21:41:36 +0200: Memory Usage (489796K) : Executing rule gatpoly_drw_Offgrid
2026-08-27 21:41:36 +0200: Memory Usage (489796K) : Executing rule gatpoly_pin_Offgrid
2026-08-27 21:41:36 +0200: Memory Usage (489796K) : Executing rule gatpoly_filler_Offgrid
2026-08-27 21:41:36 +0200: Memory Usage (489796K) : Executing rule gatpoly_nofill_Offgrid
2026-08-27 21:41:36 +0200: Memory Usage (489796K) : Executing rule gatpoly_opc_Offgrid
2026-08-27 21:41:36 +0200: Memory Usage (489796K) : Executing rule gatpoly_iopc_Offgrid
2026-08-27 21:41:36 +0200: Memory Usage (489796K) : Executing rule gatpoly_noqrc_Offgrid
2026-08-27 21:41:36 +0200: Memory Usage (489796K) : Executing rule cont_drw_Offgrid
2026-08-27 21:41:36 +0200: Memory Usage (489796K) : Executing rule cont_opc_Offgrid
2026-08-27 21:41:36 +0200: Memory Usage (489796K) : Executing rule nsd_drw_Offgrid
2026-08-27 21:41:36 +0200: Memory Usage (489796K) : Executing rule nsd_block_Offgrid
2026-08-27 21:41:36 +0200: Memory Usage (489796K) : Executing rule metal1_drw_Offgrid
2026-08-27 21:41:36 +0200: Memory Usage (489796K) : Executing rule metal1_pin_Offgrid
2026-08-27 21:41:36 +0200: Memory Usage (489796K) : Executing rule metal1_mask_Offgrid
2026-08-27 21:41:36 +0200: Memory Usage (489796K) : Executing rule metal1_filler_Offgrid
2026-08-27 21:41:36 +0200: Memory Usage (489796K) : Executing rule metal1_nofill_Offgrid
2026-08-27 21:41:36 +0200: Memory Usage (489796K) : Executing rule metal1_slit_Offgrid
2026-08-27 21:41:36 +0200: Memory Usage (489796K) : Executing rule metal1_opc_Offgrid
2026-08-27 21:41:36 +0200: Memory Usage (489796K) : Executing rule metal1_noqrc_Offgrid
2026-08-27 21:41:36 +0200: Memory Usage (489796K) : Executing rule metal1_res_Offgrid
2026-08-27 21:41:36 +0200: Memory Usage (489796K) : Executing rule metal1_iprobe_Offgrid
2026-08-27 21:41:36 +0200: Memory Usage (489796K) : Executing rule metal1_diffprb_Offgrid
2026-08-27 21:41:36 +0200: Memory Usage (489796K) : Executing rule passiv_drw_Offgrid
2026-08-27 21:41:36 +0200: Memory Usage (489796K) : Executing rule passiv_pin_Offgrid
2026-08-27 21:41:36 +0200: Memory Usage (489796K) : Executing rule passiv_pillar_Offgrid
2026-08-27 21:41:36 +0200: Memory Usage (489796K) : Executing rule passiv_sbump_Offgrid
2026-08-27 21:41:36 +0200: Memory Usage (489796K) : Executing rule passiv_pdl_Offgrid
2026-08-27 21:41:36 +0200: Memory Usage (489796K) : Executing rule metal2_drw_Offgrid
2026-08-27 21:41:36 +0200: Memory Usage (489796K) : Executing rule metal2_pin_Offgrid
2026-08-27 21:41:36 +0200: Memory Usage (489796K) : Executing rule metal2_mask_Offgrid
2026-08-27 21:41:36 +0200: Memory Usage (489796K) : Executing rule metal2_filler_Offgrid
2026-08-27 21:41:36 +0200: Memory Usage (489796K) : Executing rule metal2_nofill_Offgrid
2026-08-27 21:41:36 +0200: Memory Usage (489796K) : Executing rule metal2_slit_Offgrid
2026-08-27 21:41:36 +0200: Memory Usage (489796K) : Executing rule metal2_opc_Offgrid
2026-08-27 21:41:36 +0200: Memory Usage (489796K) : Executing rule metal2_noqrc_Offgrid
2026-08-27 21:41:36 +0200: Memory Usage (489796K) : Executing rule metal2_res_Offgrid
2026-08-27 21:41:36 +0200: Memory Usage (489796K) : Executing rule metal2_iprobe_Offgrid
2026-08-27 21:41:36 +0200: Memory Usage (489796K) : Executing rule metal2_diffprb_Offgrid
2026-08-27 21:41:36 +0200: Memory Usage (489796K) : Executing rule psd_drw_Offgrid
2026-08-27 21:41:36 +0200: Memory Usage (489796K) : Executing rule via1_drw_Offgrid
2026-08-27 21:41:36 +0200: Memory Usage (489796K) : Executing rule salblock_drw_Offgrid
2026-08-27 21:41:36 +0200: Memory Usage (489796K) : Executing rule via2_drw_Offgrid
2026-08-27 21:41:36 +0200: Memory Usage (489796K) : Executing rule metal3_drw_Offgrid
2026-08-27 21:41:36 +0200: Memory Usage (489796K) : Executing rule metal3_pin_Offgrid
2026-08-27 21:41:36 +0200: Memory Usage (489796K) : Executing rule metal3_mask_Offgrid
2026-08-27 21:41:36 +0200: Memory Usage (489796K) : Executing rule metal3_filler_Offgrid
2026-08-27 21:41:36 +0200: Memory Usage (489796K) : Executing rule metal3_nofill_Offgrid
2026-08-27 21:41:36 +0200: Memory Usage (489796K) : Executing rule metal3_slit_Offgrid
2026-08-27 21:41:36 +0200: Memory Usage (489796K) : Executing rule metal3_opc_Offgrid
2026-08-27 21:41:36 +0200: Memory Usage (489796K) : Executing rule metal3_noqrc_Offgrid
2026-08-27 21:41:36 +0200: Memory Usage (489796K) : Executing rule metal3_res_Offgrid
2026-08-27 21:41:36 +0200: Memory Usage (489796K) : Executing rule metal3_iprobe_Offgrid
2026-08-27 21:41:36 +0200: Memory Usage (489796K) : Executing rule metal3_diffprb_Offgrid
2026-08-27 21:41:36 +0200: Memory Usage (489796K) : Executing rule nwell_drw_Offgrid
2026-08-27 21:41:36 +0200: Memory Usage (489796K) : Executing rule nwell_pin_Offgrid
2026-08-27 21:41:36 +0200: Memory Usage (489796K) : Executing rule pwell_drw_Offgrid
2026-08-27 21:41:36 +0200: Memory Usage (489796K) : Executing rule pwell_pin_Offgrid
2026-08-27 21:41:36 +0200: Memory Usage (489796K) : Executing rule pwell_block_Offgrid
2026-08-27 21:41:36 +0200: Memory Usage (489796K) : Executing rule substrate_drw_Offgrid
2026-08-27 21:41:36 +0200: Memory Usage (489796K) : Executing rule via3_drw_Offgrid
2026-08-27 21:41:36 +0200: Memory Usage (489796K) : Executing rule metal4_drw_Offgrid
2026-08-27 21:41:36 +0200: Memory Usage (489796K) : Executing rule metal4_pin_Offgrid
2026-08-27 21:41:36 +0200: Memory Usage (489796K) : Executing rule metal4_mask_Offgrid
2026-08-27 21:41:36 +0200: Memory Usage (489796K) : Executing rule metal4_filler_Offgrid
2026-08-27 21:41:36 +0200: Memory Usage (489796K) : Executing rule metal4_nofill_Offgrid
2026-08-27 21:41:36 +0200: Memory Usage (489796K) : Executing rule metal4_slit_Offgrid
2026-08-27 21:41:36 +0200: Memory Usage (489796K) : Executing rule metal4_opc_Offgrid
2026-08-27 21:41:36 +0200: Memory Usage (489796K) : Executing rule metal4_noqrc_Offgrid
2026-08-27 21:41:36 +0200: Memory Usage (489796K) : Executing rule metal4_res_Offgrid
2026-08-27 21:41:36 +0200: Memory Usage (489796K) : Executing rule metal4_iprobe_Offgrid
2026-08-27 21:41:36 +0200: Memory Usage (489796K) : Executing rule metal4_diffprb_Offgrid
2026-08-27 21:41:36 +0200: Memory Usage (489796K) : Executing rule topvia1_drw_Offgrid
2026-08-27 21:41:36 +0200: Memory Usage (489796K) : Executing rule topmetal1_drw_Offgrid
2026-08-27 21:41:36 +0200: Memory Usage (489796K) : Executing rule topmetal1_pin_Offgrid
2026-08-27 21:41:36 +0200: Memory Usage (489796K) : Executing rule topmetal1_mask_Offgrid
2026-08-27 21:41:36 +0200: Memory Usage (489796K) : Executing rule topmetal1_filler_Offgrid
2026-08-27 21:41:36 +0200: Memory Usage (489796K) : Executing rule topmetal1_nofill_Offgrid
2026-08-27 21:41:36 +0200: Memory Usage (489796K) : Executing rule topmetal1_slit_Offgrid
2026-08-27 21:41:36 +0200: Memory Usage (489796K) : Executing rule topmetal1_noqrc_Offgrid
2026-08-27 21:41:36 +0200: Memory Usage (489796K) : Executing rule topmetal1_res_Offgrid
2026-08-27 21:41:36 +0200: Memory Usage (489796K) : Executing rule topmetal1_iprobe_Offgrid
2026-08-27 21:41:36 +0200: Memory Usage (489796K) : Executing rule topmetal1_diffprb_Offgrid
2026-08-27 21:41:36 +0200: Memory Usage (489796K) : Executing rule thickgateox_drw_Offgrid
2026-08-27 21:41:36 +0200: Memory Usage (489796K) : Executing rule polyres_drw_Offgrid
2026-08-27 21:41:36 +0200: Memory Usage (489796K) : Executing rule polyres_pin_Offgrid
2026-08-27 21:41:36 +0200: Memory Usage (489796K) : Executing rule antmetal1_drw_Offgrid
2026-08-27 21:41:36 +0200: Memory Usage (489796K) : Executing rule thinfilmres_drw_Offgrid
2026-08-27 21:41:36 +0200: Memory Usage (489796K) : Executing rule lbe_drw_Offgrid
2026-08-27 21:41:36 +0200: Memory Usage (489796K) : Executing rule prboundary_drw_Offgrid
2026-08-27 21:41:36 +0200: Memory Usage (489796K) : Starting 3.2. angle table
2026-08-27 21:41:36 +0200: Memory Usage (489796K) : Executing rule activ_drw_Acute
2026-08-27 21:41:36 +0200: Memory Usage (489796K) : Executing rule activ_pin_Acute
2026-08-27 21:41:36 +0200: Memory Usage (489796K) : Executing rule activ_mask_Acute
2026-08-27 21:41:36 +0200: Memory Usage (489796K) : Executing rule activ_filler_Acute
2026-08-27 21:41:36 +0200: Memory Usage (489796K) : Executing rule activ_nofill_Acute
2026-08-27 21:41:36 +0200: Memory Usage (489796K) : Executing rule activ_opc_Acute
2026-08-27 21:41:36 +0200: Memory Usage (489796K) : Executing rule activ_iopc_Acute
2026-08-27 21:41:36 +0200: Memory Usage (489796K) : Executing rule activ_noqrc_Acute
2026-08-27 21:41:36 +0200: Memory Usage (489796K) : Executing rule gatpoly_drw_Acute
2026-08-27 21:41:36 +0200: Memory Usage (489796K) : Executing rule gatpoly_pin_Acute
2026-08-27 21:41:36 +0200: Memory Usage (489796K) : Executing rule gatpoly_filler_Acute
2026-08-27 21:41:36 +0200: Memory Usage (489796K) : Executing rule gatpoly_nofill_Acute
2026-08-27 21:41:36 +0200: Memory Usage (489796K) : Executing rule gatpoly_opc_Acute
2026-08-27 21:41:36 +0200: Memory Usage (489796K) : Executing rule gatpoly_iopc_Acute
2026-08-27 21:41:36 +0200: Memory Usage (489796K) : Executing rule gatpoly_noqrc_Acute
2026-08-27 21:41:36 +0200: Memory Usage (489796K) : Executing rule cont_drw_Acute
2026-08-27 21:41:36 +0200: Memory Usage (489796K) : Executing rule cont_opc_Acute
2026-08-27 21:41:36 +0200: Memory Usage (489796K) : Executing rule nsd_drw_Acute
2026-08-27 21:41:36 +0200: Memory Usage (489796K) : Executing rule nsd_block_Acute
2026-08-27 21:41:36 +0200: Memory Usage (489796K) : Executing rule metal1_drw_Acute
2026-08-27 21:41:36 +0200: Memory Usage (489796K) : Executing rule metal1_pin_Acute
2026-08-27 21:41:36 +0200: Memory Usage (489796K) : Executing rule metal1_mask_Acute
2026-08-27 21:41:36 +0200: Memory Usage (489796K) : Executing rule metal1_filler_Acute
2026-08-27 21:41:36 +0200: Memory Usage (489796K) : Executing rule metal1_nofill_Acute
2026-08-27 21:41:36 +0200: Memory Usage (489796K) : Executing rule metal1_slit_Acute
2026-08-27 21:41:36 +0200: Memory Usage (489796K) : Executing rule metal1_opc_Acute
2026-08-27 21:41:36 +0200: Memory Usage (489796K) : Executing rule metal1_noqrc_Acute
2026-08-27 21:41:36 +0200: Memory Usage (489796K) : Executing rule metal1_res_Acute
2026-08-27 21:41:36 +0200: Memory Usage (489796K) : Executing rule metal1_iprobe_Acute
2026-08-27 21:41:36 +0200: Memory Usage (489796K) : Executing rule metal1_diffprb_Acute
2026-08-27 21:41:36 +0200: Memory Usage (489796K) : Executing rule passiv_drw_Acute
2026-08-27 21:41:36 +0200: Memory Usage (489796K) : Executing rule passiv_pin_Acute
2026-08-27 21:41:36 +0200: Memory Usage (489796K) : Executing rule passiv_pillar_Acute
2026-08-27 21:41:36 +0200: Memory Usage (489796K) : Executing rule passiv_sbump_Acute
2026-08-27 21:41:36 +0200: Memory Usage (489796K) : Executing rule passiv_pdl_Acute
2026-08-27 21:41:36 +0200: Memory Usage (489796K) : Executing rule metal2_drw_Acute
2026-08-27 21:41:36 +0200: Memory Usage (489796K) : Executing rule metal2_pin_Acute
2026-08-27 21:41:36 +0200: Memory Usage (489796K) : Executing rule metal2_mask_Acute
2026-08-27 21:41:36 +0200: Memory Usage (489796K) : Executing rule metal2_filler_Acute
2026-08-27 21:41:36 +0200: Memory Usage (489796K) : Executing rule metal2_nofill_Acute
2026-08-27 21:41:36 +0200: Memory Usage (489796K) : Executing rule metal2_slit_Acute
2026-08-27 21:41:36 +0200: Memory Usage (489796K) : Executing rule metal2_opc_Acute
2026-08-27 21:41:36 +0200: Memory Usage (489796K) : Executing rule metal2_noqrc_Acute
2026-08-27 21:41:36 +0200: Memory Usage (489796K) : Executing rule metal2_res_Acute
2026-08-27 21:41:36 +0200: Memory Usage (489796K) : Executing rule metal2_iprobe_Acute
2026-08-27 21:41:36 +0200: Memory Usage (489796K) : Executing rule metal2_diffprb_Acute
2026-08-27 21:41:36 +0200: Memory Usage (489796K) : Executing rule psd_drw_Acute
2026-08-27 21:41:36 +0200: Memory Usage (489796K) : Executing rule via1_drw_Acute
2026-08-27 21:41:36 +0200: Memory Usage (489796K) : Executing rule salblock_drw_Acute
2026-08-27 21:41:36 +0200: Memory Usage (489796K) : Executing rule via2_drw_Acute
2026-08-27 21:41:36 +0200: Memory Usage (489796K) : Executing rule metal3_drw_Acute
2026-08-27 21:41:36 +0200: Memory Usage (489796K) : Executing rule metal3_pin_Acute
2026-08-27 21:41:36 +0200: Memory Usage (489796K) : Executing rule metal3_mask_Acute
2026-08-27 21:41:36 +0200: Memory Usage (489796K) : Executing rule metal3_filler_Acute
2026-08-27 21:41:36 +0200: Memory Usage (489796K) : Executing rule metal3_nofill_Acute
2026-08-27 21:41:36 +0200: Memory Usage (489796K) : Executing rule metal3_slit_Acute
2026-08-27 21:41:36 +0200: Memory Usage (489796K) : Executing rule metal3_opc_Acute
2026-08-27 21:41:36 +0200: Memory Usage (489796K) : Executing rule metal3_noqrc_Acute
2026-08-27 21:41:36 +0200: Memory Usage (489796K) : Executing rule metal3_res_Acute
2026-08-27 21:41:36 +0200: Memory Usage (489796K) : Executing rule metal3_iprobe_Acute
2026-08-27 21:41:36 +0200: Memory Usage (489796K) : Executing rule metal3_diffprb_Acute
2026-08-27 21:41:36 +0200: Memory Usage (489796K) : Executing rule nwell_drw_Acute
2026-08-27 21:41:36 +0200: Memory Usage (489796K) : Executing rule nwell_pin_Acute
2026-08-27 21:41:36 +0200: Memory Usage (489796K) : Executing rule pwell_drw_Acute
2026-08-27 21:41:36 +0200: Memory Usage (489796K) : Executing rule pwell_pin_Acute
2026-08-27 21:41:36 +0200: Memory Usage (489796K) : Executing rule pwell_block_Acute
2026-08-27 21:41:36 +0200: Memory Usage (489796K) : Executing rule substrate_drw_Acute
2026-08-27 21:41:36 +0200: Memory Usage (489796K) : Executing rule via3_drw_Acute
2026-08-27 21:41:36 +0200: Memory Usage (489796K) : Executing rule metal4_drw_Acute
2026-08-27 21:41:37 +0200: Memory Usage (489796K) : Executing rule metal4_pin_Acute
2026-08-27 21:41:37 +0200: Memory Usage (489796K) : Executing rule metal4_mask_Acute
2026-08-27 21:41:37 +0200: Memory Usage (489796K) : Executing rule metal4_filler_Acute
2026-08-27 21:41:37 +0200: Memory Usage (489796K) : Executing rule metal4_nofill_Acute
2026-08-27 21:41:37 +0200: Memory Usage (489796K) : Executing rule metal4_slit_Acute
2026-08-27 21:41:37 +0200: Memory Usage (489796K) : Executing rule metal4_opc_Acute
2026-08-27 21:41:37 +0200: Memory Usage (489796K) : Executing rule metal4_noqrc_Acute
2026-08-27 21:41:37 +0200: Memory Usage (489796K) : Executing rule metal4_res_Acute
2026-08-27 21:41:37 +0200: Memory Usage (489796K) : Executing rule metal4_iprobe_Acute
2026-08-27 21:41:37 +0200: Memory Usage (489796K) : Executing rule metal4_diffprb_Acute
2026-08-27 21:41:37 +0200: Memory Usage (489796K) : Executing rule topvia1_drw_Acute
2026-08-27 21:41:37 +0200: Memory Usage (489796K) : Executing rule topmetal1_drw_Acute
2026-08-27 21:41:37 +0200: Memory Usage (489796K) : Executing rule topmetal1_pin_Acute
2026-08-27 21:41:37 +0200: Memory Usage (489796K) : Executing rule topmetal1_mask_Acute
2026-08-27 21:41:37 +0200: Memory Usage (489796K) : Executing rule topmetal1_filler_Acute
2026-08-27 21:41:37 +0200: Memory Usage (489796K) : Executing rule topmetal1_nofill_Acute
2026-08-27 21:41:37 +0200: Memory Usage (489796K) : Executing rule topmetal1_slit_Acute
2026-08-27 21:41:37 +0200: Memory Usage (489796K) : Executing rule topmetal1_noqrc_Acute
2026-08-27 21:41:37 +0200: Memory Usage (489796K) : Executing rule topmetal1_res_Acute
2026-08-27 21:41:37 +0200: Memory Usage (489796K) : Executing rule topmetal1_iprobe_Acute
2026-08-27 21:41:37 +0200: Memory Usage (489796K) : Executing rule topmetal1_diffprb_Acute
2026-08-27 21:41:37 +0200: Memory Usage (489796K) : Executing rule thickgateox_drw_Acute
2026-08-27 21:41:37 +0200: Memory Usage (489796K) : Executing rule polyres_drw_Acute
2026-08-27 21:41:37 +0200: Memory Usage (489796K) : Executing rule polyres_pin_Acute
2026-08-27 21:41:37 +0200: Memory Usage (489796K) : Executing rule antmetal1_drw_Acute
2026-08-27 21:41:37 +0200: Memory Usage (489796K) : Executing rule thinfilmres_drw_Acute
2026-08-27 21:41:37 +0200: Memory Usage (489796K) : Executing rule lbe_drw_Acute
2026-08-27 21:41:37 +0200: Memory Usage (489796K) : Executing rule prboundary_drw_Acute
2026-08-27 21:41:37 +0200: Memory Usage (489796K) : Executing rule cont_drw_Angle90
2026-08-27 21:41:37 +0200: Memory Usage (489796K) : Executing rule via1_drw_Angle90
2026-08-27 21:41:37 +0200: Memory Usage (489796K) : Executing rule via2_drw_Angle90
2026-08-27 21:41:37 +0200: Memory Usage (489796K) : Executing rule via3_drw_Angle90
2026-08-27 21:41:37 +0200: Memory Usage (489796K) : Executing rule topvia1_drw_Angle90
2026-08-27 21:41:37 +0200: Memory Usage (489796K) : Executing rule gatpoly_drw_Angle45
2026-08-27 21:41:37 +0200: Memory Usage (489796K) : Executing rule activ_drw_Angle45
2026-08-27 21:41:37 +0200: Memory Usage (489796K) : Executing rule metal1_drw_Angle45
2026-08-27 21:41:37 +0200: Memory Usage (489796K) : Executing rule metal2_drw_Angle45
2026-08-27 21:41:37 +0200: Memory Usage (489796K) : Executing rule metal3_drw_Angle45
2026-08-27 21:41:37 +0200: Memory Usage (489796K) : Executing rule metal4_drw_Angle45
2026-08-27 21:41:37 +0200: Memory Usage (489796K) : Executing rule topmetal1_drw_Angle45
2026-08-27 21:41:37 +0200: Memory Usage (489796K) : Starting 3.2. FORBIDDEN table
2026-08-27 21:41:37 +0200: Memory Usage (489796K) : Executing rule forbidden.biwind
2026-08-27 21:41:37 +0200: Memory Usage (489796K) : Executing rule forbidden.pemwind
2026-08-27 21:41:37 +0200: Memory Usage (489796K) : Executing rule forbidden.baspoly
2026-08-27 21:41:37 +0200: Memory Usage (489796K) : Executing rule forbidden.deepco
2026-08-27 21:41:37 +0200: Memory Usage (489796K) : Executing rule forbidden.pempoly
2026-08-27 21:41:37 +0200: Memory Usage (489796K) : Executing rule forbidden.empoly
2026-08-27 21:41:37 +0200: Memory Usage (489796K) : Executing rule forbidden.ldmos
2026-08-27 21:41:37 +0200: Memory Usage (489796K) : Executing rule forbidden.pbiwind
2026-08-27 21:41:37 +0200: Memory Usage (489796K) : Executing rule forbidden.nodrc
2026-08-27 21:41:37 +0200: Memory Usage (489796K) : Executing rule forbidden.flash
2026-08-27 21:41:37 +0200: Memory Usage (489796K) : Executing rule forbidden.colwind
2026-08-27 21:41:37 +0200: Memory Usage (489796K) : Starting 3.2. CMOS5L FORBIDDEN layers check
2026-08-27 21:41:37 +0200: Memory Usage (489796K) : Executing rule CMOS5L.FORB.Metal5
2026-08-27 21:41:37 +0200: Memory Usage (489796K) : Executing rule CMOS5L.FORB.Metal5.filler
2026-08-27 21:41:37 +0200: Memory Usage (489796K) : Executing rule CMOS5L.FORB.Via4
2026-08-27 21:41:37 +0200: Memory Usage (489796K) : Executing rule CMOS5L.FORB.TopMetal2
2026-08-27 21:41:37 +0200: Memory Usage (489796K) : Executing rule CMOS5L.FORB.TopMetal2.filler
2026-08-27 21:41:37 +0200: Memory Usage (489796K) : Executing rule CMOS5L.FORB.TopVia2
2026-08-27 21:41:37 +0200: Memory Usage (489796K) : Executing rule CMOS5L.FORB.TRANS
2026-08-27 21:41:37 +0200: Memory Usage (489796K) : Executing rule CMOS5L.FORB.nBuLay
2026-08-27 21:41:37 +0200: Memory Usage (489796K) : Executing rule CMOS5L.FORB.MIM
2026-08-27 21:41:37 +0200: Memory Usage (489796K) : Executing rule CMOS5L.FORB.Vmim
2026-08-27 21:41:37 +0200: Memory Usage (489796K) : KLayout DRC run for tables 'main' completed in 1.59 seconds
