# Logfile created on 2026-08-23 18:19:17 +0200 by logger.rb/v1.5.3
2026-08-23 18:19:17 +0200: Memory Usage (456248K) : Starting running IHP-SG13CMOS5L KLayout DRC runset on /foss/designs/CHIP-PLL/layout/PFD/PFD_passgate.gds
2026-08-23 18:19:17 +0200: Memory Usage (456248K) : Ruby Version for klayout: 3.2.3
2026-08-23 18:19:17 +0200: Memory Usage (457496K) : Loading database to memory is complete.
2026-08-23 18:19:17 +0200: Memory Usage (457496K) : IHP-SG13CMOS5L KLayout DRC runset output at: /foss/designs/CHIP-PLL/layout/PFD/drc_run_PFD_passgate/PFD_passgate_PFD_passgate_main.lyrdb
2026-08-23 18:19:17 +0200: Memory Usage (457624K) : Evaluate switches.
2026-08-23 18:19:17 +0200: Memory Usage (457624K) : tables selected: main
2026-08-23 18:19:17 +0200: Memory Usage (457624K) : KLayout will use 1 thread(s) in tiled mode.
2026-08-23 18:19:17 +0200: Memory Usage (457624K) : deep mode is enabled.
2026-08-23 18:19:17 +0200: Memory Usage (457624K) : FEOL enabled: true
2026-08-23 18:19:17 +0200: Memory Usage (457624K) : BEOL enabled: true
2026-08-23 18:19:17 +0200: Memory Usage (457624K) : OFFGRID enabled: true
2026-08-23 18:19:17 +0200: Memory Usage (457624K) : ANGLE enabled: true
2026-08-23 18:19:17 +0200: Memory Usage (457624K) : PIN enabled: true
2026-08-23 18:19:17 +0200: Memory Usage (457624K) : FORBIDDEN enabled: true
2026-08-23 18:19:17 +0200: Memory Usage (457624K) : RECOMMENDED enabled: true
2026-08-23 18:19:17 +0200: Memory Usage (457624K) : PreCheck DRC enabled: false
2026-08-23 18:19:17 +0200: Memory Usage (457624K) : CONNECTIVITY_RULES enabled: true.
2026-08-23 18:19:17 +0200: Memory Usage (457624K) : Read in polygons from layers.
2026-08-23 18:19:17 +0200: Memory Usage (458776K) : activ_drw has 10 polygons
2026-08-23 18:19:17 +0200: Memory Usage (458776K) : activ_pin has 0 polygons
2026-08-23 18:19:17 +0200: Memory Usage (458776K) : activ_mask has 0 polygons
2026-08-23 18:19:17 +0200: Memory Usage (458776K) : activ_filler has 0 polygons
2026-08-23 18:19:17 +0200: Memory Usage (458776K) : activ_nofill has 0 polygons
2026-08-23 18:19:17 +0200: Memory Usage (458776K) : activ_opc has 0 polygons
2026-08-23 18:19:17 +0200: Memory Usage (458776K) : activ_iopc has 0 polygons
2026-08-23 18:19:17 +0200: Memory Usage (458776K) : activ_noqrc has 0 polygons
2026-08-23 18:19:17 +0200: Memory Usage (458776K) : biwind_drw has 0 polygons
2026-08-23 18:19:17 +0200: Memory Usage (458776K) : biwind_opc has 0 polygons
2026-08-23 18:19:17 +0200: Memory Usage (458776K) : pemwind_drw has 0 polygons
2026-08-23 18:19:17 +0200: Memory Usage (458776K) : gatpoly_drw has 13 polygons
2026-08-23 18:19:17 +0200: Memory Usage (458776K) : gatpoly_pin has 1 polygons
2026-08-23 18:19:17 +0200: Memory Usage (458904K) : gatpoly_filler has 0 polygons
2026-08-23 18:19:17 +0200: Memory Usage (458904K) : gatpoly_nofill has 0 polygons
2026-08-23 18:19:17 +0200: Memory Usage (458904K) : gatpoly_opc has 0 polygons
2026-08-23 18:19:17 +0200: Memory Usage (458904K) : gatpoly_iopc has 0 polygons
2026-08-23 18:19:17 +0200: Memory Usage (458904K) : gatpoly_noqrc has 0 polygons
2026-08-23 18:19:17 +0200: Memory Usage (458904K) : cont_drw has 18 polygons
2026-08-23 18:19:17 +0200: Memory Usage (458904K) : cont_opc has 0 polygons
2026-08-23 18:19:17 +0200: Memory Usage (458904K) : nsd_drw has 0 polygons
2026-08-23 18:19:17 +0200: Memory Usage (458904K) : nsd_block has 0 polygons
2026-08-23 18:19:17 +0200: Memory Usage (459172K) : metal1_drw has 28 polygons
2026-08-23 18:19:17 +0200: Memory Usage (459172K) : metal1_pin has 9 polygons
2026-08-23 18:19:17 +0200: Memory Usage (459172K) : metal1_mask has 0 polygons
2026-08-23 18:19:17 +0200: Memory Usage (459172K) : metal1_filler has 0 polygons
2026-08-23 18:19:17 +0200: Memory Usage (459428K) : metal1_nofill has 0 polygons
2026-08-23 18:19:17 +0200: Memory Usage (459428K) : metal1_slit has 0 polygons
2026-08-23 18:19:17 +0200: Memory Usage (459684K) : metal1_text has 4 polygons
2026-08-23 18:19:17 +0200: Memory Usage (459684K) : metal1_opc has 0 polygons
2026-08-23 18:19:17 +0200: Memory Usage (459684K) : metal1_noqrc has 0 polygons
2026-08-23 18:19:17 +0200: Memory Usage (459812K) : metal1_res has 0 polygons
2026-08-23 18:19:17 +0200: Memory Usage (459812K) : metal1_iprobe has 0 polygons
2026-08-23 18:19:17 +0200: Memory Usage (459812K) : metal1_diffprb has 0 polygons
2026-08-23 18:19:17 +0200: Memory Usage (459940K) : passiv_drw has 0 polygons
2026-08-23 18:19:17 +0200: Memory Usage (459940K) : passiv_pin has 0 polygons
2026-08-23 18:19:17 +0200: Memory Usage (460068K) : passiv_sbump has 0 polygons
2026-08-23 18:19:17 +0200: Memory Usage (460068K) : passiv_pillar has 0 polygons
2026-08-23 18:19:17 +0200: Memory Usage (460196K) : passiv_pdl has 0 polygons
2026-08-23 18:19:17 +0200: Memory Usage (460196K) : metal2_drw has 9 polygons
2026-08-23 18:19:17 +0200: Memory Usage (460324K) : metal2_pin has 2 polygons
2026-08-23 18:19:17 +0200: Memory Usage (460324K) : metal2_mask has 0 polygons
2026-08-23 18:19:17 +0200: Memory Usage (460452K) : metal2_filler has 0 polygons
2026-08-23 18:19:17 +0200: Memory Usage (460452K) : metal2_nofill has 0 polygons
2026-08-23 18:19:17 +0200: Memory Usage (460580K) : metal2_slit has 0 polygons
2026-08-23 18:19:17 +0200: Memory Usage (460580K) : metal2_text has 2 polygons
2026-08-23 18:19:17 +0200: Memory Usage (460580K) : metal2_opc has 0 polygons
2026-08-23 18:19:17 +0200: Memory Usage (460708K) : metal2_noqrc has 0 polygons
2026-08-23 18:19:17 +0200: Memory Usage (460708K) : metal2_res has 0 polygons
2026-08-23 18:19:17 +0200: Memory Usage (460836K) : metal2_iprobe has 0 polygons
2026-08-23 18:19:17 +0200: Memory Usage (460836K) : metal2_diffprb has 0 polygons
2026-08-23 18:19:17 +0200: Memory Usage (460964K) : baspoly_drw has 0 polygons
2026-08-23 18:19:17 +0200: Memory Usage (460964K) : baspoly_pin has 0 polygons
2026-08-23 18:19:17 +0200: Memory Usage (460964K) : psd_drw has 2 polygons
2026-08-23 18:19:17 +0200: Memory Usage (461092K) : nldb_drw has 0 polygons
2026-08-23 18:19:17 +0200: Memory Usage (461092K) : digibnd_drw has 0 polygons
2026-08-23 18:19:17 +0200: Memory Usage (461220K) : via1_drw has 6 polygons
2026-08-23 18:19:17 +0200: Memory Usage (461220K) : backmetal1_drw has 0 polygons
2026-08-23 18:19:17 +0200: Memory Usage (461348K) : backmetal1_pin has 0 polygons
2026-08-23 18:19:17 +0200: Memory Usage (461348K) : backmetal1_mask has 0 polygons
2026-08-23 18:19:17 +0200: Memory Usage (461348K) : backmetal1_filler has 0 polygons
2026-08-23 18:19:17 +0200: Memory Usage (461476K) : backmetal1_nofill has 0 polygons
2026-08-23 18:19:17 +0200: Memory Usage (461476K) : backmetal1_slit has 0 polygons
2026-08-23 18:19:17 +0200: Memory Usage (461604K) : backmetal1_text has 0 polygons
2026-08-23 18:19:17 +0200: Memory Usage (461732K) : backmetal1_opc has 0 polygons
2026-08-23 18:19:17 +0200: Memory Usage (461732K) : backmetal1_noqrc has 0 polygons
2026-08-23 18:19:17 +0200: Memory Usage (461860K) : backmetal1_res has 0 polygons
2026-08-23 18:19:17 +0200: Memory Usage (461860K) : backmetal1_iprobe has 0 polygons
2026-08-23 18:19:17 +0200: Memory Usage (461988K) : backmetal1_diffprb has 0 polygons
2026-08-23 18:19:17 +0200: Memory Usage (461988K) : backpassiv_drw has 0 polygons
2026-08-23 18:19:17 +0200: Memory Usage (462116K) : res_drw has 0 polygons
2026-08-23 18:19:17 +0200: Memory Usage (462116K) : sram_drw has 0 polygons
2026-08-23 18:19:17 +0200: Memory Usage (462244K) : trans_drw has 0 polygons
2026-08-23 18:19:17 +0200: Memory Usage (462244K) : ind_drw has 0 polygons
2026-08-23 18:19:17 +0200: Memory Usage (462244K) : ind_pin has 0 polygons
2026-08-23 18:19:17 +0200: Memory Usage (462372K) : ind_text has 0 polygons
2026-08-23 18:19:17 +0200: Memory Usage (462500K) : salblock_drw has 0 polygons
2026-08-23 18:19:17 +0200: Memory Usage (462500K) : via2_drw has 0 polygons
2026-08-23 18:19:17 +0200: Memory Usage (462628K) : metal3_drw has 0 polygons
2026-08-23 18:19:17 +0200: Memory Usage (462628K) : metal3_pin has 0 polygons
2026-08-23 18:19:17 +0200: Memory Usage (462628K) : metal3_mask has 0 polygons
2026-08-23 18:19:17 +0200: Memory Usage (462756K) : metal3_filler has 0 polygons
2026-08-23 18:19:17 +0200: Memory Usage (462756K) : metal3_nofill has 0 polygons
2026-08-23 18:19:17 +0200: Memory Usage (462884K) : metal3_slit has 0 polygons
2026-08-23 18:19:17 +0200: Memory Usage (462884K) : metal3_text has 0 polygons
2026-08-23 18:19:17 +0200: Memory Usage (463012K) : metal3_opc has 0 polygons
2026-08-23 18:19:17 +0200: Memory Usage (463012K) : metal3_noqrc has 0 polygons
2026-08-23 18:19:17 +0200: Memory Usage (463012K) : metal3_res has 0 polygons
2026-08-23 18:19:17 +0200: Memory Usage (463140K) : metal3_iprobe has 0 polygons
2026-08-23 18:19:17 +0200: Memory Usage (463140K) : metal3_diffprb has 0 polygons
2026-08-23 18:19:17 +0200: Memory Usage (463268K) : nwell_drw has 4 polygons
2026-08-23 18:19:17 +0200: Memory Usage (463396K) : nwell_pin has 1 polygons
2026-08-23 18:19:17 +0200: Memory Usage (463396K) : nbulay_drw has 0 polygons
2026-08-23 18:19:17 +0200: Memory Usage (463524K) : nbulay_pin has 0 polygons
2026-08-23 18:19:17 +0200: Memory Usage (463524K) : nbulay_block has 0 polygons
2026-08-23 18:19:17 +0200: Memory Usage (463652K) : emwind_drw has 0 polygons
2026-08-23 18:19:17 +0200: Memory Usage (463652K) : emwind_opc has 0 polygons
2026-08-23 18:19:17 +0200: Memory Usage (463780K) : deepco_drw has 0 polygons
2026-08-23 18:19:17 +0200: Memory Usage (463780K) : deepco_drw has 0 polygons
2026-08-23 18:19:17 +0200: Memory Usage (463908K) : mim_drw has 0 polygons
2026-08-23 18:19:17 +0200: Memory Usage (463908K) : edgeseal_drw has 0 polygons
2026-08-23 18:19:17 +0200: Memory Usage (463908K) : edgeseal_bound has 0 polygons
2026-08-23 18:19:17 +0200: Memory Usage (464036K) : substrate_drw has 2 polygons
2026-08-23 18:19:17 +0200: Memory Usage (464036K) : substrate_text has 0 polygons
2026-08-23 18:19:17 +0200: Memory Usage (464164K) : dfpad_drw has 0 polygons
2026-08-23 18:19:17 +0200: Memory Usage (464164K) : dfpad_pillar has 0 polygons
2026-08-23 18:19:17 +0200: Memory Usage (464164K) : dfpad_sbump has 0 polygons
2026-08-23 18:19:17 +0200: Memory Usage (464292K) : thickgateox_drw has 0 polygons
2026-08-23 18:19:17 +0200: Memory Usage (464292K) : pldb_drw has 0 polygons
2026-08-23 18:19:17 +0200: Memory Usage (464420K) : pwell_drw has 0 polygons
2026-08-23 18:19:17 +0200: Memory Usage (464420K) : pwell_pin has 0 polygons
2026-08-23 18:19:17 +0200: Memory Usage (464548K) : pwell_block has 0 polygons
2026-08-23 18:19:17 +0200: Memory Usage (464676K) : ic_drw has 0 polygons
2026-08-23 18:19:17 +0200: Memory Usage (464676K) : via3_drw has 0 polygons
2026-08-23 18:19:17 +0200: Memory Usage (464676K) : metal4_drw has 0 polygons
2026-08-23 18:19:17 +0200: Memory Usage (464804K) : metal4_pin has 0 polygons
2026-08-23 18:19:17 +0200: Memory Usage (464932K) : metal4_mask has 0 polygons
2026-08-23 18:19:17 +0200: Memory Usage (464932K) : metal4_filler has 0 polygons
2026-08-23 18:19:17 +0200: Memory Usage (465060K) : metal4_nofill has 0 polygons
2026-08-23 18:19:17 +0200: Memory Usage (465060K) : metal4_slit has 0 polygons
2026-08-23 18:19:17 +0200: Memory Usage (465188K) : metal4_text has 0 polygons
2026-08-23 18:19:17 +0200: Memory Usage (465188K) : metal4_opc has 0 polygons
2026-08-23 18:19:17 +0200: Memory Usage (465188K) : metal4_noqrc has 0 polygons
2026-08-23 18:19:17 +0200: Memory Usage (465316K) : metal4_res has 0 polygons
2026-08-23 18:19:17 +0200: Memory Usage (465316K) : metal4_iprobe has 0 polygons
2026-08-23 18:19:17 +0200: Memory Usage (465444K) : metal4_diffprb has 0 polygons
2026-08-23 18:19:17 +0200: Memory Usage (465444K) : heattrans_drw has 4 polygons
2026-08-23 18:19:17 +0200: Memory Usage (465444K) : heatres_drw has 0 polygons
2026-08-23 18:19:17 +0200: Memory Usage (465572K) : pempoly_drw has 0 polygons
2026-08-23 18:19:17 +0200: Memory Usage (465700K) : fbe_drw has 0 polygons
2026-08-23 18:19:17 +0200: Memory Usage (465700K) : empoly_drw has 0 polygons
2026-08-23 18:19:17 +0200: Memory Usage (465828K) : ldmos_drw has 0 polygons
2026-08-23 18:19:17 +0200: Memory Usage (465828K) : pbiwind_drw has 0 polygons
2026-08-23 18:19:17 +0200: Memory Usage (465956K) : digisub_drw has 0 polygons
2026-08-23 18:19:17 +0200: Memory Usage (465956K) : nodrc_drw has 0 polygons
2026-08-23 18:19:17 +0200: Memory Usage (465956K) : text_drw has 4 polygons
2026-08-23 18:19:17 +0200: Memory Usage (466084K) : via4_drw has 0 polygons
2026-08-23 18:19:17 +0200: Memory Usage (466084K) : metal5_drw has 0 polygons
2026-08-23 18:19:17 +0200: Memory Usage (466212K) : metal5_pin has 0 polygons
2026-08-23 18:19:17 +0200: Memory Usage (466212K) : metal5_mask has 0 polygons
2026-08-23 18:19:17 +0200: Memory Usage (466340K) : metal5_filler has 0 polygons
2026-08-23 18:19:17 +0200: Memory Usage (466340K) : metal5_nofill has 0 polygons
2026-08-23 18:19:17 +0200: Memory Usage (466468K) : metal5_slit has 0 polygons
2026-08-23 18:19:17 +0200: Memory Usage (466468K) : metal5_text has 0 polygons
2026-08-23 18:19:17 +0200: Memory Usage (466596K) : metal5_opc has 0 polygons
2026-08-23 18:19:17 +0200: Memory Usage (466596K) : metal5_noqrc has 0 polygons
2026-08-23 18:19:17 +0200: Memory Usage (466724K) : metal5_res has 0 polygons
2026-08-23 18:19:17 +0200: Memory Usage (466852K) : metal5_iprobe has 0 polygons
2026-08-23 18:19:17 +0200: Memory Usage (466852K) : metal5_diffprb has 0 polygons
2026-08-23 18:19:17 +0200: Memory Usage (466852K) : radhard_drw has 0 polygons
2026-08-23 18:19:17 +0200: Memory Usage (466980K) : memcap_drw has 0 polygons
2026-08-23 18:19:17 +0200: Memory Usage (466980K) : varicap_drw has 0 polygons
2026-08-23 18:19:17 +0200: Memory Usage (467108K) : flash_drw has 0 polygons
2026-08-23 18:19:17 +0200: Memory Usage (467108K) : intbondvia_drw has 0 polygons
2026-08-23 18:19:17 +0200: Memory Usage (467108K) : intbondmet_drw has 0 polygons
2026-08-23 18:19:17 +0200: Memory Usage (467236K) : devbondvia_drw has 0 polygons
2026-08-23 18:19:17 +0200: Memory Usage (467236K) : devbondmet_drw has 0 polygons
2026-08-23 18:19:17 +0200: Memory Usage (467364K) : devtrench_drw has 0 polygons
2026-08-23 18:19:17 +0200: Memory Usage (467364K) : redist_drw has 0 polygons
2026-08-23 18:19:17 +0200: Memory Usage (467492K) : graphbot_drw has 0 polygons
2026-08-23 18:19:17 +0200: Memory Usage (467492K) : graphtop_drw has 0 polygons
2026-08-23 18:19:17 +0200: Memory Usage (467492K) : antvia1_drw has 0 polygons
2026-08-23 18:19:17 +0200: Memory Usage (467620K) : antmetal2_drw has 0 polygons
2026-08-23 18:19:17 +0200: Memory Usage (467620K) : graphcont_drw has 0 polygons
2026-08-23 18:19:17 +0200: Memory Usage (467620K) : siwg_drw has 0 polygons
2026-08-23 18:19:17 +0200: Memory Usage (467748K) : siwg_filler has 0 polygons
2026-08-23 18:19:17 +0200: Memory Usage (467748K) : siwg_nofill has 0 polygons
2026-08-23 18:19:17 +0200: Memory Usage (467748K) : sigrating_drw has 0 polygons
2026-08-23 18:19:17 +0200: Memory Usage (467748K) : singrating_drw has 0 polygons
2026-08-23 18:19:17 +0200: Memory Usage (467748K) : graphpas_drw has 0 polygons
2026-08-23 18:19:17 +0200: Memory Usage (467876K) : emwind3_drw has 0 polygons
2026-08-23 18:19:17 +0200: Memory Usage (467876K) : emwihv3_drw has 0 polygons
2026-08-23 18:19:17 +0200: Memory Usage (467876K) : redbulay_drw has 0 polygons
2026-08-23 18:19:17 +0200: Memory Usage (468004K) : smos_drw has 0 polygons
2026-08-23 18:19:17 +0200: Memory Usage (468004K) : graphpad_drw has 0 polygons
2026-08-23 18:19:17 +0200: Memory Usage (468004K) : polimide_drw has 0 polygons
2026-08-23 18:19:17 +0200: Memory Usage (468004K) : polimide_pin has 0 polygons
2026-08-23 18:19:17 +0200: Memory Usage (468132K) : recog_drw has 0 polygons
2026-08-23 18:19:17 +0200: Memory Usage (468132K) : recog_pin has 0 polygons
2026-08-23 18:19:17 +0200: Memory Usage (468132K) : recog_esd has 0 polygons
2026-08-23 18:19:17 +0200: Memory Usage (468260K) : recog_diode has 0 polygons
2026-08-23 18:19:17 +0200: Memory Usage (468260K) : recog_tsv has 0 polygons
2026-08-23 18:19:17 +0200: Memory Usage (468260K) : recog_iprobe has 0 polygons
2026-08-23 18:19:17 +0200: Memory Usage (468388K) : recog_diffprb has 0 polygons
2026-08-23 18:19:17 +0200: Memory Usage (468388K) : recog_pillar has 0 polygons
2026-08-23 18:19:17 +0200: Memory Usage (468516K) : recog_sbump has 0 polygons
2026-08-23 18:19:17 +0200: Memory Usage (468516K) : recog_otp has 0 polygons
2026-08-23 18:19:17 +0200: Memory Usage (468644K) : recog_pdiode has 0 polygons
2026-08-23 18:19:17 +0200: Memory Usage (468644K) : recog_mom has 0 polygons
2026-08-23 18:19:17 +0200: Memory Usage (468644K) : recog_pcm has 0 polygons
2026-08-23 18:19:17 +0200: Memory Usage (468772K) : colopen_drw has 0 polygons
2026-08-23 18:19:17 +0200: Memory Usage (468772K) : graphmetal1_drw has 0 polygons
2026-08-23 18:19:17 +0200: Memory Usage (468900K) : graphmetal1_filler has 0 polygons
2026-08-23 18:19:17 +0200: Memory Usage (468900K) : graphmetal1_nofill has 0 polygons
2026-08-23 18:19:17 +0200: Memory Usage (469028K) : graphmetal1_slit has 0 polygons
2026-08-23 18:19:17 +0200: Memory Usage (469028K) : graphmetal1_opc has 0 polygons
2026-08-23 18:19:17 +0200: Memory Usage (469028K) : graphmet1l_drw has 0 polygons
2026-08-23 18:19:17 +0200: Memory Usage (469156K) : graphmet1l_filler has 0 polygons
2026-08-23 18:19:17 +0200: Memory Usage (469156K) : graphmet1l_nofill has 0 polygons
2026-08-23 18:19:17 +0200: Memory Usage (469284K) : graphmet1l_slit has 0 polygons
2026-08-23 18:19:17 +0200: Memory Usage (469284K) : graphmet1l_opc has 0 polygons
2026-08-23 18:19:17 +0200: Memory Usage (469412K) : extblock_drw has 0 polygons
2026-08-23 18:19:17 +0200: Memory Usage (469412K) : nldd_drw has 0 polygons
2026-08-23 18:19:17 +0200: Memory Usage (469412K) : pldd_drw has 0 polygons
2026-08-23 18:19:17 +0200: Memory Usage (469540K) : next_drw has 0 polygons
2026-08-23 18:19:17 +0200: Memory Usage (469540K) : pext_drw has 0 polygons
2026-08-23 18:19:17 +0200: Memory Usage (469668K) : nexthv_drw has 0 polygons
2026-08-23 18:19:17 +0200: Memory Usage (469668K) : pexthv_drw has 0 polygons
2026-08-23 18:19:17 +0200: Memory Usage (469668K) : graphgate_drw has 0 polygons
2026-08-23 18:19:17 +0200: Memory Usage (469796K) : sinwg_drw has 0 polygons
2026-08-23 18:19:17 +0200: Memory Usage (469796K) : sinwg_filler has 0 polygons
2026-08-23 18:19:17 +0200: Memory Usage (469796K) : sinwg_nofill has 0 polygons
2026-08-23 18:19:17 +0200: Memory Usage (469796K) : mempad_drw has 0 polygons
2026-08-23 18:19:17 +0200: Memory Usage (469924K) : topvia1_drw has 0 polygons
2026-08-23 18:19:17 +0200: Memory Usage (469924K) : topmetal1_drw has 0 polygons
2026-08-23 18:19:17 +0200: Memory Usage (469924K) : topmetal1_pin has 0 polygons
2026-08-23 18:19:17 +0200: Memory Usage (470052K) : topmetal1_mask has 0 polygons
2026-08-23 18:19:17 +0200: Memory Usage (470052K) : topmetal1_filler has 0 polygons
2026-08-23 18:19:17 +0200: Memory Usage (470180K) : topmetal1_nofill has 0 polygons
2026-08-23 18:19:17 +0200: Memory Usage (470180K) : topmetal1_slit has 0 polygons
2026-08-23 18:19:17 +0200: Memory Usage (470180K) : topmetal1_text has 0 polygons
2026-08-23 18:19:17 +0200: Memory Usage (470308K) : topmetal1_noqrc has 0 polygons
2026-08-23 18:19:17 +0200: Memory Usage (470308K) : topmetal1_res has 0 polygons
2026-08-23 18:19:17 +0200: Memory Usage (470436K) : topmetal1_iprobe has 0 polygons
2026-08-23 18:19:17 +0200: Memory Usage (470436K) : topmetal1_diffprb has 0 polygons
2026-08-23 18:19:17 +0200: Memory Usage (470564K) : inldpwl_drw has 0 polygons
2026-08-23 18:19:17 +0200: Memory Usage (470564K) : polyres_drw has 0 polygons
2026-08-23 18:19:17 +0200: Memory Usage (470564K) : polyres_pin has 0 polygons
2026-08-23 18:19:17 +0200: Memory Usage (470692K) : vmim_drw has 0 polygons
2026-08-23 18:19:17 +0200: Memory Usage (470692K) : nbulaycut_drw has 0 polygons
2026-08-23 18:19:17 +0200: Memory Usage (470820K) : antmetal1_drw has 0 polygons
2026-08-23 18:19:17 +0200: Memory Usage (470820K) : topvia2_drw has 0 polygons
2026-08-23 18:19:17 +0200: Memory Usage (470820K) : topmetal2_drw has 0 polygons
2026-08-23 18:19:17 +0200: Memory Usage (470948K) : topmetal2_pin has 0 polygons
2026-08-23 18:19:17 +0200: Memory Usage (470948K) : topmetal2_mask has 0 polygons
2026-08-23 18:19:17 +0200: Memory Usage (471076K) : topmetal2_filler has 0 polygons
2026-08-23 18:19:17 +0200: Memory Usage (471076K) : topmetal2_nofill has 0 polygons
2026-08-23 18:19:17 +0200: Memory Usage (471204K) : topmetal2_slit has 0 polygons
2026-08-23 18:19:17 +0200: Memory Usage (471204K) : topmetal2_text has 0 polygons
2026-08-23 18:19:17 +0200: Memory Usage (471204K) : topmetal2_noqrc has 0 polygons
2026-08-23 18:19:17 +0200: Memory Usage (471332K) : topmetal2_res has 0 polygons
2026-08-23 18:19:17 +0200: Memory Usage (471332K) : topmetal2_iprobe has 0 polygons
2026-08-23 18:19:17 +0200: Memory Usage (471332K) : topmetal2_diffprb has 0 polygons
2026-08-23 18:19:17 +0200: Memory Usage (471460K) : snsring_drw has 0 polygons
2026-08-23 18:19:17 +0200: Memory Usage (471460K) : sensor_drw has 0 polygons
2026-08-23 18:19:17 +0200: Memory Usage (471460K) : snsarms_drw has 0 polygons
2026-08-23 18:19:17 +0200: Memory Usage (471588K) : snscmosvia_drw has 0 polygons
2026-08-23 18:19:17 +0200: Memory Usage (471588K) : colwind_drw has 0 polygons
2026-08-23 18:19:17 +0200: Memory Usage (471588K) : flm_drw has 0 polygons
2026-08-23 18:19:17 +0200: Memory Usage (471716K) : hafniumox_drw has 0 polygons
2026-08-23 18:19:17 +0200: Memory Usage (471716K) : memvia_drw has 0 polygons
2026-08-23 18:19:17 +0200: Memory Usage (471716K) : thinfilmres_drw has 0 polygons
2026-08-23 18:19:17 +0200: Memory Usage (471716K) : rfmem_drw has 0 polygons
2026-08-23 18:19:17 +0200: Memory Usage (471844K) : norcx_drw has 0 polygons
2026-08-23 18:19:17 +0200: Memory Usage (471844K) : norcx_m2m3 has 0 polygons
2026-08-23 18:19:17 +0200: Memory Usage (471844K) : norcx_m2m4 has 0 polygons
2026-08-23 18:19:17 +0200: Memory Usage (471972K) : norcx_m2m5 has 0 polygons
2026-08-23 18:19:17 +0200: Memory Usage (471972K) : norcx_m2tm1 has 0 polygons
2026-08-23 18:19:17 +0200: Memory Usage (471972K) : norcx_m2tm2 has 0 polygons
2026-08-23 18:19:17 +0200: Memory Usage (472100K) : norcx_m3m4 has 0 polygons
2026-08-23 18:19:17 +0200: Memory Usage (472100K) : norcx_m3m5 has 0 polygons
2026-08-23 18:19:17 +0200: Memory Usage (472100K) : norcx_m3tm1 has 0 polygons
2026-08-23 18:19:17 +0200: Memory Usage (472228K) : norcx_m3tm2 has 0 polygons
2026-08-23 18:19:17 +0200: Memory Usage (472228K) : norcx_m4m5 has 0 polygons
2026-08-23 18:19:17 +0200: Memory Usage (472228K) : norcx_m4tm1 has 0 polygons
2026-08-23 18:19:17 +0200: Memory Usage (472228K) : norcx_m4tm2 has 0 polygons
2026-08-23 18:19:17 +0200: Memory Usage (472356K) : norcx_m5tm1 has 0 polygons
2026-08-23 18:19:17 +0200: Memory Usage (472356K) : norcx_m5tm2 has 0 polygons
2026-08-23 18:19:17 +0200: Memory Usage (472356K) : norcx_tm1tm2 has 0 polygons
2026-08-23 18:19:17 +0200: Memory Usage (472484K) : norcx_m1sub has 0 polygons
2026-08-23 18:19:17 +0200: Memory Usage (472484K) : norcx_m2sub has 0 polygons
2026-08-23 18:19:17 +0200: Memory Usage (472484K) : norcx_m3sub has 0 polygons
2026-08-23 18:19:17 +0200: Memory Usage (472612K) : norcx_m4sub has 0 polygons
2026-08-23 18:19:17 +0200: Memory Usage (472612K) : norcx_m5sub has 0 polygons
2026-08-23 18:19:17 +0200: Memory Usage (472740K) : norcx_tm1sub has 0 polygons
2026-08-23 18:19:17 +0200: Memory Usage (472740K) : norcx_tm2sub has 0 polygons
2026-08-23 18:19:17 +0200: Memory Usage (472740K) : snsbotvia_drw has 0 polygons
2026-08-23 18:19:17 +0200: Memory Usage (472868K) : snstopvia_drw has 0 polygons
2026-08-23 18:19:17 +0200: Memory Usage (472868K) : deepvia_drw has 0 polygons
2026-08-23 18:19:17 +0200: Memory Usage (472996K) : fgetch_drw has 0 polygons
2026-08-23 18:19:17 +0200: Memory Usage (472996K) : ctrgat_drw has 0 polygons
2026-08-23 18:19:17 +0200: Memory Usage (473124K) : fgimp_drw has 0 polygons
2026-08-23 18:19:17 +0200: Memory Usage (473124K) : emwihv_drw has 0 polygons
2026-08-23 18:19:17 +0200: Memory Usage (473124K) : lbe_drw has 0 polygons
2026-08-23 18:19:17 +0200: Memory Usage (473252K) : alcustop_drw has 0 polygons
2026-08-23 18:19:17 +0200: Memory Usage (473252K) : nometfiller_drw has 0 polygons
2026-08-23 18:19:17 +0200: Memory Usage (473252K) : prboundary_drw has 0 polygons
2026-08-23 18:19:17 +0200: Memory Usage (473252K) : exchange0_drw has 0 polygons
2026-08-23 18:19:17 +0200: Memory Usage (473252K) : exchange0_pin has 0 polygons
2026-08-23 18:19:17 +0200: Memory Usage (473252K) : exchange0_text has 0 polygons
2026-08-23 18:19:17 +0200: Memory Usage (473252K) : exchange1_drw has 0 polygons
2026-08-23 18:19:17 +0200: Memory Usage (473252K) : exchange1_pin has 0 polygons
2026-08-23 18:19:17 +0200: Memory Usage (473252K) : exchange1_text has 0 polygons
2026-08-23 18:19:17 +0200: Memory Usage (473252K) : exchange2_drw has 0 polygons
2026-08-23 18:19:17 +0200: Memory Usage (473380K) : exchange2_pin has 0 polygons
2026-08-23 18:19:17 +0200: Memory Usage (473380K) : exchange2_text has 0 polygons
2026-08-23 18:19:17 +0200: Memory Usage (473508K) : exchange3_drw has 0 polygons
2026-08-23 18:19:17 +0200: Memory Usage (473508K) : exchange3_pin has 0 polygons
2026-08-23 18:19:17 +0200: Memory Usage (473508K) : exchange3_text has 0 polygons
2026-08-23 18:19:17 +0200: Memory Usage (473636K) : exchange4_drw has 0 polygons
2026-08-23 18:19:17 +0200: Memory Usage (473636K) : exchange4_pin has 0 polygons
2026-08-23 18:19:17 +0200: Memory Usage (473764K) : exchange4_text has 0 polygons
2026-08-23 18:19:17 +0200: Memory Usage (473764K) : isonwell_drw has 0 polygons
2026-08-23 18:19:17 +0200: Memory Usage (473764K) : Total no. of polygons in the design is 119
2026-08-23 18:19:17 +0200: Memory Usage (473764K) : Loaded TECH DRC rules values from /foss/pdks/ihp-sg13cmos5l/libs.tech/klayout/python/sg13cmos5l_pycell_lib/sg13cmos5l_tech_mod.json
2026-08-23 18:19:17 +0200: Memory Usage (473764K) : Loaded default DRC rules values from /foss/pdks/ihp-sg13cmos5l/libs.tech/klayout/tech/drc/rule_decks/sg13cmos5l_tech_default.json
2026-08-23 18:19:17 +0200: Memory Usage (474992K) : Total area of the design is 11.8987 um^2.
2026-08-23 18:19:17 +0200: Memory Usage (474992K) : The design dimensions are 3.1900000000000004 um * 3.73 um.
2026-08-23 18:19:17 +0200: Memory Usage (474992K) : Starting general IHP-SG13CMOS5L derivations.
2026-08-23 18:19:17 +0200: Memory Usage (474992K) : Starting Pwell derivations
2026-08-23 18:19:17 +0200: Memory Usage (477404K) : Starting n-Activ derivations
2026-08-23 18:19:17 +0200: Memory Usage (477660K) : Starting p-Activ derivations
2026-08-23 18:19:17 +0200: Memory Usage (477788K) : Starting ptap derivations
2026-08-23 18:19:17 +0200: Memory Usage (477788K) : Starting ntap derivations
2026-08-23 18:19:17 +0200: Memory Usage (477916K) : Starting pact FET derivations
2026-08-23 18:19:17 +0200: Memory Usage (477916K) : Starting nact FET derivations
2026-08-23 18:19:17 +0200: Memory Usage (477916K) : Starting Gate derivations
2026-08-23 18:19:17 +0200: Memory Usage (478044K) : Starting cont/contbar general derivations
2026-08-23 18:19:17 +0200: Memory Usage (478300K) : Starting pad general derivations (TM1 top)
2026-08-23 18:19:17 +0200: Memory Usage (478556K) : Starting IHP-SG13CMOS5L DRC connectivity related derivations.
2026-08-23 18:19:17 +0200: Memory Usage (479068K) : Starting IHP-SG13CMOS5L DRC connectivity setup
2026-08-23 18:19:17 +0200: Memory Usage (479452K) : Starting IHP-SG13CMOS5L DRC rules.
2026-08-23 18:19:17 +0200: Memory Usage (479452K) : Running all FEOL rules
2026-08-23 18:19:17 +0200: Memory Usage (479452K) : Running all BEOL rules
2026-08-23 18:19:17 +0200: Memory Usage (479452K) : Running all PIN rules
2026-08-23 18:19:17 +0200: Memory Usage (479452K) : Running all FORBIDDEN rules
2026-08-23 18:19:17 +0200: Memory Usage (479452K) : Starting 5.1 NWell table
2026-08-23 18:19:17 +0200: Memory Usage (479452K) : Executing rule NW.b
2026-08-23 18:19:17 +0200: Memory Usage (480092K) : Executing rule NW.b1
2026-08-23 18:19:17 +0200: Memory Usage (480624K) : Executing rule NW.f1
2026-08-23 18:19:17 +0200: Memory Usage (480880K) : Executing rule NW.f1.digibnd
2026-08-23 18:19:17 +0200: Memory Usage (481008K) : Starting 5.2 PWell:block
2026-08-23 18:19:17 +0200: Memory Usage (481008K) : Executing rule PWB.e
2026-08-23 18:19:17 +0200: Memory Usage (481136K) : Executing rule PWB.e1
2026-08-23 18:19:17 +0200: Memory Usage (481264K) : Executing rule PWB.f
2026-08-23 18:19:17 +0200: Memory Usage (481392K) : Executing rule PWB.f1
2026-08-23 18:19:17 +0200: Memory Usage (481520K) : Starting 5.3 nBuLay table
2026-08-23 18:19:17 +0200: Memory Usage (481520K) : nBuLay (32/0) is a FORBIDDEN layer in CMOS5L - skipping NBL rules
2026-08-23 18:19:17 +0200: Memory Usage (481520K) : Starting 5.5. Activ table
2026-08-23 18:19:17 +0200: Memory Usage (481520K) : Executing rule Act.a
2026-08-23 18:19:17 +0200: Memory Usage (481520K) : Executing rule Act.b
2026-08-23 18:19:17 +0200: Memory Usage (481520K) : Starting 5.6 Activ:filler table
2026-08-23 18:19:17 +0200: Memory Usage (481520K) : Executing rule AFil.c1
2026-08-23 18:19:17 +0200: Memory Usage (481520K) : Executing rule AFil.c
2026-08-23 18:19:17 +0200: Memory Usage (481520K) : Executing rule AFil.d
2026-08-23 18:19:17 +0200: Memory Usage (481520K) : Skipping rule AFil.e (TRANS is forbidden in CMOS5L)
2026-08-23 18:19:17 +0200: Memory Usage (481520K) : Executing rule AFil.j
2026-08-23 18:19:17 +0200: Memory Usage (481520K) : Starting 5.7. ThickGateOx table
2026-08-23 18:19:17 +0200: Memory Usage (481520K) : Executing rule TGO.f
2026-08-23 18:19:17 +0200: Memory Usage (481520K) : Starting 5.8. GatPoly table
2026-08-23 18:19:17 +0200: Memory Usage (481520K) : Executing rule Gat.a
2026-08-23 18:19:17 +0200: Memory Usage (481520K) : Executing rule Gat.b
2026-08-23 18:19:17 +0200: Memory Usage (481520K) : Executing rule Gat.d
2026-08-23 18:19:17 +0200: Memory Usage (481520K) : Executing rule Gat.a1
2026-08-23 18:19:17 +0200: Memory Usage (482216K) : Executing rule Gat.a2
2026-08-23 18:19:17 +0200: Memory Usage (482216K) : Executing rule Gat.g
2026-08-23 18:19:17 +0200: Memory Usage (482216K) : Starting 5.9 GatPoly:filler
2026-08-23 18:19:17 +0200: Memory Usage (482216K) : Executing rule GFil.d
2026-08-23 18:19:17 +0200: Memory Usage (482216K) : Executing rule GFil.e
2026-08-23 18:19:17 +0200: Memory Usage (482216K) : Executing rule GFil.i
2026-08-23 18:19:17 +0200: Memory Usage (482216K) : Starting 5.10 pSD table
2026-08-23 18:19:17 +0200: Memory Usage (482216K) : Executing rule pSD.c1
2026-08-23 18:19:17 +0200: Memory Usage (482216K) : Starting 5.14. Cont table
2026-08-23 18:19:17 +0200: Memory Usage (482216K) : Executing rule Cnt.a
2026-08-23 18:19:17 +0200: Memory Usage (482216K) : Executing rule Cnt.b
2026-08-23 18:19:17 +0200: Memory Usage (482216K) : Executing rule Cnt.c
2026-08-23 18:19:17 +0200: Memory Usage (482216K) : Executing rule Cnt.c.digibnd
2026-08-23 18:19:17 +0200: Memory Usage (482216K) : Executing rule Cnt.c.SRAM
2026-08-23 18:19:17 +0200: Memory Usage (482216K) : Executing rule Cnt.d
2026-08-23 18:19:17 +0200: Memory Usage (482216K) : Executing rule Cnt.e
2026-08-23 18:19:17 +0200: Memory Usage (482216K) : Executing rule Cnt.g1
2026-08-23 18:19:17 +0200: Memory Usage (482216K) : Executing rule Cnt.g2
2026-08-23 18:19:17 +0200: Memory Usage (482216K) : Starting 5.15. ContBar table
2026-08-23 18:19:17 +0200: Memory Usage (482216K) : Executing rule CntB.b1
2026-08-23 18:19:17 +0200: Memory Usage (482216K) : Executing rule CntB.h1
2026-08-23 18:19:17 +0200: Memory Usage (482216K) : Starting 7.2 Latch-up table
2026-08-23 18:19:17 +0200: Memory Usage (482216K) : Executing rule LU.b
2026-08-23 18:19:17 +0200: Memory Usage (482344K) : Starting 5.16. Metal1 table
2026-08-23 18:19:17 +0200: Memory Usage (482344K) : Executing rule M1.a
2026-08-23 18:19:17 +0200: Memory Usage (482344K) : Executing rule M1.b
2026-08-23 18:19:17 +0200: Memory Usage (482344K) : Executing rule M1.e
2026-08-23 18:19:17 +0200: Memory Usage (482344K) : Executing rule M1.f
2026-08-23 18:19:17 +0200: Memory Usage (482344K) : Executing rule M1.g
2026-08-23 18:19:17 +0200: Memory Usage (482344K) : Executing rule M1.i
2026-08-23 18:19:17 +0200: Memory Usage (482344K) : Starting 5.17 Metaln table
2026-08-23 18:19:17 +0200: Memory Usage (482344K) : Executing rule M2.a
2026-08-23 18:19:17 +0200: Memory Usage (482344K) : Executing rule M2.b
2026-08-23 18:19:17 +0200: Memory Usage (482344K) : Executing rule M2.e
2026-08-23 18:19:17 +0200: Memory Usage (482344K) : Executing rule M2.f
2026-08-23 18:19:17 +0200: Memory Usage (482344K) : Executing rule M2.g
2026-08-23 18:19:17 +0200: Memory Usage (482344K) : Executing rule M2.i
2026-08-23 18:19:17 +0200: Memory Usage (482344K) : Executing rule M3.a
2026-08-23 18:19:17 +0200: Memory Usage (482344K) : Executing rule M3.b
2026-08-23 18:19:17 +0200: Memory Usage (482344K) : Executing rule M3.e
2026-08-23 18:19:17 +0200: Memory Usage (482344K) : Executing rule M3.f
2026-08-23 18:19:17 +0200: Memory Usage (482344K) : Executing rule M3.g
2026-08-23 18:19:17 +0200: Memory Usage (482344K) : Executing rule M3.i
2026-08-23 18:19:17 +0200: Memory Usage (482344K) : Executing rule M4.a
2026-08-23 18:19:17 +0200: Memory Usage (482344K) : Executing rule M4.b
2026-08-23 18:19:17 +0200: Memory Usage (482344K) : Executing rule M4.e
2026-08-23 18:19:17 +0200: Memory Usage (482344K) : Executing rule M4.f
2026-08-23 18:19:17 +0200: Memory Usage (482344K) : Executing rule M4.g
2026-08-23 18:19:17 +0200: Memory Usage (482344K) : Executing rule M4.i
2026-08-23 18:19:17 +0200: Memory Usage (482344K) : Starting 5.18 Metaln:filler table
2026-08-23 18:19:17 +0200: Memory Usage (482344K) : Executing rule M1Fil.c
2026-08-23 18:19:17 +0200: Memory Usage (482344K) : Executing rule M1Fil.a2
2026-08-23 18:19:17 +0200: Memory Usage (482344K) : Executing rule M2Fil.c
2026-08-23 18:19:17 +0200: Memory Usage (482344K) : Executing rule M2Fil.a2
2026-08-23 18:19:17 +0200: Memory Usage (482344K) : Executing rule M3Fil.c
2026-08-23 18:19:17 +0200: Memory Usage (482344K) : Executing rule M3Fil.a2
2026-08-23 18:19:17 +0200: Memory Usage (482344K) : Executing rule M4Fil.c
2026-08-23 18:19:17 +0200: Memory Usage (482344K) : Executing rule M4Fil.a2
2026-08-23 18:19:17 +0200: Memory Usage (482344K) : Starting 5.19. Via1 table
2026-08-23 18:19:17 +0200: Memory Usage (482344K) : Starting 5.19. Via1 table derivations
2026-08-23 18:19:17 +0200: Memory Usage (482344K) : Executing rule V1.a
2026-08-23 18:19:17 +0200: Memory Usage (482344K) : Executing rule V1.b
2026-08-23 18:19:17 +0200: Memory Usage (482344K) : Executing rule V1.c
2026-08-23 18:19:17 +0200: Memory Usage (482344K) : Starting 5.20. Vian table
2026-08-23 18:19:17 +0200: Memory Usage (482344K) : Executing rule V2.a
2026-08-23 18:19:17 +0200: Memory Usage (482344K) : Executing rule V2.b
2026-08-23 18:19:17 +0200: Memory Usage (482344K) : Executing rule V2.c
2026-08-23 18:19:17 +0200: Memory Usage (482344K) : Executing rule V3.a
2026-08-23 18:19:17 +0200: Memory Usage (482344K) : Executing rule V3.b
2026-08-23 18:19:17 +0200: Memory Usage (482344K) : Executing rule V3.c
2026-08-23 18:19:17 +0200: Memory Usage (482344K) : Starting 5.21. TopVia1 table
2026-08-23 18:19:17 +0200: Memory Usage (482344K) : Executing rule TV1.a
2026-08-23 18:19:17 +0200: Memory Usage (482344K) : Executing rule TV1.b
2026-08-23 18:19:17 +0200: Memory Usage (482344K) : Executing rule TV1.c
2026-08-23 18:19:17 +0200: Memory Usage (482344K) : Executing rule TV1.d
2026-08-23 18:19:17 +0200: Memory Usage (482344K) : Starting 5.22. TopMetal1 table
2026-08-23 18:19:17 +0200: Memory Usage (482344K) : Executing rule TM1.a
2026-08-23 18:19:17 +0200: Memory Usage (482344K) : Executing rule TM1.b
2026-08-23 18:19:17 +0200: Memory Usage (482344K) : Starting 5.23 TopMetal1:filler table
2026-08-23 18:19:17 +0200: Memory Usage (482344K) : Executing rule TM1Fil.c
2026-08-23 18:19:17 +0200: Memory Usage (482344K) : Executing rule TM1Fil.a1
2026-08-23 18:19:17 +0200: Memory Usage (482344K) : Starting 5.27. Passiv table
2026-08-23 18:19:17 +0200: Memory Usage (482344K) : Executing rule Pas.a
2026-08-23 18:19:17 +0200: Memory Usage (482344K) : Executing rule Pas.b
2026-08-23 18:19:17 +0200: Memory Usage (482344K) : Executing rule Pas.c
2026-08-23 18:19:17 +0200: Memory Usage (482344K) : Starting 6.9 Pad table
2026-08-23 18:19:17 +0200: Memory Usage (482344K) : Executing rule Pad.m
2026-08-23 18:19:17 +0200: Memory Usage (482344K) : Executing rule Pad.fR_M1
2026-08-23 18:19:17 +0200: Memory Usage (482344K) : Executing rule Pad.fR_M2
2026-08-23 18:19:17 +0200: Memory Usage (482344K) : Executing rule Pad.fR_M3
2026-08-23 18:19:17 +0200: Memory Usage (482344K) : Executing rule Pad.fR_M4
2026-08-23 18:19:17 +0200: Memory Usage (482344K) : Executing rule Pad.fR_TM1
2026-08-23 18:19:17 +0200: Memory Usage (482344K) : Executing rule Pad.i
2026-08-23 18:19:17 +0200: Memory Usage (482344K) : Starting 6.10 Sealring table
2026-08-23 18:19:17 +0200: Memory Usage (482344K) : Executing rule Seal.l
2026-08-23 18:19:17 +0200: Memory Usage (482344K) : Executing rule Seal.n
2026-08-23 18:19:17 +0200: Memory Usage (482344K) : Executing rule seal.b_metal1
2026-08-23 18:19:17 +0200: Memory Usage (482344K) : Executing rule seal.b_metal2
2026-08-23 18:19:17 +0200: Memory Usage (482344K) : Executing rule seal.b_metal3
2026-08-23 18:19:17 +0200: Memory Usage (482344K) : Executing rule seal.b_metal4
2026-08-23 18:19:17 +0200: Memory Usage (482344K) : Executing rule seal.b_topmetal1
2026-08-23 18:19:17 +0200: Memory Usage (482344K) : Executing rule seal.b_activ
2026-08-23 18:19:17 +0200: Memory Usage (482344K) : Executing rule seal.b_psd
2026-08-23 18:19:17 +0200: Memory Usage (482344K) : Executing rule Seal.k
2026-08-23 18:19:17 +0200: Memory Usage (482344K) : Executing rule Seal.m
2026-08-23 18:19:17 +0200: Memory Usage (482344K) : Starting 7.3 Metal Slits table
2026-08-23 18:19:17 +0200: Memory Usage (482344K) : Executing rule Slt.e1_M1
2026-08-23 18:19:17 +0200: Memory Usage (482344K) : Executing rule Slt.e1_M2
2026-08-23 18:19:17 +0200: Memory Usage (482344K) : Executing rule Slt.e1_M3
2026-08-23 18:19:17 +0200: Memory Usage (482344K) : Executing rule Slt.e1_M4
2026-08-23 18:19:17 +0200: Memory Usage (482344K) : Executing rule Slt.e1_TM1
2026-08-23 18:19:17 +0200: Memory Usage (482344K) : Starting 9.1. LBE table
2026-08-23 18:19:17 +0200: Memory Usage (482344K) : Executing rule LBE.a
2026-08-23 18:19:17 +0200: Memory Usage (482344K) : Executing rule LBE.b
2026-08-23 18:19:17 +0200: Memory Usage (482344K) : Executing rule LBE.b1
2026-08-23 18:19:17 +0200: Memory Usage (482344K) : Executing rule LBE.c
2026-08-23 18:19:17 +0200: Memory Usage (482344K) : Executing rule LBE.d
2026-08-23 18:19:17 +0200: Memory Usage (482344K) : Executing rule LBE.h
2026-08-23 18:19:17 +0200: Memory Usage (482344K) : Starting 7.4. PIN table
2026-08-23 18:19:17 +0200: Memory Usage (482344K) : Executing rule Pin.a
2026-08-23 18:19:17 +0200: Memory Usage (482344K) : Executing rule Pin.b
2026-08-23 18:19:17 +0200: Memory Usage (482344K) : Executing rule Pin.e
2026-08-23 18:19:17 +0200: Memory Usage (482344K) : Executing rule Pin.f_M2
2026-08-23 18:19:17 +0200: Memory Usage (482344K) : Executing rule Pin.f_M3
2026-08-23 18:19:17 +0200: Memory Usage (482344K) : Executing rule Pin.f_M4
2026-08-23 18:19:17 +0200: Memory Usage (482344K) : Executing rule Pin.g
2026-08-23 18:19:17 +0200: Memory Usage (482344K) : Starting 3.1. offgrid table
2026-08-23 18:19:17 +0200: Memory Usage (482344K) : Executing rule activ_drw_Offgrid
2026-08-23 18:19:17 +0200: Memory Usage (482472K) : Executing rule activ_pin_Offgrid
2026-08-23 18:19:17 +0200: Memory Usage (482472K) : Executing rule activ_mask_Offgrid
2026-08-23 18:19:17 +0200: Memory Usage (482472K) : Executing rule activ_filler_Offgrid
2026-08-23 18:19:17 +0200: Memory Usage (482472K) : Executing rule activ_nofill_Offgrid
2026-08-23 18:19:17 +0200: Memory Usage (482472K) : Executing rule activ_opc_Offgrid
2026-08-23 18:19:17 +0200: Memory Usage (482472K) : Executing rule activ_iopc_Offgrid
2026-08-23 18:19:17 +0200: Memory Usage (482472K) : Executing rule activ_noqrc_Offgrid
2026-08-23 18:19:17 +0200: Memory Usage (482472K) : Executing rule gatpoly_drw_Offgrid
2026-08-23 18:19:17 +0200: Memory Usage (482472K) : Executing rule gatpoly_pin_Offgrid
2026-08-23 18:19:17 +0200: Memory Usage (482472K) : Executing rule gatpoly_filler_Offgrid
2026-08-23 18:19:17 +0200: Memory Usage (482472K) : Executing rule gatpoly_nofill_Offgrid
2026-08-23 18:19:17 +0200: Memory Usage (482472K) : Executing rule gatpoly_opc_Offgrid
2026-08-23 18:19:17 +0200: Memory Usage (482472K) : Executing rule gatpoly_iopc_Offgrid
2026-08-23 18:19:17 +0200: Memory Usage (482472K) : Executing rule gatpoly_noqrc_Offgrid
2026-08-23 18:19:17 +0200: Memory Usage (482472K) : Executing rule cont_drw_Offgrid
2026-08-23 18:19:17 +0200: Memory Usage (482472K) : Executing rule cont_opc_Offgrid
2026-08-23 18:19:17 +0200: Memory Usage (482472K) : Executing rule nsd_drw_Offgrid
2026-08-23 18:19:17 +0200: Memory Usage (482472K) : Executing rule nsd_block_Offgrid
2026-08-23 18:19:17 +0200: Memory Usage (482472K) : Executing rule metal1_drw_Offgrid
2026-08-23 18:19:17 +0200: Memory Usage (482472K) : Executing rule metal1_pin_Offgrid
2026-08-23 18:19:17 +0200: Memory Usage (482472K) : Executing rule metal1_mask_Offgrid
2026-08-23 18:19:17 +0200: Memory Usage (482472K) : Executing rule metal1_filler_Offgrid
2026-08-23 18:19:17 +0200: Memory Usage (482472K) : Executing rule metal1_nofill_Offgrid
2026-08-23 18:19:18 +0200: Memory Usage (482472K) : Executing rule metal1_slit_Offgrid
2026-08-23 18:19:18 +0200: Memory Usage (482472K) : Executing rule metal1_opc_Offgrid
2026-08-23 18:19:18 +0200: Memory Usage (482472K) : Executing rule metal1_noqrc_Offgrid
2026-08-23 18:19:18 +0200: Memory Usage (482472K) : Executing rule metal1_res_Offgrid
2026-08-23 18:19:18 +0200: Memory Usage (482472K) : Executing rule metal1_iprobe_Offgrid
2026-08-23 18:19:18 +0200: Memory Usage (482600K) : Executing rule metal1_diffprb_Offgrid
2026-08-23 18:19:18 +0200: Memory Usage (482600K) : Executing rule passiv_drw_Offgrid
2026-08-23 18:19:18 +0200: Memory Usage (482600K) : Executing rule passiv_pin_Offgrid
2026-08-23 18:19:18 +0200: Memory Usage (482600K) : Executing rule passiv_pillar_Offgrid
2026-08-23 18:19:18 +0200: Memory Usage (482600K) : Executing rule passiv_sbump_Offgrid
2026-08-23 18:19:18 +0200: Memory Usage (482600K) : Executing rule passiv_pdl_Offgrid
2026-08-23 18:19:18 +0200: Memory Usage (482856K) : Executing rule metal2_drw_Offgrid
2026-08-23 18:19:18 +0200: Memory Usage (482856K) : Executing rule metal2_pin_Offgrid
2026-08-23 18:19:18 +0200: Memory Usage (482856K) : Executing rule metal2_mask_Offgrid
2026-08-23 18:19:18 +0200: Memory Usage (482856K) : Executing rule metal2_filler_Offgrid
2026-08-23 18:19:18 +0200: Memory Usage (482856K) : Executing rule metal2_nofill_Offgrid
2026-08-23 18:19:18 +0200: Memory Usage (482856K) : Executing rule metal2_slit_Offgrid
2026-08-23 18:19:18 +0200: Memory Usage (482856K) : Executing rule metal2_opc_Offgrid
2026-08-23 18:19:18 +0200: Memory Usage (482856K) : Executing rule metal2_noqrc_Offgrid
2026-08-23 18:19:18 +0200: Memory Usage (482856K) : Executing rule metal2_res_Offgrid
2026-08-23 18:19:18 +0200: Memory Usage (482856K) : Executing rule metal2_iprobe_Offgrid
2026-08-23 18:19:18 +0200: Memory Usage (483368K) : Executing rule metal2_diffprb_Offgrid
2026-08-23 18:19:18 +0200: Memory Usage (483752K) : Executing rule psd_drw_Offgrid
2026-08-23 18:19:18 +0200: Memory Usage (484136K) : Executing rule via1_drw_Offgrid
2026-08-23 18:19:18 +0200: Memory Usage (484648K) : Executing rule salblock_drw_Offgrid
2026-08-23 18:19:18 +0200: Memory Usage (485032K) : Executing rule via2_drw_Offgrid
2026-08-23 18:19:18 +0200: Memory Usage (485544K) : Executing rule metal3_drw_Offgrid
2026-08-23 18:19:18 +0200: Memory Usage (485928K) : Executing rule metal3_pin_Offgrid
2026-08-23 18:19:18 +0200: Memory Usage (485928K) : Executing rule metal3_mask_Offgrid
2026-08-23 18:19:18 +0200: Memory Usage (485928K) : Executing rule metal3_filler_Offgrid
2026-08-23 18:19:18 +0200: Memory Usage (485928K) : Executing rule metal3_nofill_Offgrid
2026-08-23 18:19:18 +0200: Memory Usage (485928K) : Executing rule metal3_slit_Offgrid
2026-08-23 18:19:18 +0200: Memory Usage (485928K) : Executing rule metal3_opc_Offgrid
2026-08-23 18:19:18 +0200: Memory Usage (485928K) : Executing rule metal3_noqrc_Offgrid
2026-08-23 18:19:18 +0200: Memory Usage (485928K) : Executing rule metal3_res_Offgrid
2026-08-23 18:19:18 +0200: Memory Usage (485928K) : Executing rule metal3_iprobe_Offgrid
2026-08-23 18:19:18 +0200: Memory Usage (485928K) : Executing rule metal3_diffprb_Offgrid
2026-08-23 18:19:18 +0200: Memory Usage (485928K) : Executing rule nwell_drw_Offgrid
2026-08-23 18:19:18 +0200: Memory Usage (485928K) : Executing rule nwell_pin_Offgrid
2026-08-23 18:19:18 +0200: Memory Usage (485928K) : Executing rule pwell_drw_Offgrid
2026-08-23 18:19:18 +0200: Memory Usage (485928K) : Executing rule pwell_pin_Offgrid
2026-08-23 18:19:18 +0200: Memory Usage (485928K) : Executing rule pwell_block_Offgrid
2026-08-23 18:19:18 +0200: Memory Usage (485928K) : Executing rule substrate_drw_Offgrid
2026-08-23 18:19:18 +0200: Memory Usage (485928K) : Executing rule via3_drw_Offgrid
2026-08-23 18:19:18 +0200: Memory Usage (485928K) : Executing rule metal4_drw_Offgrid
2026-08-23 18:19:18 +0200: Memory Usage (485928K) : Executing rule metal4_pin_Offgrid
2026-08-23 18:19:18 +0200: Memory Usage (485928K) : Executing rule metal4_mask_Offgrid
2026-08-23 18:19:18 +0200: Memory Usage (485928K) : Executing rule metal4_filler_Offgrid
2026-08-23 18:19:18 +0200: Memory Usage (485928K) : Executing rule metal4_nofill_Offgrid
2026-08-23 18:19:18 +0200: Memory Usage (485928K) : Executing rule metal4_slit_Offgrid
2026-08-23 18:19:18 +0200: Memory Usage (485928K) : Executing rule metal4_opc_Offgrid
2026-08-23 18:19:18 +0200: Memory Usage (485928K) : Executing rule metal4_noqrc_Offgrid
2026-08-23 18:19:18 +0200: Memory Usage (485928K) : Executing rule metal4_res_Offgrid
2026-08-23 18:19:18 +0200: Memory Usage (485928K) : Executing rule metal4_iprobe_Offgrid
2026-08-23 18:19:18 +0200: Memory Usage (485928K) : Executing rule metal4_diffprb_Offgrid
2026-08-23 18:19:18 +0200: Memory Usage (485928K) : Executing rule topvia1_drw_Offgrid
2026-08-23 18:19:18 +0200: Memory Usage (485928K) : Executing rule topmetal1_drw_Offgrid
2026-08-23 18:19:18 +0200: Memory Usage (485928K) : Executing rule topmetal1_pin_Offgrid
2026-08-23 18:19:18 +0200: Memory Usage (485928K) : Executing rule topmetal1_mask_Offgrid
2026-08-23 18:19:18 +0200: Memory Usage (485928K) : Executing rule topmetal1_filler_Offgrid
2026-08-23 18:19:18 +0200: Memory Usage (485928K) : Executing rule topmetal1_nofill_Offgrid
2026-08-23 18:19:18 +0200: Memory Usage (485928K) : Executing rule topmetal1_slit_Offgrid
2026-08-23 18:19:18 +0200: Memory Usage (485928K) : Executing rule topmetal1_noqrc_Offgrid
2026-08-23 18:19:18 +0200: Memory Usage (485928K) : Executing rule topmetal1_res_Offgrid
2026-08-23 18:19:18 +0200: Memory Usage (485928K) : Executing rule topmetal1_iprobe_Offgrid
2026-08-23 18:19:18 +0200: Memory Usage (485928K) : Executing rule topmetal1_diffprb_Offgrid
2026-08-23 18:19:18 +0200: Memory Usage (485928K) : Executing rule thickgateox_drw_Offgrid
2026-08-23 18:19:18 +0200: Memory Usage (485928K) : Executing rule polyres_drw_Offgrid
2026-08-23 18:19:18 +0200: Memory Usage (485928K) : Executing rule polyres_pin_Offgrid
2026-08-23 18:19:18 +0200: Memory Usage (485928K) : Executing rule antmetal1_drw_Offgrid
2026-08-23 18:19:18 +0200: Memory Usage (485928K) : Executing rule thinfilmres_drw_Offgrid
2026-08-23 18:19:18 +0200: Memory Usage (485928K) : Executing rule lbe_drw_Offgrid
2026-08-23 18:19:18 +0200: Memory Usage (485928K) : Executing rule prboundary_drw_Offgrid
2026-08-23 18:19:18 +0200: Memory Usage (485928K) : Starting 3.2. angle table
2026-08-23 18:19:18 +0200: Memory Usage (485928K) : Executing rule activ_drw_Acute
2026-08-23 18:19:18 +0200: Memory Usage (485928K) : Executing rule activ_pin_Acute
2026-08-23 18:19:18 +0200: Memory Usage (485928K) : Executing rule activ_mask_Acute
2026-08-23 18:19:18 +0200: Memory Usage (485928K) : Executing rule activ_filler_Acute
2026-08-23 18:19:18 +0200: Memory Usage (485928K) : Executing rule activ_nofill_Acute
2026-08-23 18:19:18 +0200: Memory Usage (485928K) : Executing rule activ_opc_Acute
2026-08-23 18:19:18 +0200: Memory Usage (485928K) : Executing rule activ_iopc_Acute
2026-08-23 18:19:18 +0200: Memory Usage (485928K) : Executing rule activ_noqrc_Acute
2026-08-23 18:19:18 +0200: Memory Usage (486312K) : Executing rule gatpoly_drw_Acute
2026-08-23 18:19:18 +0200: Memory Usage (486312K) : Executing rule gatpoly_pin_Acute
2026-08-23 18:19:18 +0200: Memory Usage (486312K) : Executing rule gatpoly_filler_Acute
2026-08-23 18:19:18 +0200: Memory Usage (486312K) : Executing rule gatpoly_nofill_Acute
2026-08-23 18:19:18 +0200: Memory Usage (486312K) : Executing rule gatpoly_opc_Acute
2026-08-23 18:19:18 +0200: Memory Usage (486312K) : Executing rule gatpoly_iopc_Acute
2026-08-23 18:19:18 +0200: Memory Usage (486312K) : Executing rule gatpoly_noqrc_Acute
2026-08-23 18:19:18 +0200: Memory Usage (486312K) : Executing rule cont_drw_Acute
2026-08-23 18:19:18 +0200: Memory Usage (486312K) : Executing rule cont_opc_Acute
2026-08-23 18:19:18 +0200: Memory Usage (486312K) : Executing rule nsd_drw_Acute
2026-08-23 18:19:18 +0200: Memory Usage (486312K) : Executing rule nsd_block_Acute
2026-08-23 18:19:18 +0200: Memory Usage (486312K) : Executing rule metal1_drw_Acute
2026-08-23 18:19:18 +0200: Memory Usage (486312K) : Executing rule metal1_pin_Acute
2026-08-23 18:19:18 +0200: Memory Usage (486312K) : Executing rule metal1_mask_Acute
2026-08-23 18:19:18 +0200: Memory Usage (486312K) : Executing rule metal1_filler_Acute
2026-08-23 18:19:18 +0200: Memory Usage (486312K) : Executing rule metal1_nofill_Acute
2026-08-23 18:19:18 +0200: Memory Usage (486312K) : Executing rule metal1_slit_Acute
2026-08-23 18:19:18 +0200: Memory Usage (486312K) : Executing rule metal1_opc_Acute
2026-08-23 18:19:18 +0200: Memory Usage (486312K) : Executing rule metal1_noqrc_Acute
2026-08-23 18:19:18 +0200: Memory Usage (486312K) : Executing rule metal1_res_Acute
2026-08-23 18:19:18 +0200: Memory Usage (486312K) : Executing rule metal1_iprobe_Acute
2026-08-23 18:19:18 +0200: Memory Usage (486312K) : Executing rule metal1_diffprb_Acute
2026-08-23 18:19:18 +0200: Memory Usage (486312K) : Executing rule passiv_drw_Acute
2026-08-23 18:19:18 +0200: Memory Usage (486312K) : Executing rule passiv_pin_Acute
2026-08-23 18:19:18 +0200: Memory Usage (486312K) : Executing rule passiv_pillar_Acute
2026-08-23 18:19:18 +0200: Memory Usage (486312K) : Executing rule passiv_sbump_Acute
2026-08-23 18:19:18 +0200: Memory Usage (486312K) : Executing rule passiv_pdl_Acute
2026-08-23 18:19:18 +0200: Memory Usage (486312K) : Executing rule metal2_drw_Acute
2026-08-23 18:19:18 +0200: Memory Usage (486312K) : Executing rule metal2_pin_Acute
2026-08-23 18:19:18 +0200: Memory Usage (486312K) : Executing rule metal2_mask_Acute
2026-08-23 18:19:18 +0200: Memory Usage (486312K) : Executing rule metal2_filler_Acute
2026-08-23 18:19:18 +0200: Memory Usage (486312K) : Executing rule metal2_nofill_Acute
2026-08-23 18:19:18 +0200: Memory Usage (486312K) : Executing rule metal2_slit_Acute
2026-08-23 18:19:18 +0200: Memory Usage (486312K) : Executing rule metal2_opc_Acute
2026-08-23 18:19:18 +0200: Memory Usage (486312K) : Executing rule metal2_noqrc_Acute
2026-08-23 18:19:18 +0200: Memory Usage (486312K) : Executing rule metal2_res_Acute
2026-08-23 18:19:18 +0200: Memory Usage (486312K) : Executing rule metal2_iprobe_Acute
2026-08-23 18:19:18 +0200: Memory Usage (486312K) : Executing rule metal2_diffprb_Acute
2026-08-23 18:19:18 +0200: Memory Usage (486312K) : Executing rule psd_drw_Acute
2026-08-23 18:19:18 +0200: Memory Usage (486312K) : Executing rule via1_drw_Acute
2026-08-23 18:19:18 +0200: Memory Usage (486312K) : Executing rule salblock_drw_Acute
2026-08-23 18:19:18 +0200: Memory Usage (486312K) : Executing rule via2_drw_Acute
2026-08-23 18:19:18 +0200: Memory Usage (486312K) : Executing rule metal3_drw_Acute
2026-08-23 18:19:18 +0200: Memory Usage (486312K) : Executing rule metal3_pin_Acute
2026-08-23 18:19:18 +0200: Memory Usage (486312K) : Executing rule metal3_mask_Acute
2026-08-23 18:19:18 +0200: Memory Usage (486312K) : Executing rule metal3_filler_Acute
2026-08-23 18:19:18 +0200: Memory Usage (486312K) : Executing rule metal3_nofill_Acute
2026-08-23 18:19:18 +0200: Memory Usage (486312K) : Executing rule metal3_slit_Acute
2026-08-23 18:19:18 +0200: Memory Usage (486312K) : Executing rule metal3_opc_Acute
2026-08-23 18:19:18 +0200: Memory Usage (486312K) : Executing rule metal3_noqrc_Acute
2026-08-23 18:19:18 +0200: Memory Usage (486312K) : Executing rule metal3_res_Acute
2026-08-23 18:19:18 +0200: Memory Usage (486312K) : Executing rule metal3_iprobe_Acute
2026-08-23 18:19:18 +0200: Memory Usage (486312K) : Executing rule metal3_diffprb_Acute
2026-08-23 18:19:18 +0200: Memory Usage (486312K) : Executing rule nwell_drw_Acute
2026-08-23 18:19:18 +0200: Memory Usage (486312K) : Executing rule nwell_pin_Acute
2026-08-23 18:19:18 +0200: Memory Usage (486312K) : Executing rule pwell_drw_Acute
2026-08-23 18:19:18 +0200: Memory Usage (486312K) : Executing rule pwell_pin_Acute
2026-08-23 18:19:18 +0200: Memory Usage (486312K) : Executing rule pwell_block_Acute
2026-08-23 18:19:18 +0200: Memory Usage (486312K) : Executing rule substrate_drw_Acute
2026-08-23 18:19:18 +0200: Memory Usage (486312K) : Executing rule via3_drw_Acute
2026-08-23 18:19:18 +0200: Memory Usage (486312K) : Executing rule metal4_drw_Acute
2026-08-23 18:19:18 +0200: Memory Usage (486312K) : Executing rule metal4_pin_Acute
2026-08-23 18:19:18 +0200: Memory Usage (486312K) : Executing rule metal4_mask_Acute
2026-08-23 18:19:18 +0200: Memory Usage (486312K) : Executing rule metal4_filler_Acute
2026-08-23 18:19:18 +0200: Memory Usage (486312K) : Executing rule metal4_nofill_Acute
2026-08-23 18:19:18 +0200: Memory Usage (486312K) : Executing rule metal4_slit_Acute
2026-08-23 18:19:18 +0200: Memory Usage (486312K) : Executing rule metal4_opc_Acute
2026-08-23 18:19:18 +0200: Memory Usage (486312K) : Executing rule metal4_noqrc_Acute
2026-08-23 18:19:18 +0200: Memory Usage (486312K) : Executing rule metal4_res_Acute
2026-08-23 18:19:18 +0200: Memory Usage (486312K) : Executing rule metal4_iprobe_Acute
2026-08-23 18:19:18 +0200: Memory Usage (486312K) : Executing rule metal4_diffprb_Acute
2026-08-23 18:19:18 +0200: Memory Usage (486312K) : Executing rule topvia1_drw_Acute
2026-08-23 18:19:18 +0200: Memory Usage (486312K) : Executing rule topmetal1_drw_Acute
2026-08-23 18:19:18 +0200: Memory Usage (486312K) : Executing rule topmetal1_pin_Acute
2026-08-23 18:19:18 +0200: Memory Usage (486312K) : Executing rule topmetal1_mask_Acute
2026-08-23 18:19:18 +0200: Memory Usage (486312K) : Executing rule topmetal1_filler_Acute
2026-08-23 18:19:18 +0200: Memory Usage (486312K) : Executing rule topmetal1_nofill_Acute
2026-08-23 18:19:18 +0200: Memory Usage (486312K) : Executing rule topmetal1_slit_Acute
2026-08-23 18:19:18 +0200: Memory Usage (486312K) : Executing rule topmetal1_noqrc_Acute
2026-08-23 18:19:18 +0200: Memory Usage (486312K) : Executing rule topmetal1_res_Acute
2026-08-23 18:19:18 +0200: Memory Usage (486312K) : Executing rule topmetal1_iprobe_Acute
2026-08-23 18:19:18 +0200: Memory Usage (486312K) : Executing rule topmetal1_diffprb_Acute
2026-08-23 18:19:18 +0200: Memory Usage (486312K) : Executing rule thickgateox_drw_Acute
2026-08-23 18:19:18 +0200: Memory Usage (486312K) : Executing rule polyres_drw_Acute
2026-08-23 18:19:18 +0200: Memory Usage (486312K) : Executing rule polyres_pin_Acute
2026-08-23 18:19:18 +0200: Memory Usage (486312K) : Executing rule antmetal1_drw_Acute
2026-08-23 18:19:18 +0200: Memory Usage (486312K) : Executing rule thinfilmres_drw_Acute
2026-08-23 18:19:18 +0200: Memory Usage (486312K) : Executing rule lbe_drw_Acute
2026-08-23 18:19:18 +0200: Memory Usage (486312K) : Executing rule prboundary_drw_Acute
2026-08-23 18:19:18 +0200: Memory Usage (486312K) : Executing rule cont_drw_Angle90
2026-08-23 18:19:18 +0200: Memory Usage (486312K) : Executing rule via1_drw_Angle90
2026-08-23 18:19:18 +0200: Memory Usage (486312K) : Executing rule via2_drw_Angle90
2026-08-23 18:19:18 +0200: Memory Usage (486312K) : Executing rule via3_drw_Angle90
2026-08-23 18:19:18 +0200: Memory Usage (486312K) : Executing rule topvia1_drw_Angle90
2026-08-23 18:19:18 +0200: Memory Usage (486312K) : Executing rule gatpoly_drw_Angle45
2026-08-23 18:19:18 +0200: Memory Usage (486312K) : Executing rule activ_drw_Angle45
2026-08-23 18:19:18 +0200: Memory Usage (486312K) : Executing rule metal1_drw_Angle45
2026-08-23 18:19:18 +0200: Memory Usage (486312K) : Executing rule metal2_drw_Angle45
2026-08-23 18:19:18 +0200: Memory Usage (486312K) : Executing rule metal3_drw_Angle45
2026-08-23 18:19:18 +0200: Memory Usage (486312K) : Executing rule metal4_drw_Angle45
2026-08-23 18:19:18 +0200: Memory Usage (486440K) : Executing rule topmetal1_drw_Angle45
2026-08-23 18:19:18 +0200: Memory Usage (486440K) : Starting 3.2. FORBIDDEN table
2026-08-23 18:19:18 +0200: Memory Usage (486440K) : Executing rule forbidden.biwind
2026-08-23 18:19:18 +0200: Memory Usage (486440K) : Executing rule forbidden.pemwind
2026-08-23 18:19:18 +0200: Memory Usage (486440K) : Executing rule forbidden.baspoly
2026-08-23 18:19:18 +0200: Memory Usage (486440K) : Executing rule forbidden.deepco
2026-08-23 18:19:18 +0200: Memory Usage (486440K) : Executing rule forbidden.pempoly
2026-08-23 18:19:18 +0200: Memory Usage (486440K) : Executing rule forbidden.empoly
2026-08-23 18:19:18 +0200: Memory Usage (486440K) : Executing rule forbidden.ldmos
2026-08-23 18:19:18 +0200: Memory Usage (486440K) : Executing rule forbidden.pbiwind
2026-08-23 18:19:18 +0200: Memory Usage (486440K) : Executing rule forbidden.nodrc
2026-08-23 18:19:18 +0200: Memory Usage (486440K) : Executing rule forbidden.flash
2026-08-23 18:19:18 +0200: Memory Usage (486440K) : Executing rule forbidden.colwind
2026-08-23 18:19:18 +0200: Memory Usage (486440K) : Starting 3.2. CMOS5L FORBIDDEN layers check
2026-08-23 18:19:18 +0200: Memory Usage (486440K) : Executing rule CMOS5L.FORB.Metal5
2026-08-23 18:19:18 +0200: Memory Usage (486440K) : Executing rule CMOS5L.FORB.Metal5.filler
2026-08-23 18:19:18 +0200: Memory Usage (486440K) : Executing rule CMOS5L.FORB.Via4
2026-08-23 18:19:18 +0200: Memory Usage (486440K) : Executing rule CMOS5L.FORB.TopMetal2
2026-08-23 18:19:18 +0200: Memory Usage (486440K) : Executing rule CMOS5L.FORB.TopMetal2.filler
2026-08-23 18:19:18 +0200: Memory Usage (486440K) : Executing rule CMOS5L.FORB.TopVia2
2026-08-23 18:19:18 +0200: Memory Usage (486440K) : Executing rule CMOS5L.FORB.TRANS
2026-08-23 18:19:18 +0200: Memory Usage (486440K) : Executing rule CMOS5L.FORB.nBuLay
2026-08-23 18:19:18 +0200: Memory Usage (486440K) : Executing rule CMOS5L.FORB.MIM
2026-08-23 18:19:18 +0200: Memory Usage (486440K) : Executing rule CMOS5L.FORB.Vmim
2026-08-23 18:19:18 +0200: Memory Usage (486440K) : KLayout DRC run for tables 'main' completed in 1.77 seconds
