
Magic 8.3 revision 678 - Compiled on Mon Jul 27 03:07:22 PM CEST 2026.
Starting magic under Tcl interpreter
Using the terminal as the console.
WARNING: RLIMIT_NOFILE is above 1024 and Tcl_Version<9 this may cause runtime issues [rlim_cur=1048576]
Using NULL graphics device.
Processing system .magicrc file
Switching to WIRING tool.
Switching to NETLIST tool.
Switching to PICK tool.
Switching to BOX tool.
Sourcing design .magicrc for technology ihp-sg13g2 ...
2 Magic internal units = 1 Lambda
Input style sg13g2(): scaleFactor=2, multiplier=2
The following types are not handled by extraction and will be treated as non-electrical types:
    pblock sealcont difffill nemitter hvnemitter hvisodiffres sealvia1 sealvia2 sealvia3 sealvia4 sealvia5 sealvia6 pillar solder seal glass thruvia inductor 
Scaled tech values by 2 / 1 to match internal grid scaling
Loading ihp-sg13g2 Device Generator Menu ...
Loading "/foss/designs/CHIP-PLL/layout/CP/curr_source/pex_curr_source.tcl" from command line.
Warning: Calma reading is not undoable!  I hope that's OK.
Library written using GDS-II Release 6.0
Library name: LIB
Reading "$$$CONTEXT_INFO$$$".
Reading "ptap1".
Moving label "sub!" from space to ptapdiff in cell ptap1.
Reading "ntap1".
Reading "Via$4".
Reading "Via$2".
Reading "Via$5".
Reading "Via$3".
Reading "Via".
Reading "Via$1".
Reading "pmos$1".
Reading "pmos".
Reading "nmos$2".
Reading "nmos".
Reading "nmos$1".
Reading "Via$7".
Reading "Via$6".
Reading "Via$9".
Reading "Via$10".
Reading "Via$8".
Reading "nmos$3".
Reading "Via$13".
Reading "rppd".
Reading "curr_source".
CIF file read warning: CIF style sg13g2(): units rescaled by factor of 5 / 1
Extracting curr_source into /foss/designs/CHIP-PLL/layout/CP/curr_source/curr_source.ext:
Processing curr_source
curr_source: 1 warning
Total of 1 warning.
exttospice finished.
