# Logfile created on 2026-10-08 20:00:16 +0200 by logger.rb/v1.5.3
2026-10-08 20:00:16 +0200: Memory Usage (457012K) : Starting running IHP-SG13CMOS5L KLayout DRC runset on /foss/designs/CHIP-PLL/layout/divider/vco_decoder/passgate_scaled/passgate_scaled.gds
2026-10-08 20:00:16 +0200: Memory Usage (457012K) : Ruby Version for klayout: 3.2.3
2026-10-08 20:00:16 +0200: Memory Usage (458580K) : Loading database to memory is complete.
2026-10-08 20:00:16 +0200: Memory Usage (458580K) : IHP-SG13CMOS5L KLayout DRC runset output at: /foss/designs/CHIP-PLL/layout/divider/vco_decoder/passgate_scaled/drc_run_passgate_scaled/passgate_scaled_passgate_scaled_main.lyrdb
2026-10-08 20:00:16 +0200: Memory Usage (458580K) : Evaluate switches.
2026-10-08 20:00:16 +0200: Memory Usage (458580K) : tables selected: main
2026-10-08 20:00:16 +0200: Memory Usage (458580K) : KLayout will use 4 thread(s) in tiled mode.
2026-10-08 20:00:16 +0200: Memory Usage (458580K) : deep mode is enabled.
2026-10-08 20:00:16 +0200: Memory Usage (458580K) : FEOL enabled: true
2026-10-08 20:00:16 +0200: Memory Usage (458580K) : BEOL enabled: true
2026-10-08 20:00:16 +0200: Memory Usage (458580K) : OFFGRID enabled: true
2026-10-08 20:00:16 +0200: Memory Usage (458580K) : ANGLE enabled: true
2026-10-08 20:00:16 +0200: Memory Usage (458580K) : PIN enabled: true
2026-10-08 20:00:16 +0200: Memory Usage (458580K) : FORBIDDEN enabled: true
2026-10-08 20:00:16 +0200: Memory Usage (458580K) : RECOMMENDED enabled: true
2026-10-08 20:00:16 +0200: Memory Usage (458580K) : PreCheck DRC enabled: false
2026-10-08 20:00:16 +0200: Memory Usage (458580K) : CONNECTIVITY_RULES enabled: true.
2026-10-08 20:00:16 +0200: Memory Usage (458580K) : Read in polygons from layers.
2026-10-08 20:00:16 +0200: Memory Usage (459552K) : activ_drw has 8 polygons
2026-10-08 20:00:16 +0200: Memory Usage (459552K) : activ_pin has 0 polygons
2026-10-08 20:00:16 +0200: Memory Usage (459552K) : activ_mask has 0 polygons
2026-10-08 20:00:16 +0200: Memory Usage (459552K) : activ_filler has 0 polygons
2026-10-08 20:00:16 +0200: Memory Usage (459552K) : activ_nofill has 0 polygons
2026-10-08 20:00:16 +0200: Memory Usage (459552K) : activ_opc has 0 polygons
2026-10-08 20:00:16 +0200: Memory Usage (459552K) : activ_iopc has 0 polygons
2026-10-08 20:00:16 +0200: Memory Usage (459552K) : activ_noqrc has 0 polygons
2026-10-08 20:00:16 +0200: Memory Usage (459552K) : biwind_drw has 0 polygons
2026-10-08 20:00:16 +0200: Memory Usage (459552K) : biwind_opc has 0 polygons
2026-10-08 20:00:16 +0200: Memory Usage (459552K) : pemwind_drw has 0 polygons
2026-10-08 20:00:16 +0200: Memory Usage (459552K) : gatpoly_drw has 7 polygons
2026-10-08 20:00:16 +0200: Memory Usage (459680K) : gatpoly_pin has 1 polygons
2026-10-08 20:00:16 +0200: Memory Usage (459680K) : gatpoly_filler has 0 polygons
2026-10-08 20:00:16 +0200: Memory Usage (459680K) : gatpoly_nofill has 0 polygons
2026-10-08 20:00:16 +0200: Memory Usage (459680K) : gatpoly_opc has 0 polygons
2026-10-08 20:00:16 +0200: Memory Usage (459680K) : gatpoly_iopc has 0 polygons
2026-10-08 20:00:16 +0200: Memory Usage (459680K) : gatpoly_noqrc has 0 polygons
2026-10-08 20:00:16 +0200: Memory Usage (459680K) : cont_drw has 20 polygons
2026-10-08 20:00:16 +0200: Memory Usage (459680K) : cont_opc has 0 polygons
2026-10-08 20:00:16 +0200: Memory Usage (459680K) : nsd_drw has 0 polygons
2026-10-08 20:00:16 +0200: Memory Usage (459680K) : nsd_block has 0 polygons
2026-10-08 20:00:16 +0200: Memory Usage (459824K) : metal1_drw has 21 polygons
2026-10-08 20:00:16 +0200: Memory Usage (459824K) : metal1_pin has 7 polygons
2026-10-08 20:00:16 +0200: Memory Usage (459824K) : metal1_mask has 0 polygons
2026-10-08 20:00:16 +0200: Memory Usage (459824K) : metal1_filler has 0 polygons
2026-10-08 20:00:16 +0200: Memory Usage (460080K) : metal1_nofill has 0 polygons
2026-10-08 20:00:16 +0200: Memory Usage (460080K) : metal1_slit has 0 polygons
2026-10-08 20:00:16 +0200: Memory Usage (460336K) : metal1_text has 2 polygons
2026-10-08 20:00:16 +0200: Memory Usage (460336K) : metal1_opc has 0 polygons
2026-10-08 20:00:16 +0200: Memory Usage (460336K) : metal1_noqrc has 0 polygons
2026-10-08 20:00:16 +0200: Memory Usage (460464K) : metal1_res has 0 polygons
2026-10-08 20:00:16 +0200: Memory Usage (460464K) : metal1_iprobe has 0 polygons
2026-10-08 20:00:16 +0200: Memory Usage (460464K) : metal1_diffprb has 0 polygons
2026-10-08 20:00:16 +0200: Memory Usage (460592K) : passiv_drw has 0 polygons
2026-10-08 20:00:16 +0200: Memory Usage (460592K) : passiv_pin has 0 polygons
2026-10-08 20:00:16 +0200: Memory Usage (460720K) : passiv_sbump has 0 polygons
2026-10-08 20:00:16 +0200: Memory Usage (460720K) : passiv_pillar has 0 polygons
2026-10-08 20:00:16 +0200: Memory Usage (460848K) : passiv_pdl has 0 polygons
2026-10-08 20:00:16 +0200: Memory Usage (460976K) : metal2_drw has 19 polygons
2026-10-08 20:00:16 +0200: Memory Usage (460976K) : metal2_pin has 4 polygons
2026-10-08 20:00:16 +0200: Memory Usage (460976K) : metal2_mask has 0 polygons
2026-10-08 20:00:16 +0200: Memory Usage (461104K) : metal2_filler has 0 polygons
2026-10-08 20:00:16 +0200: Memory Usage (461104K) : metal2_nofill has 0 polygons
2026-10-08 20:00:16 +0200: Memory Usage (461232K) : metal2_slit has 0 polygons
2026-10-08 20:00:16 +0200: Memory Usage (461232K) : metal2_text has 4 polygons
2026-10-08 20:00:16 +0200: Memory Usage (461360K) : metal2_opc has 0 polygons
2026-10-08 20:00:16 +0200: Memory Usage (461360K) : metal2_noqrc has 0 polygons
2026-10-08 20:00:16 +0200: Memory Usage (461360K) : metal2_res has 0 polygons
2026-10-08 20:00:16 +0200: Memory Usage (461488K) : metal2_iprobe has 0 polygons
2026-10-08 20:00:16 +0200: Memory Usage (461488K) : metal2_diffprb has 0 polygons
2026-10-08 20:00:16 +0200: Memory Usage (461616K) : baspoly_drw has 0 polygons
2026-10-08 20:00:16 +0200: Memory Usage (461616K) : baspoly_pin has 0 polygons
2026-10-08 20:00:16 +0200: Memory Usage (461616K) : psd_drw has 2 polygons
2026-10-08 20:00:16 +0200: Memory Usage (461744K) : nldb_drw has 0 polygons
2026-10-08 20:00:16 +0200: Memory Usage (461744K) : digibnd_drw has 0 polygons
2026-10-08 20:00:16 +0200: Memory Usage (461872K) : via1_drw has 10 polygons
2026-10-08 20:00:16 +0200: Memory Usage (461872K) : backmetal1_drw has 0 polygons
2026-10-08 20:00:16 +0200: Memory Usage (462000K) : backmetal1_pin has 0 polygons
2026-10-08 20:00:16 +0200: Memory Usage (462000K) : backmetal1_mask has 0 polygons
2026-10-08 20:00:16 +0200: Memory Usage (462000K) : backmetal1_filler has 0 polygons
2026-10-08 20:00:16 +0200: Memory Usage (462128K) : backmetal1_nofill has 0 polygons
2026-10-08 20:00:16 +0200: Memory Usage (462128K) : backmetal1_slit has 0 polygons
2026-10-08 20:00:16 +0200: Memory Usage (462256K) : backmetal1_text has 0 polygons
2026-10-08 20:00:16 +0200: Memory Usage (462384K) : backmetal1_opc has 0 polygons
2026-10-08 20:00:16 +0200: Memory Usage (462384K) : backmetal1_noqrc has 0 polygons
2026-10-08 20:00:16 +0200: Memory Usage (462512K) : backmetal1_res has 0 polygons
2026-10-08 20:00:16 +0200: Memory Usage (462512K) : backmetal1_iprobe has 0 polygons
2026-10-08 20:00:16 +0200: Memory Usage (462640K) : backmetal1_diffprb has 0 polygons
2026-10-08 20:00:16 +0200: Memory Usage (462640K) : backpassiv_drw has 0 polygons
2026-10-08 20:00:16 +0200: Memory Usage (462768K) : res_drw has 0 polygons
2026-10-08 20:00:16 +0200: Memory Usage (462768K) : sram_drw has 0 polygons
2026-10-08 20:00:16 +0200: Memory Usage (462896K) : trans_drw has 0 polygons
2026-10-08 20:00:16 +0200: Memory Usage (462896K) : ind_drw has 0 polygons
2026-10-08 20:00:16 +0200: Memory Usage (462896K) : ind_pin has 0 polygons
2026-10-08 20:00:16 +0200: Memory Usage (463024K) : ind_text has 0 polygons
2026-10-08 20:00:16 +0200: Memory Usage (463152K) : salblock_drw has 0 polygons
2026-10-08 20:00:16 +0200: Memory Usage (463152K) : via2_drw has 6 polygons
2026-10-08 20:00:16 +0200: Memory Usage (463280K) : metal3_drw has 5 polygons
2026-10-08 20:00:16 +0200: Memory Usage (463280K) : metal3_pin has 0 polygons
2026-10-08 20:00:16 +0200: Memory Usage (463408K) : metal3_mask has 0 polygons
2026-10-08 20:00:16 +0200: Memory Usage (463408K) : metal3_filler has 0 polygons
2026-10-08 20:00:16 +0200: Memory Usage (463408K) : metal3_nofill has 0 polygons
2026-10-08 20:00:16 +0200: Memory Usage (463536K) : metal3_slit has 0 polygons
2026-10-08 20:00:16 +0200: Memory Usage (463536K) : metal3_text has 0 polygons
2026-10-08 20:00:16 +0200: Memory Usage (463664K) : metal3_opc has 0 polygons
2026-10-08 20:00:16 +0200: Memory Usage (463664K) : metal3_noqrc has 0 polygons
2026-10-08 20:00:16 +0200: Memory Usage (463664K) : metal3_res has 0 polygons
2026-10-08 20:00:16 +0200: Memory Usage (463792K) : metal3_iprobe has 0 polygons
2026-10-08 20:00:16 +0200: Memory Usage (463920K) : metal3_diffprb has 0 polygons
2026-10-08 20:00:16 +0200: Memory Usage (463920K) : nwell_drw has 3 polygons
2026-10-08 20:00:16 +0200: Memory Usage (464048K) : nwell_pin has 1 polygons
2026-10-08 20:00:16 +0200: Memory Usage (464048K) : nbulay_drw has 0 polygons
2026-10-08 20:00:16 +0200: Memory Usage (464176K) : nbulay_pin has 0 polygons
2026-10-08 20:00:16 +0200: Memory Usage (464176K) : nbulay_block has 0 polygons
2026-10-08 20:00:16 +0200: Memory Usage (464304K) : emwind_drw has 0 polygons
2026-10-08 20:00:16 +0200: Memory Usage (464304K) : emwind_opc has 0 polygons
2026-10-08 20:00:16 +0200: Memory Usage (464432K) : deepco_drw has 0 polygons
2026-10-08 20:00:16 +0200: Memory Usage (464432K) : deepco_drw has 0 polygons
2026-10-08 20:00:16 +0200: Memory Usage (464560K) : mim_drw has 0 polygons
2026-10-08 20:00:16 +0200: Memory Usage (464560K) : edgeseal_drw has 0 polygons
2026-10-08 20:00:16 +0200: Memory Usage (464560K) : edgeseal_bound has 0 polygons
2026-10-08 20:00:16 +0200: Memory Usage (464688K) : substrate_drw has 2 polygons
2026-10-08 20:00:16 +0200: Memory Usage (464688K) : substrate_text has 0 polygons
2026-10-08 20:00:16 +0200: Memory Usage (464816K) : dfpad_drw has 0 polygons
2026-10-08 20:00:16 +0200: Memory Usage (464816K) : dfpad_pillar has 0 polygons
2026-10-08 20:00:16 +0200: Memory Usage (464944K) : dfpad_sbump has 0 polygons
2026-10-08 20:00:16 +0200: Memory Usage (464944K) : thickgateox_drw has 0 polygons
2026-10-08 20:00:16 +0200: Memory Usage (464944K) : pldb_drw has 0 polygons
2026-10-08 20:00:16 +0200: Memory Usage (465072K) : pwell_drw has 0 polygons
2026-10-08 20:00:16 +0200: Memory Usage (465072K) : pwell_pin has 0 polygons
2026-10-08 20:00:16 +0200: Memory Usage (465200K) : pwell_block has 0 polygons
2026-10-08 20:00:16 +0200: Memory Usage (465328K) : ic_drw has 0 polygons
2026-10-08 20:00:16 +0200: Memory Usage (465328K) : via3_drw has 0 polygons
2026-10-08 20:00:16 +0200: Memory Usage (465456K) : metal4_drw has 0 polygons
2026-10-08 20:00:16 +0200: Memory Usage (465456K) : metal4_pin has 0 polygons
2026-10-08 20:00:16 +0200: Memory Usage (465584K) : metal4_mask has 0 polygons
2026-10-08 20:00:16 +0200: Memory Usage (465584K) : metal4_filler has 0 polygons
2026-10-08 20:00:16 +0200: Memory Usage (465712K) : metal4_nofill has 0 polygons
2026-10-08 20:00:16 +0200: Memory Usage (465712K) : metal4_slit has 0 polygons
2026-10-08 20:00:16 +0200: Memory Usage (465840K) : metal4_text has 0 polygons
2026-10-08 20:00:16 +0200: Memory Usage (465840K) : metal4_opc has 0 polygons
2026-10-08 20:00:16 +0200: Memory Usage (465840K) : metal4_noqrc has 0 polygons
2026-10-08 20:00:16 +0200: Memory Usage (465968K) : metal4_res has 0 polygons
2026-10-08 20:00:16 +0200: Memory Usage (465968K) : metal4_iprobe has 0 polygons
2026-10-08 20:00:16 +0200: Memory Usage (466096K) : metal4_diffprb has 0 polygons
2026-10-08 20:00:16 +0200: Memory Usage (466096K) : heattrans_drw has 2 polygons
2026-10-08 20:00:16 +0200: Memory Usage (466096K) : heatres_drw has 0 polygons
2026-10-08 20:00:16 +0200: Memory Usage (466224K) : pempoly_drw has 0 polygons
2026-10-08 20:00:16 +0200: Memory Usage (466352K) : fbe_drw has 0 polygons
2026-10-08 20:00:16 +0200: Memory Usage (466352K) : empoly_drw has 0 polygons
2026-10-08 20:00:16 +0200: Memory Usage (466480K) : ldmos_drw has 0 polygons
2026-10-08 20:00:16 +0200: Memory Usage (466480K) : pbiwind_drw has 0 polygons
2026-10-08 20:00:16 +0200: Memory Usage (466608K) : digisub_drw has 0 polygons
2026-10-08 20:00:16 +0200: Memory Usage (466608K) : nodrc_drw has 0 polygons
2026-10-08 20:00:16 +0200: Memory Usage (466608K) : text_drw has 4 polygons
2026-10-08 20:00:16 +0200: Memory Usage (466736K) : via4_drw has 0 polygons
2026-10-08 20:00:16 +0200: Memory Usage (466736K) : metal5_drw has 0 polygons
2026-10-08 20:00:16 +0200: Memory Usage (466864K) : metal5_pin has 0 polygons
2026-10-08 20:00:16 +0200: Memory Usage (466864K) : metal5_mask has 0 polygons
2026-10-08 20:00:16 +0200: Memory Usage (466992K) : metal5_filler has 0 polygons
2026-10-08 20:00:16 +0200: Memory Usage (467120K) : metal5_nofill has 0 polygons
2026-10-08 20:00:16 +0200: Memory Usage (467120K) : metal5_slit has 0 polygons
2026-10-08 20:00:16 +0200: Memory Usage (467120K) : metal5_text has 0 polygons
2026-10-08 20:00:16 +0200: Memory Usage (467248K) : metal5_opc has 0 polygons
2026-10-08 20:00:16 +0200: Memory Usage (467248K) : metal5_noqrc has 0 polygons
2026-10-08 20:00:16 +0200: Memory Usage (467376K) : metal5_res has 0 polygons
2026-10-08 20:00:16 +0200: Memory Usage (467376K) : metal5_iprobe has 0 polygons
2026-10-08 20:00:16 +0200: Memory Usage (467504K) : metal5_diffprb has 0 polygons
2026-10-08 20:00:16 +0200: Memory Usage (467504K) : radhard_drw has 0 polygons
2026-10-08 20:00:16 +0200: Memory Usage (467632K) : memcap_drw has 0 polygons
2026-10-08 20:00:16 +0200: Memory Usage (467632K) : varicap_drw has 0 polygons
2026-10-08 20:00:16 +0200: Memory Usage (467760K) : flash_drw has 0 polygons
2026-10-08 20:00:16 +0200: Memory Usage (467760K) : intbondvia_drw has 0 polygons
2026-10-08 20:00:16 +0200: Memory Usage (467888K) : intbondmet_drw has 0 polygons
2026-10-08 20:00:16 +0200: Memory Usage (467888K) : devbondvia_drw has 0 polygons
2026-10-08 20:00:16 +0200: Memory Usage (467888K) : devbondmet_drw has 0 polygons
2026-10-08 20:00:16 +0200: Memory Usage (468016K) : devtrench_drw has 0 polygons
2026-10-08 20:00:16 +0200: Memory Usage (468016K) : redist_drw has 0 polygons
2026-10-08 20:00:16 +0200: Memory Usage (468144K) : graphbot_drw has 0 polygons
2026-10-08 20:00:16 +0200: Memory Usage (468144K) : graphtop_drw has 0 polygons
2026-10-08 20:00:16 +0200: Memory Usage (468272K) : antvia1_drw has 0 polygons
2026-10-08 20:00:16 +0200: Memory Usage (468272K) : antmetal2_drw has 0 polygons
2026-10-08 20:00:16 +0200: Memory Usage (468272K) : graphcont_drw has 0 polygons
2026-10-08 20:00:16 +0200: Memory Usage (468272K) : siwg_drw has 0 polygons
2026-10-08 20:00:16 +0200: Memory Usage (468400K) : siwg_filler has 0 polygons
2026-10-08 20:00:16 +0200: Memory Usage (468400K) : siwg_nofill has 0 polygons
2026-10-08 20:00:16 +0200: Memory Usage (468400K) : sigrating_drw has 0 polygons
2026-10-08 20:00:16 +0200: Memory Usage (468528K) : singrating_drw has 0 polygons
2026-10-08 20:00:16 +0200: Memory Usage (468528K) : graphpas_drw has 0 polygons
2026-10-08 20:00:16 +0200: Memory Usage (468528K) : emwind3_drw has 0 polygons
2026-10-08 20:00:16 +0200: Memory Usage (468528K) : emwihv3_drw has 0 polygons
2026-10-08 20:00:16 +0200: Memory Usage (468656K) : redbulay_drw has 0 polygons
2026-10-08 20:00:16 +0200: Memory Usage (468656K) : smos_drw has 0 polygons
2026-10-08 20:00:16 +0200: Memory Usage (468656K) : graphpad_drw has 0 polygons
2026-10-08 20:00:16 +0200: Memory Usage (468784K) : polimide_drw has 0 polygons
2026-10-08 20:00:16 +0200: Memory Usage (468784K) : polimide_pin has 0 polygons
2026-10-08 20:00:16 +0200: Memory Usage (468784K) : recog_drw has 0 polygons
2026-10-08 20:00:16 +0200: Memory Usage (468912K) : recog_pin has 0 polygons
2026-10-08 20:00:16 +0200: Memory Usage (468912K) : recog_esd has 0 polygons
2026-10-08 20:00:16 +0200: Memory Usage (468912K) : recog_diode has 0 polygons
2026-10-08 20:00:16 +0200: Memory Usage (469040K) : recog_tsv has 0 polygons
2026-10-08 20:00:16 +0200: Memory Usage (469040K) : recog_iprobe has 0 polygons
2026-10-08 20:00:16 +0200: Memory Usage (469040K) : recog_diffprb has 0 polygons
2026-10-08 20:00:16 +0200: Memory Usage (469168K) : recog_pillar has 0 polygons
2026-10-08 20:00:16 +0200: Memory Usage (469168K) : recog_sbump has 0 polygons
2026-10-08 20:00:16 +0200: Memory Usage (469296K) : recog_otp has 0 polygons
2026-10-08 20:00:16 +0200: Memory Usage (469296K) : recog_pdiode has 0 polygons
2026-10-08 20:00:16 +0200: Memory Usage (469296K) : recog_mom has 0 polygons
2026-10-08 20:00:16 +0200: Memory Usage (469424K) : recog_pcm has 0 polygons
2026-10-08 20:00:16 +0200: Memory Usage (469424K) : colopen_drw has 0 polygons
2026-10-08 20:00:16 +0200: Memory Usage (469552K) : graphmetal1_drw has 0 polygons
2026-10-08 20:00:16 +0200: Memory Usage (469552K) : graphmetal1_filler has 0 polygons
2026-10-08 20:00:16 +0200: Memory Usage (469680K) : graphmetal1_nofill has 0 polygons
2026-10-08 20:00:16 +0200: Memory Usage (469680K) : graphmetal1_slit has 0 polygons
2026-10-08 20:00:16 +0200: Memory Usage (469808K) : graphmetal1_opc has 0 polygons
2026-10-08 20:00:16 +0200: Memory Usage (469808K) : graphmet1l_drw has 0 polygons
2026-10-08 20:00:16 +0200: Memory Usage (469808K) : graphmet1l_filler has 0 polygons
2026-10-08 20:00:16 +0200: Memory Usage (469936K) : graphmet1l_nofill has 0 polygons
2026-10-08 20:00:16 +0200: Memory Usage (469936K) : graphmet1l_slit has 0 polygons
2026-10-08 20:00:16 +0200: Memory Usage (470064K) : graphmet1l_opc has 0 polygons
2026-10-08 20:00:16 +0200: Memory Usage (470064K) : extblock_drw has 0 polygons
2026-10-08 20:00:16 +0200: Memory Usage (470192K) : nldd_drw has 0 polygons
2026-10-08 20:00:16 +0200: Memory Usage (470192K) : pldd_drw has 0 polygons
2026-10-08 20:00:16 +0200: Memory Usage (470192K) : next_drw has 0 polygons
2026-10-08 20:00:16 +0200: Memory Usage (470320K) : pext_drw has 0 polygons
2026-10-08 20:00:16 +0200: Memory Usage (470320K) : nexthv_drw has 0 polygons
2026-10-08 20:00:16 +0200: Memory Usage (470320K) : pexthv_drw has 0 polygons
2026-10-08 20:00:16 +0200: Memory Usage (470448K) : graphgate_drw has 0 polygons
2026-10-08 20:00:16 +0200: Memory Usage (470448K) : sinwg_drw has 0 polygons
2026-10-08 20:00:16 +0200: Memory Usage (470448K) : sinwg_filler has 0 polygons
2026-10-08 20:00:16 +0200: Memory Usage (470576K) : sinwg_nofill has 0 polygons
2026-10-08 20:00:16 +0200: Memory Usage (470576K) : mempad_drw has 0 polygons
2026-10-08 20:00:16 +0200: Memory Usage (470576K) : topvia1_drw has 0 polygons
2026-10-08 20:00:16 +0200: Memory Usage (470704K) : topmetal1_drw has 0 polygons
2026-10-08 20:00:16 +0200: Memory Usage (470704K) : topmetal1_pin has 0 polygons
2026-10-08 20:00:16 +0200: Memory Usage (470704K) : topmetal1_mask has 0 polygons
2026-10-08 20:00:16 +0200: Memory Usage (470832K) : topmetal1_filler has 0 polygons
2026-10-08 20:00:16 +0200: Memory Usage (470832K) : topmetal1_nofill has 0 polygons
2026-10-08 20:00:16 +0200: Memory Usage (470960K) : topmetal1_slit has 0 polygons
2026-10-08 20:00:16 +0200: Memory Usage (470960K) : topmetal1_text has 0 polygons
2026-10-08 20:00:16 +0200: Memory Usage (470960K) : topmetal1_noqrc has 0 polygons
2026-10-08 20:00:16 +0200: Memory Usage (471088K) : topmetal1_res has 0 polygons
2026-10-08 20:00:16 +0200: Memory Usage (471088K) : topmetal1_iprobe has 0 polygons
2026-10-08 20:00:16 +0200: Memory Usage (471216K) : topmetal1_diffprb has 0 polygons
2026-10-08 20:00:16 +0200: Memory Usage (471216K) : inldpwl_drw has 0 polygons
2026-10-08 20:00:16 +0200: Memory Usage (471344K) : polyres_drw has 0 polygons
2026-10-08 20:00:16 +0200: Memory Usage (471344K) : polyres_pin has 0 polygons
2026-10-08 20:00:16 +0200: Memory Usage (471344K) : vmim_drw has 0 polygons
2026-10-08 20:00:16 +0200: Memory Usage (471472K) : nbulaycut_drw has 0 polygons
2026-10-08 20:00:16 +0200: Memory Usage (471472K) : antmetal1_drw has 0 polygons
2026-10-08 20:00:16 +0200: Memory Usage (471600K) : topvia2_drw has 0 polygons
2026-10-08 20:00:16 +0200: Memory Usage (471600K) : topmetal2_drw has 0 polygons
2026-10-08 20:00:16 +0200: Memory Usage (471600K) : topmetal2_pin has 0 polygons
2026-10-08 20:00:16 +0200: Memory Usage (471728K) : topmetal2_mask has 0 polygons
2026-10-08 20:00:16 +0200: Memory Usage (471728K) : topmetal2_filler has 0 polygons
2026-10-08 20:00:16 +0200: Memory Usage (471856K) : topmetal2_nofill has 0 polygons
2026-10-08 20:00:16 +0200: Memory Usage (471856K) : topmetal2_slit has 0 polygons
2026-10-08 20:00:16 +0200: Memory Usage (471984K) : topmetal2_text has 0 polygons
2026-10-08 20:00:16 +0200: Memory Usage (471984K) : topmetal2_noqrc has 0 polygons
2026-10-08 20:00:16 +0200: Memory Usage (471984K) : topmetal2_res has 0 polygons
2026-10-08 20:00:16 +0200: Memory Usage (471984K) : topmetal2_iprobe has 0 polygons
2026-10-08 20:00:16 +0200: Memory Usage (472112K) : topmetal2_diffprb has 0 polygons
2026-10-08 20:00:16 +0200: Memory Usage (472112K) : snsring_drw has 0 polygons
2026-10-08 20:00:16 +0200: Memory Usage (472112K) : sensor_drw has 0 polygons
2026-10-08 20:00:16 +0200: Memory Usage (472240K) : snsarms_drw has 0 polygons
2026-10-08 20:00:16 +0200: Memory Usage (472240K) : snscmosvia_drw has 0 polygons
2026-10-08 20:00:16 +0200: Memory Usage (472240K) : colwind_drw has 0 polygons
2026-10-08 20:00:16 +0200: Memory Usage (472368K) : flm_drw has 0 polygons
2026-10-08 20:00:16 +0200: Memory Usage (472368K) : hafniumox_drw has 0 polygons
2026-10-08 20:00:16 +0200: Memory Usage (472368K) : memvia_drw has 0 polygons
2026-10-08 20:00:16 +0200: Memory Usage (472368K) : thinfilmres_drw has 0 polygons
2026-10-08 20:00:16 +0200: Memory Usage (472496K) : rfmem_drw has 0 polygons
2026-10-08 20:00:16 +0200: Memory Usage (472496K) : norcx_drw has 0 polygons
2026-10-08 20:00:16 +0200: Memory Usage (472496K) : norcx_m2m3 has 0 polygons
2026-10-08 20:00:16 +0200: Memory Usage (472624K) : norcx_m2m4 has 0 polygons
2026-10-08 20:00:16 +0200: Memory Usage (472624K) : norcx_m2m5 has 0 polygons
2026-10-08 20:00:16 +0200: Memory Usage (472624K) : norcx_m2tm1 has 0 polygons
2026-10-08 20:00:16 +0200: Memory Usage (472752K) : norcx_m2tm2 has 0 polygons
2026-10-08 20:00:16 +0200: Memory Usage (472752K) : norcx_m3m4 has 0 polygons
2026-10-08 20:00:16 +0200: Memory Usage (472752K) : norcx_m3m5 has 0 polygons
2026-10-08 20:00:16 +0200: Memory Usage (472880K) : norcx_m3tm1 has 0 polygons
2026-10-08 20:00:16 +0200: Memory Usage (472880K) : norcx_m3tm2 has 0 polygons
2026-10-08 20:00:16 +0200: Memory Usage (472880K) : norcx_m4m5 has 0 polygons
2026-10-08 20:00:16 +0200: Memory Usage (472880K) : norcx_m4tm1 has 0 polygons
2026-10-08 20:00:16 +0200: Memory Usage (473008K) : norcx_m4tm2 has 0 polygons
2026-10-08 20:00:16 +0200: Memory Usage (473008K) : norcx_m5tm1 has 0 polygons
2026-10-08 20:00:16 +0200: Memory Usage (473008K) : norcx_m5tm2 has 0 polygons
2026-10-08 20:00:16 +0200: Memory Usage (473136K) : norcx_tm1tm2 has 0 polygons
2026-10-08 20:00:16 +0200: Memory Usage (473136K) : norcx_m1sub has 0 polygons
2026-10-08 20:00:16 +0200: Memory Usage (473136K) : norcx_m2sub has 0 polygons
2026-10-08 20:00:16 +0200: Memory Usage (473264K) : norcx_m3sub has 0 polygons
2026-10-08 20:00:16 +0200: Memory Usage (473264K) : norcx_m4sub has 0 polygons
2026-10-08 20:00:16 +0200: Memory Usage (473392K) : norcx_m5sub has 0 polygons
2026-10-08 20:00:16 +0200: Memory Usage (473392K) : norcx_tm1sub has 0 polygons
2026-10-08 20:00:16 +0200: Memory Usage (473392K) : norcx_tm2sub has 0 polygons
2026-10-08 20:00:16 +0200: Memory Usage (473520K) : snsbotvia_drw has 0 polygons
2026-10-08 20:00:16 +0200: Memory Usage (473520K) : snstopvia_drw has 0 polygons
2026-10-08 20:00:16 +0200: Memory Usage (473648K) : deepvia_drw has 0 polygons
2026-10-08 20:00:16 +0200: Memory Usage (473648K) : fgetch_drw has 0 polygons
2026-10-08 20:00:16 +0200: Memory Usage (473776K) : ctrgat_drw has 0 polygons
2026-10-08 20:00:16 +0200: Memory Usage (473776K) : fgimp_drw has 0 polygons
2026-10-08 20:00:16 +0200: Memory Usage (473776K) : emwihv_drw has 0 polygons
2026-10-08 20:00:16 +0200: Memory Usage (473904K) : lbe_drw has 0 polygons
2026-10-08 20:00:16 +0200: Memory Usage (473904K) : alcustop_drw has 0 polygons
2026-10-08 20:00:16 +0200: Memory Usage (474032K) : nometfiller_drw has 0 polygons
2026-10-08 20:00:16 +0200: Memory Usage (474032K) : prboundary_drw has 0 polygons
2026-10-08 20:00:16 +0200: Memory Usage (474032K) : exchange0_drw has 0 polygons
2026-10-08 20:00:16 +0200: Memory Usage (474032K) : exchange0_pin has 0 polygons
2026-10-08 20:00:16 +0200: Memory Usage (474032K) : exchange0_text has 0 polygons
2026-10-08 20:00:16 +0200: Memory Usage (474032K) : exchange1_drw has 0 polygons
2026-10-08 20:00:16 +0200: Memory Usage (474032K) : exchange1_pin has 0 polygons
2026-10-08 20:00:16 +0200: Memory Usage (474032K) : exchange1_text has 0 polygons
2026-10-08 20:00:16 +0200: Memory Usage (474032K) : exchange2_drw has 0 polygons
2026-10-08 20:00:16 +0200: Memory Usage (474032K) : exchange2_pin has 0 polygons
2026-10-08 20:00:16 +0200: Memory Usage (474160K) : exchange2_text has 0 polygons
2026-10-08 20:00:16 +0200: Memory Usage (474160K) : exchange3_drw has 0 polygons
2026-10-08 20:00:16 +0200: Memory Usage (474288K) : exchange3_pin has 0 polygons
2026-10-08 20:00:16 +0200: Memory Usage (474288K) : exchange3_text has 0 polygons
2026-10-08 20:00:16 +0200: Memory Usage (474288K) : exchange4_drw has 0 polygons
2026-10-08 20:00:16 +0200: Memory Usage (474416K) : exchange4_pin has 0 polygons
2026-10-08 20:00:16 +0200: Memory Usage (474416K) : exchange4_text has 0 polygons
2026-10-08 20:00:16 +0200: Memory Usage (474544K) : isonwell_drw has 0 polygons
2026-10-08 20:00:16 +0200: Memory Usage (474544K) : Total no. of polygons in the design is 128
2026-10-08 20:00:16 +0200: Memory Usage (474544K) : Loaded TECH DRC rules values from /foss/pdks/ihp-sg13cmos5l/libs.tech/klayout/python/sg13cmos5l_pycell_lib/sg13cmos5l_tech_mod.json
2026-10-08 20:00:16 +0200: Memory Usage (474544K) : Loaded default DRC rules values from /foss/pdks/ihp-sg13cmos5l/libs.tech/klayout/tech/drc/rule_decks/sg13cmos5l_tech_default.json
2026-10-08 20:00:16 +0200: Memory Usage (475884K) : Total area of the design is 8.5656 um^2.
2026-10-08 20:00:16 +0200: Memory Usage (475884K) : The design dimensions are 1.6600000000000001 um * 5.16 um.
2026-10-08 20:00:16 +0200: Memory Usage (475884K) : Starting general IHP-SG13CMOS5L derivations.
2026-10-08 20:00:16 +0200: Memory Usage (475884K) : Starting Pwell derivations
2026-10-08 20:00:16 +0200: Memory Usage (477856K) : Starting n-Activ derivations
2026-10-08 20:00:16 +0200: Memory Usage (478112K) : Starting p-Activ derivations
2026-10-08 20:00:16 +0200: Memory Usage (478112K) : Starting ptap derivations
2026-10-08 20:00:16 +0200: Memory Usage (478112K) : Starting ntap derivations
2026-10-08 20:00:16 +0200: Memory Usage (478368K) : Starting pact FET derivations
2026-10-08 20:00:16 +0200: Memory Usage (478368K) : Starting nact FET derivations
2026-10-08 20:00:16 +0200: Memory Usage (478368K) : Starting Gate derivations
2026-10-08 20:00:16 +0200: Memory Usage (478624K) : Starting cont/contbar general derivations
2026-10-08 20:00:16 +0200: Memory Usage (478752K) : Starting pad general derivations (TM1 top)
2026-10-08 20:00:16 +0200: Memory Usage (479008K) : Starting IHP-SG13CMOS5L DRC connectivity related derivations.
2026-10-08 20:00:16 +0200: Memory Usage (479392K) : Starting IHP-SG13CMOS5L DRC connectivity setup
2026-10-08 20:00:16 +0200: Memory Usage (479824K) : Starting IHP-SG13CMOS5L DRC rules.
2026-10-08 20:00:16 +0200: Memory Usage (479824K) : Running all FEOL rules
2026-10-08 20:00:16 +0200: Memory Usage (479824K) : Running all BEOL rules
2026-10-08 20:00:16 +0200: Memory Usage (479824K) : Running all PIN rules
2026-10-08 20:00:16 +0200: Memory Usage (479824K) : Running all FORBIDDEN rules
2026-10-08 20:00:16 +0200: Memory Usage (479824K) : Starting 5.1 NWell table
2026-10-08 20:00:16 +0200: Memory Usage (479824K) : Executing rule NW.b
2026-10-08 20:00:16 +0200: Memory Usage (480336K) : Executing rule NW.b1
2026-10-08 20:00:16 +0200: Memory Usage (480720K) : Executing rule NW.f1
2026-10-08 20:00:16 +0200: Memory Usage (480848K) : Executing rule NW.f1.digibnd
2026-10-08 20:00:16 +0200: Memory Usage (481104K) : Starting 5.2 PWell:block
2026-10-08 20:00:16 +0200: Memory Usage (481104K) : Executing rule PWB.e
2026-10-08 20:00:16 +0200: Memory Usage (481232K) : Executing rule PWB.e1
2026-10-08 20:00:16 +0200: Memory Usage (481360K) : Executing rule PWB.f
2026-10-08 20:00:16 +0200: Memory Usage (481488K) : Executing rule PWB.f1
2026-10-08 20:00:16 +0200: Memory Usage (481616K) : Starting 5.3 nBuLay table
2026-10-08 20:00:16 +0200: Memory Usage (481616K) : nBuLay (32/0) is a FORBIDDEN layer in CMOS5L - skipping NBL rules
2026-10-08 20:00:16 +0200: Memory Usage (481616K) : Starting 5.5. Activ table
2026-10-08 20:00:16 +0200: Memory Usage (481616K) : Executing rule Act.a
2026-10-08 20:00:16 +0200: Memory Usage (481616K) : Executing rule Act.b
2026-10-08 20:00:16 +0200: Memory Usage (481744K) : Starting 5.6 Activ:filler table
2026-10-08 20:00:16 +0200: Memory Usage (481744K) : Executing rule AFil.c1
2026-10-08 20:00:16 +0200: Memory Usage (481744K) : Executing rule AFil.c
2026-10-08 20:00:16 +0200: Memory Usage (481744K) : Executing rule AFil.d
2026-10-08 20:00:16 +0200: Memory Usage (481744K) : Skipping rule AFil.e (TRANS is forbidden in CMOS5L)
2026-10-08 20:00:16 +0200: Memory Usage (481744K) : Executing rule AFil.j
2026-10-08 20:00:16 +0200: Memory Usage (481744K) : Starting 5.7. ThickGateOx table
2026-10-08 20:00:16 +0200: Memory Usage (481744K) : Executing rule TGO.f
2026-10-08 20:00:16 +0200: Memory Usage (481744K) : Starting 5.8. GatPoly table
2026-10-08 20:00:16 +0200: Memory Usage (481744K) : Executing rule Gat.a
2026-10-08 20:00:16 +0200: Memory Usage (481744K) : Executing rule Gat.b
2026-10-08 20:00:16 +0200: Memory Usage (481872K) : Executing rule Gat.d
2026-10-08 20:00:16 +0200: Memory Usage (481872K) : Executing rule Gat.a1
2026-10-08 20:00:16 +0200: Memory Usage (482560K) : Executing rule Gat.a2
2026-10-08 20:00:16 +0200: Memory Usage (482688K) : Executing rule Gat.g
2026-10-08 20:00:16 +0200: Memory Usage (482688K) : Starting 5.9 GatPoly:filler
2026-10-08 20:00:16 +0200: Memory Usage (482688K) : Executing rule GFil.d
2026-10-08 20:00:16 +0200: Memory Usage (482688K) : Executing rule GFil.e
2026-10-08 20:00:16 +0200: Memory Usage (482688K) : Executing rule GFil.i
2026-10-08 20:00:16 +0200: Memory Usage (482688K) : Starting 5.10 pSD table
2026-10-08 20:00:16 +0200: Memory Usage (482688K) : Executing rule pSD.c1
2026-10-08 20:00:16 +0200: Memory Usage (482688K) : Starting 5.14. Cont table
2026-10-08 20:00:16 +0200: Memory Usage (482688K) : Executing rule Cnt.a
2026-10-08 20:00:16 +0200: Memory Usage (482688K) : Executing rule Cnt.b
2026-10-08 20:00:16 +0200: Memory Usage (482688K) : Executing rule Cnt.c
2026-10-08 20:00:16 +0200: Memory Usage (482688K) : Executing rule Cnt.c.digibnd
2026-10-08 20:00:16 +0200: Memory Usage (482688K) : Executing rule Cnt.c.SRAM
2026-10-08 20:00:16 +0200: Memory Usage (482688K) : Executing rule Cnt.d
2026-10-08 20:00:16 +0200: Memory Usage (482688K) : Executing rule Cnt.e
2026-10-08 20:00:16 +0200: Memory Usage (482688K) : Executing rule Cnt.g1
2026-10-08 20:00:16 +0200: Memory Usage (482816K) : Executing rule Cnt.g2
2026-10-08 20:00:16 +0200: Memory Usage (482816K) : Starting 5.15. ContBar table
2026-10-08 20:00:16 +0200: Memory Usage (482816K) : Executing rule CntB.b1
2026-10-08 20:00:16 +0200: Memory Usage (482816K) : Executing rule CntB.h1
2026-10-08 20:00:16 +0200: Memory Usage (482816K) : Starting 7.2 Latch-up table
2026-10-08 20:00:16 +0200: Memory Usage (482816K) : Executing rule LU.b
2026-10-08 20:00:16 +0200: Memory Usage (482816K) : Starting 5.16. Metal1 table
2026-10-08 20:00:16 +0200: Memory Usage (482816K) : Executing rule M1.a
2026-10-08 20:00:16 +0200: Memory Usage (482816K) : Executing rule M1.b
2026-10-08 20:00:16 +0200: Memory Usage (482816K) : Executing rule M1.e
2026-10-08 20:00:16 +0200: Memory Usage (482816K) : Executing rule M1.f
2026-10-08 20:00:16 +0200: Memory Usage (482816K) : Executing rule M1.g
2026-10-08 20:00:16 +0200: Memory Usage (482816K) : Executing rule M1.i
2026-10-08 20:00:16 +0200: Memory Usage (482816K) : Starting 5.17 Metaln table
2026-10-08 20:00:16 +0200: Memory Usage (482816K) : Executing rule M2.a
2026-10-08 20:00:16 +0200: Memory Usage (482816K) : Executing rule M2.b
2026-10-08 20:00:16 +0200: Memory Usage (482816K) : Executing rule M2.e
2026-10-08 20:00:16 +0200: Memory Usage (483072K) : Executing rule M2.f
2026-10-08 20:00:16 +0200: Memory Usage (483328K) : Executing rule M2.g
2026-10-08 20:00:16 +0200: Memory Usage (483584K) : Executing rule M2.i
2026-10-08 20:00:16 +0200: Memory Usage (483840K) : Executing rule M3.a
2026-10-08 20:00:16 +0200: Memory Usage (483968K) : Executing rule M3.b
2026-10-08 20:00:16 +0200: Memory Usage (484096K) : Executing rule M3.e
2026-10-08 20:00:16 +0200: Memory Usage (484352K) : Executing rule M3.f
2026-10-08 20:00:16 +0200: Memory Usage (484608K) : Executing rule M3.g
2026-10-08 20:00:16 +0200: Memory Usage (484864K) : Executing rule M3.i
2026-10-08 20:00:16 +0200: Memory Usage (485248K) : Executing rule M4.a
2026-10-08 20:00:16 +0200: Memory Usage (485376K) : Executing rule M4.b
2026-10-08 20:00:16 +0200: Memory Usage (485504K) : Executing rule M4.e
2026-10-08 20:00:16 +0200: Memory Usage (485632K) : Executing rule M4.f
2026-10-08 20:00:16 +0200: Memory Usage (486016K) : Executing rule M4.g
2026-10-08 20:00:16 +0200: Memory Usage (486400K) : Executing rule M4.i
2026-10-08 20:00:16 +0200: Memory Usage (486656K) : Starting 5.18 Metaln:filler table
2026-10-08 20:00:16 +0200: Memory Usage (486656K) : Executing rule M1Fil.c
2026-10-08 20:00:16 +0200: Memory Usage (486784K) : Executing rule M1Fil.a2
2026-10-08 20:00:16 +0200: Memory Usage (487040K) : Executing rule M2Fil.c
2026-10-08 20:00:16 +0200: Memory Usage (487168K) : Executing rule M2Fil.a2
2026-10-08 20:00:16 +0200: Memory Usage (487296K) : Executing rule M3Fil.c
2026-10-08 20:00:16 +0200: Memory Usage (487424K) : Executing rule M3Fil.a2
2026-10-08 20:00:16 +0200: Memory Usage (487552K) : Executing rule M4Fil.c
2026-10-08 20:00:16 +0200: Memory Usage (487680K) : Executing rule M4Fil.a2
2026-10-08 20:00:16 +0200: Memory Usage (487808K) : Starting 5.19. Via1 table
2026-10-08 20:00:16 +0200: Memory Usage (487808K) : Starting 5.19. Via1 table derivations
2026-10-08 20:00:16 +0200: Memory Usage (487936K) : Executing rule V1.a
2026-10-08 20:00:16 +0200: Memory Usage (488192K) : Executing rule V1.b
2026-10-08 20:00:16 +0200: Memory Usage (488320K) : Executing rule V1.c
2026-10-08 20:00:16 +0200: Memory Usage (488320K) : Starting 5.20. Vian table
2026-10-08 20:00:16 +0200: Memory Usage (488320K) : Executing rule V2.a
2026-10-08 20:00:16 +0200: Memory Usage (488320K) : Executing rule V2.b
2026-10-08 20:00:16 +0200: Memory Usage (488320K) : Executing rule V2.c
2026-10-08 20:00:16 +0200: Memory Usage (488320K) : Executing rule V3.a
2026-10-08 20:00:16 +0200: Memory Usage (488320K) : Executing rule V3.b
2026-10-08 20:00:16 +0200: Memory Usage (488320K) : Executing rule V3.c
2026-10-08 20:00:16 +0200: Memory Usage (488320K) : Starting 5.21. TopVia1 table
2026-10-08 20:00:16 +0200: Memory Usage (488320K) : Executing rule TV1.a
2026-10-08 20:00:16 +0200: Memory Usage (488320K) : Executing rule TV1.b
2026-10-08 20:00:16 +0200: Memory Usage (488320K) : Executing rule TV1.c
2026-10-08 20:00:16 +0200: Memory Usage (488320K) : Executing rule TV1.d
2026-10-08 20:00:16 +0200: Memory Usage (488320K) : Starting 5.22. TopMetal1 table
2026-10-08 20:00:16 +0200: Memory Usage (488320K) : Executing rule TM1.a
2026-10-08 20:00:16 +0200: Memory Usage (488320K) : Executing rule TM1.b
2026-10-08 20:00:16 +0200: Memory Usage (488320K) : Starting 5.23 TopMetal1:filler table
2026-10-08 20:00:16 +0200: Memory Usage (488320K) : Executing rule TM1Fil.c
2026-10-08 20:00:16 +0200: Memory Usage (488320K) : Executing rule TM1Fil.a1
2026-10-08 20:00:16 +0200: Memory Usage (488320K) : Starting 5.27. Passiv table
2026-10-08 20:00:16 +0200: Memory Usage (488320K) : Executing rule Pas.a
2026-10-08 20:00:16 +0200: Memory Usage (488320K) : Executing rule Pas.b
2026-10-08 20:00:16 +0200: Memory Usage (488320K) : Executing rule Pas.c
2026-10-08 20:00:16 +0200: Memory Usage (488320K) : Starting 6.9 Pad table
2026-10-08 20:00:16 +0200: Memory Usage (488320K) : Executing rule Pad.m
2026-10-08 20:00:16 +0200: Memory Usage (488320K) : Executing rule Pad.fR_M1
2026-10-08 20:00:16 +0200: Memory Usage (488320K) : Executing rule Pad.fR_M2
2026-10-08 20:00:16 +0200: Memory Usage (488320K) : Executing rule Pad.fR_M3
2026-10-08 20:00:16 +0200: Memory Usage (488320K) : Executing rule Pad.fR_M4
2026-10-08 20:00:16 +0200: Memory Usage (488320K) : Executing rule Pad.fR_TM1
2026-10-08 20:00:16 +0200: Memory Usage (488320K) : Executing rule Pad.i
2026-10-08 20:00:16 +0200: Memory Usage (488320K) : Starting 6.10 Sealring table
2026-10-08 20:00:16 +0200: Memory Usage (488320K) : Executing rule Seal.l
2026-10-08 20:00:16 +0200: Memory Usage (488320K) : Executing rule Seal.n
2026-10-08 20:00:16 +0200: Memory Usage (488320K) : Executing rule seal.b_metal1
2026-10-08 20:00:16 +0200: Memory Usage (488320K) : Executing rule seal.b_metal2
2026-10-08 20:00:16 +0200: Memory Usage (488320K) : Executing rule seal.b_metal3
2026-10-08 20:00:16 +0200: Memory Usage (488320K) : Executing rule seal.b_metal4
2026-10-08 20:00:16 +0200: Memory Usage (488320K) : Executing rule seal.b_topmetal1
2026-10-08 20:00:16 +0200: Memory Usage (488320K) : Executing rule seal.b_activ
2026-10-08 20:00:16 +0200: Memory Usage (488320K) : Executing rule seal.b_psd
2026-10-08 20:00:16 +0200: Memory Usage (488320K) : Executing rule Seal.k
2026-10-08 20:00:16 +0200: Memory Usage (488320K) : Executing rule Seal.m
2026-10-08 20:00:16 +0200: Memory Usage (488320K) : Starting 7.3 Metal Slits table
2026-10-08 20:00:16 +0200: Memory Usage (488320K) : Executing rule Slt.e1_M1
2026-10-08 20:00:16 +0200: Memory Usage (488320K) : Executing rule Slt.e1_M2
2026-10-08 20:00:16 +0200: Memory Usage (488320K) : Executing rule Slt.e1_M3
2026-10-08 20:00:16 +0200: Memory Usage (488320K) : Executing rule Slt.e1_M4
2026-10-08 20:00:16 +0200: Memory Usage (488320K) : Executing rule Slt.e1_TM1
2026-10-08 20:00:16 +0200: Memory Usage (488320K) : Starting 9.1. LBE table
2026-10-08 20:00:16 +0200: Memory Usage (488320K) : Executing rule LBE.a
2026-10-08 20:00:16 +0200: Memory Usage (488320K) : Executing rule LBE.b
2026-10-08 20:00:16 +0200: Memory Usage (488320K) : Executing rule LBE.b1
2026-10-08 20:00:16 +0200: Memory Usage (488320K) : Executing rule LBE.c
2026-10-08 20:00:16 +0200: Memory Usage (488320K) : Executing rule LBE.d
2026-10-08 20:00:16 +0200: Memory Usage (488320K) : Executing rule LBE.h
2026-10-08 20:00:16 +0200: Memory Usage (488320K) : Starting 7.4. PIN table
2026-10-08 20:00:16 +0200: Memory Usage (488320K) : Executing rule Pin.a
2026-10-08 20:00:16 +0200: Memory Usage (488320K) : Executing rule Pin.b
2026-10-08 20:00:16 +0200: Memory Usage (488320K) : Executing rule Pin.e
2026-10-08 20:00:16 +0200: Memory Usage (488320K) : Executing rule Pin.f_M2
2026-10-08 20:00:16 +0200: Memory Usage (488320K) : Executing rule Pin.f_M3
2026-10-08 20:00:16 +0200: Memory Usage (488320K) : Executing rule Pin.f_M4
2026-10-08 20:00:16 +0200: Memory Usage (488320K) : Executing rule Pin.g
2026-10-08 20:00:16 +0200: Memory Usage (488320K) : Starting 3.1. offgrid table
2026-10-08 20:00:16 +0200: Memory Usage (488320K) : Executing rule activ_drw_Offgrid
2026-10-08 20:00:16 +0200: Memory Usage (488320K) : Executing rule activ_pin_Offgrid
2026-10-08 20:00:16 +0200: Memory Usage (488320K) : Executing rule activ_mask_Offgrid
2026-10-08 20:00:16 +0200: Memory Usage (488320K) : Executing rule activ_filler_Offgrid
2026-10-08 20:00:16 +0200: Memory Usage (488320K) : Executing rule activ_nofill_Offgrid
2026-10-08 20:00:16 +0200: Memory Usage (488320K) : Executing rule activ_opc_Offgrid
2026-10-08 20:00:16 +0200: Memory Usage (488320K) : Executing rule activ_iopc_Offgrid
2026-10-08 20:00:16 +0200: Memory Usage (488320K) : Executing rule activ_noqrc_Offgrid
2026-10-08 20:00:16 +0200: Memory Usage (488320K) : Executing rule gatpoly_drw_Offgrid
2026-10-08 20:00:16 +0200: Memory Usage (488320K) : Executing rule gatpoly_pin_Offgrid
2026-10-08 20:00:16 +0200: Memory Usage (488320K) : Executing rule gatpoly_filler_Offgrid
2026-10-08 20:00:16 +0200: Memory Usage (488320K) : Executing rule gatpoly_nofill_Offgrid
2026-10-08 20:00:16 +0200: Memory Usage (488320K) : Executing rule gatpoly_opc_Offgrid
2026-10-08 20:00:16 +0200: Memory Usage (488320K) : Executing rule gatpoly_iopc_Offgrid
2026-10-08 20:00:16 +0200: Memory Usage (488320K) : Executing rule gatpoly_noqrc_Offgrid
2026-10-08 20:00:16 +0200: Memory Usage (488320K) : Executing rule cont_drw_Offgrid
2026-10-08 20:00:16 +0200: Memory Usage (488496K) : Executing rule cont_opc_Offgrid
2026-10-08 20:00:16 +0200: Memory Usage (488496K) : Executing rule nsd_drw_Offgrid
2026-10-08 20:00:16 +0200: Memory Usage (488496K) : Executing rule nsd_block_Offgrid
2026-10-08 20:00:16 +0200: Memory Usage (488496K) : Executing rule metal1_drw_Offgrid
2026-10-08 20:00:16 +0200: Memory Usage (488496K) : Executing rule metal1_pin_Offgrid
2026-10-08 20:00:16 +0200: Memory Usage (488496K) : Executing rule metal1_mask_Offgrid
2026-10-08 20:00:16 +0200: Memory Usage (488496K) : Executing rule metal1_filler_Offgrid
2026-10-08 20:00:16 +0200: Memory Usage (488496K) : Executing rule metal1_nofill_Offgrid
2026-10-08 20:00:16 +0200: Memory Usage (488496K) : Executing rule metal1_slit_Offgrid
2026-10-08 20:00:16 +0200: Memory Usage (488496K) : Executing rule metal1_opc_Offgrid
2026-10-08 20:00:16 +0200: Memory Usage (488496K) : Executing rule metal1_noqrc_Offgrid
2026-10-08 20:00:16 +0200: Memory Usage (488496K) : Executing rule metal1_res_Offgrid
2026-10-08 20:00:16 +0200: Memory Usage (488496K) : Executing rule metal1_iprobe_Offgrid
2026-10-08 20:00:16 +0200: Memory Usage (488496K) : Executing rule metal1_diffprb_Offgrid
2026-10-08 20:00:16 +0200: Memory Usage (488496K) : Executing rule passiv_drw_Offgrid
2026-10-08 20:00:16 +0200: Memory Usage (488496K) : Executing rule passiv_pin_Offgrid
2026-10-08 20:00:16 +0200: Memory Usage (488496K) : Executing rule passiv_pillar_Offgrid
2026-10-08 20:00:16 +0200: Memory Usage (488496K) : Executing rule passiv_sbump_Offgrid
2026-10-08 20:00:16 +0200: Memory Usage (488496K) : Executing rule passiv_pdl_Offgrid
2026-10-08 20:00:16 +0200: Memory Usage (488496K) : Executing rule metal2_drw_Offgrid
2026-10-08 20:00:16 +0200: Memory Usage (488496K) : Executing rule metal2_pin_Offgrid
2026-10-08 20:00:16 +0200: Memory Usage (488496K) : Executing rule metal2_mask_Offgrid
2026-10-08 20:00:16 +0200: Memory Usage (488496K) : Executing rule metal2_filler_Offgrid
2026-10-08 20:00:16 +0200: Memory Usage (488496K) : Executing rule metal2_nofill_Offgrid
2026-10-08 20:00:16 +0200: Memory Usage (488496K) : Executing rule metal2_slit_Offgrid
2026-10-08 20:00:16 +0200: Memory Usage (488496K) : Executing rule metal2_opc_Offgrid
2026-10-08 20:00:16 +0200: Memory Usage (488496K) : Executing rule metal2_noqrc_Offgrid
2026-10-08 20:00:16 +0200: Memory Usage (488496K) : Executing rule metal2_res_Offgrid
2026-10-08 20:00:16 +0200: Memory Usage (488496K) : Executing rule metal2_iprobe_Offgrid
2026-10-08 20:00:16 +0200: Memory Usage (488496K) : Executing rule metal2_diffprb_Offgrid
2026-10-08 20:00:16 +0200: Memory Usage (488496K) : Executing rule psd_drw_Offgrid
2026-10-08 20:00:16 +0200: Memory Usage (488496K) : Executing rule via1_drw_Offgrid
2026-10-08 20:00:16 +0200: Memory Usage (488496K) : Executing rule salblock_drw_Offgrid
2026-10-08 20:00:16 +0200: Memory Usage (488496K) : Executing rule via2_drw_Offgrid
2026-10-08 20:00:16 +0200: Memory Usage (488496K) : Executing rule metal3_drw_Offgrid
2026-10-08 20:00:16 +0200: Memory Usage (488496K) : Executing rule metal3_pin_Offgrid
2026-10-08 20:00:16 +0200: Memory Usage (488496K) : Executing rule metal3_mask_Offgrid
2026-10-08 20:00:16 +0200: Memory Usage (488496K) : Executing rule metal3_filler_Offgrid
2026-10-08 20:00:16 +0200: Memory Usage (488496K) : Executing rule metal3_nofill_Offgrid
2026-10-08 20:00:16 +0200: Memory Usage (488496K) : Executing rule metal3_slit_Offgrid
2026-10-08 20:00:16 +0200: Memory Usage (488496K) : Executing rule metal3_opc_Offgrid
2026-10-08 20:00:16 +0200: Memory Usage (488496K) : Executing rule metal3_noqrc_Offgrid
2026-10-08 20:00:16 +0200: Memory Usage (488496K) : Executing rule metal3_res_Offgrid
2026-10-08 20:00:16 +0200: Memory Usage (488496K) : Executing rule metal3_iprobe_Offgrid
2026-10-08 20:00:16 +0200: Memory Usage (488496K) : Executing rule metal3_diffprb_Offgrid
2026-10-08 20:00:16 +0200: Memory Usage (488496K) : Executing rule nwell_drw_Offgrid
2026-10-08 20:00:16 +0200: Memory Usage (488496K) : Executing rule nwell_pin_Offgrid
2026-10-08 20:00:16 +0200: Memory Usage (488496K) : Executing rule pwell_drw_Offgrid
2026-10-08 20:00:16 +0200: Memory Usage (488496K) : Executing rule pwell_pin_Offgrid
2026-10-08 20:00:16 +0200: Memory Usage (488496K) : Executing rule pwell_block_Offgrid
2026-10-08 20:00:16 +0200: Memory Usage (488496K) : Executing rule substrate_drw_Offgrid
2026-10-08 20:00:16 +0200: Memory Usage (488496K) : Executing rule via3_drw_Offgrid
2026-10-08 20:00:16 +0200: Memory Usage (488496K) : Executing rule metal4_drw_Offgrid
2026-10-08 20:00:16 +0200: Memory Usage (488496K) : Executing rule metal4_pin_Offgrid
2026-10-08 20:00:16 +0200: Memory Usage (488496K) : Executing rule metal4_mask_Offgrid
2026-10-08 20:00:16 +0200: Memory Usage (488496K) : Executing rule metal4_filler_Offgrid
2026-10-08 20:00:16 +0200: Memory Usage (488752K) : Executing rule metal4_nofill_Offgrid
2026-10-08 20:00:16 +0200: Memory Usage (489008K) : Executing rule metal4_slit_Offgrid
2026-10-08 20:00:16 +0200: Memory Usage (489008K) : Executing rule metal4_opc_Offgrid
2026-10-08 20:00:16 +0200: Memory Usage (489008K) : Executing rule metal4_noqrc_Offgrid
2026-10-08 20:00:17 +0200: Memory Usage (489008K) : Executing rule metal4_res_Offgrid
2026-10-08 20:00:17 +0200: Memory Usage (489008K) : Executing rule metal4_iprobe_Offgrid
2026-10-08 20:00:17 +0200: Memory Usage (489008K) : Executing rule metal4_diffprb_Offgrid
2026-10-08 20:00:17 +0200: Memory Usage (489008K) : Executing rule topvia1_drw_Offgrid
2026-10-08 20:00:17 +0200: Memory Usage (489008K) : Executing rule topmetal1_drw_Offgrid
2026-10-08 20:00:17 +0200: Memory Usage (489008K) : Executing rule topmetal1_pin_Offgrid
2026-10-08 20:00:17 +0200: Memory Usage (489008K) : Executing rule topmetal1_mask_Offgrid
2026-10-08 20:00:17 +0200: Memory Usage (489008K) : Executing rule topmetal1_filler_Offgrid
2026-10-08 20:00:17 +0200: Memory Usage (489008K) : Executing rule topmetal1_nofill_Offgrid
2026-10-08 20:00:17 +0200: Memory Usage (489008K) : Executing rule topmetal1_slit_Offgrid
2026-10-08 20:00:17 +0200: Memory Usage (489008K) : Executing rule topmetal1_noqrc_Offgrid
2026-10-08 20:00:17 +0200: Memory Usage (489008K) : Executing rule topmetal1_res_Offgrid
2026-10-08 20:00:17 +0200: Memory Usage (489008K) : Executing rule topmetal1_iprobe_Offgrid
2026-10-08 20:00:17 +0200: Memory Usage (489008K) : Executing rule topmetal1_diffprb_Offgrid
2026-10-08 20:00:17 +0200: Memory Usage (489008K) : Executing rule thickgateox_drw_Offgrid
2026-10-08 20:00:17 +0200: Memory Usage (489008K) : Executing rule polyres_drw_Offgrid
2026-10-08 20:00:17 +0200: Memory Usage (489008K) : Executing rule polyres_pin_Offgrid
2026-10-08 20:00:17 +0200: Memory Usage (489008K) : Executing rule antmetal1_drw_Offgrid
2026-10-08 20:00:17 +0200: Memory Usage (489008K) : Executing rule thinfilmres_drw_Offgrid
2026-10-08 20:00:17 +0200: Memory Usage (489008K) : Executing rule lbe_drw_Offgrid
2026-10-08 20:00:17 +0200: Memory Usage (489008K) : Executing rule prboundary_drw_Offgrid
2026-10-08 20:00:17 +0200: Memory Usage (489008K) : Starting 3.2. angle table
2026-10-08 20:00:17 +0200: Memory Usage (489008K) : Executing rule activ_drw_Acute
2026-10-08 20:00:17 +0200: Memory Usage (489008K) : Executing rule activ_pin_Acute
2026-10-08 20:00:17 +0200: Memory Usage (489008K) : Executing rule activ_mask_Acute
2026-10-08 20:00:17 +0200: Memory Usage (489008K) : Executing rule activ_filler_Acute
2026-10-08 20:00:17 +0200: Memory Usage (489008K) : Executing rule activ_nofill_Acute
2026-10-08 20:00:17 +0200: Memory Usage (489008K) : Executing rule activ_opc_Acute
2026-10-08 20:00:17 +0200: Memory Usage (489008K) : Executing rule activ_iopc_Acute
2026-10-08 20:00:17 +0200: Memory Usage (489008K) : Executing rule activ_noqrc_Acute
2026-10-08 20:00:17 +0200: Memory Usage (489008K) : Executing rule gatpoly_drw_Acute
2026-10-08 20:00:17 +0200: Memory Usage (489008K) : Executing rule gatpoly_pin_Acute
2026-10-08 20:00:17 +0200: Memory Usage (489008K) : Executing rule gatpoly_filler_Acute
2026-10-08 20:00:17 +0200: Memory Usage (489008K) : Executing rule gatpoly_nofill_Acute
2026-10-08 20:00:17 +0200: Memory Usage (489008K) : Executing rule gatpoly_opc_Acute
2026-10-08 20:00:17 +0200: Memory Usage (489008K) : Executing rule gatpoly_iopc_Acute
2026-10-08 20:00:17 +0200: Memory Usage (489008K) : Executing rule gatpoly_noqrc_Acute
2026-10-08 20:00:17 +0200: Memory Usage (489008K) : Executing rule cont_drw_Acute
2026-10-08 20:00:17 +0200: Memory Usage (489008K) : Executing rule cont_opc_Acute
2026-10-08 20:00:17 +0200: Memory Usage (489008K) : Executing rule nsd_drw_Acute
2026-10-08 20:00:17 +0200: Memory Usage (489008K) : Executing rule nsd_block_Acute
2026-10-08 20:00:17 +0200: Memory Usage (489008K) : Executing rule metal1_drw_Acute
2026-10-08 20:00:17 +0200: Memory Usage (489008K) : Executing rule metal1_pin_Acute
2026-10-08 20:00:17 +0200: Memory Usage (489008K) : Executing rule metal1_mask_Acute
2026-10-08 20:00:17 +0200: Memory Usage (489008K) : Executing rule metal1_filler_Acute
2026-10-08 20:00:17 +0200: Memory Usage (489008K) : Executing rule metal1_nofill_Acute
2026-10-08 20:00:17 +0200: Memory Usage (489008K) : Executing rule metal1_slit_Acute
2026-10-08 20:00:17 +0200: Memory Usage (489008K) : Executing rule metal1_opc_Acute
2026-10-08 20:00:17 +0200: Memory Usage (489008K) : Executing rule metal1_noqrc_Acute
2026-10-08 20:00:17 +0200: Memory Usage (489008K) : Executing rule metal1_res_Acute
2026-10-08 20:00:17 +0200: Memory Usage (489008K) : Executing rule metal1_iprobe_Acute
2026-10-08 20:00:17 +0200: Memory Usage (489008K) : Executing rule metal1_diffprb_Acute
2026-10-08 20:00:17 +0200: Memory Usage (489008K) : Executing rule passiv_drw_Acute
2026-10-08 20:00:17 +0200: Memory Usage (489008K) : Executing rule passiv_pin_Acute
2026-10-08 20:00:17 +0200: Memory Usage (489008K) : Executing rule passiv_pillar_Acute
2026-10-08 20:00:17 +0200: Memory Usage (489008K) : Executing rule passiv_sbump_Acute
2026-10-08 20:00:17 +0200: Memory Usage (489008K) : Executing rule passiv_pdl_Acute
2026-10-08 20:00:17 +0200: Memory Usage (489008K) : Executing rule metal2_drw_Acute
2026-10-08 20:00:17 +0200: Memory Usage (489008K) : Executing rule metal2_pin_Acute
2026-10-08 20:00:17 +0200: Memory Usage (489008K) : Executing rule metal2_mask_Acute
2026-10-08 20:00:17 +0200: Memory Usage (489008K) : Executing rule metal2_filler_Acute
2026-10-08 20:00:17 +0200: Memory Usage (489008K) : Executing rule metal2_nofill_Acute
2026-10-08 20:00:17 +0200: Memory Usage (489008K) : Executing rule metal2_slit_Acute
2026-10-08 20:00:17 +0200: Memory Usage (489008K) : Executing rule metal2_opc_Acute
2026-10-08 20:00:17 +0200: Memory Usage (489008K) : Executing rule metal2_noqrc_Acute
2026-10-08 20:00:17 +0200: Memory Usage (489008K) : Executing rule metal2_res_Acute
2026-10-08 20:00:17 +0200: Memory Usage (489008K) : Executing rule metal2_iprobe_Acute
2026-10-08 20:00:17 +0200: Memory Usage (489008K) : Executing rule metal2_diffprb_Acute
2026-10-08 20:00:17 +0200: Memory Usage (489008K) : Executing rule psd_drw_Acute
2026-10-08 20:00:17 +0200: Memory Usage (489008K) : Executing rule via1_drw_Acute
2026-10-08 20:00:17 +0200: Memory Usage (489008K) : Executing rule salblock_drw_Acute
2026-10-08 20:00:17 +0200: Memory Usage (489008K) : Executing rule via2_drw_Acute
2026-10-08 20:00:17 +0200: Memory Usage (489008K) : Executing rule metal3_drw_Acute
2026-10-08 20:00:17 +0200: Memory Usage (489008K) : Executing rule metal3_pin_Acute
2026-10-08 20:00:17 +0200: Memory Usage (489008K) : Executing rule metal3_mask_Acute
2026-10-08 20:00:17 +0200: Memory Usage (489008K) : Executing rule metal3_filler_Acute
2026-10-08 20:00:17 +0200: Memory Usage (489008K) : Executing rule metal3_nofill_Acute
2026-10-08 20:00:17 +0200: Memory Usage (489008K) : Executing rule metal3_slit_Acute
2026-10-08 20:00:17 +0200: Memory Usage (489008K) : Executing rule metal3_opc_Acute
2026-10-08 20:00:17 +0200: Memory Usage (489008K) : Executing rule metal3_noqrc_Acute
2026-10-08 20:00:17 +0200: Memory Usage (489008K) : Executing rule metal3_res_Acute
2026-10-08 20:00:17 +0200: Memory Usage (489008K) : Executing rule metal3_iprobe_Acute
2026-10-08 20:00:17 +0200: Memory Usage (489008K) : Executing rule metal3_diffprb_Acute
2026-10-08 20:00:17 +0200: Memory Usage (489008K) : Executing rule nwell_drw_Acute
2026-10-08 20:00:17 +0200: Memory Usage (489008K) : Executing rule nwell_pin_Acute
2026-10-08 20:00:17 +0200: Memory Usage (489008K) : Executing rule pwell_drw_Acute
2026-10-08 20:00:17 +0200: Memory Usage (489008K) : Executing rule pwell_pin_Acute
2026-10-08 20:00:17 +0200: Memory Usage (489008K) : Executing rule pwell_block_Acute
2026-10-08 20:00:17 +0200: Memory Usage (489008K) : Executing rule substrate_drw_Acute
2026-10-08 20:00:17 +0200: Memory Usage (489008K) : Executing rule via3_drw_Acute
2026-10-08 20:00:17 +0200: Memory Usage (489008K) : Executing rule metal4_drw_Acute
2026-10-08 20:00:17 +0200: Memory Usage (489008K) : Executing rule metal4_pin_Acute
2026-10-08 20:00:17 +0200: Memory Usage (489008K) : Executing rule metal4_mask_Acute
2026-10-08 20:00:17 +0200: Memory Usage (489008K) : Executing rule metal4_filler_Acute
2026-10-08 20:00:17 +0200: Memory Usage (489008K) : Executing rule metal4_nofill_Acute
2026-10-08 20:00:17 +0200: Memory Usage (489008K) : Executing rule metal4_slit_Acute
2026-10-08 20:00:17 +0200: Memory Usage (489008K) : Executing rule metal4_opc_Acute
2026-10-08 20:00:17 +0200: Memory Usage (489008K) : Executing rule metal4_noqrc_Acute
2026-10-08 20:00:17 +0200: Memory Usage (489008K) : Executing rule metal4_res_Acute
2026-10-08 20:00:17 +0200: Memory Usage (489008K) : Executing rule metal4_iprobe_Acute
2026-10-08 20:00:17 +0200: Memory Usage (489008K) : Executing rule metal4_diffprb_Acute
2026-10-08 20:00:17 +0200: Memory Usage (489008K) : Executing rule topvia1_drw_Acute
2026-10-08 20:00:17 +0200: Memory Usage (489008K) : Executing rule topmetal1_drw_Acute
2026-10-08 20:00:17 +0200: Memory Usage (489008K) : Executing rule topmetal1_pin_Acute
2026-10-08 20:00:17 +0200: Memory Usage (489136K) : Executing rule topmetal1_mask_Acute
2026-10-08 20:00:17 +0200: Memory Usage (489136K) : Executing rule topmetal1_filler_Acute
2026-10-08 20:00:17 +0200: Memory Usage (489136K) : Executing rule topmetal1_nofill_Acute
2026-10-08 20:00:17 +0200: Memory Usage (489136K) : Executing rule topmetal1_slit_Acute
2026-10-08 20:00:17 +0200: Memory Usage (489136K) : Executing rule topmetal1_noqrc_Acute
2026-10-08 20:00:17 +0200: Memory Usage (489136K) : Executing rule topmetal1_res_Acute
2026-10-08 20:00:17 +0200: Memory Usage (489136K) : Executing rule topmetal1_iprobe_Acute
2026-10-08 20:00:17 +0200: Memory Usage (489136K) : Executing rule topmetal1_diffprb_Acute
2026-10-08 20:00:17 +0200: Memory Usage (489136K) : Executing rule thickgateox_drw_Acute
2026-10-08 20:00:17 +0200: Memory Usage (489136K) : Executing rule polyres_drw_Acute
2026-10-08 20:00:17 +0200: Memory Usage (489136K) : Executing rule polyres_pin_Acute
2026-10-08 20:00:17 +0200: Memory Usage (489136K) : Executing rule antmetal1_drw_Acute
2026-10-08 20:00:17 +0200: Memory Usage (489136K) : Executing rule thinfilmres_drw_Acute
2026-10-08 20:00:17 +0200: Memory Usage (489136K) : Executing rule lbe_drw_Acute
2026-10-08 20:00:17 +0200: Memory Usage (489136K) : Executing rule prboundary_drw_Acute
2026-10-08 20:00:17 +0200: Memory Usage (489136K) : Executing rule cont_drw_Angle90
2026-10-08 20:00:17 +0200: Memory Usage (489136K) : Executing rule via1_drw_Angle90
2026-10-08 20:00:17 +0200: Memory Usage (489136K) : Executing rule via2_drw_Angle90
2026-10-08 20:00:17 +0200: Memory Usage (489136K) : Executing rule via3_drw_Angle90
2026-10-08 20:00:17 +0200: Memory Usage (489136K) : Executing rule topvia1_drw_Angle90
2026-10-08 20:00:17 +0200: Memory Usage (489136K) : Executing rule gatpoly_drw_Angle45
2026-10-08 20:00:17 +0200: Memory Usage (489264K) : Executing rule activ_drw_Angle45
2026-10-08 20:00:17 +0200: Memory Usage (489264K) : Executing rule metal1_drw_Angle45
2026-10-08 20:00:17 +0200: Memory Usage (489440K) : Executing rule metal2_drw_Angle45
2026-10-08 20:00:17 +0200: Memory Usage (489440K) : Executing rule metal3_drw_Angle45
2026-10-08 20:00:17 +0200: Memory Usage (489440K) : Executing rule metal4_drw_Angle45
2026-10-08 20:00:17 +0200: Memory Usage (489440K) : Executing rule topmetal1_drw_Angle45
2026-10-08 20:00:17 +0200: Memory Usage (489440K) : Starting 3.2. FORBIDDEN table
2026-10-08 20:00:17 +0200: Memory Usage (489440K) : Executing rule forbidden.biwind
2026-10-08 20:00:17 +0200: Memory Usage (489440K) : Executing rule forbidden.pemwind
2026-10-08 20:00:17 +0200: Memory Usage (489440K) : Executing rule forbidden.baspoly
2026-10-08 20:00:17 +0200: Memory Usage (489440K) : Executing rule forbidden.deepco
2026-10-08 20:00:17 +0200: Memory Usage (489440K) : Executing rule forbidden.pempoly
2026-10-08 20:00:17 +0200: Memory Usage (489440K) : Executing rule forbidden.empoly
2026-10-08 20:00:17 +0200: Memory Usage (489440K) : Executing rule forbidden.ldmos
2026-10-08 20:00:17 +0200: Memory Usage (489440K) : Executing rule forbidden.pbiwind
2026-10-08 20:00:17 +0200: Memory Usage (489440K) : Executing rule forbidden.nodrc
2026-10-08 20:00:17 +0200: Memory Usage (489440K) : Executing rule forbidden.flash
2026-10-08 20:00:17 +0200: Memory Usage (489440K) : Executing rule forbidden.colwind
2026-10-08 20:00:17 +0200: Memory Usage (489440K) : Starting 3.2. CMOS5L FORBIDDEN layers check
2026-10-08 20:00:17 +0200: Memory Usage (489440K) : Executing rule CMOS5L.FORB.Metal5
2026-10-08 20:00:17 +0200: Memory Usage (489440K) : Executing rule CMOS5L.FORB.Metal5.filler
2026-10-08 20:00:17 +0200: Memory Usage (489440K) : Executing rule CMOS5L.FORB.Via4
2026-10-08 20:00:17 +0200: Memory Usage (489440K) : Executing rule CMOS5L.FORB.TopMetal2
2026-10-08 20:00:17 +0200: Memory Usage (489440K) : Executing rule CMOS5L.FORB.TopMetal2.filler
2026-10-08 20:00:17 +0200: Memory Usage (489440K) : Executing rule CMOS5L.FORB.TopVia2
2026-10-08 20:00:17 +0200: Memory Usage (489440K) : Executing rule CMOS5L.FORB.TRANS
2026-10-08 20:00:17 +0200: Memory Usage (489440K) : Executing rule CMOS5L.FORB.nBuLay
2026-10-08 20:00:17 +0200: Memory Usage (489440K) : Executing rule CMOS5L.FORB.MIM
2026-10-08 20:00:17 +0200: Memory Usage (489440K) : Executing rule CMOS5L.FORB.Vmim
2026-10-08 20:00:17 +0200: Memory Usage (489440K) : KLayout DRC run for tables 'main' completed in 1.52 seconds
