# Logfile created on 2026-08-29 20:38:39 +0200 by logger.rb/v1.5.3
2026-08-29 20:38:39 +0200: Memory Usage (457404K) : Starting running SG13CMOS5L Klayout LVS runset on /foss/designs/CHIP-PLL/layout/PFD/PFD_buffor.gds
2026-08-29 20:38:39 +0200: Memory Usage (457404K) : Ruby Version for klayout: 3.2.3
2026-08-29 20:38:39 +0200: Memory Usage (458720K) : Loading database to memory is complete.
2026-08-29 20:38:39 +0200: Memory Usage (458720K) : SG13CMOS5L Klayout LVS runset output at: /foss/designs/CHIP-PLL/layout/PFD/lvs_run_PFD_buffor_2026_08_29_20_38_36/PFD_buffor.lvsdb
2026-08-29 20:38:39 +0200: Memory Usage (458720K) : Evaluate switches.
2026-08-29 20:38:39 +0200: Memory Usage (458720K) : Extracted netlist with net names: true
2026-08-29 20:38:39 +0200: Memory Usage (458720K) : Extracted netlist with comments in details: false
2026-08-29 20:38:39 +0200: Memory Usage (458720K) : Selected NET_ONLY option: false
2026-08-29 20:38:39 +0200: Memory Usage (458720K) : Selected LAYOUT_NETLIST option: (none)
2026-08-29 20:38:39 +0200: Memory Usage (458720K) : Selected IGNORE_TOP_PORTS_MISMATCH option: 
2026-08-29 20:38:39 +0200: Memory Usage (458720K) : Selected IMPLICIT_NETS option: (none)
2026-08-29 20:38:39 +0200: Memory Usage (458720K) : Selected TOP_LVL_PINS option: false
2026-08-29 20:38:39 +0200: Memory Usage (458720K) : Selected COMBINE DEVICES option: false
2026-08-29 20:38:39 +0200: Memory Usage (458720K) : Selected PURGE option: false
2026-08-29 20:38:39 +0200: Memory Usage (458720K) : Selected PURGE_NETS option: false
2026-08-29 20:38:39 +0200: Memory Usage (458720K) : Selected SIMPLIFY option: true
2026-08-29 20:38:39 +0200: Memory Usage (458720K) : Selected SERIES_RES option: true
2026-08-29 20:38:39 +0200: Memory Usage (458720K) : Selected PARALLEL_RES option: true
2026-08-29 20:38:39 +0200: Memory Usage (458720K) : Selected DISABLE_TAP_EXTRACTION option: true
2026-08-29 20:38:39 +0200: Memory Usage (458720K) : deep  mode is enabled.
2026-08-29 20:38:39 +0200: Memory Usage (458976K) : Netlist file: /foss/designs/CHIP-PLL/schematics/PFD/simulations/PFD_buffor.spice
2026-08-29 20:38:39 +0200: Memory Usage (458976K) : LVS extracted netlist at: /foss/designs/CHIP-PLL/layout/PFD/lvs_run_PFD_buffor_2026_08_29_20_38_36/PFD_buffor_extracted.cir
2026-08-29 20:38:39 +0200: Memory Usage (458976K) : Applying SRAM integration support.
2026-08-29 20:38:39 +0200: Memory Usage (458976K) : Starting SG13CMOS5L LVS runset
2026-08-29 20:38:39 +0200: Memory Usage (458976K) : Read in polygons from layers.
2026-08-29 20:38:39 +0200: Memory Usage (459996K) : activ_drw has 14 polygons
2026-08-29 20:38:39 +0200: Memory Usage (459996K) : activ_filler has 0 polygons
2026-08-29 20:38:39 +0200: Memory Usage (460180K) : activ has 14 polygons
2026-08-29 20:38:39 +0200: Memory Usage (460180K) : activ_pin has 0 polygons
2026-08-29 20:38:39 +0200: Memory Usage (460180K) : activ_mask has 0 polygons
2026-08-29 20:38:39 +0200: Memory Usage (460180K) : activ_nofill has 0 polygons
2026-08-29 20:38:39 +0200: Memory Usage (460180K) : activ_OPC has 0 polygons
2026-08-29 20:38:39 +0200: Memory Usage (460180K) : activ_iOPC has 0 polygons
2026-08-29 20:38:39 +0200: Memory Usage (460180K) : activ_noqrc has 0 polygons
2026-08-29 20:38:39 +0200: Memory Usage (460180K) : biwind_drw has 0 polygons
2026-08-29 20:38:39 +0200: Memory Usage (460180K) : biwind_OPC has 0 polygons
2026-08-29 20:38:39 +0200: Memory Usage (460180K) : gatpoly_drw has 10 polygons
2026-08-29 20:38:39 +0200: Memory Usage (460180K) : gatpoly_filler has 0 polygons
2026-08-29 20:38:39 +0200: Memory Usage (460180K) : gatpoly has 10 polygons
2026-08-29 20:38:39 +0200: Memory Usage (460180K) : gatpoly_pin has 2 polygons
2026-08-29 20:38:39 +0200: Memory Usage (460180K) : gatpoly_nofill has 0 polygons
2026-08-29 20:38:39 +0200: Memory Usage (460180K) : gatpoly_OPC has 0 polygons
2026-08-29 20:38:39 +0200: Memory Usage (460180K) : gatpoly_iOPC has 0 polygons
2026-08-29 20:38:39 +0200: Memory Usage (460180K) : gatpoly_noqrc has 0 polygons
2026-08-29 20:38:39 +0200: Memory Usage (460180K) : cont_drw has 36 polygons
2026-08-29 20:38:39 +0200: Memory Usage (460180K) : cont_OPC has 0 polygons
2026-08-29 20:38:39 +0200: Memory Usage (460180K) : nsd_drw has 0 polygons
2026-08-29 20:38:39 +0200: Memory Usage (460180K) : nsd_block has 0 polygons
2026-08-29 20:38:39 +0200: Memory Usage (460444K) : metal1_drw has 29 polygons
2026-08-29 20:38:39 +0200: Memory Usage (460572K) : metal1_filler has 0 polygons
2026-08-29 20:38:39 +0200: Memory Usage (460572K) : metal1_slit has 0 polygons
2026-08-29 20:38:39 +0200: Memory Usage (460700K) : metal1 has 29 polygons
2026-08-29 20:38:39 +0200: Memory Usage (460828K) : metal1_pin has 9 polygons
2026-08-29 20:38:39 +0200: Memory Usage (460828K) : metal1_mask has 0 polygons
2026-08-29 20:38:39 +0200: Memory Usage (461212K) : metal1_nofill has 0 polygons
2026-08-29 20:38:39 +0200: Memory Usage (461468K) : metal1_text has 2 polygons
2026-08-29 20:38:39 +0200: Memory Usage (461596K) : metal1_OPC has 0 polygons
2026-08-29 20:38:39 +0200: Memory Usage (461596K) : metal1_noqrc has 0 polygons
2026-08-29 20:38:39 +0200: Memory Usage (461596K) : metal1_res has 0 polygons
2026-08-29 20:38:39 +0200: Memory Usage (461596K) : metal1_iprobe has 0 polygons
2026-08-29 20:38:39 +0200: Memory Usage (461724K) : metal1_diffprb has 0 polygons
2026-08-29 20:38:39 +0200: Memory Usage (461724K) : passiv_drw has 0 polygons
2026-08-29 20:38:39 +0200: Memory Usage (461724K) : passiv_pin has 0 polygons
2026-08-29 20:38:39 +0200: Memory Usage (461852K) : passiv_sbump has 0 polygons
2026-08-29 20:38:39 +0200: Memory Usage (461852K) : passiv_pillar has 0 polygons
2026-08-29 20:38:39 +0200: Memory Usage (461980K) : passiv_pdl has 0 polygons
2026-08-29 20:38:39 +0200: Memory Usage (461980K) : metal2_drw has 7 polygons
2026-08-29 20:38:39 +0200: Memory Usage (462108K) : metal2_filler has 0 polygons
2026-08-29 20:38:39 +0200: Memory Usage (462236K) : metal2_slit has 0 polygons
2026-08-29 20:38:39 +0200: Memory Usage (462364K) : metal2 has 7 polygons
2026-08-29 20:38:39 +0200: Memory Usage (462492K) : metal2_pin has 2 polygons
2026-08-29 20:38:39 +0200: Memory Usage (462492K) : metal2_mask has 0 polygons
2026-08-29 20:38:40 +0200: Memory Usage (462620K) : metal2_nofill has 0 polygons
2026-08-29 20:38:40 +0200: Memory Usage (462620K) : metal2_text has 2 polygons
2026-08-29 20:38:40 +0200: Memory Usage (462748K) : metal2_OPC has 0 polygons
2026-08-29 20:38:40 +0200: Memory Usage (462748K) : metal2_noqrc has 0 polygons
2026-08-29 20:38:40 +0200: Memory Usage (462876K) : metal2_res has 0 polygons
2026-08-29 20:38:40 +0200: Memory Usage (462876K) : metal2_iprobe has 0 polygons
2026-08-29 20:38:40 +0200: Memory Usage (463004K) : metal2_diffprb has 0 polygons
2026-08-29 20:38:40 +0200: Memory Usage (463004K) : baspoly_drw has 0 polygons
2026-08-29 20:38:40 +0200: Memory Usage (463132K) : baspoly_pin has 0 polygons
2026-08-29 20:38:40 +0200: Memory Usage (463260K) : psd_drw has 3 polygons
2026-08-29 20:38:40 +0200: Memory Usage (463260K) : nldb_drw has 0 polygons
2026-08-29 20:38:40 +0200: Memory Usage (463388K) : digibnd_drw has 0 polygons
2026-08-29 20:38:40 +0200: Memory Usage (463388K) : via1_drw has 8 polygons
2026-08-29 20:38:40 +0200: Memory Usage (463516K) : backmetal1_drw has 0 polygons
2026-08-29 20:38:40 +0200: Memory Usage (463516K) : backmetal1_pin has 0 polygons
2026-08-29 20:38:40 +0200: Memory Usage (463644K) : backmetal1_mask has 0 polygons
2026-08-29 20:38:40 +0200: Memory Usage (463772K) : backmetal1_filler has 0 polygons
2026-08-29 20:38:40 +0200: Memory Usage (463772K) : backmetal1_nofill has 0 polygons
2026-08-29 20:38:40 +0200: Memory Usage (463900K) : backmetal1_slit has 0 polygons
2026-08-29 20:38:40 +0200: Memory Usage (464028K) : backmetal1_text has 0 polygons
2026-08-29 20:38:40 +0200: Memory Usage (464028K) : backmetal1_OPC has 0 polygons
2026-08-29 20:38:40 +0200: Memory Usage (464156K) : backmetal1_noqrc has 0 polygons
2026-08-29 20:38:40 +0200: Memory Usage (464284K) : backmetal1_res has 0 polygons
2026-08-29 20:38:40 +0200: Memory Usage (464284K) : backmetal1_iprobe has 0 polygons
2026-08-29 20:38:40 +0200: Memory Usage (464412K) : backmetal1_diffprb has 0 polygons
2026-08-29 20:38:40 +0200: Memory Usage (464412K) : backpassiv_drw has 0 polygons
2026-08-29 20:38:40 +0200: Memory Usage (464540K) : res_drw has 0 polygons
2026-08-29 20:38:40 +0200: Memory Usage (464540K) : sram_drw has 0 polygons
2026-08-29 20:38:40 +0200: Memory Usage (464668K) : trans_drw has 0 polygons
2026-08-29 20:38:40 +0200: Memory Usage (464668K) : ind_drw has 0 polygons
2026-08-29 20:38:40 +0200: Memory Usage (464796K) : ind_pin has 0 polygons
2026-08-29 20:38:40 +0200: Memory Usage (464924K) : ind_text has 0 polygons
2026-08-29 20:38:40 +0200: Memory Usage (464924K) : salblock_drw has 0 polygons
2026-08-29 20:38:40 +0200: Memory Usage (465052K) : via2_drw has 0 polygons
2026-08-29 20:38:40 +0200: Memory Usage (465180K) : metal3_drw has 0 polygons
2026-08-29 20:38:40 +0200: Memory Usage (465180K) : metal3_filler has 0 polygons
2026-08-29 20:38:40 +0200: Memory Usage (465308K) : metal3_slit has 0 polygons
2026-08-29 20:38:40 +0200: Memory Usage (465436K) : metal3 has 0 polygons
2026-08-29 20:38:40 +0200: Memory Usage (465436K) : metal3_pin has 0 polygons
2026-08-29 20:38:40 +0200: Memory Usage (465564K) : metal3_mask has 0 polygons
2026-08-29 20:38:40 +0200: Memory Usage (465564K) : metal3_nofill has 0 polygons
2026-08-29 20:38:40 +0200: Memory Usage (465692K) : metal3_text has 0 polygons
2026-08-29 20:38:40 +0200: Memory Usage (465692K) : metal3_OPC has 0 polygons
2026-08-29 20:38:40 +0200: Memory Usage (465820K) : metal3_noqrc has 0 polygons
2026-08-29 20:38:40 +0200: Memory Usage (465948K) : metal3_res has 0 polygons
2026-08-29 20:38:40 +0200: Memory Usage (465948K) : metal3_iprobe has 0 polygons
2026-08-29 20:38:40 +0200: Memory Usage (466076K) : metal3_diffprb has 0 polygons
2026-08-29 20:38:40 +0200: Memory Usage (466204K) : nwell_drw has 5 polygons
2026-08-29 20:38:40 +0200: Memory Usage (466204K) : nwell_pin has 1 polygons
2026-08-29 20:38:40 +0200: Memory Usage (466332K) : nwell_text has 0 polygons
2026-08-29 20:38:40 +0200: Memory Usage (466332K) : nbulay_drw has 0 polygons
2026-08-29 20:38:40 +0200: Memory Usage (466460K) : nbulay_pin has 0 polygons
2026-08-29 20:38:40 +0200: Memory Usage (466460K) : nbulay_block has 0 polygons
2026-08-29 20:38:40 +0200: Memory Usage (466588K) : emwind_drw has 0 polygons
2026-08-29 20:38:40 +0200: Memory Usage (466588K) : emwind_OPC has 0 polygons
2026-08-29 20:38:40 +0200: Memory Usage (466588K) : deepco_drw has 0 polygons
2026-08-29 20:38:40 +0200: Memory Usage (466716K) : mim_drw has 0 polygons
2026-08-29 20:38:40 +0200: Memory Usage (466716K) : edgeseal_drw has 0 polygons
2026-08-29 20:38:40 +0200: Memory Usage (466716K) : substrate_drw has 3 polygons
2026-08-29 20:38:40 +0200: Memory Usage (466716K) : substrate_text has 0 polygons
2026-08-29 20:38:40 +0200: Memory Usage (466844K) : dfpad_drw has 0 polygons
2026-08-29 20:38:40 +0200: Memory Usage (466844K) : dfpad_pillar has 0 polygons
2026-08-29 20:38:40 +0200: Memory Usage (466844K) : dfpad_sbump has 0 polygons
2026-08-29 20:38:40 +0200: Memory Usage (466972K) : thickgateox_drw has 0 polygons
2026-08-29 20:38:40 +0200: Memory Usage (466972K) : pldb_drw has 0 polygons
2026-08-29 20:38:40 +0200: Memory Usage (466972K) : pwell_drw has 0 polygons
2026-08-29 20:38:40 +0200: Memory Usage (467100K) : pwell_pin has 0 polygons
2026-08-29 20:38:40 +0200: Memory Usage (467100K) : pwell_block has 0 polygons
2026-08-29 20:38:40 +0200: Memory Usage (467228K) : ic_drw has 0 polygons
2026-08-29 20:38:40 +0200: Memory Usage (467228K) : via3_drw has 0 polygons
2026-08-29 20:38:40 +0200: Memory Usage (467356K) : metal4_drw has 0 polygons
2026-08-29 20:38:40 +0200: Memory Usage (467356K) : metal4_filler has 0 polygons
2026-08-29 20:38:40 +0200: Memory Usage (467484K) : metal4_slit has 0 polygons
2026-08-29 20:38:40 +0200: Memory Usage (467612K) : metal4 has 0 polygons
2026-08-29 20:38:40 +0200: Memory Usage (467740K) : metal4_pin has 0 polygons
2026-08-29 20:38:40 +0200: Memory Usage (467740K) : metal4_mask has 0 polygons
2026-08-29 20:38:40 +0200: Memory Usage (467868K) : metal4_nofill has 0 polygons
2026-08-29 20:38:40 +0200: Memory Usage (467868K) : metal4_text has 0 polygons
2026-08-29 20:38:40 +0200: Memory Usage (467868K) : metal4_OPC has 0 polygons
2026-08-29 20:38:40 +0200: Memory Usage (467868K) : metal4_noqrc has 0 polygons
2026-08-29 20:38:40 +0200: Memory Usage (467868K) : metal4_res has 0 polygons
2026-08-29 20:38:40 +0200: Memory Usage (467868K) : metal4_iprobe has 0 polygons
2026-08-29 20:38:40 +0200: Memory Usage (467868K) : metal4_diffprb has 0 polygons
2026-08-29 20:38:40 +0200: Memory Usage (467868K) : heattrans_drw has 4 polygons
2026-08-29 20:38:40 +0200: Memory Usage (467868K) : heatres_drw has 0 polygons
2026-08-29 20:38:40 +0200: Memory Usage (467868K) : fbe_drw has 0 polygons
2026-08-29 20:38:40 +0200: Memory Usage (467868K) : empoly_drw has 0 polygons
2026-08-29 20:38:40 +0200: Memory Usage (467868K) : digisub_drw has 0 polygons
2026-08-29 20:38:40 +0200: Memory Usage (467868K) : text_drw has 6 polygons
2026-08-29 20:38:40 +0200: Memory Usage (467868K) : via4_drw has 0 polygons
2026-08-29 20:38:40 +0200: Memory Usage (467868K) : metal5_drw has 0 polygons
2026-08-29 20:38:40 +0200: Memory Usage (467868K) : metal5_filler has 0 polygons
2026-08-29 20:38:40 +0200: Memory Usage (467868K) : metal5_slit has 0 polygons
2026-08-29 20:38:40 +0200: Memory Usage (467868K) : metal5 has 0 polygons
2026-08-29 20:38:40 +0200: Memory Usage (467868K) : metal5_pin has 0 polygons
2026-08-29 20:38:40 +0200: Memory Usage (467868K) : metal5_mask has 0 polygons
2026-08-29 20:38:40 +0200: Memory Usage (467868K) : metal5_nofill has 0 polygons
2026-08-29 20:38:40 +0200: Memory Usage (467868K) : metal5_text has 0 polygons
2026-08-29 20:38:40 +0200: Memory Usage (467868K) : metal5_OPC has 0 polygons
2026-08-29 20:38:40 +0200: Memory Usage (467868K) : metal5_noqrc has 0 polygons
2026-08-29 20:38:40 +0200: Memory Usage (467868K) : metal5_res has 0 polygons
2026-08-29 20:38:40 +0200: Memory Usage (467868K) : metal5_iprobe has 0 polygons
2026-08-29 20:38:40 +0200: Memory Usage (467868K) : metal5_diffprb has 0 polygons
2026-08-29 20:38:40 +0200: Memory Usage (467868K) : radhard_drw has 0 polygons
2026-08-29 20:38:40 +0200: Memory Usage (467868K) : memcap_drw has 0 polygons
2026-08-29 20:38:40 +0200: Memory Usage (467868K) : varicap_drw has 0 polygons
2026-08-29 20:38:40 +0200: Memory Usage (467868K) : intbondvia_drw has 0 polygons
2026-08-29 20:38:40 +0200: Memory Usage (467868K) : intbondmet_drw has 0 polygons
2026-08-29 20:38:40 +0200: Memory Usage (467868K) : devbondvia_drw has 0 polygons
2026-08-29 20:38:40 +0200: Memory Usage (467868K) : devbondmet_drw has 0 polygons
2026-08-29 20:38:40 +0200: Memory Usage (467868K) : devtrench_drw has 0 polygons
2026-08-29 20:38:40 +0200: Memory Usage (467868K) : redist_drw has 0 polygons
2026-08-29 20:38:40 +0200: Memory Usage (467868K) : graphbot_drw has 0 polygons
2026-08-29 20:38:40 +0200: Memory Usage (467868K) : graphtop_drw has 0 polygons
2026-08-29 20:38:40 +0200: Memory Usage (467868K) : antvia1_drw has 0 polygons
2026-08-29 20:38:40 +0200: Memory Usage (467868K) : antmetal2_drw has 0 polygons
2026-08-29 20:38:40 +0200: Memory Usage (467868K) : graphcont_drw has 0 polygons
2026-08-29 20:38:40 +0200: Memory Usage (467868K) : siwg_drw has 0 polygons
2026-08-29 20:38:40 +0200: Memory Usage (467868K) : siwg_filler has 0 polygons
2026-08-29 20:38:40 +0200: Memory Usage (467868K) : siwg_nofill has 0 polygons
2026-08-29 20:38:40 +0200: Memory Usage (467868K) : sigrating_drw has 0 polygons
2026-08-29 20:38:40 +0200: Memory Usage (467868K) : singrating_drw has 0 polygons
2026-08-29 20:38:40 +0200: Memory Usage (467868K) : graphpas_drw has 0 polygons
2026-08-29 20:38:40 +0200: Memory Usage (467868K) : emwind3_drw has 0 polygons
2026-08-29 20:38:40 +0200: Memory Usage (467868K) : emwihv3_drw has 0 polygons
2026-08-29 20:38:40 +0200: Memory Usage (467868K) : redbulay_drw has 0 polygons
2026-08-29 20:38:40 +0200: Memory Usage (467868K) : smos_drw has 0 polygons
2026-08-29 20:38:40 +0200: Memory Usage (467868K) : graphpad_drw has 0 polygons
2026-08-29 20:38:40 +0200: Memory Usage (467868K) : polimide_drw has 0 polygons
2026-08-29 20:38:40 +0200: Memory Usage (467868K) : polimide_pin has 0 polygons
2026-08-29 20:38:40 +0200: Memory Usage (467868K) : recog_drw has 0 polygons
2026-08-29 20:38:40 +0200: Memory Usage (467868K) : recog_pin has 0 polygons
2026-08-29 20:38:40 +0200: Memory Usage (467868K) : recog_esd has 0 polygons
2026-08-29 20:38:40 +0200: Memory Usage (467868K) : recog_diode has 0 polygons
2026-08-29 20:38:40 +0200: Memory Usage (467868K) : recog_tsv has 0 polygons
2026-08-29 20:38:40 +0200: Memory Usage (467868K) : recog_iprobe has 0 polygons
2026-08-29 20:38:40 +0200: Memory Usage (467868K) : recog_diffprb has 0 polygons
2026-08-29 20:38:40 +0200: Memory Usage (467868K) : recog_pillar has 0 polygons
2026-08-29 20:38:40 +0200: Memory Usage (467868K) : recog_sbump has 0 polygons
2026-08-29 20:38:40 +0200: Memory Usage (467868K) : recog_otp has 0 polygons
2026-08-29 20:38:40 +0200: Memory Usage (467868K) : recog_pdiode has 0 polygons
2026-08-29 20:38:40 +0200: Memory Usage (467868K) : recog_mom has 0 polygons
2026-08-29 20:38:40 +0200: Memory Usage (467868K) : recog_pcm has 0 polygons
2026-08-29 20:38:40 +0200: Memory Usage (467868K) : colopen_drw has 0 polygons
2026-08-29 20:38:40 +0200: Memory Usage (467868K) : graphmetal1_drw has 0 polygons
2026-08-29 20:38:40 +0200: Memory Usage (467868K) : graphmetal1_filler has 0 polygons
2026-08-29 20:38:40 +0200: Memory Usage (467868K) : graphmetal1_nofill has 0 polygons
2026-08-29 20:38:40 +0200: Memory Usage (467868K) : graphmetal1_slit has 0 polygons
2026-08-29 20:38:40 +0200: Memory Usage (467868K) : graphmetal1_OPC has 0 polygons
2026-08-29 20:38:40 +0200: Memory Usage (467868K) : graphmet1l_drw has 0 polygons
2026-08-29 20:38:40 +0200: Memory Usage (467868K) : graphmet1l_filler has 0 polygons
2026-08-29 20:38:40 +0200: Memory Usage (467868K) : graphmet1l_nofill has 0 polygons
2026-08-29 20:38:40 +0200: Memory Usage (467868K) : graphmet1l_slit has 0 polygons
2026-08-29 20:38:40 +0200: Memory Usage (467868K) : graphmet1l_OPC has 0 polygons
2026-08-29 20:38:40 +0200: Memory Usage (467868K) : extblock_drw has 0 polygons
2026-08-29 20:38:40 +0200: Memory Usage (467868K) : nldd_drw has 0 polygons
2026-08-29 20:38:40 +0200: Memory Usage (467868K) : pldd_drw has 0 polygons
2026-08-29 20:38:40 +0200: Memory Usage (467868K) : next_drw has 0 polygons
2026-08-29 20:38:40 +0200: Memory Usage (467868K) : pext_drw has 0 polygons
2026-08-29 20:38:40 +0200: Memory Usage (467868K) : nexthv_drw has 0 polygons
2026-08-29 20:38:40 +0200: Memory Usage (467868K) : pexthv_drw has 0 polygons
2026-08-29 20:38:40 +0200: Memory Usage (467868K) : graphgate_drw has 0 polygons
2026-08-29 20:38:40 +0200: Memory Usage (467868K) : sinwg_drw has 0 polygons
2026-08-29 20:38:40 +0200: Memory Usage (467868K) : sinwg_filler has 0 polygons
2026-08-29 20:38:40 +0200: Memory Usage (467868K) : sinwg_nofill has 0 polygons
2026-08-29 20:38:40 +0200: Memory Usage (467868K) : mempad_drw has 0 polygons
2026-08-29 20:38:40 +0200: Memory Usage (467868K) : topvia1_drw has 0 polygons
2026-08-29 20:38:40 +0200: Memory Usage (467868K) : topmetal1_drw has 0 polygons
2026-08-29 20:38:40 +0200: Memory Usage (467868K) : topmetal1_filler has 0 polygons
2026-08-29 20:38:40 +0200: Memory Usage (467868K) : topmetal1_slit has 0 polygons
2026-08-29 20:38:40 +0200: Memory Usage (467868K) : topmetal1 has 0 polygons
2026-08-29 20:38:40 +0200: Memory Usage (467868K) : topmetal1_pin has 0 polygons
2026-08-29 20:38:40 +0200: Memory Usage (467868K) : topmetal1_mask has 0 polygons
2026-08-29 20:38:40 +0200: Memory Usage (467868K) : topmetal1_nofill has 0 polygons
2026-08-29 20:38:40 +0200: Memory Usage (467868K) : topmetal1_text has 0 polygons
2026-08-29 20:38:40 +0200: Memory Usage (467868K) : topmetal1_noqrc has 0 polygons
2026-08-29 20:38:40 +0200: Memory Usage (467868K) : topmetal1_res has 0 polygons
2026-08-29 20:38:40 +0200: Memory Usage (467868K) : topmetal1_iprobe has 0 polygons
2026-08-29 20:38:40 +0200: Memory Usage (467868K) : topmetal1_diffprb has 0 polygons
2026-08-29 20:38:40 +0200: Memory Usage (467868K) : inldpwl_drw has 0 polygons
2026-08-29 20:38:40 +0200: Memory Usage (467868K) : polyres_drw has 0 polygons
2026-08-29 20:38:40 +0200: Memory Usage (467868K) : polyres_pin has 0 polygons
2026-08-29 20:38:40 +0200: Memory Usage (467868K) : vmim_drw has 0 polygons
2026-08-29 20:38:40 +0200: Memory Usage (467868K) : nbulaycut_drw has 0 polygons
2026-08-29 20:38:40 +0200: Memory Usage (467868K) : antmetal1_drw has 0 polygons
2026-08-29 20:38:40 +0200: Memory Usage (467868K) : topvia2_drw has 0 polygons
2026-08-29 20:38:40 +0200: Memory Usage (467868K) : topmetal2_drw has 0 polygons
2026-08-29 20:38:40 +0200: Memory Usage (467868K) : topmetal2_filler has 0 polygons
2026-08-29 20:38:40 +0200: Memory Usage (467868K) : topmetal2_slit has 0 polygons
2026-08-29 20:38:40 +0200: Memory Usage (467868K) : topmetal2 has 0 polygons
2026-08-29 20:38:40 +0200: Memory Usage (467868K) : topmetal2_pin has 0 polygons
2026-08-29 20:38:40 +0200: Memory Usage (467868K) : topmetal2_mask has 0 polygons
2026-08-29 20:38:40 +0200: Memory Usage (467868K) : topmetal2_nofill has 0 polygons
2026-08-29 20:38:40 +0200: Memory Usage (467868K) : topmetal2_text has 0 polygons
2026-08-29 20:38:40 +0200: Memory Usage (467868K) : topmetal2_noqrc has 0 polygons
2026-08-29 20:38:40 +0200: Memory Usage (467868K) : topmetal2_res has 0 polygons
2026-08-29 20:38:40 +0200: Memory Usage (467868K) : topmetal2_iprobe has 0 polygons
2026-08-29 20:38:40 +0200: Memory Usage (467868K) : topmetal2_diffprb has 0 polygons
2026-08-29 20:38:40 +0200: Memory Usage (467868K) : snsring_drw has 0 polygons
2026-08-29 20:38:40 +0200: Memory Usage (467868K) : sensor_drw has 0 polygons
2026-08-29 20:38:40 +0200: Memory Usage (467868K) : snsarms_drw has 0 polygons
2026-08-29 20:38:40 +0200: Memory Usage (467868K) : snscmosvia_drw has 0 polygons
2026-08-29 20:38:40 +0200: Memory Usage (467868K) : colwind_drw has 0 polygons
2026-08-29 20:38:40 +0200: Memory Usage (467868K) : flm_drw has 0 polygons
2026-08-29 20:38:40 +0200: Memory Usage (467868K) : hafniumox_drw has 0 polygons
2026-08-29 20:38:40 +0200: Memory Usage (467996K) : memvia_drw has 0 polygons
2026-08-29 20:38:40 +0200: Memory Usage (467996K) : thinfilmres_drw has 0 polygons
2026-08-29 20:38:40 +0200: Memory Usage (468124K) : rfmem_drw has 0 polygons
2026-08-29 20:38:40 +0200: Memory Usage (468252K) : norcx_drw has 0 polygons
2026-08-29 20:38:40 +0200: Memory Usage (468252K) : norcx_m2m3 has 0 polygons
2026-08-29 20:38:40 +0200: Memory Usage (468380K) : norcx_m2m4 has 0 polygons
2026-08-29 20:38:40 +0200: Memory Usage (468380K) : norcx_m2m5 has 0 polygons
2026-08-29 20:38:40 +0200: Memory Usage (468508K) : norcx_m2tm1 has 0 polygons
2026-08-29 20:38:40 +0200: Memory Usage (468508K) : norcx_m2tm2 has 0 polygons
2026-08-29 20:38:40 +0200: Memory Usage (468636K) : norcx_m3m4 has 0 polygons
2026-08-29 20:38:40 +0200: Memory Usage (468636K) : norcx_m3m5 has 0 polygons
2026-08-29 20:38:40 +0200: Memory Usage (468764K) : norcx_m3tm1 has 0 polygons
2026-08-29 20:38:40 +0200: Memory Usage (468764K) : norcx_m3tm2 has 0 polygons
2026-08-29 20:38:40 +0200: Memory Usage (468892K) : norcx_m4m5 has 0 polygons
2026-08-29 20:38:40 +0200: Memory Usage (469020K) : norcx_m4tm1 has 0 polygons
2026-08-29 20:38:40 +0200: Memory Usage (469020K) : norcx_m4tm2 has 0 polygons
2026-08-29 20:38:40 +0200: Memory Usage (469148K) : norcx_m5tm1 has 0 polygons
2026-08-29 20:38:40 +0200: Memory Usage (469148K) : norcx_m5tm2 has 0 polygons
2026-08-29 20:38:40 +0200: Memory Usage (469276K) : norcx_tm1tm2 has 0 polygons
2026-08-29 20:38:40 +0200: Memory Usage (469276K) : norcx_m1sub has 0 polygons
2026-08-29 20:38:40 +0200: Memory Usage (469404K) : norcx_m2sub has 0 polygons
2026-08-29 20:38:40 +0200: Memory Usage (469404K) : norcx_m3sub has 0 polygons
2026-08-29 20:38:40 +0200: Memory Usage (469404K) : norcx_m4sub has 0 polygons
2026-08-29 20:38:40 +0200: Memory Usage (469404K) : norcx_m5sub has 0 polygons
2026-08-29 20:38:40 +0200: Memory Usage (469404K) : norcx_tm1sub has 0 polygons
2026-08-29 20:38:40 +0200: Memory Usage (469404K) : norcx_tm2sub has 0 polygons
2026-08-29 20:38:40 +0200: Memory Usage (469404K) : snsbotvia_drw has 0 polygons
2026-08-29 20:38:40 +0200: Memory Usage (469404K) : snstopvia_drw has 0 polygons
2026-08-29 20:38:40 +0200: Memory Usage (469404K) : deepvia_drw has 0 polygons
2026-08-29 20:38:40 +0200: Memory Usage (469404K) : fgetch_drw has 0 polygons
2026-08-29 20:38:40 +0200: Memory Usage (469404K) : ctrgat_drw has 0 polygons
2026-08-29 20:38:40 +0200: Memory Usage (469404K) : fgimp_drw has 0 polygons
2026-08-29 20:38:40 +0200: Memory Usage (469404K) : emwihv_drw has 0 polygons
2026-08-29 20:38:40 +0200: Memory Usage (469404K) : lbe_drw has 0 polygons
2026-08-29 20:38:40 +0200: Memory Usage (469404K) : alcustop_drw has 0 polygons
2026-08-29 20:38:40 +0200: Memory Usage (469404K) : nometfiller_drw has 0 polygons
2026-08-29 20:38:40 +0200: Memory Usage (469404K) : prboundary_drw has 0 polygons
2026-08-29 20:38:40 +0200: Memory Usage (469404K) : exchange0_drw has 0 polygons
2026-08-29 20:38:40 +0200: Memory Usage (469404K) : exchange0_pin has 0 polygons
2026-08-29 20:38:40 +0200: Memory Usage (469404K) : exchange0_text has 0 polygons
2026-08-29 20:38:40 +0200: Memory Usage (469404K) : exchange1_drw has 0 polygons
2026-08-29 20:38:40 +0200: Memory Usage (469404K) : exchange1_pin has 0 polygons
2026-08-29 20:38:40 +0200: Memory Usage (469404K) : exchange1_text has 0 polygons
2026-08-29 20:38:40 +0200: Memory Usage (469404K) : exchange2_drw has 0 polygons
2026-08-29 20:38:40 +0200: Memory Usage (469404K) : exchange2_pin has 0 polygons
2026-08-29 20:38:40 +0200: Memory Usage (469404K) : exchange2_text has 0 polygons
2026-08-29 20:38:40 +0200: Memory Usage (469404K) : exchange3_drw has 0 polygons
2026-08-29 20:38:40 +0200: Memory Usage (469404K) : exchange3_pin has 0 polygons
2026-08-29 20:38:40 +0200: Memory Usage (469404K) : exchange3_text has 0 polygons
2026-08-29 20:38:40 +0200: Memory Usage (469404K) : exchange4_drw has 0 polygons
2026-08-29 20:38:40 +0200: Memory Usage (469404K) : exchange4_pin has 0 polygons
2026-08-29 20:38:40 +0200: Memory Usage (469404K) : exchange4_text has 0 polygons
2026-08-29 20:38:40 +0200: Memory Usage (469404K) : isonwell_drw has 0 polygons
2026-08-29 20:38:40 +0200: Memory Usage (469404K) : Total no. of polygons in the design is 143
2026-08-29 20:38:40 +0200: Memory Usage (469404K) : Starting CMOS5L Forbidden Layer Check
2026-08-29 20:38:40 +0200: Memory Usage (469404K) : CMOS5L Forbidden Layer Check: PASSED - No forbidden layers found
2026-08-29 20:38:40 +0200: Memory Usage (469404K) : CMOS5L Forbidden Layer Check: PASSED
2026-08-29 20:38:40 +0200: Memory Usage (469404K) : Starting base layers derivations
2026-08-29 20:38:40 +0200: Memory Usage (469404K) : Starting general LVS derivations
2026-08-29 20:38:41 +0200: Memory Usage (473132K) : Starting MOSFET DERIVATIONS
2026-08-29 20:38:41 +0200: Memory Usage (473132K) : Starting NMOS DERIVATIONS
2026-08-29 20:38:41 +0200: Memory Usage (473388K) : Starting PMOS DERIVATIONS
2026-08-29 20:38:41 +0200: Memory Usage (473644K) : Starting RF-MOSFET DERIVATIONS
2026-08-29 20:38:41 +0200: Memory Usage (473644K) : Starting RF-NMOS DERIVATIONS
2026-08-29 20:38:41 +0200: Memory Usage (473900K) : Starting RF-PMOS DERIVATIONS
2026-08-29 20:38:41 +0200: Memory Usage (474156K) : Starting BJT DERIVATIONS
2026-08-29 20:38:41 +0200: Memory Usage (474156K) : Starting NPN-BJT DERIVATIONS
2026-08-29 20:38:41 +0200: Memory Usage (478252K) : Starting PNP-BJT DERIVATIONS
2026-08-29 20:38:41 +0200: Memory Usage (478252K) : Starting DIODE DERIVATIONS
2026-08-29 20:38:41 +0200: Memory Usage (478252K) : Starting RESISTOR DERIVATIONS
2026-08-29 20:38:41 +0200: Memory Usage (478252K) : Starting CAP DERIVATIONS
2026-08-29 20:38:41 +0200: Memory Usage (478252K) : Starting CAP_MFRINGE DERIVATIONS
2026-08-29 20:38:41 +0200: Memory Usage (478252K) : Starting ESD DERIVATIONS
2026-08-29 20:38:41 +0200: Memory Usage (487340K) : Starting Inductor DERIVATIONS
2026-08-29 20:38:41 +0200: Memory Usage (487340K) : Starting Taps DERIVATIONS
2026-08-29 20:38:42 +0200: Memory Usage (487340K) : Starting SG13G2 LVS connectivity setup
2026-08-29 20:38:42 +0200: Memory Usage (487340K) : Starting SG13G2 LVS connectivity setup (Inter-layer)
2026-08-29 20:38:42 +0200: Memory Usage (487340K) : Starting SG13G2 LVS connectivity setup (Global)
2026-08-29 20:38:42 +0200: Memory Usage (487340K) : Starting LVS MOSFET CONNECTIONS
2026-08-29 20:38:42 +0200: Memory Usage (487340K) : Starting LVS RF-MOSFET CONNECTIONS
2026-08-29 20:38:42 +0200: Memory Usage (487340K) : Starting LVS BJT CONNECTIONS
2026-08-29 20:38:42 +0200: Memory Usage (487340K) : Starting LVS DIODE CONNECTIONS
2026-08-29 20:38:42 +0200: Memory Usage (487340K) : Starting RESISTOR CONNECTIONS
2026-08-29 20:38:42 +0200: Memory Usage (487340K) : Starting LVS CAP CONNECTIONS
2026-08-29 20:38:42 +0200: Memory Usage (487340K) : Starting ESD CONNECTIONS
2026-08-29 20:38:42 +0200: Memory Usage (487340K) : Starting Inductor CONNECTIONS
2026-08-29 20:38:42 +0200: Memory Usage (487340K) : Starting LVS Taps CONNECTIONS
2026-08-29 20:38:42 +0200: Memory Usage (487340K) : Starting CAP_MFRINGE CONNECTIONS
2026-08-29 20:38:42 +0200: Memory Usage (487340K) : Starting SG13CMOS5L LVS DEVICES EXTRACTION
2026-08-29 20:38:42 +0200: Memory Usage (487340K) : Starting MOSFET EXTRACTION
2026-08-29 20:38:42 +0200: Memory Usage (487340K) : Starting NMOS EXTRACTION
2026-08-29 20:38:42 +0200: Memory Usage (487340K) : Extraction of NMOS-LV transistor
2026-08-29 20:38:42 +0200: Memory Usage (487596K) : Extraction of NMOS-HV transistor
2026-08-29 20:38:42 +0200: Memory Usage (487596K) : Starting PMOS EXTRACTION
2026-08-29 20:38:42 +0200: Memory Usage (487596K) : Extraction of PMOS-LV transistor
2026-08-29 20:38:42 +0200: Memory Usage (487596K) : Extraction of PMOS-HV transistor
2026-08-29 20:38:42 +0200: Memory Usage (487596K) : Starting RF-MOSFET EXTRACTION
2026-08-29 20:38:42 +0200: Memory Usage (487596K) : Extraction of RF-NMOS-LV transistor
2026-08-29 20:38:42 +0200: Memory Usage (487596K) : Extraction of RF-NMOS-HV transistor
2026-08-29 20:38:42 +0200: Memory Usage (487596K) : Extraction of RF-PMOS-LV transistor
2026-08-29 20:38:42 +0200: Memory Usage (487596K) : Extraction of RF-PMOS-HV transistor
2026-08-29 20:38:42 +0200: Memory Usage (487596K) : Starting BJT EXTRACTION
2026-08-29 20:38:42 +0200: Memory Usage (487596K) : Starting NPN-BJT EXTRACTION
2026-08-29 20:38:42 +0200: Memory Usage (487596K) : Extraction of npn13G2 BJT transistor
2026-08-29 20:38:42 +0200: Memory Usage (487596K) : Extraction of npn13G2L BJT transistor
2026-08-29 20:38:42 +0200: Memory Usage (487596K) : Extraction of npn13G2V BJT transistor
2026-08-29 20:38:42 +0200: Memory Usage (487596K) : Starting PNP-BJT EXTRACTION
2026-08-29 20:38:42 +0200: Memory Usage (487596K) : Extracting pnpMPA BJT
2026-08-29 20:38:42 +0200: Memory Usage (487596K) : Starting DIODE EXTRACTION
2026-08-29 20:38:42 +0200: Memory Usage (487596K) : Extracting dantenna diode
2026-08-29 20:38:42 +0200: Memory Usage (487596K) : Extracting dpantenna diode
2026-08-29 20:38:42 +0200: Memory Usage (487596K) : Extracting schottky_nbl1 diode
2026-08-29 20:38:42 +0200: Memory Usage (487596K) : Extracting isolbox diode
2026-08-29 20:38:42 +0200: Memory Usage (487596K) : Starting RESISTOR EXTRACTION
2026-08-29 20:38:42 +0200: Memory Usage (487596K) : Extracting rsil resistor
2026-08-29 20:38:42 +0200: Memory Usage (487596K) : Extracting rppd resistor
2026-08-29 20:38:42 +0200: Memory Usage (487596K) : Extracting rhigh resistor
2026-08-29 20:38:42 +0200: Memory Usage (487596K) : Extracting res_metal1 resistor
2026-08-29 20:38:42 +0200: Memory Usage (487596K) : Extracting res_metal2 resistor
2026-08-29 20:38:42 +0200: Memory Usage (487596K) : Extracting res_metal3 resistor
2026-08-29 20:38:42 +0200: Memory Usage (487596K) : Extracting res_metal4 resistor
2026-08-29 20:38:42 +0200: Memory Usage (487596K) : Extracting res_metal5 resistor
2026-08-29 20:38:42 +0200: Memory Usage (487596K) : Extracting res_topmetal1 resistor
2026-08-29 20:38:42 +0200: Memory Usage (487596K) : Extracting res_topmetal2 resistor
2026-08-29 20:38:42 +0200: Memory Usage (487596K) : Starting CAP EXTRACTION
2026-08-29 20:38:42 +0200: Memory Usage (487596K) : Extracting cap_cmim device
2026-08-29 20:38:42 +0200: Memory Usage (487596K) : Extracting rfcmim device
2026-08-29 20:38:42 +0200: Memory Usage (487596K) : Extracting sg13_hv_svaricap varactor
2026-08-29 20:38:42 +0200: Memory Usage (487596K) : Extracting cap_mfringe device
2026-08-29 20:38:42 +0200: Memory Usage (487596K) : Starting ESD EXTRACTION
2026-08-29 20:38:42 +0200: Memory Usage (487596K) : Extracting diodevdd_2kv ESD device
2026-08-29 20:38:42 +0200: Memory Usage (487596K) : Extracting diodevdd_4kv ESD device
2026-08-29 20:38:42 +0200: Memory Usage (487596K) : Extracting diodevss_2kv ESD device
2026-08-29 20:38:42 +0200: Memory Usage (487596K) : Extracting diodevss_4kv ESD device
2026-08-29 20:38:42 +0200: Memory Usage (487596K) : Extracting idiodevdd_2kv ESD device
2026-08-29 20:38:42 +0200: Memory Usage (487596K) : Extracting idiodevdd_4kv ESD device
2026-08-29 20:38:42 +0200: Memory Usage (487596K) : Extracting idiodevss_2kv ESD device
2026-08-29 20:38:42 +0200: Memory Usage (487596K) : Extracting idiodevss_4kv ESD device
2026-08-29 20:38:42 +0200: Memory Usage (487596K) : Extracting nmoscl_2 ESD device
2026-08-29 20:38:42 +0200: Memory Usage (487596K) : Extracting nmoscl_4 ESD device
2026-08-29 20:38:42 +0200: Memory Usage (487596K) : Starting Inductor EXTRACTION
2026-08-29 20:38:42 +0200: Memory Usage (487596K) : Extracting Inductor2 device
2026-08-29 20:38:42 +0200: Memory Usage (487596K) : Extracting Inductor3 device
2026-08-29 20:38:42 +0200: Memory Usage (487596K) : Starting Taps EXTRACTION
2026-08-29 20:38:42 +0200: Memory Usage (487596K) : DISABLE_TAP_EXTRACTION is enabled: skipping ntap1/ptap1 device extraction.
2026-08-29 20:38:42 +0200: Memory Usage (487596K) : Starting SG13CMOS5L LVS RF MOS Model Mapping
2026-08-29 20:38:42 +0200: Memory Usage (487772K) : [layout_netlist] Apply RF MOS model mapping and rfmode parameter.
2026-08-29 20:38:42 +0200: Memory Usage (487772K) : Starting SG13CMOS5L LVS Options Preparations
2026-08-29 20:38:42 +0200: Memory Usage (487772K) : SG13CMOS5L LVS flow: extraction -> alignment -> option preparation -> comparison.
2026-08-29 20:38:42 +0200: Memory Usage (487772K) : Starting SG13CMOS5L LVS Alignment
2026-08-29 20:38:42 +0200: Memory Usage (487900K) : Starting SG13CMOS5L LVS Simplification
2026-08-29 20:38:42 +0200: Memory Usage (487900K) : [layout_netlist] simplify: ENABLED
2026-08-29 20:38:42 +0200: Memory Usage (487900K) : [layout_netlist] make_top_level_pins: SKIPPED
2026-08-29 20:38:42 +0200: Memory Usage (487900K) : [layout_netlist] combine_devices: SKIPPED
2026-08-29 20:38:42 +0200: Memory Usage (487900K) : [layout_netlist] purge: SKIPPED
2026-08-29 20:38:42 +0200: Memory Usage (487900K) : [layout_netlist] purge_nets: SKIPPED
2026-08-29 20:38:42 +0200: Memory Usage (487900K) : [schematic_netlist] simplify: ENABLED
2026-08-29 20:38:42 +0200: Memory Usage (487900K) : [schematic_netlist] make_top_level_pins: SKIPPED
2026-08-29 20:38:42 +0200: Memory Usage (487900K) : [schematic_netlist] combine_devices: SKIPPED
2026-08-29 20:38:42 +0200: Memory Usage (487900K) : [schematic_netlist] purge: SKIPPED
2026-08-29 20:38:42 +0200: Memory Usage (487900K) : [schematic_netlist] purge_nets: SKIPPED
2026-08-29 20:38:42 +0200: Memory Usage (487900K) : Starting SG13CMOS5L LVS Comparison in strict port mode.
2026-08-29 20:38:42 +0200: Memory Usage (487900K) : flag_missing_ports enabled: missing/mislabeled top-level ports are treated as errors.
2026-08-29 20:38:42 +0200: Memory Usage (488028K) : xxxxxxxxxxxxxxxxxxxxxxxxxxxxxxxxxxxxxxxxxx
2026-08-29 20:38:42 +0200: Memory Usage (488028K) : ERROR : Netlists don't match
2026-08-29 20:38:42 +0200: Memory Usage (488028K) : xxxxxxxxxxxxxxxxxxxxxxxxxxxxxxxxxxxxxxxxxx
2026-08-29 20:38:42 +0200: Memory Usage (488028K) : LVS Total Run time 2.489481 seconds
