# Logfile created on 2026-09-04 00:14:37 +0200 by logger.rb/v1.5.3
2026-09-04 00:14:37 +0200: Memory Usage (454684K) : Starting running IHP-SG13CMOS5L Klayout DRC Density runset on /foss/designs/CHIP-PLL/layout/vco/vco_decoder/XNOR/XNOR.gds
2026-09-04 00:14:37 +0200: Memory Usage (454684K) : Ruby Version for klayout: 3.2.3
2026-09-04 00:14:37 +0200: Memory Usage (456268K) : Loading database to memory is complete.
2026-09-04 00:14:37 +0200: Memory Usage (456268K) : IHP-SG13CMOS5L Klayout DRC Density runset output at: /foss/designs/CHIP-PLL/layout/vco/vco_decoder/3bit_to_8_outs/drc_run_XNOR/XNOR_XNOR_density.lyrdb
2026-09-04 00:14:37 +0200: Memory Usage (456268K) : Evaluate switches.
2026-09-04 00:14:37 +0200: Memory Usage (456268K) : Configured KLayout worker thread(s): 1.
2026-09-04 00:14:37 +0200: Memory Usage (456268K) : Deep mode enabled: reading layers and preparing general derivations.
2026-09-04 00:14:37 +0200: Memory Usage (456268K) : PreCheck DRC enabled: false
2026-09-04 00:14:37 +0200: Memory Usage (456268K) : Density sanity checks enabled: false
2026-09-04 00:14:37 +0200: Memory Usage (456268K) : Read in polygons from layers.
2026-09-04 00:14:37 +0200: Memory Usage (457596K) : activ_drw has 81 polygons
2026-09-04 00:14:37 +0200: Memory Usage (457724K) : activ_mask has 0 polygons
2026-09-04 00:14:37 +0200: Memory Usage (457852K) : activ_filler has 0 polygons
2026-09-04 00:14:37 +0200: Memory Usage (457852K) : gatpoly_drw has 66 polygons
2026-09-04 00:14:37 +0200: Memory Usage (457980K) : gatpoly_filler has 0 polygons
2026-09-04 00:14:37 +0200: Memory Usage (458428K) : metal1_drw has 167 polygons
2026-09-04 00:14:37 +0200: Memory Usage (458428K) : metal1_filler has 0 polygons
2026-09-04 00:14:37 +0200: Memory Usage (458556K) : metal1_slit has 0 polygons
2026-09-04 00:14:37 +0200: Memory Usage (458684K) : metal2_drw has 74 polygons
2026-09-04 00:14:37 +0200: Memory Usage (458684K) : metal2_filler has 0 polygons
2026-09-04 00:14:37 +0200: Memory Usage (458812K) : metal2_slit has 0 polygons
2026-09-04 00:14:37 +0200: Memory Usage (458940K) : metal3_drw has 21 polygons
2026-09-04 00:14:37 +0200: Memory Usage (458940K) : metal3_filler has 0 polygons
2026-09-04 00:14:37 +0200: Memory Usage (459068K) : metal3_slit has 0 polygons
2026-09-04 00:14:37 +0200: Memory Usage (459196K) : metal4_drw has 0 polygons
2026-09-04 00:14:37 +0200: Memory Usage (459196K) : metal4_filler has 0 polygons
2026-09-04 00:14:37 +0200: Memory Usage (459324K) : metal4_slit has 0 polygons
2026-09-04 00:14:37 +0200: Memory Usage (459452K) : topmetal1_drw has 0 polygons
2026-09-04 00:14:37 +0200: Memory Usage (459452K) : topmetal1_filler has 0 polygons
2026-09-04 00:14:37 +0200: Memory Usage (459580K) : topmetal1_slit has 0 polygons
2026-09-04 00:14:37 +0200: Memory Usage (459580K) : lbe_drw has 0 polygons
2026-09-04 00:14:37 +0200: Memory Usage (459708K) : prboundary_drw has 0 polygons
2026-09-04 00:14:37 +0200: Memory Usage (459836K) : edgeseal_bound has 0 polygons
2026-09-04 00:14:37 +0200: Memory Usage (459836K) : Loaded TECH DRC rules values from /foss/pdks/ihp-sg13cmos5l/libs.tech/klayout/python/sg13cmos5l_pycell_lib/sg13cmos5l_tech_mod.json
2026-09-04 00:14:37 +0200: Memory Usage (459836K) : Loaded default DRC rules values from /foss/pdks/ihp-sg13cmos5l/libs.tech/klayout/tech/drc/rule_decks/sg13cmos5l_tech_default.json
2026-09-04 00:14:37 +0200: Memory Usage (460988K) : Density sanity markers are disabled (set -rd density_sanity=true to enable).
2026-09-04 00:14:37 +0200: Memory Usage (460988K) : No prBoundary found. Using layout extent for chip area: 52.917899999999996 um^2.
2026-09-04 00:14:37 +0200: Memory Usage (460988K) : Using bbox (6.095,5.695;14.005,12.385) for density window origin.
2026-09-04 00:14:37 +0200: Memory Usage (461116K) : Total area of the design is 52.917899999999996 um^2.
2026-09-04 00:14:37 +0200: Memory Usage (461116K) : Starting density IHP-SG13CMOS5L derivations.
2026-09-04 00:14:37 +0200: Memory Usage (461628K) : Starting IHP-SG13CMOS5L DENSITY DRC rules.
2026-09-04 00:14:37 +0200: Memory Usage (461628K) : Computing activ area and density...
2026-09-04 00:14:37 +0200: Memory Usage (461756K) : Executing rule AFil.g
2026-09-04 00:14:37 +0200: Memory Usage (461756K) : Executing rule AFil.g1
2026-09-04 00:14:37 +0200: Memory Usage (461756K) : Executing rule AFil.g2
2026-09-04 00:14:37 +0200: Memory Usage (463124K) : Executing rule AFil.g3
2026-09-04 00:14:37 +0200: Memory Usage (463252K) : Computing poly area and density...
2026-09-04 00:14:37 +0200: Memory Usage (463380K) : Executing rule GFil.g
2026-09-04 00:14:37 +0200: Memory Usage (463380K) : Computing metal1 area and density...
2026-09-04 00:14:37 +0200: Memory Usage (463636K) : Executing rule M1.j
2026-09-04 00:14:37 +0200: Memory Usage (463636K) : Executing rule M1.k
2026-09-04 00:14:37 +0200: Memory Usage (463636K) : Computing metal2 area and density...
2026-09-04 00:14:37 +0200: Memory Usage (463636K) : Computing metal3 area and density...
2026-09-04 00:14:37 +0200: Memory Usage (463764K) : Computing metal4 area and density...
2026-09-04 00:14:37 +0200: Memory Usage (463764K) : Executing rule M2.j
2026-09-04 00:14:37 +0200: Memory Usage (463764K) : Executing rule M2.k
2026-09-04 00:14:37 +0200: Memory Usage (463764K) : Executing rule M3.j
2026-09-04 00:14:37 +0200: Memory Usage (463764K) : Executing rule M3.k
2026-09-04 00:14:37 +0200: Memory Usage (463764K) : Executing rule M4.j
2026-09-04 00:14:37 +0200: Memory Usage (463764K) : Executing rule M4.k
2026-09-04 00:14:37 +0200: Memory Usage (463764K) : Executing rule M1Fil.h
2026-09-04 00:14:37 +0200: Memory Usage (463892K) : Executing rule M1Fil.k
2026-09-04 00:14:37 +0200: Memory Usage (464020K) : Executing rule M2Fil.h
2026-09-04 00:14:37 +0200: Memory Usage (464148K) : Executing rule M2Fil.k
2026-09-04 00:14:37 +0200: Memory Usage (464404K) : Executing rule M3Fil.h
2026-09-04 00:14:37 +0200: Memory Usage (464532K) : Executing rule M3Fil.k
2026-09-04 00:14:37 +0200: Memory Usage (464660K) : Executing rule M4Fil.h
2026-09-04 00:14:37 +0200: Memory Usage (464788K) : Executing rule M4Fil.k
2026-09-04 00:14:37 +0200: Memory Usage (464916K) : Computing TopMetal1 area and density...
2026-09-04 00:14:37 +0200: Memory Usage (464916K) : Executing rule TM1.c
2026-09-04 00:14:37 +0200: Memory Usage (464916K) : Executing rule TM1.d
2026-09-04 00:14:37 +0200: Memory Usage (464916K) : Computing LBE area and density...
2026-09-04 00:14:37 +0200: Memory Usage (464916K) : Executing rule LBE.i
2026-09-04 00:14:37 +0200: Memory Usage (464916K) : Executing rule Slt.i_M1
2026-09-04 00:14:37 +0200: Memory Usage (465556K) : Executing rule Slt.i_M2
2026-09-04 00:14:37 +0200: Memory Usage (465812K) : Executing rule Slt.i_M3
2026-09-04 00:14:37 +0200: Memory Usage (466068K) : Executing rule Slt.i_M4
2026-09-04 00:14:37 +0200: Memory Usage (466452K) : Executing rule Slt.i_TM1
2026-09-04 00:14:37 +0200: Memory Usage (466708K) : ##################################################
2026-09-04 00:14:37 +0200: Memory Usage (466708K) :                  Density Report                 #
2026-09-04 00:14:37 +0200: Memory Usage (466708K) : ##################################################
2026-09-04 00:14:37 +0200: Memory Usage (466708K) : 
2026-09-04 00:14:37 +0200: Memory Usage (466708K) : Layer areas and percentages (units: um^2)
2026-09-04 00:14:37 +0200: Memory Usage (466708K) : --------------------------------------------------
2026-09-04 00:14:37 +0200: Memory Usage (466708K) : 
2026-09-04 00:14:37 +0200: Memory Usage (466708K) : Total Area     = 52.92 um^2
2026-09-04 00:14:37 +0200: Memory Usage (466708K) : 
2026-09-04 00:14:37 +0200: Memory Usage (466708K) : Activ      Area      = 17.20 um^2
2026-09-04 00:14:37 +0200: Memory Usage (466708K) : Activ      Density % = 32.51%  [Min = 35.00%,  Max = 55.00%]
2026-09-04 00:14:37 +0200: Memory Usage (466708K) : 
2026-09-04 00:14:37 +0200: Memory Usage (466708K) : GatPoly    Area      =  3.07 um^2
2026-09-04 00:14:37 +0200: Memory Usage (466708K) : GatPoly    Density % =  5.80%  [Min = 15.00%]
2026-09-04 00:14:37 +0200: Memory Usage (466708K) : 
2026-09-04 00:14:37 +0200: Memory Usage (466708K) : Metal1     Area      = 18.61 um^2
2026-09-04 00:14:37 +0200: Memory Usage (466708K) : Metal1     Density % = 35.17%  [Min = 35.00%,  Max = 60.00%]
2026-09-04 00:14:37 +0200: Memory Usage (466708K) : 
2026-09-04 00:14:37 +0200: Memory Usage (466708K) : Metal2     Area      =  7.86 um^2
2026-09-04 00:14:37 +0200: Memory Usage (466708K) : Metal2     Density % = 14.86%  [Min = 35.00%,  Max = 60.00%]
2026-09-04 00:14:37 +0200: Memory Usage (466708K) : 
2026-09-04 00:14:37 +0200: Memory Usage (466708K) : Metal3     Area      =  3.48 um^2
2026-09-04 00:14:37 +0200: Memory Usage (466708K) : Metal3     Density % =  6.57%  [Min = 35.00%,  Max = 60.00%]
2026-09-04 00:14:37 +0200: Memory Usage (466708K) : 
2026-09-04 00:14:37 +0200: Memory Usage (466708K) : Metal4     Area      =  0.00 um^2
2026-09-04 00:14:37 +0200: Memory Usage (466708K) : Metal4     Density % =  0.00%  [Min = 35.00%,  Max = 60.00%]
2026-09-04 00:14:37 +0200: Memory Usage (466708K) : 
2026-09-04 00:14:37 +0200: Memory Usage (466708K) : TopMetal1  Area      =  0.00 um^2
2026-09-04 00:14:37 +0200: Memory Usage (466708K) : TopMetal1  Density % =  0.00%  [Min = 25.00%,  Max = 70.00%]
2026-09-04 00:14:37 +0200: Memory Usage (466708K) : 
2026-09-04 00:14:37 +0200: Memory Usage (466708K) : LBE        Area      =  0.00 um^2
2026-09-04 00:14:37 +0200: Memory Usage (466708K) : LBE        Density % =  0.00%  [Max = 20.00%]
2026-09-04 00:14:37 +0200: Memory Usage (466708K) : 
2026-09-04 00:14:37 +0200: Memory Usage (466708K) : KLayout DRC run for density table completed in 0.09 seconds
