
Magic 8.3 revision 684 - Compiled on Tue Sep 22 03:44:29 PM CEST 2026.
Starting magic under Tcl interpreter
Using the terminal as the console.
WARNING: RLIMIT_NOFILE is above 1024 and Tcl_Version<9 this may cause runtime issues [rlim_cur=1048576]
Using NULL graphics device.
Processing system .magicrc file
Switching to WIRING tool.
Switching to NETLIST tool.
Switching to PICK tool.
Switching to BOX tool.
Sourcing design .magicrc for technology ihp-sg13cmos5l ...
2 Magic internal units = 1 Lambda
Input style sg13cmos5l(): scaleFactor=2, multiplier=2
The following types are not handled by extraction and will be treated as non-electrical types:
    pblock pbase sealcont difffill sealvia1 sealvia2 sealvia3 sealvia4 seal glass thruvia inductor 
Scaled tech values by 2 / 1 to match internal grid scaling
Loading ihp-sg13cmos5l Device Generator Menu ...
Loading "/foss/designs/CHIP-PLL/layout/vco/pex_vco_core_4.tcl" from command line.
Warning: Calma reading is not undoable!  I hope that's OK.
Library written using GDS-II Release 6.0
Library name: LIB
Reading "$$$CONTEXT_INFO$$$".
Reading "pmos$4$1$1".
Reading "nmos$6$1$1".
Reading "Via$4$4$1$1".
Reading "ptap1$4$1$1".
Moving label "sub!" from space to ptapdiff in cell ptap1$4$1$1.
Reading "ntap1$4$1$1".
Reading "Via$2$4$1$1".
Reading "Via$5$4$1$1".
Reading "nmos$3$3$1".
Reading "Via$10$1$1".
Reading "pmos$3$2$1$1".
Reading "Via$6$4$1$1".
Reading "pmos$4$1".
Reading "nmos$6$1".
Reading "Via$4$4$1".
Reading "ptap1$4$1".
Moving label "sub!" from space to ptapdiff in cell ptap1$4$1.
Reading "ntap1$4$1".
Reading "Via$2$4$1".
Reading "Via$5$4$1".
Reading "nmos$3$3".
Reading "Via$10$1".
Reading "pmos$3$2$1".
Reading "Via$6$4$1".
Reading "Via$10".
Reading "Via$2$4".
Reading "Via$5$4".
Reading "Via$6$4".
Reading "ntap1$4".
Reading "ptap1$4".
Moving label "sub!" from space to ptapdiff in cell ptap1$4.
Reading "Via$4$4".
Reading "pmos$4".
Reading "pmos$3$2".
Reading "nmos$6".
Reading "nmos$3".
Reading "Via$6$4$1$1$1".
Reading "pmos$3$2$1$1$1".
Reading "Via$10$1$1$1".
Reading "nmos$3$3$1$1".
Reading "Via$5$4$1$1$1".
Reading "Via$2$4$1$1$1".
Reading "ntap1$4$1$1$1".
Reading "ptap1$4$1$1$1".
Moving label "sub!" from space to ptapdiff in cell ptap1$4$1$1$1.
Reading "Via$4$4$1$1$1".
Reading "nmos$6$1$1$1".
Reading "pmos$4$1$1$1".
Reading "Via$6$4$1$1$1$1".
Reading "pmos$3$2$1$1$1$1".
Reading "Via$10$1$1$1$1".
Reading "nmos$3$3$1$1$1".
Reading "Via$5$4$1$1$1$1".
Reading "Via$2$4$1$1$1$1".
Reading "ntap1$4$1$1$1$1".
Reading "ptap1$4$1$1$1$1".
Moving label "sub!" from space to ptapdiff in cell ptap1$4$1$1$1$1.
Reading "Via$4$4$1$1$1$1".
Reading "nmos$6$1$1$1$1".
Reading "pmos$4$1$1$1$1".
Reading "Via$6$4$1$1$1$1$1".
Reading "pmos$3$2$1$1$1$1$1".
Reading "Via$10$1$1$1$1$1".
Reading "nmos$3$3$1$1$1$1".
Reading "Via$5$4$1$1$1$1$1".
Reading "Via$2$4$1$1$1$1$1".
Reading "ntap1$4$1$1$1$1$1".
Reading "ptap1$4$1$1$1$1$1".
Moving label "sub!" from space to ptapdiff in cell ptap1$4$1$1$1$1$1.
Reading "Via$4$4$1$1$1$1$1".
Reading "nmos$6$1$1$1$1$1".
Reading "pmos$4$1$1$1$1$1".
Reading "Via$6$4$1$1$1$1$1$1".
Reading "pmos$3$2$1$1$1$1$1$1".
Reading "Via$10$1$1$1$1$1$1".
Reading "nmos$3$3$1$1$1$1$1".
Reading "Via$5$4$1$1$1$1$1$1".
Reading "Via$2$4$1$1$1$1$1$1".
Reading "ntap1$4$1$1$1$1$1$1".
Reading "ptap1$4$1$1$1$1$1$1".
Moving label "sub!" from space to ptapdiff in cell ptap1$4$1$1$1$1$1$1.
Reading "Via$4$4$1$1$1$1$1$1".
Reading "nmos$6$1$1$1$1$1$1".
Reading "pmos$4$1$1$1$1$1$1".
Reading "Via$6$4$1$1$1$1$1$1$1".
Reading "pmos$3$2$1$1$1$1$1$1$1".
Reading "Via$10$1$1$1$1$1$1$1".
Reading "nmos$3$3$1$1$1$1$1$1".
Reading "Via$5$4$1$1$1$1$1$1$1".
Reading "Via$2$4$1$1$1$1$1$1$1".
Reading "ntap1$4$1$1$1$1$1$1$1".
Reading "ptap1$4$1$1$1$1$1$1$1".
Moving label "sub!" from space to ptapdiff in cell ptap1$4$1$1$1$1$1$1$1.
Reading "Via$4$4$1$1$1$1$1$1$1".
Reading "nmos$6$1$1$1$1$1$1$1".
Reading "pmos$4$1$1$1$1$1$1$1".
Reading "Via$6$4$1$1$1$1$1$1$1$1".
Reading "pmos$3$2$1$1$1$1$1$1$1$1".
Reading "Via$10$1$1$1$1$1$1$1$1".
Reading "nmos$3$3$1$1$1$1$1$1$1".
Reading "Via$5$4$1$1$1$1$1$1$1$1".
Reading "Via$2$4$1$1$1$1$1$1$1$1".
Reading "ntap1$4$1$1$1$1$1$1$1$1".
Reading "ptap1$4$1$1$1$1$1$1$1$1".
Moving label "sub!" from space to ptapdiff in cell ptap1$4$1$1$1$1$1$1$1$1.
Reading "Via$4$4$1$1$1$1$1$1$1$1".
Reading "nmos$6$1$1$1$1$1$1$1$1".
Reading "pmos$4$1$1$1$1$1$1$1$1".
Reading "Via$6$4$1$1$1$1$1$1$1$1$1".
Reading "pmos$3$2$1$1$1$1$1$1$1$1$1".
Reading "Via$10$1$1$1$1$1$1$1$1$1".
Reading "nmos$3$3$1$1$1$1$1$1$1$1".
Reading "Via$5$4$1$1$1$1$1$1$1$1$1".
Reading "Via$2$4$1$1$1$1$1$1$1$1$1".
Reading "ntap1$4$1$1$1$1$1$1$1$1$1".
Reading "ptap1$4$1$1$1$1$1$1$1$1$1".
Moving label "sub!" from space to ptapdiff in cell ptap1$4$1$1$1$1$1$1$1$1$1.
Reading "Via$4$4$1$1$1$1$1$1$1$1$1".
Reading "nmos$6$1$1$1$1$1$1$1$1$1".
Reading "pmos$4$1$1$1$1$1$1$1$1$1".
Reading "Via$6$4$1$1$1$1$1$1$1$1$1$1".
Reading "pmos$3$2$1$1$1$1$1$1$1$1$1$1".
Reading "Via$10$1$1$1$1$1$1$1$1$1$1".
Reading "nmos$3$3$1$1$1$1$1$1$1$1$1".
Reading "Via$5$4$1$1$1$1$1$1$1$1$1$1".
Reading "Via$2$4$1$1$1$1$1$1$1$1$1$1".
Reading "ntap1$4$1$1$1$1$1$1$1$1$1$1".
Reading "ptap1$4$1$1$1$1$1$1$1$1$1$1".
Moving label "sub!" from space to ptapdiff in cell ptap1$4$1$1$1$1$1$1$1$1$1$1.
Reading "Via$4$4$1$1$1$1$1$1$1$1$1$1".
Reading "nmos$6$1$1$1$1$1$1$1$1$1$1".
Reading "pmos$4$1$1$1$1$1$1$1$1$1$1".
Reading "Via$13".
Reading "Via$12".
Reading "Via$11".
Reading "vco_delay_cell_4$4$1$1".
Reading "vco_delay_cell_4$4$1".
Reading "vco_delay_cell_4$4".
Reading "Via$4".
Reading "ptap1".
Moving label "sub!" from space to ptapdiff in cell ptap1.
Reading "ntap1".
Reading "Via$6".
Reading "Via$5".
Reading "Via$2".
Reading "nmos$1".
Reading "nmos".
Reading "Via".
Reading "pmos$1".
Reading "pmos".
Reading "pmos$2".
Reading "Via$6$1".
Reading "nmos$1$1".
Reading "pmos$1$1".
Reading "Via$7".
Reading "nmos$2".
Reading "Via$5$1".
Reading "Via$2$1".
Reading "ntap1$1".
Reading "ptap1$1".
Moving label "sub!" from space to ptapdiff in cell ptap1$1.
Reading "Via$4$1".
Reading "pmos$2$1".
Reading "Via$6$1$1".
Reading "nmos$1$1$1".
Reading "pmos$1$1$1".
Reading "Via$7$1".
Reading "nmos$2$1".
Reading "Via$5$1$1".
Reading "Via$2$1$1".
Reading "ntap1$1$1".
Reading "ptap1$1$1".
Moving label "sub!" from space to ptapdiff in cell ptap1$1$1.
Reading "Via$4$1$1".
Reading "pmos$2$1$1".
Reading "Via$6$1$1$1".
Reading "nmos$1$1$1$1".
Reading "pmos$1$1$1$1".
Reading "Via$7$1$1".
Reading "nmos$2$1$1".
Reading "Via$5$1$1$1".
Reading "Via$2$1$1$1".
Reading "ntap1$1$1$1".
Reading "ptap1$1$1$1".
Moving label "sub!" from space to ptapdiff in cell ptap1$1$1$1.
Reading "Via$4$1$1$1".
Reading "pmos$2$1$1$1".
Reading "Via$6$1$1$1$1".
Reading "nmos$1$1$1$1$1".
Reading "pmos$1$1$1$1$1".
Reading "Via$7$1$1$1".
Reading "nmos$2$1$1$1".
Reading "Via$5$1$1$1$1".
Reading "Via$2$1$1$1$1".
Reading "ntap1$1$1$1$1".
Reading "ptap1$1$1$1$1".
Moving label "sub!" from space to ptapdiff in cell ptap1$1$1$1$1.
Reading "Via$4$1$1$1$1".
Reading "pmos$2$1$1$1$1".
Reading "Via$6$1$1$1$1$1".
Reading "nmos$1$1$1$1$1$1".
Reading "pmos$1$1$1$1$1$1".
Reading "Via$7$1$1$1$1".
Reading "nmos$2$1$1$1$1".
Reading "Via$5$1$1$1$1$1".
Reading "Via$2$1$1$1$1$1".
Reading "ntap1$1$1$1$1$1".
Reading "ptap1$1$1$1$1$1".
Moving label "sub!" from space to ptapdiff in cell ptap1$1$1$1$1$1.
Reading "Via$4$1$1$1$1$1".
Reading "pmos$2$1$1$1$1$1".
Reading "Via$6$1$1$1$1$1$1".
Reading "nmos$1$1$1$1$1$1$1".
Reading "pmos$1$1$1$1$1$1$1".
Reading "Via$7$1$1$1$1$1".
Reading "nmos$2$1$1$1$1$1".
Reading "Via$5$1$1$1$1$1$1".
Reading "Via$2$1$1$1$1$1$1".
Reading "ntap1$1$1$1$1$1$1".
Reading "ptap1$1$1$1$1$1$1".
Moving label "sub!" from space to ptapdiff in cell ptap1$1$1$1$1$1$1.
Reading "Via$4$1$1$1$1$1$1".
Reading "pmos$2$1$1$1$1$1$1".
Reading "Via$6$1$1$1$1$1$1$1".
Reading "nmos$1$1$1$1$1$1$1$1".
Reading "pmos$1$1$1$1$1$1$1$1".
Reading "Via$7$1$1$1$1$1$1".
Reading "nmos$2$1$1$1$1$1$1".
Reading "Via$5$1$1$1$1$1$1$1".
Reading "Via$2$1$1$1$1$1$1$1".
Reading "ntap1$1$1$1$1$1$1$1".
Reading "ptap1$1$1$1$1$1$1$1".
Moving label "sub!" from space to ptapdiff in cell ptap1$1$1$1$1$1$1$1.
Reading "Via$4$1$1$1$1$1$1$1".
Reading "pmos$2$1$1$1$1$1$1$1".
Reading "Via$6$1$1$1$1$1$1$1$1".
Reading "nmos$1$1$1$1$1$1$1$1$1".
Reading "pmos$1$1$1$1$1$1$1$1$1".
Reading "Via$7$1$1$1$1$1$1$1".
Reading "nmos$2$1$1$1$1$1$1$1".
Reading "Via$5$1$1$1$1$1$1$1$1".
Reading "Via$2$1$1$1$1$1$1$1$1".
Reading "ntap1$1$1$1$1$1$1$1$1".
Reading "ptap1$1$1$1$1$1$1$1$1".
Moving label "sub!" from space to ptapdiff in cell ptap1$1$1$1$1$1$1$1$1.
Reading "Via$4$1$1$1$1$1$1$1$1".
Reading "pmos$2$1$1$1$1$1$1$1$1".
Reading "Via$6$1$1$1$1$1$1$1$1$1".
Reading "nmos$1$1$1$1$1$1$1$1$1$1".
Reading "pmos$1$1$1$1$1$1$1$1$1$1".
Reading "Via$7$1$1$1$1$1$1$1$1".
Reading "nmos$2$1$1$1$1$1$1$1$1".
Reading "Via$5$1$1$1$1$1$1$1$1$1".
Reading "Via$2$1$1$1$1$1$1$1$1$1".
Reading "ntap1$1$1$1$1$1$1$1$1$1".
Reading "ptap1$1$1$1$1$1$1$1$1$1".
Moving label "sub!" from space to ptapdiff in cell ptap1$1$1$1$1$1$1$1$1$1.
Reading "Via$4$1$1$1$1$1$1$1$1$1".
Reading "pmos$2$1$1$1$1$1$1$1$1$1".
Reading "Via$6$1$1$1$1$1$1$1$1$1$1".
Reading "nmos$1$1$1$1$1$1$1$1$1$1$1".
Reading "pmos$1$1$1$1$1$1$1$1$1$1$1".
Reading "Via$7$1$1$1$1$1$1$1$1$1".
Reading "nmos$2$1$1$1$1$1$1$1$1$1".
Reading "Via$5$1$1$1$1$1$1$1$1$1$1".
Reading "Via$2$1$1$1$1$1$1$1$1$1$1".
Reading "ntap1$1$1$1$1$1$1$1$1$1$1".
Reading "ptap1$1$1$1$1$1$1$1$1$1$1".
Moving label "sub!" from space to ptapdiff in cell ptap1$1$1$1$1$1$1$1$1$1$1.
Reading "Via$4$1$1$1$1$1$1$1$1$1$1".
Reading "nmos$3$1".
Reading "nmos$4".
Reading "pmos$3".
Reading "pmos$5".
Reading "Via$4$2".
Reading "ptap1$2".
Moving label "sub!" from space to ptapdiff in cell ptap1$2.
Reading "ntap1$2".
Reading "Via$6$2".
Reading "Via$5$2".
Reading "Via$2$2".
Reading "Via$8".
Reading "vco_delay_cell_4$4$1$1$1".
Reading "vco_delay_cell_4$4$1$1$1$1".
Reading "vco_delay_cell_4$4$1$1$1$1$1".
Reading "vco_delay_cell_4$4$1$1$1$1$1$1".
Reading "vco_delay_cell_4$4$1$1$1$1$1$1$1".
Reading "vco_delay_cell_4$4$1$1$1$1$1$1$1$1".
Reading "vco_delay_cell_4$4$1$1$1$1$1$1$1$1$1".
Reading "vco_delay_cell_4$4$1$1$1$1$1$1$1$1$1$1".
Reading "pmos$8".
Reading "nmos$8".
Reading "ntap1$5".
Reading "ptap1$5".
Moving label "sub!" from space to ptapdiff in cell ptap1$5.
Reading "Via$15".
Reading "vco_core_4".
Reading "vco_delay_cell_4".
Reading "vco_delay_cell_4$1".
Reading "vco_delay_cell_4$1$1".
Reading "vco_delay_cell_4$1$1$1".
Reading "vco_delay_cell_4$1$1$1$1".
Reading "vco_delay_cell_4$1$1$1$1$1".
Reading "vco_delay_cell_4$1$1$1$1$1$1".
Reading "vco_delay_cell_4$1$1$1$1$1$1$1".
Reading "vco_delay_cell_4$1$1$1$1$1$1$1$1".
Reading "vco_delay_cell_4$1$1$1$1$1$1$1$1$1".
Reading "vco_delay_cell_4$1$1$1$1$1$1$1$1$1$1".
Reading "vco_delay_cell_4$2".
Reading "vco_delay_cell_4$3".
Reading "nmos$3$2".
Reading "nmos$5".
Reading "pmos$3$1".
Reading "pmos$6".
Reading "Via$4$3".
Reading "ptap1$3".
Moving label "sub!" from space to ptapdiff in cell ptap1$3.
Reading "ntap1$3".
Reading "Via$6$3".
Reading "Via$5$3".
Reading "Via$2$3".
Reading "Via$9".
Reading "ntap1$4$2".
Warning:  There is nothing here to extract.
