# Logfile created on 2026-08-24 12:45:59 +0200 by logger.rb/v1.5.3
2026-08-24 12:45:59 +0200: Memory Usage (457064K) : Starting running SG13CMOS5L Klayout LVS runset on /foss/designs/CHIP-PLL/layout/PFD/PFD_NOR.gds
2026-08-24 12:45:59 +0200: Memory Usage (457064K) : Ruby Version for klayout: 3.2.3
2026-08-24 12:45:59 +0200: Memory Usage (458412K) : Loading database to memory is complete.
2026-08-24 12:45:59 +0200: Memory Usage (458412K) : SG13CMOS5L Klayout LVS runset output at: /foss/designs/CHIP-PLL/layout/PFD/lvs_run_PFD_NOR_2026_08_24_12_45_56/PFD_NOR.lvsdb
2026-08-24 12:45:59 +0200: Memory Usage (458412K) : Evaluate switches.
2026-08-24 12:45:59 +0200: Memory Usage (458412K) : Extracted netlist with net names: true
2026-08-24 12:45:59 +0200: Memory Usage (458412K) : Extracted netlist with comments in details: false
2026-08-24 12:45:59 +0200: Memory Usage (458412K) : Selected NET_ONLY option: false
2026-08-24 12:45:59 +0200: Memory Usage (458412K) : Selected LAYOUT_NETLIST option: (none)
2026-08-24 12:45:59 +0200: Memory Usage (458412K) : Selected IGNORE_TOP_PORTS_MISMATCH option: 
2026-08-24 12:45:59 +0200: Memory Usage (458412K) : Selected IMPLICIT_NETS option: (none)
2026-08-24 12:45:59 +0200: Memory Usage (458412K) : Selected TOP_LVL_PINS option: false
2026-08-24 12:45:59 +0200: Memory Usage (458412K) : Selected COMBINE DEVICES option: false
2026-08-24 12:45:59 +0200: Memory Usage (458412K) : Selected PURGE option: false
2026-08-24 12:45:59 +0200: Memory Usage (458412K) : Selected PURGE_NETS option: false
2026-08-24 12:45:59 +0200: Memory Usage (458412K) : Selected SIMPLIFY option: true
2026-08-24 12:45:59 +0200: Memory Usage (458412K) : Selected SERIES_RES option: true
2026-08-24 12:45:59 +0200: Memory Usage (458412K) : Selected PARALLEL_RES option: true
2026-08-24 12:45:59 +0200: Memory Usage (458412K) : Selected DISABLE_TAP_EXTRACTION option: false
2026-08-24 12:45:59 +0200: Memory Usage (458412K) : flat  mode is enabled.
2026-08-24 12:45:59 +0200: Memory Usage (459740K) : Netlist file: /foss/designs/CHIP-PLL/schematics/PFD/simulations/PFD_NOR.spice
2026-08-24 12:45:59 +0200: Memory Usage (459740K) : LVS extracted netlist at: /foss/designs/CHIP-PLL/layout/PFD/lvs_run_PFD_NOR_2026_08_24_12_45_56/PFD_NOR_extracted.cir
2026-08-24 12:45:59 +0200: Memory Usage (459740K) : Applying SRAM integration support.
2026-08-24 12:45:59 +0200: Memory Usage (459740K) : Starting SG13CMOS5L LVS runset
2026-08-24 12:45:59 +0200: Memory Usage (459740K) : Read in polygons from layers.
2026-08-24 12:45:59 +0200: Memory Usage (460692K) : activ_drw has 4 polygons
2026-08-24 12:45:59 +0200: Memory Usage (460692K) : activ_filler has 0 polygons
2026-08-24 12:45:59 +0200: Memory Usage (460692K) : activ has 4 polygons
2026-08-24 12:45:59 +0200: Memory Usage (460692K) : activ_pin has 0 polygons
2026-08-24 12:45:59 +0200: Memory Usage (460692K) : activ_mask has 0 polygons
2026-08-24 12:45:59 +0200: Memory Usage (460692K) : activ_nofill has 0 polygons
2026-08-24 12:45:59 +0200: Memory Usage (460692K) : activ_OPC has 0 polygons
2026-08-24 12:45:59 +0200: Memory Usage (460820K) : activ_iOPC has 0 polygons
2026-08-24 12:45:59 +0200: Memory Usage (460820K) : activ_noqrc has 0 polygons
2026-08-24 12:45:59 +0200: Memory Usage (460820K) : biwind_drw has 0 polygons
2026-08-24 12:45:59 +0200: Memory Usage (460820K) : biwind_OPC has 0 polygons
2026-08-24 12:45:59 +0200: Memory Usage (460820K) : gatpoly_drw has 4 polygons
2026-08-24 12:45:59 +0200: Memory Usage (460948K) : gatpoly_filler has 0 polygons
2026-08-24 12:45:59 +0200: Memory Usage (461076K) : gatpoly has 4 polygons
2026-08-24 12:45:59 +0200: Memory Usage (461204K) : gatpoly_pin has 2 polygons
2026-08-24 12:45:59 +0200: Memory Usage (461332K) : gatpoly_nofill has 0 polygons
2026-08-24 12:45:59 +0200: Memory Usage (461716K) : gatpoly_OPC has 0 polygons
2026-08-24 12:45:59 +0200: Memory Usage (461844K) : gatpoly_iOPC has 0 polygons
2026-08-24 12:45:59 +0200: Memory Usage (461844K) : gatpoly_noqrc has 0 polygons
2026-08-24 12:45:59 +0200: Memory Usage (461972K) : cont_drw has 26 polygons
2026-08-24 12:45:59 +0200: Memory Usage (462100K) : cont_OPC has 0 polygons
2026-08-24 12:45:59 +0200: Memory Usage (462228K) : nsd_drw has 0 polygons
2026-08-24 12:45:59 +0200: Memory Usage (462356K) : nsd_block has 0 polygons
2026-08-24 12:45:59 +0200: Memory Usage (462740K) : metal1_drw has 13 polygons
2026-08-24 12:45:59 +0200: Memory Usage (462868K) : metal1_filler has 0 polygons
2026-08-24 12:45:59 +0200: Memory Usage (462996K) : metal1_slit has 0 polygons
2026-08-24 12:45:59 +0200: Memory Usage (463124K) : metal1 has 13 polygons
2026-08-24 12:45:59 +0200: Memory Usage (463252K) : metal1_pin has 6 polygons
2026-08-24 12:45:59 +0200: Memory Usage (463380K) : metal1_mask has 0 polygons
2026-08-24 12:45:59 +0200: Memory Usage (463508K) : metal1_nofill has 0 polygons
2026-08-24 12:45:59 +0200: Memory Usage (463764K) : metal1_text has 0 polygons
2026-08-24 12:45:59 +0200: Memory Usage (463892K) : metal1_OPC has 0 polygons
2026-08-24 12:45:59 +0200: Memory Usage (464020K) : metal1_noqrc has 0 polygons
2026-08-24 12:45:59 +0200: Memory Usage (464148K) : metal1_res has 0 polygons
2026-08-24 12:45:59 +0200: Memory Usage (464276K) : metal1_iprobe has 0 polygons
2026-08-24 12:45:59 +0200: Memory Usage (464404K) : metal1_diffprb has 0 polygons
2026-08-24 12:45:59 +0200: Memory Usage (464532K) : passiv_drw has 0 polygons
2026-08-24 12:45:59 +0200: Memory Usage (464660K) : passiv_pin has 0 polygons
2026-08-24 12:45:59 +0200: Memory Usage (464788K) : passiv_sbump has 0 polygons
2026-08-24 12:45:59 +0200: Memory Usage (465044K) : passiv_pillar has 0 polygons
2026-08-24 12:45:59 +0200: Memory Usage (465172K) : passiv_pdl has 0 polygons
2026-08-24 12:45:59 +0200: Memory Usage (465428K) : metal2_drw has 8 polygons
2026-08-24 12:45:59 +0200: Memory Usage (465556K) : metal2_filler has 0 polygons
2026-08-24 12:45:59 +0200: Memory Usage (465684K) : metal2_slit has 0 polygons
2026-08-24 12:45:59 +0200: Memory Usage (465812K) : metal2 has 8 polygons
2026-08-24 12:45:59 +0200: Memory Usage (465940K) : metal2_pin has 7 polygons
2026-08-24 12:45:59 +0200: Memory Usage (466068K) : metal2_mask has 0 polygons
2026-08-24 12:45:59 +0200: Memory Usage (466196K) : metal2_nofill has 0 polygons
2026-08-24 12:45:59 +0200: Memory Usage (466324K) : metal2_text has 7 polygons
2026-08-24 12:45:59 +0200: Memory Usage (466452K) : metal2_OPC has 0 polygons
2026-08-24 12:45:59 +0200: Memory Usage (466580K) : metal2_noqrc has 0 polygons
2026-08-24 12:45:59 +0200: Memory Usage (466708K) : metal2_res has 0 polygons
2026-08-24 12:45:59 +0200: Memory Usage (466836K) : metal2_iprobe has 0 polygons
2026-08-24 12:45:59 +0200: Memory Usage (467092K) : metal2_diffprb has 0 polygons
2026-08-24 12:45:59 +0200: Memory Usage (467220K) : baspoly_drw has 0 polygons
2026-08-24 12:45:59 +0200: Memory Usage (467348K) : baspoly_pin has 0 polygons
2026-08-24 12:45:59 +0200: Memory Usage (467476K) : psd_drw has 2 polygons
2026-08-24 12:45:59 +0200: Memory Usage (467604K) : nldb_drw has 0 polygons
2026-08-24 12:45:59 +0200: Memory Usage (467860K) : digibnd_drw has 0 polygons
2026-08-24 12:45:59 +0200: Memory Usage (467988K) : via1_drw has 29 polygons
2026-08-24 12:45:59 +0200: Memory Usage (468116K) : backmetal1_drw has 0 polygons
2026-08-24 12:45:59 +0200: Memory Usage (468116K) : backmetal1_pin has 0 polygons
2026-08-24 12:45:59 +0200: Memory Usage (468244K) : backmetal1_mask has 0 polygons
2026-08-24 12:45:59 +0200: Memory Usage (468244K) : backmetal1_filler has 0 polygons
2026-08-24 12:45:59 +0200: Memory Usage (468372K) : backmetal1_nofill has 0 polygons
2026-08-24 12:45:59 +0200: Memory Usage (468372K) : backmetal1_slit has 0 polygons
2026-08-24 12:45:59 +0200: Memory Usage (468500K) : backmetal1_text has 0 polygons
2026-08-24 12:45:59 +0200: Memory Usage (468500K) : backmetal1_OPC has 0 polygons
2026-08-24 12:45:59 +0200: Memory Usage (468628K) : backmetal1_noqrc has 0 polygons
2026-08-24 12:45:59 +0200: Memory Usage (468756K) : backmetal1_res has 0 polygons
2026-08-24 12:45:59 +0200: Memory Usage (468756K) : backmetal1_iprobe has 0 polygons
2026-08-24 12:45:59 +0200: Memory Usage (468884K) : backmetal1_diffprb has 0 polygons
2026-08-24 12:45:59 +0200: Memory Usage (469012K) : backpassiv_drw has 0 polygons
2026-08-24 12:45:59 +0200: Memory Usage (469140K) : res_drw has 0 polygons
2026-08-24 12:45:59 +0200: Memory Usage (469396K) : sram_drw has 0 polygons
2026-08-24 12:45:59 +0200: Memory Usage (469524K) : trans_drw has 0 polygons
2026-08-24 12:45:59 +0200: Memory Usage (469652K) : ind_drw has 0 polygons
2026-08-24 12:45:59 +0200: Memory Usage (469780K) : ind_pin has 0 polygons
2026-08-24 12:45:59 +0200: Memory Usage (469780K) : ind_text has 0 polygons
2026-08-24 12:45:59 +0200: Memory Usage (469908K) : salblock_drw has 0 polygons
2026-08-24 12:45:59 +0200: Memory Usage (470164K) : via2_drw has 0 polygons
2026-08-24 12:45:59 +0200: Memory Usage (470292K) : metal3_drw has 0 polygons
2026-08-24 12:45:59 +0200: Memory Usage (470420K) : metal3_filler has 0 polygons
2026-08-24 12:45:59 +0200: Memory Usage (470548K) : metal3_slit has 0 polygons
2026-08-24 12:45:59 +0200: Memory Usage (470676K) : metal3 has 0 polygons
2026-08-24 12:45:59 +0200: Memory Usage (470804K) : metal3_pin has 0 polygons
2026-08-24 12:45:59 +0200: Memory Usage (470932K) : metal3_mask has 0 polygons
2026-08-24 12:45:59 +0200: Memory Usage (471060K) : metal3_nofill has 0 polygons
2026-08-24 12:45:59 +0200: Memory Usage (471060K) : metal3_text has 0 polygons
2026-08-24 12:45:59 +0200: Memory Usage (471188K) : metal3_OPC has 0 polygons
2026-08-24 12:45:59 +0200: Memory Usage (471188K) : metal3_noqrc has 0 polygons
2026-08-24 12:45:59 +0200: Memory Usage (471316K) : metal3_res has 0 polygons
2026-08-24 12:45:59 +0200: Memory Usage (471444K) : metal3_iprobe has 0 polygons
2026-08-24 12:45:59 +0200: Memory Usage (471572K) : metal3_diffprb has 0 polygons
2026-08-24 12:45:59 +0200: Memory Usage (471700K) : nwell_drw has 1 polygons
2026-08-24 12:45:59 +0200: Memory Usage (471828K) : nwell_pin has 1 polygons
2026-08-24 12:45:59 +0200: Memory Usage (471956K) : nwell_text has 0 polygons
2026-08-24 12:45:59 +0200: Memory Usage (472084K) : nbulay_drw has 0 polygons
2026-08-24 12:45:59 +0200: Memory Usage (472212K) : nbulay_pin has 0 polygons
2026-08-24 12:45:59 +0200: Memory Usage (472340K) : nbulay_block has 0 polygons
2026-08-24 12:45:59 +0200: Memory Usage (472468K) : emwind_drw has 0 polygons
2026-08-24 12:45:59 +0200: Memory Usage (472596K) : emwind_OPC has 0 polygons
2026-08-24 12:45:59 +0200: Memory Usage (472852K) : deepco_drw has 0 polygons
2026-08-24 12:45:59 +0200: Memory Usage (472980K) : mim_drw has 0 polygons
2026-08-24 12:45:59 +0200: Memory Usage (473108K) : edgeseal_drw has 0 polygons
2026-08-24 12:45:59 +0200: Memory Usage (473236K) : substrate_drw has 3 polygons
2026-08-24 12:45:59 +0200: Memory Usage (473236K) : substrate_text has 0 polygons
2026-08-24 12:45:59 +0200: Memory Usage (473364K) : dfpad_drw has 0 polygons
2026-08-24 12:45:59 +0200: Memory Usage (473620K) : dfpad_pillar has 0 polygons
2026-08-24 12:45:59 +0200: Memory Usage (473620K) : dfpad_sbump has 0 polygons
2026-08-24 12:45:59 +0200: Memory Usage (473748K) : thickgateox_drw has 0 polygons
2026-08-24 12:45:59 +0200: Memory Usage (473748K) : pldb_drw has 0 polygons
2026-08-24 12:45:59 +0200: Memory Usage (473876K) : pwell_drw has 0 polygons
2026-08-24 12:45:59 +0200: Memory Usage (473876K) : pwell_pin has 0 polygons
2026-08-24 12:45:59 +0200: Memory Usage (474004K) : pwell_block has 0 polygons
2026-08-24 12:45:59 +0200: Memory Usage (474132K) : ic_drw has 0 polygons
2026-08-24 12:45:59 +0200: Memory Usage (474260K) : via3_drw has 0 polygons
2026-08-24 12:45:59 +0200: Memory Usage (474388K) : metal4_drw has 0 polygons
2026-08-24 12:45:59 +0200: Memory Usage (474516K) : metal4_filler has 0 polygons
2026-08-24 12:45:59 +0200: Memory Usage (474644K) : metal4_slit has 0 polygons
2026-08-24 12:45:59 +0200: Memory Usage (474772K) : metal4 has 0 polygons
2026-08-24 12:45:59 +0200: Memory Usage (474900K) : metal4_pin has 0 polygons
2026-08-24 12:45:59 +0200: Memory Usage (475028K) : metal4_mask has 0 polygons
2026-08-24 12:45:59 +0200: Memory Usage (475284K) : metal4_nofill has 0 polygons
2026-08-24 12:45:59 +0200: Memory Usage (475284K) : metal4_text has 0 polygons
2026-08-24 12:45:59 +0200: Memory Usage (475412K) : metal4_OPC has 0 polygons
2026-08-24 12:45:59 +0200: Memory Usage (475540K) : metal4_noqrc has 0 polygons
2026-08-24 12:45:59 +0200: Memory Usage (475668K) : metal4_res has 0 polygons
2026-08-24 12:45:59 +0200: Memory Usage (475796K) : metal4_iprobe has 0 polygons
2026-08-24 12:45:59 +0200: Memory Usage (476052K) : metal4_diffprb has 0 polygons
2026-08-24 12:45:59 +0200: Memory Usage (476180K) : heattrans_drw has 8 polygons
2026-08-24 12:45:59 +0200: Memory Usage (476308K) : heatres_drw has 0 polygons
2026-08-24 12:45:59 +0200: Memory Usage (476436K) : fbe_drw has 0 polygons
2026-08-24 12:45:59 +0200: Memory Usage (476436K) : empoly_drw has 0 polygons
2026-08-24 12:45:59 +0200: Memory Usage (476436K) : digisub_drw has 0 polygons
2026-08-24 12:45:59 +0200: Memory Usage (476436K) : text_drw has 6 polygons
2026-08-24 12:45:59 +0200: Memory Usage (476564K) : via4_drw has 0 polygons
2026-08-24 12:45:59 +0200: Memory Usage (476692K) : metal5_drw has 0 polygons
2026-08-24 12:45:59 +0200: Memory Usage (476820K) : metal5_filler has 0 polygons
2026-08-24 12:45:59 +0200: Memory Usage (476948K) : metal5_slit has 0 polygons
2026-08-24 12:45:59 +0200: Memory Usage (477076K) : metal5 has 0 polygons
2026-08-24 12:45:59 +0200: Memory Usage (477204K) : metal5_pin has 0 polygons
2026-08-24 12:45:59 +0200: Memory Usage (477332K) : metal5_mask has 0 polygons
2026-08-24 12:45:59 +0200: Memory Usage (477460K) : metal5_nofill has 0 polygons
2026-08-24 12:45:59 +0200: Memory Usage (477588K) : metal5_text has 0 polygons
2026-08-24 12:45:59 +0200: Memory Usage (477716K) : metal5_OPC has 0 polygons
2026-08-24 12:45:59 +0200: Memory Usage (477844K) : metal5_noqrc has 0 polygons
2026-08-24 12:45:59 +0200: Memory Usage (477972K) : metal5_res has 0 polygons
2026-08-24 12:45:59 +0200: Memory Usage (478100K) : metal5_iprobe has 0 polygons
2026-08-24 12:45:59 +0200: Memory Usage (478228K) : metal5_diffprb has 0 polygons
2026-08-24 12:45:59 +0200: Memory Usage (478484K) : radhard_drw has 0 polygons
2026-08-24 12:45:59 +0200: Memory Usage (478612K) : memcap_drw has 0 polygons
2026-08-24 12:45:59 +0200: Memory Usage (478740K) : varicap_drw has 0 polygons
2026-08-24 12:45:59 +0200: Memory Usage (478868K) : intbondvia_drw has 0 polygons
2026-08-24 12:45:59 +0200: Memory Usage (478996K) : intbondmet_drw has 0 polygons
2026-08-24 12:45:59 +0200: Memory Usage (479124K) : devbondvia_drw has 0 polygons
2026-08-24 12:45:59 +0200: Memory Usage (479252K) : devbondmet_drw has 0 polygons
2026-08-24 12:45:59 +0200: Memory Usage (479380K) : devtrench_drw has 0 polygons
2026-08-24 12:45:59 +0200: Memory Usage (479508K) : redist_drw has 0 polygons
2026-08-24 12:45:59 +0200: Memory Usage (479636K) : graphbot_drw has 0 polygons
2026-08-24 12:45:59 +0200: Memory Usage (479892K) : graphtop_drw has 0 polygons
2026-08-24 12:45:59 +0200: Memory Usage (480020K) : antvia1_drw has 0 polygons
2026-08-24 12:45:59 +0200: Memory Usage (480148K) : antmetal2_drw has 0 polygons
2026-08-24 12:45:59 +0200: Memory Usage (480276K) : graphcont_drw has 0 polygons
2026-08-24 12:45:59 +0200: Memory Usage (480404K) : siwg_drw has 0 polygons
2026-08-24 12:45:59 +0200: Memory Usage (480532K) : siwg_filler has 0 polygons
2026-08-24 12:45:59 +0200: Memory Usage (480660K) : siwg_nofill has 0 polygons
2026-08-24 12:45:59 +0200: Memory Usage (480788K) : sigrating_drw has 0 polygons
2026-08-24 12:45:59 +0200: Memory Usage (480916K) : singrating_drw has 0 polygons
2026-08-24 12:45:59 +0200: Memory Usage (481044K) : graphpas_drw has 0 polygons
2026-08-24 12:45:59 +0200: Memory Usage (481172K) : emwind3_drw has 0 polygons
2026-08-24 12:45:59 +0200: Memory Usage (481428K) : emwihv3_drw has 0 polygons
2026-08-24 12:45:59 +0200: Memory Usage (481556K) : redbulay_drw has 0 polygons
2026-08-24 12:45:59 +0200: Memory Usage (481684K) : smos_drw has 0 polygons
2026-08-24 12:45:59 +0200: Memory Usage (481812K) : graphpad_drw has 0 polygons
2026-08-24 12:45:59 +0200: Memory Usage (481940K) : polimide_drw has 0 polygons
2026-08-24 12:45:59 +0200: Memory Usage (482068K) : polimide_pin has 0 polygons
2026-08-24 12:45:59 +0200: Memory Usage (482196K) : recog_drw has 0 polygons
2026-08-24 12:45:59 +0200: Memory Usage (482324K) : recog_pin has 0 polygons
2026-08-24 12:45:59 +0200: Memory Usage (482452K) : recog_esd has 0 polygons
2026-08-24 12:45:59 +0200: Memory Usage (482580K) : recog_diode has 0 polygons
2026-08-24 12:45:59 +0200: Memory Usage (482708K) : recog_tsv has 0 polygons
2026-08-24 12:45:59 +0200: Memory Usage (482836K) : recog_iprobe has 0 polygons
2026-08-24 12:45:59 +0200: Memory Usage (483092K) : recog_diffprb has 0 polygons
2026-08-24 12:45:59 +0200: Memory Usage (483220K) : recog_pillar has 0 polygons
2026-08-24 12:45:59 +0200: Memory Usage (483348K) : recog_sbump has 0 polygons
2026-08-24 12:45:59 +0200: Memory Usage (483476K) : recog_otp has 0 polygons
2026-08-24 12:45:59 +0200: Memory Usage (483604K) : recog_pdiode has 0 polygons
2026-08-24 12:45:59 +0200: Memory Usage (483732K) : recog_mom has 0 polygons
2026-08-24 12:45:59 +0200: Memory Usage (483860K) : recog_pcm has 0 polygons
2026-08-24 12:45:59 +0200: Memory Usage (483988K) : colopen_drw has 0 polygons
2026-08-24 12:45:59 +0200: Memory Usage (484116K) : graphmetal1_drw has 0 polygons
2026-08-24 12:45:59 +0200: Memory Usage (484244K) : graphmetal1_filler has 0 polygons
2026-08-24 12:45:59 +0200: Memory Usage (484372K) : graphmetal1_nofill has 0 polygons
2026-08-24 12:45:59 +0200: Memory Usage (484500K) : graphmetal1_slit has 0 polygons
2026-08-24 12:45:59 +0200: Memory Usage (484756K) : graphmetal1_OPC has 0 polygons
2026-08-24 12:45:59 +0200: Memory Usage (484884K) : graphmet1l_drw has 0 polygons
2026-08-24 12:45:59 +0200: Memory Usage (485012K) : graphmet1l_filler has 0 polygons
2026-08-24 12:45:59 +0200: Memory Usage (485012K) : graphmet1l_nofill has 0 polygons
2026-08-24 12:45:59 +0200: Memory Usage (485012K) : graphmet1l_slit has 0 polygons
2026-08-24 12:45:59 +0200: Memory Usage (485012K) : graphmet1l_OPC has 0 polygons
2026-08-24 12:45:59 +0200: Memory Usage (485012K) : extblock_drw has 0 polygons
2026-08-24 12:45:59 +0200: Memory Usage (485012K) : nldd_drw has 0 polygons
2026-08-24 12:45:59 +0200: Memory Usage (485012K) : pldd_drw has 0 polygons
2026-08-24 12:45:59 +0200: Memory Usage (485012K) : next_drw has 0 polygons
2026-08-24 12:45:59 +0200: Memory Usage (485012K) : pext_drw has 0 polygons
2026-08-24 12:45:59 +0200: Memory Usage (485012K) : nexthv_drw has 0 polygons
2026-08-24 12:45:59 +0200: Memory Usage (485012K) : pexthv_drw has 0 polygons
2026-08-24 12:45:59 +0200: Memory Usage (485012K) : graphgate_drw has 0 polygons
2026-08-24 12:45:59 +0200: Memory Usage (485012K) : sinwg_drw has 0 polygons
2026-08-24 12:45:59 +0200: Memory Usage (485012K) : sinwg_filler has 0 polygons
2026-08-24 12:45:59 +0200: Memory Usage (485012K) : sinwg_nofill has 0 polygons
2026-08-24 12:45:59 +0200: Memory Usage (485012K) : mempad_drw has 0 polygons
2026-08-24 12:45:59 +0200: Memory Usage (485012K) : topvia1_drw has 0 polygons
2026-08-24 12:45:59 +0200: Memory Usage (485012K) : topmetal1_drw has 0 polygons
2026-08-24 12:45:59 +0200: Memory Usage (485012K) : topmetal1_filler has 0 polygons
2026-08-24 12:45:59 +0200: Memory Usage (485012K) : topmetal1_slit has 0 polygons
2026-08-24 12:45:59 +0200: Memory Usage (485012K) : topmetal1 has 0 polygons
2026-08-24 12:45:59 +0200: Memory Usage (485012K) : topmetal1_pin has 0 polygons
2026-08-24 12:45:59 +0200: Memory Usage (485012K) : topmetal1_mask has 0 polygons
2026-08-24 12:45:59 +0200: Memory Usage (485012K) : topmetal1_nofill has 0 polygons
2026-08-24 12:45:59 +0200: Memory Usage (485012K) : topmetal1_text has 0 polygons
2026-08-24 12:45:59 +0200: Memory Usage (485012K) : topmetal1_noqrc has 0 polygons
2026-08-24 12:45:59 +0200: Memory Usage (485012K) : topmetal1_res has 0 polygons
2026-08-24 12:45:59 +0200: Memory Usage (485012K) : topmetal1_iprobe has 0 polygons
2026-08-24 12:45:59 +0200: Memory Usage (485012K) : topmetal1_diffprb has 0 polygons
2026-08-24 12:45:59 +0200: Memory Usage (485012K) : inldpwl_drw has 0 polygons
2026-08-24 12:45:59 +0200: Memory Usage (485012K) : polyres_drw has 0 polygons
2026-08-24 12:45:59 +0200: Memory Usage (485012K) : polyres_pin has 0 polygons
2026-08-24 12:45:59 +0200: Memory Usage (485012K) : vmim_drw has 0 polygons
2026-08-24 12:45:59 +0200: Memory Usage (485012K) : nbulaycut_drw has 0 polygons
2026-08-24 12:45:59 +0200: Memory Usage (485012K) : antmetal1_drw has 0 polygons
2026-08-24 12:45:59 +0200: Memory Usage (485012K) : topvia2_drw has 0 polygons
2026-08-24 12:45:59 +0200: Memory Usage (485012K) : topmetal2_drw has 0 polygons
2026-08-24 12:45:59 +0200: Memory Usage (485012K) : topmetal2_filler has 0 polygons
2026-08-24 12:45:59 +0200: Memory Usage (485012K) : topmetal2_slit has 0 polygons
2026-08-24 12:45:59 +0200: Memory Usage (485012K) : topmetal2 has 0 polygons
2026-08-24 12:45:59 +0200: Memory Usage (485012K) : topmetal2_pin has 0 polygons
2026-08-24 12:45:59 +0200: Memory Usage (485012K) : topmetal2_mask has 0 polygons
2026-08-24 12:45:59 +0200: Memory Usage (485012K) : topmetal2_nofill has 0 polygons
2026-08-24 12:45:59 +0200: Memory Usage (485012K) : topmetal2_text has 0 polygons
2026-08-24 12:45:59 +0200: Memory Usage (485012K) : topmetal2_noqrc has 0 polygons
2026-08-24 12:45:59 +0200: Memory Usage (485012K) : topmetal2_res has 0 polygons
2026-08-24 12:45:59 +0200: Memory Usage (485012K) : topmetal2_iprobe has 0 polygons
2026-08-24 12:45:59 +0200: Memory Usage (485012K) : topmetal2_diffprb has 0 polygons
2026-08-24 12:45:59 +0200: Memory Usage (485140K) : snsring_drw has 0 polygons
2026-08-24 12:45:59 +0200: Memory Usage (485268K) : sensor_drw has 0 polygons
2026-08-24 12:45:59 +0200: Memory Usage (485396K) : snsarms_drw has 0 polygons
2026-08-24 12:45:59 +0200: Memory Usage (485524K) : snscmosvia_drw has 0 polygons
2026-08-24 12:45:59 +0200: Memory Usage (485652K) : colwind_drw has 0 polygons
2026-08-24 12:45:59 +0200: Memory Usage (485780K) : flm_drw has 0 polygons
2026-08-24 12:45:59 +0200: Memory Usage (485908K) : hafniumox_drw has 0 polygons
2026-08-24 12:45:59 +0200: Memory Usage (486036K) : memvia_drw has 0 polygons
2026-08-24 12:45:59 +0200: Memory Usage (486164K) : thinfilmres_drw has 0 polygons
2026-08-24 12:45:59 +0200: Memory Usage (486292K) : rfmem_drw has 0 polygons
2026-08-24 12:45:59 +0200: Memory Usage (486292K) : norcx_drw has 0 polygons
2026-08-24 12:45:59 +0200: Memory Usage (486292K) : norcx_m2m3 has 0 polygons
2026-08-24 12:45:59 +0200: Memory Usage (486292K) : norcx_m2m4 has 0 polygons
2026-08-24 12:45:59 +0200: Memory Usage (486292K) : norcx_m2m5 has 0 polygons
2026-08-24 12:45:59 +0200: Memory Usage (486292K) : norcx_m2tm1 has 0 polygons
2026-08-24 12:45:59 +0200: Memory Usage (486292K) : norcx_m2tm2 has 0 polygons
2026-08-24 12:45:59 +0200: Memory Usage (486292K) : norcx_m3m4 has 0 polygons
2026-08-24 12:45:59 +0200: Memory Usage (486292K) : norcx_m3m5 has 0 polygons
2026-08-24 12:45:59 +0200: Memory Usage (486292K) : norcx_m3tm1 has 0 polygons
2026-08-24 12:45:59 +0200: Memory Usage (486292K) : norcx_m3tm2 has 0 polygons
2026-08-24 12:45:59 +0200: Memory Usage (486292K) : norcx_m4m5 has 0 polygons
2026-08-24 12:45:59 +0200: Memory Usage (486292K) : norcx_m4tm1 has 0 polygons
2026-08-24 12:45:59 +0200: Memory Usage (486292K) : norcx_m4tm2 has 0 polygons
2026-08-24 12:45:59 +0200: Memory Usage (486292K) : norcx_m5tm1 has 0 polygons
2026-08-24 12:45:59 +0200: Memory Usage (486292K) : norcx_m5tm2 has 0 polygons
2026-08-24 12:45:59 +0200: Memory Usage (486292K) : norcx_tm1tm2 has 0 polygons
2026-08-24 12:45:59 +0200: Memory Usage (486292K) : norcx_m1sub has 0 polygons
2026-08-24 12:45:59 +0200: Memory Usage (486292K) : norcx_m2sub has 0 polygons
2026-08-24 12:45:59 +0200: Memory Usage (486292K) : norcx_m3sub has 0 polygons
2026-08-24 12:45:59 +0200: Memory Usage (486292K) : norcx_m4sub has 0 polygons
2026-08-24 12:45:59 +0200: Memory Usage (486292K) : norcx_m5sub has 0 polygons
2026-08-24 12:45:59 +0200: Memory Usage (486292K) : norcx_tm1sub has 0 polygons
2026-08-24 12:45:59 +0200: Memory Usage (486292K) : norcx_tm2sub has 0 polygons
2026-08-24 12:45:59 +0200: Memory Usage (486292K) : snsbotvia_drw has 0 polygons
2026-08-24 12:45:59 +0200: Memory Usage (486292K) : snstopvia_drw has 0 polygons
2026-08-24 12:45:59 +0200: Memory Usage (486292K) : deepvia_drw has 0 polygons
2026-08-24 12:45:59 +0200: Memory Usage (486292K) : fgetch_drw has 0 polygons
2026-08-24 12:45:59 +0200: Memory Usage (486292K) : ctrgat_drw has 0 polygons
2026-08-24 12:45:59 +0200: Memory Usage (486292K) : fgimp_drw has 0 polygons
2026-08-24 12:45:59 +0200: Memory Usage (486292K) : emwihv_drw has 0 polygons
2026-08-24 12:45:59 +0200: Memory Usage (486292K) : lbe_drw has 0 polygons
2026-08-24 12:45:59 +0200: Memory Usage (486292K) : alcustop_drw has 0 polygons
2026-08-24 12:45:59 +0200: Memory Usage (486292K) : nometfiller_drw has 0 polygons
2026-08-24 12:45:59 +0200: Memory Usage (486292K) : prboundary_drw has 0 polygons
2026-08-24 12:45:59 +0200: Memory Usage (486292K) : exchange0_drw has 0 polygons
2026-08-24 12:45:59 +0200: Memory Usage (486292K) : exchange0_pin has 0 polygons
2026-08-24 12:45:59 +0200: Memory Usage (486292K) : exchange0_text has 0 polygons
2026-08-24 12:45:59 +0200: Memory Usage (486292K) : exchange1_drw has 0 polygons
2026-08-24 12:45:59 +0200: Memory Usage (486292K) : exchange1_pin has 0 polygons
2026-08-24 12:45:59 +0200: Memory Usage (486292K) : exchange1_text has 0 polygons
2026-08-24 12:45:59 +0200: Memory Usage (486292K) : exchange2_drw has 0 polygons
2026-08-24 12:45:59 +0200: Memory Usage (486292K) : exchange2_pin has 0 polygons
2026-08-24 12:45:59 +0200: Memory Usage (486292K) : exchange2_text has 0 polygons
2026-08-24 12:45:59 +0200: Memory Usage (486292K) : exchange3_drw has 0 polygons
2026-08-24 12:45:59 +0200: Memory Usage (486292K) : exchange3_pin has 0 polygons
2026-08-24 12:45:59 +0200: Memory Usage (486292K) : exchange3_text has 0 polygons
2026-08-24 12:45:59 +0200: Memory Usage (486292K) : exchange4_drw has 0 polygons
2026-08-24 12:45:59 +0200: Memory Usage (486292K) : exchange4_pin has 0 polygons
2026-08-24 12:45:59 +0200: Memory Usage (486292K) : exchange4_text has 0 polygons
2026-08-24 12:45:59 +0200: Memory Usage (486292K) : isonwell_drw has 0 polygons
2026-08-24 12:45:59 +0200: Memory Usage (486292K) : Total no. of polygons in the design is 127
2026-08-24 12:45:59 +0200: Memory Usage (486292K) : Starting CMOS5L Forbidden Layer Check
2026-08-24 12:45:59 +0200: Memory Usage (486292K) : CMOS5L Forbidden Layer Check: PASSED - No forbidden layers found
2026-08-24 12:45:59 +0200: Memory Usage (486292K) : CMOS5L Forbidden Layer Check: PASSED
2026-08-24 12:45:59 +0200: Memory Usage (486292K) : Starting base layers derivations
2026-08-24 12:45:59 +0200: Memory Usage (486292K) : Starting general LVS derivations
2026-08-24 12:45:59 +0200: Memory Usage (488020K) : Starting MOSFET DERIVATIONS
2026-08-24 12:45:59 +0200: Memory Usage (488020K) : Starting NMOS DERIVATIONS
2026-08-24 12:45:59 +0200: Memory Usage (488020K) : Starting PMOS DERIVATIONS
2026-08-24 12:45:59 +0200: Memory Usage (488020K) : Starting RF-MOSFET DERIVATIONS
2026-08-24 12:45:59 +0200: Memory Usage (488020K) : Starting RF-NMOS DERIVATIONS
2026-08-24 12:45:59 +0200: Memory Usage (488020K) : Starting RF-PMOS DERIVATIONS
2026-08-24 12:45:59 +0200: Memory Usage (488020K) : Starting BJT DERIVATIONS
2026-08-24 12:45:59 +0200: Memory Usage (488020K) : Starting NPN-BJT DERIVATIONS
2026-08-24 12:46:00 +0200: Memory Usage (488020K) : Starting PNP-BJT DERIVATIONS
2026-08-24 12:46:00 +0200: Memory Usage (488020K) : Starting DIODE DERIVATIONS
2026-08-24 12:46:00 +0200: Memory Usage (488020K) : Starting RESISTOR DERIVATIONS
2026-08-24 12:46:00 +0200: Memory Usage (489300K) : Starting CAP DERIVATIONS
2026-08-24 12:46:00 +0200: Memory Usage (489428K) : Starting CAP_MFRINGE DERIVATIONS
2026-08-24 12:46:00 +0200: Memory Usage (489428K) : Starting ESD DERIVATIONS
2026-08-24 12:46:00 +0200: Memory Usage (489428K) : Starting Inductor DERIVATIONS
2026-08-24 12:46:00 +0200: Memory Usage (489428K) : Starting Taps DERIVATIONS
2026-08-24 12:46:00 +0200: Memory Usage (489428K) : Starting SG13G2 LVS connectivity setup
2026-08-24 12:46:00 +0200: Memory Usage (489428K) : Starting SG13G2 LVS connectivity setup (Inter-layer)
2026-08-24 12:46:00 +0200: Memory Usage (490068K) : Starting SG13G2 LVS connectivity setup (Global)
2026-08-24 12:46:00 +0200: Memory Usage (490068K) : Starting LVS MOSFET CONNECTIONS
2026-08-24 12:46:00 +0200: Memory Usage (490068K) : Starting LVS RF-MOSFET CONNECTIONS
2026-08-24 12:46:00 +0200: Memory Usage (490068K) : Starting LVS BJT CONNECTIONS
2026-08-24 12:46:00 +0200: Memory Usage (490068K) : Starting LVS DIODE CONNECTIONS
2026-08-24 12:46:00 +0200: Memory Usage (490068K) : Starting RESISTOR CONNECTIONS
2026-08-24 12:46:00 +0200: Memory Usage (490068K) : Starting LVS CAP CONNECTIONS
2026-08-24 12:46:00 +0200: Memory Usage (490068K) : Starting ESD CONNECTIONS
2026-08-24 12:46:00 +0200: Memory Usage (490068K) : Starting Inductor CONNECTIONS
2026-08-24 12:46:00 +0200: Memory Usage (490068K) : Starting LVS Taps CONNECTIONS
2026-08-24 12:46:00 +0200: Memory Usage (490068K) : Starting CAP_MFRINGE CONNECTIONS
2026-08-24 12:46:00 +0200: Memory Usage (490068K) : Starting SG13CMOS5L LVS DEVICES EXTRACTION
2026-08-24 12:46:00 +0200: Memory Usage (490068K) : Starting MOSFET EXTRACTION
2026-08-24 12:46:00 +0200: Memory Usage (490068K) : Starting NMOS EXTRACTION
2026-08-24 12:46:00 +0200: Memory Usage (490068K) : Extraction of NMOS-LV transistor
2026-08-24 12:46:00 +0200: Memory Usage (490644K) : Extraction of NMOS-HV transistor
2026-08-24 12:46:00 +0200: Memory Usage (490644K) : Starting PMOS EXTRACTION
2026-08-24 12:46:00 +0200: Memory Usage (490644K) : Extraction of PMOS-LV transistor
2026-08-24 12:46:00 +0200: Memory Usage (490644K) : Extraction of PMOS-HV transistor
2026-08-24 12:46:00 +0200: Memory Usage (490644K) : Starting RF-MOSFET EXTRACTION
2026-08-24 12:46:00 +0200: Memory Usage (490644K) : Extraction of RF-NMOS-LV transistor
2026-08-24 12:46:00 +0200: Memory Usage (490644K) : Extraction of RF-NMOS-HV transistor
2026-08-24 12:46:00 +0200: Memory Usage (490644K) : Extraction of RF-PMOS-LV transistor
2026-08-24 12:46:00 +0200: Memory Usage (490644K) : Extraction of RF-PMOS-HV transistor
2026-08-24 12:46:00 +0200: Memory Usage (490644K) : Starting BJT EXTRACTION
2026-08-24 12:46:00 +0200: Memory Usage (490644K) : Starting NPN-BJT EXTRACTION
2026-08-24 12:46:00 +0200: Memory Usage (490644K) : Extraction of npn13G2 BJT transistor
2026-08-24 12:46:00 +0200: Memory Usage (490644K) : Extraction of npn13G2L BJT transistor
2026-08-24 12:46:00 +0200: Memory Usage (490644K) : Extraction of npn13G2V BJT transistor
2026-08-24 12:46:00 +0200: Memory Usage (490644K) : Starting PNP-BJT EXTRACTION
2026-08-24 12:46:00 +0200: Memory Usage (490644K) : Extracting pnpMPA BJT
2026-08-24 12:46:00 +0200: Memory Usage (490644K) : Starting DIODE EXTRACTION
2026-08-24 12:46:00 +0200: Memory Usage (490644K) : Extracting dantenna diode
2026-08-24 12:46:00 +0200: Memory Usage (490644K) : Extracting dpantenna diode
2026-08-24 12:46:00 +0200: Memory Usage (490644K) : Extracting schottky_nbl1 diode
2026-08-24 12:46:00 +0200: Memory Usage (490644K) : Extracting isolbox diode
2026-08-24 12:46:00 +0200: Memory Usage (490644K) : Starting RESISTOR EXTRACTION
2026-08-24 12:46:00 +0200: Memory Usage (490644K) : Extracting rsil resistor
2026-08-24 12:46:00 +0200: Memory Usage (490644K) : Extracting rppd resistor
2026-08-24 12:46:00 +0200: Memory Usage (490772K) : Extracting rhigh resistor
2026-08-24 12:46:00 +0200: Memory Usage (490772K) : Extracting res_metal1 resistor
2026-08-24 12:46:00 +0200: Memory Usage (490772K) : Extracting res_metal2 resistor
2026-08-24 12:46:00 +0200: Memory Usage (490772K) : Extracting res_metal3 resistor
2026-08-24 12:46:00 +0200: Memory Usage (490772K) : Extracting res_metal4 resistor
2026-08-24 12:46:00 +0200: Memory Usage (490772K) : Extracting res_metal5 resistor
2026-08-24 12:46:00 +0200: Memory Usage (490772K) : Extracting res_topmetal1 resistor
2026-08-24 12:46:00 +0200: Memory Usage (490772K) : Extracting res_topmetal2 resistor
2026-08-24 12:46:00 +0200: Memory Usage (490772K) : Starting CAP EXTRACTION
2026-08-24 12:46:00 +0200: Memory Usage (490772K) : Extracting cap_cmim device
2026-08-24 12:46:00 +0200: Memory Usage (490772K) : Extracting rfcmim device
2026-08-24 12:46:00 +0200: Memory Usage (490772K) : Extracting sg13_hv_svaricap varactor
2026-08-24 12:46:00 +0200: Memory Usage (490772K) : Extracting cap_mfringe device
2026-08-24 12:46:00 +0200: Memory Usage (490772K) : Starting ESD EXTRACTION
2026-08-24 12:46:00 +0200: Memory Usage (490772K) : Extracting diodevdd_2kv ESD device
2026-08-24 12:46:00 +0200: Memory Usage (490772K) : Extracting diodevdd_4kv ESD device
2026-08-24 12:46:00 +0200: Memory Usage (490772K) : Extracting diodevss_2kv ESD device
2026-08-24 12:46:00 +0200: Memory Usage (490772K) : Extracting diodevss_4kv ESD device
2026-08-24 12:46:00 +0200: Memory Usage (490772K) : Extracting idiodevdd_2kv ESD device
2026-08-24 12:46:00 +0200: Memory Usage (490772K) : Extracting idiodevdd_4kv ESD device
2026-08-24 12:46:00 +0200: Memory Usage (490772K) : Extracting idiodevss_2kv ESD device
2026-08-24 12:46:00 +0200: Memory Usage (490772K) : Extracting idiodevss_4kv ESD device
2026-08-24 12:46:00 +0200: Memory Usage (490772K) : Extracting nmoscl_2 ESD device
2026-08-24 12:46:00 +0200: Memory Usage (490772K) : Extracting nmoscl_4 ESD device
2026-08-24 12:46:00 +0200: Memory Usage (490772K) : Starting Inductor EXTRACTION
2026-08-24 12:46:00 +0200: Memory Usage (490772K) : Extracting Inductor2 device
2026-08-24 12:46:00 +0200: Memory Usage (490772K) : Extracting Inductor3 device
2026-08-24 12:46:00 +0200: Memory Usage (490772K) : Starting Taps EXTRACTION
2026-08-24 12:46:00 +0200: Memory Usage (490772K) : Extracting ntap1 device
2026-08-24 12:46:00 +0200: Memory Usage (490772K) : Extracting ptap1 device
2026-08-24 12:46:00 +0200: Memory Usage (490772K) : Starting SG13CMOS5L LVS RF MOS Model Mapping
2026-08-24 12:46:00 +0200: Memory Usage (490900K) : [layout_netlist] Apply RF MOS model mapping and rfmode parameter.
2026-08-24 12:46:00 +0200: Memory Usage (490900K) : Starting SG13CMOS5L LVS Options Preparations
2026-08-24 12:46:00 +0200: Memory Usage (490900K) : SG13CMOS5L LVS flow: extraction -> alignment -> option preparation -> comparison.
2026-08-24 12:46:00 +0200: Memory Usage (490900K) : Starting SG13CMOS5L LVS Alignment
2026-08-24 12:46:00 +0200: Memory Usage (490900K) : Starting SG13CMOS5L LVS Simplification
2026-08-24 12:46:00 +0200: Memory Usage (490900K) : [layout_netlist] simplify: ENABLED
2026-08-24 12:46:00 +0200: Memory Usage (490900K) : [layout_netlist] make_top_level_pins: SKIPPED
2026-08-24 12:46:00 +0200: Memory Usage (490900K) : [layout_netlist] combine_devices: SKIPPED
2026-08-24 12:46:00 +0200: Memory Usage (490900K) : [layout_netlist] purge: SKIPPED
2026-08-24 12:46:00 +0200: Memory Usage (490900K) : [layout_netlist] purge_nets: SKIPPED
2026-08-24 12:46:00 +0200: Memory Usage (490900K) : [schematic_netlist] simplify: ENABLED
2026-08-24 12:46:00 +0200: Memory Usage (490900K) : [schematic_netlist] make_top_level_pins: SKIPPED
2026-08-24 12:46:00 +0200: Memory Usage (490900K) : [schematic_netlist] combine_devices: SKIPPED
2026-08-24 12:46:00 +0200: Memory Usage (490900K) : [schematic_netlist] purge: SKIPPED
2026-08-24 12:46:00 +0200: Memory Usage (490900K) : [schematic_netlist] purge_nets: SKIPPED
2026-08-24 12:46:00 +0200: Memory Usage (490900K) : Starting SG13CMOS5L LVS Comparison in strict port mode.
2026-08-24 12:46:00 +0200: Memory Usage (490900K) : flag_missing_ports enabled: missing/mislabeled top-level ports are treated as errors.
2026-08-24 12:46:00 +0200: Memory Usage (491072K) : xxxxxxxxxxxxxxxxxxxxxxxxxxxxxxxxxxxxxxxxxx
2026-08-24 12:46:00 +0200: Memory Usage (491072K) : ERROR : Netlists don't match
2026-08-24 12:46:00 +0200: Memory Usage (491072K) : xxxxxxxxxxxxxxxxxxxxxxxxxxxxxxxxxxxxxxxxxx
2026-08-24 12:46:00 +0200: Memory Usage (491072K) : LVS Total Run time 1.171285 seconds
