# Logfile created on 2026-04-08 19:06:46 +0200 by logger.rb/v1.5.3
2026-04-08 19:06:46 +0200: Memory Usage (436244K) : Starting running IHP-SG13G2 KLayout DRC runset on /foss/designs/CHIP-PLL/layout/std_cells/basic_cells.oas
2026-04-08 19:06:46 +0200: Memory Usage (436244K) : Ruby Version for klayout: 3.2.3
2026-04-08 19:06:46 +0200: Memory Usage (437524K) : Loading database to memory is complete.
2026-04-08 19:06:46 +0200: Memory Usage (437524K) : IHP-SG13G2 KLayout DRC runset output at: /foss/designs/CHIP-PLL/layout/netlists/divider_wip/simulations/drc_run_inverter_x2/basic_cells_inverter_x2_main.lyrdb
2026-04-08 19:06:46 +0200: Memory Usage (437524K) : Evaluate switches.
2026-04-08 19:06:46 +0200: Memory Usage (437524K) : tables selected: main
2026-04-08 19:06:46 +0200: Memory Usage (437524K) : KLayout will use 1 thread(s) in tiling mode.
2026-04-08 19:06:46 +0200: Memory Usage (437524K) : flat mode is enabled.
2026-04-08 19:06:46 +0200: Memory Usage (437524K) : FEOL enabled: true
2026-04-08 19:06:46 +0200: Memory Usage (437524K) : BEOL enabled: true
2026-04-08 19:06:46 +0200: Memory Usage (437524K) : OFFGRID enabled: true
2026-04-08 19:06:46 +0200: Memory Usage (437524K) : PIN enabled: true
2026-04-08 19:06:46 +0200: Memory Usage (437524K) : FORBIDDEN enabled: true
2026-04-08 19:06:46 +0200: Memory Usage (437524K) : RECOMMENDED enabled: true
2026-04-08 19:06:46 +0200: Memory Usage (437524K) : PreCheck DRC enabled: false
2026-04-08 19:06:46 +0200: Memory Usage (437524K) : CONNECTIVITY_RULES enabled: true.
2026-04-08 19:06:46 +0200: Memory Usage (437524K) : Read in polygons from layers.
2026-04-08 19:06:46 +0200: Memory Usage (438548K) : activ_drw has 4 polygons
2026-04-08 19:06:46 +0200: Memory Usage (438548K) : activ_pin has 0 polygons
2026-04-08 19:06:46 +0200: Memory Usage (438548K) : activ_mask has 0 polygons
2026-04-08 19:06:46 +0200: Memory Usage (438548K) : activ_filler has 0 polygons
2026-04-08 19:06:46 +0200: Memory Usage (438548K) : activ_nofill has 0 polygons
2026-04-08 19:06:46 +0200: Memory Usage (438548K) : activ_opc has 0 polygons
2026-04-08 19:06:46 +0200: Memory Usage (438548K) : activ_iopc has 0 polygons
2026-04-08 19:06:46 +0200: Memory Usage (438548K) : activ_noqrc has 0 polygons
2026-04-08 19:06:46 +0200: Memory Usage (438548K) : biwind_drw has 0 polygons
2026-04-08 19:06:46 +0200: Memory Usage (438548K) : biwind_opc has 0 polygons
2026-04-08 19:06:46 +0200: Memory Usage (438548K) : pemwind_drw has 0 polygons
2026-04-08 19:06:46 +0200: Memory Usage (438548K) : gatpoly_drw has 5 polygons
2026-04-08 19:06:46 +0200: Memory Usage (438548K) : gatpoly_pin has 1 polygons
2026-04-08 19:06:46 +0200: Memory Usage (438548K) : gatpoly_filler has 0 polygons
2026-04-08 19:06:46 +0200: Memory Usage (438804K) : gatpoly_nofill has 0 polygons
2026-04-08 19:06:46 +0200: Memory Usage (438804K) : gatpoly_opc has 0 polygons
2026-04-08 19:06:46 +0200: Memory Usage (438804K) : gatpoly_iopc has 0 polygons
2026-04-08 19:06:46 +0200: Memory Usage (439060K) : gatpoly_noqrc has 0 polygons
2026-04-08 19:06:46 +0200: Memory Usage (439060K) : cont_drw has 40 polygons
2026-04-08 19:06:46 +0200: Memory Usage (439060K) : cont_opc has 0 polygons
2026-04-08 19:06:46 +0200: Memory Usage (439316K) : nsd_drw has 0 polygons
2026-04-08 19:06:46 +0200: Memory Usage (439316K) : nsd_block has 0 polygons
2026-04-08 19:06:46 +0200: Memory Usage (439572K) : metal1_drw has 5 polygons
2026-04-08 19:06:46 +0200: Memory Usage (439572K) : metal1_pin has 7 polygons
2026-04-08 19:06:46 +0200: Memory Usage (439828K) : metal1_mask has 0 polygons
2026-04-08 19:06:46 +0200: Memory Usage (439828K) : metal1_filler has 0 polygons
2026-04-08 19:06:46 +0200: Memory Usage (439828K) : metal1_nofill has 0 polygons
2026-04-08 19:06:46 +0200: Memory Usage (440084K) : metal1_slit has 0 polygons
2026-04-08 19:06:46 +0200: Memory Usage (440340K) : metal1_text has 3 polygons
2026-04-08 19:06:46 +0200: Memory Usage (440596K) : metal1_opc has 0 polygons
2026-04-08 19:06:46 +0200: Memory Usage (440596K) : metal1_noqrc has 0 polygons
2026-04-08 19:06:46 +0200: Memory Usage (440596K) : metal1_res has 0 polygons
2026-04-08 19:06:46 +0200: Memory Usage (440852K) : metal1_iprobe has 0 polygons
2026-04-08 19:06:46 +0200: Memory Usage (440852K) : metal1_diffprb has 0 polygons
2026-04-08 19:06:46 +0200: Memory Usage (441108K) : passiv_drw has 0 polygons
2026-04-08 19:06:46 +0200: Memory Usage (441108K) : passiv_pin has 0 polygons
2026-04-08 19:06:46 +0200: Memory Usage (441108K) : passiv_sbump has 0 polygons
2026-04-08 19:06:46 +0200: Memory Usage (441364K) : passiv_pillar has 0 polygons
2026-04-08 19:06:46 +0200: Memory Usage (441364K) : passiv_pdl has 0 polygons
2026-04-08 19:06:46 +0200: Memory Usage (441620K) : metal2_drw has 4 polygons
2026-04-08 19:06:46 +0200: Memory Usage (441620K) : metal2_pin has 1 polygons
2026-04-08 19:06:46 +0200: Memory Usage (441876K) : metal2_mask has 0 polygons
2026-04-08 19:06:46 +0200: Memory Usage (441876K) : metal2_filler has 0 polygons
2026-04-08 19:06:46 +0200: Memory Usage (442132K) : metal2_nofill has 0 polygons
2026-04-08 19:06:46 +0200: Memory Usage (442132K) : metal2_slit has 0 polygons
2026-04-08 19:06:46 +0200: Memory Usage (442132K) : metal2_text has 1 polygons
2026-04-08 19:06:46 +0200: Memory Usage (442388K) : metal2_opc has 0 polygons
2026-04-08 19:06:46 +0200: Memory Usage (442388K) : metal2_noqrc has 0 polygons
2026-04-08 19:06:46 +0200: Memory Usage (442644K) : metal2_res has 0 polygons
2026-04-08 19:06:46 +0200: Memory Usage (442644K) : metal2_iprobe has 0 polygons
2026-04-08 19:06:46 +0200: Memory Usage (442900K) : metal2_diffprb has 0 polygons
2026-04-08 19:06:46 +0200: Memory Usage (442900K) : baspoly_drw has 0 polygons
2026-04-08 19:06:46 +0200: Memory Usage (442900K) : baspoly_pin has 0 polygons
2026-04-08 19:06:46 +0200: Memory Usage (443156K) : psd_drw has 2 polygons
2026-04-08 19:06:46 +0200: Memory Usage (443156K) : nldb_drw has 0 polygons
2026-04-08 19:06:46 +0200: Memory Usage (443412K) : digibnd_drw has 0 polygons
2026-04-08 19:06:46 +0200: Memory Usage (443412K) : via1_drw has 3 polygons
2026-04-08 19:06:46 +0200: Memory Usage (443668K) : backmetal1_drw has 0 polygons
2026-04-08 19:06:46 +0200: Memory Usage (443668K) : backmetal1_pin has 0 polygons
2026-04-08 19:06:46 +0200: Memory Usage (443924K) : backmetal1_mask has 0 polygons
2026-04-08 19:06:46 +0200: Memory Usage (443924K) : backmetal1_filler has 0 polygons
2026-04-08 19:06:46 +0200: Memory Usage (444180K) : backmetal1_nofill has 0 polygons
2026-04-08 19:06:46 +0200: Memory Usage (444180K) : backmetal1_slit has 0 polygons
2026-04-08 19:06:46 +0200: Memory Usage (444436K) : backmetal1_text has 0 polygons
2026-04-08 19:06:46 +0200: Memory Usage (444436K) : backmetal1_opc has 0 polygons
2026-04-08 19:06:46 +0200: Memory Usage (444436K) : backmetal1_noqrc has 0 polygons
2026-04-08 19:06:46 +0200: Memory Usage (444692K) : backmetal1_res has 0 polygons
2026-04-08 19:06:46 +0200: Memory Usage (444692K) : backmetal1_iprobe has 0 polygons
2026-04-08 19:06:46 +0200: Memory Usage (444948K) : backmetal1_diffprb has 0 polygons
2026-04-08 19:06:46 +0200: Memory Usage (444948K) : backpassiv_drw has 0 polygons
2026-04-08 19:06:46 +0200: Memory Usage (444948K) : res_drw has 0 polygons
2026-04-08 19:06:46 +0200: Memory Usage (445204K) : sram_drw has 0 polygons
2026-04-08 19:06:46 +0200: Memory Usage (445204K) : trans_drw has 0 polygons
2026-04-08 19:06:46 +0200: Memory Usage (445460K) : ind_drw has 0 polygons
2026-04-08 19:06:46 +0200: Memory Usage (445460K) : ind_pin has 0 polygons
2026-04-08 19:06:46 +0200: Memory Usage (445716K) : ind_text has 0 polygons
2026-04-08 19:06:46 +0200: Memory Usage (445716K) : salblock_drw has 0 polygons
2026-04-08 19:06:46 +0200: Memory Usage (445972K) : via2_drw has 3 polygons
2026-04-08 19:06:46 +0200: Memory Usage (445972K) : metal3_drw has 1 polygons
2026-04-08 19:06:46 +0200: Memory Usage (445972K) : metal3_pin has 0 polygons
2026-04-08 19:06:46 +0200: Memory Usage (446228K) : metal3_mask has 0 polygons
2026-04-08 19:06:46 +0200: Memory Usage (446228K) : metal3_filler has 0 polygons
2026-04-08 19:06:46 +0200: Memory Usage (446484K) : metal3_nofill has 0 polygons
2026-04-08 19:06:46 +0200: Memory Usage (446484K) : metal3_slit has 0 polygons
2026-04-08 19:06:46 +0200: Memory Usage (446484K) : metal3_text has 0 polygons
2026-04-08 19:06:46 +0200: Memory Usage (446740K) : metal3_opc has 0 polygons
2026-04-08 19:06:46 +0200: Memory Usage (446740K) : metal3_noqrc has 0 polygons
2026-04-08 19:06:46 +0200: Memory Usage (446996K) : metal3_res has 0 polygons
2026-04-08 19:06:46 +0200: Memory Usage (446996K) : metal3_iprobe has 0 polygons
2026-04-08 19:06:46 +0200: Memory Usage (447252K) : metal3_diffprb has 0 polygons
2026-04-08 19:06:46 +0200: Memory Usage (447252K) : nwell_drw has 1 polygons
2026-04-08 19:06:46 +0200: Memory Usage (447508K) : nwell_pin has 0 polygons
2026-04-08 19:06:46 +0200: Memory Usage (447508K) : nbulay_drw has 1 polygons
2026-04-08 19:06:46 +0200: Memory Usage (447508K) : nbulay_pin has 0 polygons
2026-04-08 19:06:46 +0200: Memory Usage (447764K) : nbulay_block has 0 polygons
2026-04-08 19:06:46 +0200: Memory Usage (447764K) : emwind_drw has 0 polygons
2026-04-08 19:06:46 +0200: Memory Usage (448020K) : emwind_opc has 0 polygons
2026-04-08 19:06:46 +0200: Memory Usage (448020K) : deepco_drw has 0 polygons
2026-04-08 19:06:46 +0200: Memory Usage (448276K) : deepco_drw has 0 polygons
2026-04-08 19:06:46 +0200: Memory Usage (448276K) : mim_drw has 0 polygons
2026-04-08 19:06:46 +0200: Memory Usage (448532K) : edgeseal_drw has 0 polygons
2026-04-08 19:06:46 +0200: Memory Usage (448532K) : edgeseal_bound has 0 polygons
2026-04-08 19:06:46 +0200: Memory Usage (448532K) : substrate_drw has 1 polygons
2026-04-08 19:06:46 +0200: Memory Usage (448788K) : substrate_text has 0 polygons
2026-04-08 19:06:46 +0200: Memory Usage (448788K) : dfpad_drw has 0 polygons
2026-04-08 19:06:46 +0200: Memory Usage (448788K) : dfpad_pillar has 0 polygons
2026-04-08 19:06:46 +0200: Memory Usage (449044K) : dfpad_sbump has 0 polygons
2026-04-08 19:06:46 +0200: Memory Usage (449300K) : thickgateox_drw has 0 polygons
2026-04-08 19:06:46 +0200: Memory Usage (449300K) : pldb_drw has 0 polygons
2026-04-08 19:06:46 +0200: Memory Usage (449556K) : pwell_drw has 0 polygons
2026-04-08 19:06:46 +0200: Memory Usage (449556K) : pwell_pin has 0 polygons
2026-04-08 19:06:46 +0200: Memory Usage (449556K) : pwell_block has 0 polygons
2026-04-08 19:06:46 +0200: Memory Usage (449812K) : ic_drw has 0 polygons
2026-04-08 19:06:46 +0200: Memory Usage (449812K) : via3_drw has 0 polygons
2026-04-08 19:06:46 +0200: Memory Usage (450068K) : metal4_drw has 0 polygons
2026-04-08 19:06:46 +0200: Memory Usage (450068K) : metal4_pin has 0 polygons
2026-04-08 19:06:46 +0200: Memory Usage (450068K) : metal4_mask has 0 polygons
2026-04-08 19:06:46 +0200: Memory Usage (450324K) : metal4_filler has 0 polygons
2026-04-08 19:06:46 +0200: Memory Usage (450580K) : metal4_nofill has 0 polygons
2026-04-08 19:06:46 +0200: Memory Usage (450580K) : metal4_slit has 0 polygons
2026-04-08 19:06:46 +0200: Memory Usage (450580K) : metal4_text has 0 polygons
2026-04-08 19:06:46 +0200: Memory Usage (450580K) : metal4_opc has 0 polygons
2026-04-08 19:06:46 +0200: Memory Usage (450580K) : metal4_noqrc has 0 polygons
2026-04-08 19:06:46 +0200: Memory Usage (450836K) : metal4_res has 0 polygons
2026-04-08 19:06:46 +0200: Memory Usage (450836K) : metal4_iprobe has 0 polygons
2026-04-08 19:06:46 +0200: Memory Usage (450836K) : metal4_diffprb has 0 polygons
2026-04-08 19:06:46 +0200: Memory Usage (451092K) : heattrans_drw has 6 polygons
2026-04-08 19:06:46 +0200: Memory Usage (451092K) : heatres_drw has 0 polygons
2026-04-08 19:06:46 +0200: Memory Usage (451092K) : pempoly_drw has 0 polygons
2026-04-08 19:06:46 +0200: Memory Usage (451348K) : fbe_drw has 0 polygons
2026-04-08 19:06:46 +0200: Memory Usage (451348K) : empoly_drw has 0 polygons
2026-04-08 19:06:46 +0200: Memory Usage (451348K) : ldmos_drw has 0 polygons
2026-04-08 19:06:46 +0200: Memory Usage (451604K) : pbiwind_drw has 0 polygons
2026-04-08 19:06:46 +0200: Memory Usage (451604K) : digisub_drw has 0 polygons
2026-04-08 19:06:46 +0200: Memory Usage (451604K) : nodrc_drw has 0 polygons
2026-04-08 19:06:46 +0200: Memory Usage (451860K) : text_drw has 2 polygons
2026-04-08 19:06:46 +0200: Memory Usage (451860K) : via4_drw has 0 polygons
2026-04-08 19:06:46 +0200: Memory Usage (451860K) : metal5_drw has 0 polygons
2026-04-08 19:06:46 +0200: Memory Usage (452116K) : metal5_pin has 0 polygons
2026-04-08 19:06:46 +0200: Memory Usage (452116K) : metal5_mask has 0 polygons
2026-04-08 19:06:46 +0200: Memory Usage (452116K) : metal5_filler has 0 polygons
2026-04-08 19:06:46 +0200: Memory Usage (452372K) : metal5_nofill has 0 polygons
2026-04-08 19:06:46 +0200: Memory Usage (452372K) : metal5_slit has 0 polygons
2026-04-08 19:06:46 +0200: Memory Usage (452372K) : metal5_text has 0 polygons
2026-04-08 19:06:46 +0200: Memory Usage (452372K) : metal5_opc has 0 polygons
2026-04-08 19:06:46 +0200: Memory Usage (452628K) : metal5_noqrc has 0 polygons
2026-04-08 19:06:46 +0200: Memory Usage (452628K) : metal5_res has 0 polygons
2026-04-08 19:06:46 +0200: Memory Usage (452884K) : metal5_iprobe has 0 polygons
2026-04-08 19:06:46 +0200: Memory Usage (452884K) : metal5_diffprb has 0 polygons
2026-04-08 19:06:46 +0200: Memory Usage (452884K) : radhard_drw has 0 polygons
2026-04-08 19:06:46 +0200: Memory Usage (453140K) : memcap_drw has 0 polygons
2026-04-08 19:06:46 +0200: Memory Usage (453140K) : varicap_drw has 0 polygons
2026-04-08 19:06:46 +0200: Memory Usage (453396K) : flash_drw has 0 polygons
2026-04-08 19:06:46 +0200: Memory Usage (453396K) : intbondvia_drw has 0 polygons
2026-04-08 19:06:46 +0200: Memory Usage (453396K) : intbondmet_drw has 0 polygons
2026-04-08 19:06:46 +0200: Memory Usage (453652K) : devbondvia_drw has 0 polygons
2026-04-08 19:06:46 +0200: Memory Usage (453652K) : devbondmet_drw has 0 polygons
2026-04-08 19:06:46 +0200: Memory Usage (453908K) : devtrench_drw has 0 polygons
2026-04-08 19:06:46 +0200: Memory Usage (453908K) : redist_drw has 0 polygons
2026-04-08 19:06:46 +0200: Memory Usage (453908K) : graphbot_drw has 0 polygons
2026-04-08 19:06:46 +0200: Memory Usage (454164K) : graphtop_drw has 0 polygons
2026-04-08 19:06:46 +0200: Memory Usage (454164K) : antvia1_drw has 0 polygons
2026-04-08 19:06:46 +0200: Memory Usage (454420K) : antmetal2_drw has 0 polygons
2026-04-08 19:06:46 +0200: Memory Usage (454420K) : graphcont_drw has 0 polygons
2026-04-08 19:06:46 +0200: Memory Usage (454420K) : siwg_drw has 0 polygons
2026-04-08 19:06:46 +0200: Memory Usage (454676K) : siwg_filler has 0 polygons
2026-04-08 19:06:46 +0200: Memory Usage (454676K) : siwg_nofill has 0 polygons
2026-04-08 19:06:46 +0200: Memory Usage (454676K) : sigrating_drw has 0 polygons
2026-04-08 19:06:46 +0200: Memory Usage (454676K) : singrating_drw has 0 polygons
2026-04-08 19:06:46 +0200: Memory Usage (454932K) : graphpas_drw has 0 polygons
2026-04-08 19:06:46 +0200: Memory Usage (454932K) : emwind3_drw has 0 polygons
2026-04-08 19:06:46 +0200: Memory Usage (454932K) : emwihv3_drw has 0 polygons
2026-04-08 19:06:46 +0200: Memory Usage (454932K) : redbulay_drw has 0 polygons
2026-04-08 19:06:46 +0200: Memory Usage (455188K) : smos_drw has 0 polygons
2026-04-08 19:06:46 +0200: Memory Usage (455188K) : graphpad_drw has 0 polygons
2026-04-08 19:06:46 +0200: Memory Usage (455188K) : polimide_drw has 0 polygons
2026-04-08 19:06:46 +0200: Memory Usage (455444K) : polimide_pin has 0 polygons
2026-04-08 19:06:46 +0200: Memory Usage (455444K) : recog_drw has 0 polygons
2026-04-08 19:06:46 +0200: Memory Usage (455444K) : recog_pin has 0 polygons
2026-04-08 19:06:46 +0200: Memory Usage (455700K) : recog_esd has 0 polygons
2026-04-08 19:06:46 +0200: Memory Usage (455700K) : recog_diode has 0 polygons
2026-04-08 19:06:46 +0200: Memory Usage (455700K) : recog_tsv has 0 polygons
2026-04-08 19:06:46 +0200: Memory Usage (455700K) : recog_iprobe has 0 polygons
2026-04-08 19:06:46 +0200: Memory Usage (455956K) : recog_diffprb has 0 polygons
2026-04-08 19:06:46 +0200: Memory Usage (455956K) : recog_pillar has 0 polygons
2026-04-08 19:06:46 +0200: Memory Usage (455956K) : recog_sbump has 0 polygons
2026-04-08 19:06:46 +0200: Memory Usage (456212K) : recog_otp has 0 polygons
2026-04-08 19:06:46 +0200: Memory Usage (456212K) : recog_pdiode has 0 polygons
2026-04-08 19:06:46 +0200: Memory Usage (456212K) : recog_mom has 0 polygons
2026-04-08 19:06:46 +0200: Memory Usage (456468K) : recog_pcm has 0 polygons
2026-04-08 19:06:46 +0200: Memory Usage (456468K) : colopen_drw has 0 polygons
2026-04-08 19:06:46 +0200: Memory Usage (456468K) : graphmetal1_drw has 0 polygons
2026-04-08 19:06:46 +0200: Memory Usage (456468K) : graphmetal1_filler has 0 polygons
2026-04-08 19:06:46 +0200: Memory Usage (456468K) : graphmetal1_nofill has 0 polygons
2026-04-08 19:06:46 +0200: Memory Usage (456724K) : graphmetal1_slit has 0 polygons
2026-04-08 19:06:46 +0200: Memory Usage (456724K) : graphmetal1_opc has 0 polygons
2026-04-08 19:06:46 +0200: Memory Usage (456724K) : graphmet1l_drw has 0 polygons
2026-04-08 19:06:46 +0200: Memory Usage (456980K) : graphmet1l_filler has 0 polygons
2026-04-08 19:06:46 +0200: Memory Usage (456980K) : graphmet1l_nofill has 0 polygons
2026-04-08 19:06:46 +0200: Memory Usage (457236K) : graphmet1l_slit has 0 polygons
2026-04-08 19:06:46 +0200: Memory Usage (457236K) : graphmet1l_opc has 0 polygons
2026-04-08 19:06:46 +0200: Memory Usage (457236K) : extblock_drw has 0 polygons
2026-04-08 19:06:46 +0200: Memory Usage (457492K) : nldd_drw has 0 polygons
2026-04-08 19:06:46 +0200: Memory Usage (457492K) : pldd_drw has 0 polygons
2026-04-08 19:06:46 +0200: Memory Usage (457748K) : next_drw has 0 polygons
2026-04-08 19:06:46 +0200: Memory Usage (457748K) : pext_drw has 0 polygons
2026-04-08 19:06:46 +0200: Memory Usage (457748K) : nexthv_drw has 0 polygons
2026-04-08 19:06:46 +0200: Memory Usage (458004K) : pexthv_drw has 0 polygons
2026-04-08 19:06:46 +0200: Memory Usage (458004K) : graphgate_drw has 0 polygons
2026-04-08 19:06:46 +0200: Memory Usage (458260K) : sinwg_drw has 0 polygons
2026-04-08 19:06:46 +0200: Memory Usage (458260K) : sinwg_filler has 0 polygons
2026-04-08 19:06:46 +0200: Memory Usage (458260K) : sinwg_nofill has 0 polygons
2026-04-08 19:06:46 +0200: Memory Usage (458516K) : mempad_drw has 0 polygons
2026-04-08 19:06:46 +0200: Memory Usage (458516K) : topvia1_drw has 0 polygons
2026-04-08 19:06:46 +0200: Memory Usage (458772K) : topmetal1_drw has 0 polygons
2026-04-08 19:06:46 +0200: Memory Usage (458772K) : topmetal1_pin has 0 polygons
2026-04-08 19:06:46 +0200: Memory Usage (458772K) : topmetal1_mask has 0 polygons
2026-04-08 19:06:46 +0200: Memory Usage (459028K) : topmetal1_filler has 0 polygons
2026-04-08 19:06:46 +0200: Memory Usage (459028K) : topmetal1_nofill has 0 polygons
2026-04-08 19:06:46 +0200: Memory Usage (459284K) : topmetal1_slit has 0 polygons
2026-04-08 19:06:46 +0200: Memory Usage (459284K) : topmetal1_text has 0 polygons
2026-04-08 19:06:46 +0200: Memory Usage (459284K) : topmetal1_noqrc has 0 polygons
2026-04-08 19:06:46 +0200: Memory Usage (459540K) : topmetal1_res has 0 polygons
2026-04-08 19:06:46 +0200: Memory Usage (459540K) : topmetal1_iprobe has 0 polygons
2026-04-08 19:06:46 +0200: Memory Usage (459540K) : topmetal1_diffprb has 0 polygons
2026-04-08 19:06:46 +0200: Memory Usage (459796K) : inldpwl_drw has 0 polygons
2026-04-08 19:06:46 +0200: Memory Usage (459796K) : polyres_drw has 0 polygons
2026-04-08 19:06:46 +0200: Memory Usage (460052K) : polyres_pin has 0 polygons
2026-04-08 19:06:46 +0200: Memory Usage (460052K) : vmim_drw has 0 polygons
2026-04-08 19:06:46 +0200: Memory Usage (460052K) : nbulaycut_drw has 0 polygons
2026-04-08 19:06:46 +0200: Memory Usage (460308K) : antmetal1_drw has 0 polygons
2026-04-08 19:06:46 +0200: Memory Usage (460308K) : topvia2_drw has 0 polygons
2026-04-08 19:06:46 +0200: Memory Usage (460564K) : topmetal2_drw has 0 polygons
2026-04-08 19:06:46 +0200: Memory Usage (460564K) : topmetal2_pin has 0 polygons
2026-04-08 19:06:46 +0200: Memory Usage (460564K) : topmetal2_mask has 0 polygons
2026-04-08 19:06:46 +0200: Memory Usage (460820K) : topmetal2_filler has 0 polygons
2026-04-08 19:06:46 +0200: Memory Usage (460820K) : topmetal2_nofill has 0 polygons
2026-04-08 19:06:46 +0200: Memory Usage (461076K) : topmetal2_slit has 0 polygons
2026-04-08 19:06:46 +0200: Memory Usage (461076K) : topmetal2_text has 0 polygons
2026-04-08 19:06:46 +0200: Memory Usage (461076K) : topmetal2_noqrc has 0 polygons
2026-04-08 19:06:46 +0200: Memory Usage (461332K) : topmetal2_res has 0 polygons
2026-04-08 19:06:46 +0200: Memory Usage (461332K) : topmetal2_iprobe has 0 polygons
2026-04-08 19:06:46 +0200: Memory Usage (461332K) : topmetal2_diffprb has 0 polygons
2026-04-08 19:06:46 +0200: Memory Usage (461588K) : snsring_drw has 0 polygons
2026-04-08 19:06:46 +0200: Memory Usage (461588K) : sensor_drw has 0 polygons
2026-04-08 19:06:46 +0200: Memory Usage (461844K) : snsarms_drw has 0 polygons
2026-04-08 19:06:46 +0200: Memory Usage (461844K) : snscmosvia_drw has 0 polygons
2026-04-08 19:06:46 +0200: Memory Usage (461844K) : colwind_drw has 0 polygons
2026-04-08 19:06:46 +0200: Memory Usage (462100K) : flm_drw has 0 polygons
2026-04-08 19:06:46 +0200: Memory Usage (462100K) : hafniumox_drw has 0 polygons
2026-04-08 19:06:46 +0200: Memory Usage (462356K) : memvia_drw has 0 polygons
2026-04-08 19:06:46 +0200: Memory Usage (462356K) : thinfilmres_drw has 0 polygons
2026-04-08 19:06:46 +0200: Memory Usage (462356K) : rfmem_drw has 0 polygons
2026-04-08 19:06:46 +0200: Memory Usage (462612K) : norcx_drw has 0 polygons
2026-04-08 19:06:46 +0200: Memory Usage (462612K) : norcx_m2m3 has 0 polygons
2026-04-08 19:06:46 +0200: Memory Usage (462612K) : norcx_m2m4 has 0 polygons
2026-04-08 19:06:46 +0200: Memory Usage (462612K) : norcx_m2m5 has 0 polygons
2026-04-08 19:06:46 +0200: Memory Usage (462612K) : norcx_m2tm1 has 0 polygons
2026-04-08 19:06:46 +0200: Memory Usage (462612K) : norcx_m2tm2 has 0 polygons
2026-04-08 19:06:46 +0200: Memory Usage (462612K) : norcx_m3m4 has 0 polygons
2026-04-08 19:06:46 +0200: Memory Usage (462612K) : norcx_m3m5 has 0 polygons
2026-04-08 19:06:46 +0200: Memory Usage (462612K) : norcx_m3tm1 has 0 polygons
2026-04-08 19:06:46 +0200: Memory Usage (462612K) : norcx_m3tm2 has 0 polygons
2026-04-08 19:06:46 +0200: Memory Usage (462612K) : norcx_m4m5 has 0 polygons
2026-04-08 19:06:46 +0200: Memory Usage (462612K) : norcx_m4tm1 has 0 polygons
2026-04-08 19:06:46 +0200: Memory Usage (462612K) : norcx_m4tm2 has 0 polygons
2026-04-08 19:06:46 +0200: Memory Usage (462612K) : norcx_m5tm1 has 0 polygons
2026-04-08 19:06:46 +0200: Memory Usage (462612K) : norcx_m5tm2 has 0 polygons
2026-04-08 19:06:46 +0200: Memory Usage (462612K) : norcx_tm1tm2 has 0 polygons
2026-04-08 19:06:46 +0200: Memory Usage (462612K) : norcx_m1sub has 0 polygons
2026-04-08 19:06:46 +0200: Memory Usage (462612K) : norcx_m2sub has 0 polygons
2026-04-08 19:06:46 +0200: Memory Usage (462612K) : norcx_m3sub has 0 polygons
2026-04-08 19:06:46 +0200: Memory Usage (462612K) : norcx_m4sub has 0 polygons
2026-04-08 19:06:46 +0200: Memory Usage (462612K) : norcx_m5sub has 0 polygons
2026-04-08 19:06:46 +0200: Memory Usage (462612K) : norcx_tm1sub has 0 polygons
2026-04-08 19:06:46 +0200: Memory Usage (462612K) : norcx_tm2sub has 0 polygons
2026-04-08 19:06:46 +0200: Memory Usage (462612K) : snsbotvia_drw has 0 polygons
2026-04-08 19:06:46 +0200: Memory Usage (462612K) : snstopvia_drw has 0 polygons
2026-04-08 19:06:46 +0200: Memory Usage (462612K) : deepvia_drw has 0 polygons
2026-04-08 19:06:46 +0200: Memory Usage (462612K) : fgetch_drw has 0 polygons
2026-04-08 19:06:46 +0200: Memory Usage (462612K) : ctrgat_drw has 0 polygons
2026-04-08 19:06:46 +0200: Memory Usage (462612K) : fgimp_drw has 0 polygons
2026-04-08 19:06:46 +0200: Memory Usage (462612K) : emwihv_drw has 0 polygons
2026-04-08 19:06:46 +0200: Memory Usage (462612K) : lbe_drw has 0 polygons
2026-04-08 19:06:46 +0200: Memory Usage (462612K) : alcustop_drw has 0 polygons
2026-04-08 19:06:46 +0200: Memory Usage (462612K) : nometfiller_drw has 0 polygons
2026-04-08 19:06:46 +0200: Memory Usage (462612K) : prboundary_drw has 0 polygons
2026-04-08 19:06:46 +0200: Memory Usage (462612K) : exchange0_drw has 0 polygons
2026-04-08 19:06:46 +0200: Memory Usage (462612K) : exchange0_pin has 0 polygons
2026-04-08 19:06:46 +0200: Memory Usage (462612K) : exchange0_text has 0 polygons
2026-04-08 19:06:46 +0200: Memory Usage (462612K) : exchange1_drw has 0 polygons
2026-04-08 19:06:46 +0200: Memory Usage (462612K) : exchange1_pin has 0 polygons
2026-04-08 19:06:46 +0200: Memory Usage (462612K) : exchange1_text has 0 polygons
2026-04-08 19:06:46 +0200: Memory Usage (462612K) : exchange2_drw has 0 polygons
2026-04-08 19:06:46 +0200: Memory Usage (462612K) : exchange2_pin has 0 polygons
2026-04-08 19:06:46 +0200: Memory Usage (462612K) : exchange2_text has 0 polygons
2026-04-08 19:06:46 +0200: Memory Usage (462612K) : exchange3_drw has 0 polygons
2026-04-08 19:06:46 +0200: Memory Usage (462612K) : exchange3_pin has 0 polygons
2026-04-08 19:06:46 +0200: Memory Usage (462612K) : exchange3_text has 0 polygons
2026-04-08 19:06:46 +0200: Memory Usage (462612K) : exchange4_drw has 0 polygons
2026-04-08 19:06:46 +0200: Memory Usage (462612K) : exchange4_pin has 0 polygons
2026-04-08 19:06:46 +0200: Memory Usage (462612K) : exchange4_text has 0 polygons
2026-04-08 19:06:46 +0200: Memory Usage (462612K) : isonwell_drw has 0 polygons
2026-04-08 19:06:46 +0200: Memory Usage (462612K) : Total no. of polygons in the design is 91
2026-04-08 19:06:46 +0200: Memory Usage (462868K) : Loaded TECH DRC rules values from /foss/pdks/ihp-sg13g2/libs.tech/klayout/python/sg13g2_pycell_lib/sg13g2_tech_mod.json
2026-04-08 19:06:46 +0200: Memory Usage (462868K) : Loaded default DRC rules values from /foss/pdks/ihp-sg13g2/libs.tech/klayout/tech/drc/rule_decks/sg13g2_tech_default.json
2026-04-08 19:06:46 +0200: Memory Usage (462868K) : The following rules values were missing in tech json and default values were used:
2026-04-08 19:06:46 +0200: Memory Usage (462868K) :   - Cnt_c_digibnd
2026-04-08 19:06:46 +0200: Memory Usage (462868K) : Total area of the design is 15.019924999999999 um^2.
2026-04-08 19:06:46 +0200: Memory Usage (462868K) : The design dimensions are 2.995 µm * 5.015000000000001 µm.
2026-04-08 19:06:46 +0200: Memory Usage (462868K) : Starting general IHP-SG13G2 derivations.
2026-04-08 19:06:46 +0200: Memory Usage (462868K) : Starting Pwell derivations
2026-04-08 19:06:46 +0200: Memory Usage (462868K) : Starting n-Activ derivations
2026-04-08 19:06:46 +0200: Memory Usage (462868K) : Starting p-Activ derivations
2026-04-08 19:06:46 +0200: Memory Usage (462868K) : Starting ptap derivations
2026-04-08 19:06:46 +0200: Memory Usage (463124K) : Starting ntap derivations
2026-04-08 19:06:46 +0200: Memory Usage (463124K) : Starting pact FET derivations
2026-04-08 19:06:46 +0200: Memory Usage (463124K) : Starting nact FET derivations
2026-04-08 19:06:46 +0200: Memory Usage (463124K) : Starting Gate derivations
2026-04-08 19:06:46 +0200: Memory Usage (463124K) : Starting cont/contbar general derivations
2026-04-08 19:06:46 +0200: Memory Usage (463124K) : Starting pad general derivations
2026-04-08 19:06:46 +0200: Memory Usage (463124K) : Starting IHP-SG13G2 DRC connectivity related derivations.
2026-04-08 19:06:46 +0200: Memory Usage (463124K) : Starting IHP-SG13G2 DRC connectivity setup
2026-04-08 19:06:46 +0200: Memory Usage (464148K) : Starting IHP-SG13G2 DRC rules.
2026-04-08 19:06:46 +0200: Memory Usage (464148K) : Running all FEOL rules
2026-04-08 19:06:46 +0200: Memory Usage (464148K) : Running all BEOL rules
2026-04-08 19:06:46 +0200: Memory Usage (464148K) : Running all PIN rules
2026-04-08 19:06:46 +0200: Memory Usage (464148K) : Running all FORBIDDEN rules
2026-04-08 19:06:46 +0200: Memory Usage (464148K) : Starting 5.1 NWell table
2026-04-08 19:06:46 +0200: Memory Usage (464148K) : Executing rule NW.b
2026-04-08 19:06:46 +0200: Memory Usage (465172K) : Executing rule NW.b1
2026-04-08 19:06:46 +0200: Memory Usage (465172K) : Starting 5.2 PWell:block
2026-04-08 19:06:46 +0200: Memory Usage (465172K) : Executing rule PWB.e
2026-04-08 19:06:46 +0200: Memory Usage (465172K) : Executing rule PWB.e1
2026-04-08 19:06:46 +0200: Memory Usage (465172K) : Executing rule PWB.f
2026-04-08 19:06:46 +0200: Memory Usage (465172K) : Executing rule PWB.f1
2026-04-08 19:06:46 +0200: Memory Usage (465172K) : Starting 5.3 nBuLay table
2026-04-08 19:06:46 +0200: Memory Usage (465428K) : Executing rule NBL.b
2026-04-08 19:06:46 +0200: Memory Usage (465428K) : Executing rule NBL.c
2026-04-08 19:06:46 +0200: Memory Usage (465428K) : Executing rule NBL.d
2026-04-08 19:06:46 +0200: Memory Usage (465428K) : Executing rule NBL.e
2026-04-08 19:06:46 +0200: Memory Usage (465428K) : Executing rule NBL.f
2026-04-08 19:06:46 +0200: Memory Usage (465428K) : Starting 5.5. Activ table
2026-04-08 19:06:46 +0200: Memory Usage (465428K) : Executing rule Act.a
2026-04-08 19:06:46 +0200: Memory Usage (465428K) : Executing rule Act.b
2026-04-08 19:06:46 +0200: Memory Usage (465684K) : Starting 5.6 Activ:filler table
2026-04-08 19:06:46 +0200: Memory Usage (465684K) : Executing rule AFil.c1
2026-04-08 19:06:46 +0200: Memory Usage (465684K) : Executing rule AFil.c
2026-04-08 19:06:46 +0200: Memory Usage (465684K) : Executing rule AFil.d
2026-04-08 19:06:46 +0200: Memory Usage (465684K) : Executing rule AFil.e
2026-04-08 19:06:46 +0200: Memory Usage (465684K) : Executing rule AFil.j
2026-04-08 19:06:46 +0200: Memory Usage (465684K) : Starting 5.7. ThickGateOx table
2026-04-08 19:06:46 +0200: Memory Usage (465684K) : Executing rule TGO.f
2026-04-08 19:06:46 +0200: Memory Usage (465684K) : Starting 5.8. GatPoly table
2026-04-08 19:06:46 +0200: Memory Usage (465684K) : Executing rule Gat.a
2026-04-08 19:06:46 +0200: Memory Usage (465684K) : Executing rule Gat.b
2026-04-08 19:06:46 +0200: Memory Usage (465684K) : Executing rule Gat.d
2026-04-08 19:06:46 +0200: Memory Usage (465940K) : Executing rule Gat.a1
2026-04-08 19:06:46 +0200: Memory Usage (466452K) : Executing rule Gat.a2
2026-04-08 19:06:46 +0200: Memory Usage (466708K) : Executing rule Gat.g
2026-04-08 19:06:46 +0200: Memory Usage (466964K) : Starting 5.9 GatPoly:filler
2026-04-08 19:06:46 +0200: Memory Usage (467220K) : Executing rule GFil.d
2026-04-08 19:06:46 +0200: Memory Usage (467220K) : Executing rule GFil.e
2026-04-08 19:06:46 +0200: Memory Usage (467476K) : Executing rule GFil.i
2026-04-08 19:06:46 +0200: Memory Usage (467476K) : Starting 5.10 pSD table
2026-04-08 19:06:46 +0200: Memory Usage (467476K) : Executing rule pSD.c1
2026-04-08 19:06:46 +0200: Memory Usage (467732K) : Starting 5.14. Cont table
2026-04-08 19:06:46 +0200: Memory Usage (467732K) : Executing rule Cnt.a
2026-04-08 19:06:46 +0200: Memory Usage (467988K) : Executing rule Cnt.b
2026-04-08 19:06:46 +0200: Memory Usage (467988K) : Executing rule Cnt.c
2026-04-08 19:06:46 +0200: Memory Usage (468244K) : Executing rule Cnt.c
2026-04-08 19:06:46 +0200: Memory Usage (468244K) : Executing rule Cnt.d
2026-04-08 19:06:46 +0200: Memory Usage (468500K) : Executing rule Cnt.e
2026-04-08 19:06:46 +0200: Memory Usage (468500K) : Executing rule Cnt.g1
2026-04-08 19:06:46 +0200: Memory Usage (468756K) : Executing rule Cnt.g2
2026-04-08 19:06:46 +0200: Memory Usage (469012K) : Starting 5.15. ContBar table
2026-04-08 19:06:46 +0200: Memory Usage (469012K) : Executing rule CntB.b1
2026-04-08 19:06:46 +0200: Memory Usage (469012K) : Executing rule CntB.h1
2026-04-08 19:06:46 +0200: Memory Usage (469268K) : Starting 6.1.3 NPN Substrate-Tie table
2026-04-08 19:06:46 +0200: Memory Usage (469268K) : Executing rule npn13G2.bR 
2026-04-08 19:06:46 +0200: Memory Usage (469524K) : Executing rule npn13G2L.cR 
2026-04-08 19:06:46 +0200: Memory Usage (469780K) : Executing rule npn13G2V.cR 
2026-04-08 19:06:46 +0200: Memory Usage (470036K) : Starting 6.7 Schottky diode table
2026-04-08 19:06:46 +0200: Memory Usage (470036K) : Executing rule Sdiod.d
2026-04-08 19:06:46 +0200: Memory Usage (470292K) : Executing rule Sdiod.e
2026-04-08 19:06:46 +0200: Memory Usage (470292K) : Starting 7.2 Latch-up table
2026-04-08 19:06:46 +0200: Memory Usage (470292K) : Executing rule LU.b
2026-04-08 19:06:46 +0200: Memory Usage (470548K) : Starting 5.16. Metal1 table
2026-04-08 19:06:46 +0200: Memory Usage (470548K) : Executing rule M1.a
2026-04-08 19:06:46 +0200: Memory Usage (470548K) : Executing rule M1.b
2026-04-08 19:06:46 +0200: Memory Usage (470548K) : Executing rule M1.e
2026-04-08 19:06:46 +0200: Memory Usage (470548K) : Executing rule M1.f
2026-04-08 19:06:46 +0200: Memory Usage (470548K) : Executing rule M1.g
2026-04-08 19:06:46 +0200: Memory Usage (470548K) : Executing rule M1.i
2026-04-08 19:06:46 +0200: Memory Usage (470548K) : Starting 5.17 Metaln table
2026-04-08 19:06:46 +0200: Memory Usage (470548K) : Executing rule M2.a
2026-04-08 19:06:46 +0200: Memory Usage (470548K) : Executing rule M2.b
2026-04-08 19:06:46 +0200: Memory Usage (470548K) : Executing rule M2.e
2026-04-08 19:06:46 +0200: Memory Usage (470548K) : Executing rule M2.f
2026-04-08 19:06:46 +0200: Memory Usage (470548K) : Executing rule M2.g
2026-04-08 19:06:46 +0200: Memory Usage (470548K) : Executing rule M2.i
2026-04-08 19:06:46 +0200: Memory Usage (470548K) : Executing rule M3.a
2026-04-08 19:06:46 +0200: Memory Usage (470548K) : Executing rule M3.b
2026-04-08 19:06:46 +0200: Memory Usage (470548K) : Executing rule M3.e
2026-04-08 19:06:46 +0200: Memory Usage (470548K) : Executing rule M3.f
2026-04-08 19:06:46 +0200: Memory Usage (470548K) : Executing rule M3.g
2026-04-08 19:06:46 +0200: Memory Usage (470548K) : Executing rule M3.i
2026-04-08 19:06:46 +0200: Memory Usage (470548K) : Executing rule M4.a
2026-04-08 19:06:46 +0200: Memory Usage (470548K) : Executing rule M4.b
2026-04-08 19:06:46 +0200: Memory Usage (470548K) : Executing rule M4.e
2026-04-08 19:06:46 +0200: Memory Usage (470548K) : Executing rule M4.f
2026-04-08 19:06:46 +0200: Memory Usage (470548K) : Executing rule M4.g
2026-04-08 19:06:46 +0200: Memory Usage (470548K) : Executing rule M4.i
2026-04-08 19:06:46 +0200: Memory Usage (470548K) : Executing rule M5.a
2026-04-08 19:06:46 +0200: Memory Usage (470548K) : Executing rule M5.b
2026-04-08 19:06:46 +0200: Memory Usage (470548K) : Executing rule M5.e
2026-04-08 19:06:46 +0200: Memory Usage (470548K) : Executing rule M5.f
2026-04-08 19:06:46 +0200: Memory Usage (470548K) : Executing rule M5.g
2026-04-08 19:06:46 +0200: Memory Usage (470548K) : Executing rule M5.i
2026-04-08 19:06:46 +0200: Memory Usage (470548K) : Starting 5.18 Metaln:filler table
2026-04-08 19:06:46 +0200: Memory Usage (470548K) : Executing rule M1Fil.c
2026-04-08 19:06:46 +0200: Memory Usage (470548K) : Executing rule M1Fil.a2
2026-04-08 19:06:46 +0200: Memory Usage (470548K) : Executing rule M2Fil.c
2026-04-08 19:06:46 +0200: Memory Usage (470548K) : Executing rule M2Fil.a2
2026-04-08 19:06:46 +0200: Memory Usage (470548K) : Executing rule M3Fil.c
2026-04-08 19:06:46 +0200: Memory Usage (470548K) : Executing rule M3Fil.a2
2026-04-08 19:06:46 +0200: Memory Usage (470548K) : Executing rule M4Fil.c
2026-04-08 19:06:46 +0200: Memory Usage (470548K) : Executing rule M4Fil.a2
2026-04-08 19:06:46 +0200: Memory Usage (470548K) : Executing rule M5Fil.c
2026-04-08 19:06:46 +0200: Memory Usage (470548K) : Executing rule M5Fil.a2
2026-04-08 19:06:46 +0200: Memory Usage (470548K) : Starting 5.19. Via1 table
2026-04-08 19:06:46 +0200: Memory Usage (470548K) : Starting 5.19. Via1 table derivations
2026-04-08 19:06:46 +0200: Memory Usage (470548K) : Executing rule V1.a
2026-04-08 19:06:46 +0200: Memory Usage (470548K) : Executing rule V1.b
2026-04-08 19:06:46 +0200: Memory Usage (470548K) : Executing rule V1.c
2026-04-08 19:06:46 +0200: Memory Usage (470548K) : Starting 5.20. Vian table
2026-04-08 19:06:46 +0200: Memory Usage (470548K) : Executing rule V2.a
2026-04-08 19:06:46 +0200: Memory Usage (470548K) : Executing rule V2.b
2026-04-08 19:06:46 +0200: Memory Usage (470548K) : Executing rule V2.c
2026-04-08 19:06:46 +0200: Memory Usage (470548K) : Executing rule V3.a
2026-04-08 19:06:46 +0200: Memory Usage (470548K) : Executing rule V3.b
2026-04-08 19:06:46 +0200: Memory Usage (470548K) : Executing rule V3.c
2026-04-08 19:06:46 +0200: Memory Usage (470548K) : Executing rule V4.a
2026-04-08 19:06:46 +0200: Memory Usage (470548K) : Executing rule V4.b
2026-04-08 19:06:46 +0200: Memory Usage (470548K) : Executing rule V4.c
2026-04-08 19:06:46 +0200: Memory Usage (470548K) : Starting 5.21. TopVia1 table
2026-04-08 19:06:46 +0200: Memory Usage (470548K) : Executing rule TV1.a
2026-04-08 19:06:46 +0200: Memory Usage (470548K) : Executing rule TV1.b
2026-04-08 19:06:46 +0200: Memory Usage (470548K) : Executing rule TV1.c
2026-04-08 19:06:46 +0200: Memory Usage (470548K) : Executing rule TV1.d
2026-04-08 19:06:46 +0200: Memory Usage (470548K) : Starting 5.22. TopMetal1 table
2026-04-08 19:06:46 +0200: Memory Usage (470548K) : Executing rule TM1.a
2026-04-08 19:06:46 +0200: Memory Usage (470548K) : Executing rule TM1.b
2026-04-08 19:06:46 +0200: Memory Usage (470548K) : Starting 5.23 TopMetal1:filler table
2026-04-08 19:06:46 +0200: Memory Usage (470548K) : Executing rule TM1Fil.c
2026-04-08 19:06:46 +0200: Memory Usage (470548K) : Executing rule TM1Fil.a1
2026-04-08 19:06:46 +0200: Memory Usage (470548K) : Starting 5.24. TopVia2 table
2026-04-08 19:06:46 +0200: Memory Usage (470548K) : Executing rule TV2.a
2026-04-08 19:06:46 +0200: Memory Usage (470548K) : Executing rule TV2.b
2026-04-08 19:06:46 +0200: Memory Usage (470548K) : Executing rule TV2.c
2026-04-08 19:06:46 +0200: Memory Usage (470548K) : Executing rule TV2.d
2026-04-08 19:06:46 +0200: Memory Usage (470548K) : Starting 5.25. TopMetal2 table
2026-04-08 19:06:46 +0200: Memory Usage (470548K) : Executing rule TM2.a
2026-04-08 19:06:46 +0200: Memory Usage (470548K) : Executing rule TM2.b
2026-04-08 19:06:46 +0200: Memory Usage (470548K) : Executing rule TM2.bR
2026-04-08 19:06:46 +0200: Memory Usage (470548K) : Starting 5.26 TopMetal2:filler table
2026-04-08 19:06:46 +0200: Memory Usage (470548K) : Executing rule TM2Fil.c
2026-04-08 19:06:46 +0200: Memory Usage (470548K) : Executing rule TM2Fil.a1
2026-04-08 19:06:46 +0200: Memory Usage (470548K) : Starting 5.27. Passiv table
2026-04-08 19:06:46 +0200: Memory Usage (470548K) : Executing rule Pas.a
2026-04-08 19:06:46 +0200: Memory Usage (470548K) : Executing rule Pas.b
2026-04-08 19:06:46 +0200: Memory Usage (470548K) : Executing rule Pas.c
2026-04-08 19:06:46 +0200: Memory Usage (470548K) : Starting 6.9.2 Copper Pillar table
2026-04-08 19:06:46 +0200: Memory Usage (470548K) : Executing rule Padc.a
2026-04-08 19:06:46 +0200: Memory Usage (470548K) : Executing rule Padc.b
2026-04-08 19:06:46 +0200: Memory Usage (470548K) : Executing rule Padc.c
2026-04-08 19:06:46 +0200: Memory Usage (470548K) : Executing rule Padb.f
2026-04-08 19:06:46 +0200: Memory Usage (470548K) : Starting 6.9 Pad table
2026-04-08 19:06:46 +0200: Memory Usage (470548K) : Executing rule Pad.m
2026-04-08 19:06:46 +0200: Memory Usage (470548K) : Executing rule Pad.fR_M1
2026-04-08 19:06:46 +0200: Memory Usage (470548K) : Executing rule Pad.fR_M2
2026-04-08 19:06:46 +0200: Memory Usage (470548K) : Executing rule Pad.fR_M3
2026-04-08 19:06:46 +0200: Memory Usage (470548K) : Executing rule Pad.fR_M4
2026-04-08 19:06:46 +0200: Memory Usage (470548K) : Executing rule Pad.fR_M5
2026-04-08 19:06:46 +0200: Memory Usage (470548K) : Executing rule Pad.fR_TM1
2026-04-08 19:06:46 +0200: Memory Usage (470548K) : Executing rule Pad.fR_TM2
2026-04-08 19:06:46 +0200: Memory Usage (470548K) : Executing rule Pad.i
2026-04-08 19:06:46 +0200: Memory Usage (470548K) : Starting 6.9.1 Solder Bump
2026-04-08 19:06:46 +0200: Memory Usage (470548K) : Executing rule Padb.a
2026-04-08 19:06:46 +0200: Memory Usage (470548K) : Executing rule Padb.b
2026-04-08 19:06:46 +0200: Memory Usage (470548K) : Executing rule Padb.c
2026-04-08 19:06:46 +0200: Memory Usage (470548K) : Executing rule Padb.f
2026-04-08 19:06:46 +0200: Memory Usage (470548K) : Executing rule Padb.d
2026-04-08 19:06:46 +0200: Memory Usage (470548K) : Starting 6.10 Sealring table
2026-04-08 19:06:46 +0200: Memory Usage (470548K) : Executing rule Seal.l
2026-04-08 19:06:46 +0200: Memory Usage (470548K) : Executing rule Seal.n
2026-04-08 19:06:46 +0200: Memory Usage (470548K) : Executing rule seal.b_metal1
2026-04-08 19:06:46 +0200: Memory Usage (470548K) : Executing rule seal.b_metal2
2026-04-08 19:06:46 +0200: Memory Usage (470548K) : Executing rule seal.b_metal3
2026-04-08 19:06:46 +0200: Memory Usage (470548K) : Executing rule seal.b_metal4
2026-04-08 19:06:46 +0200: Memory Usage (470548K) : Executing rule seal.b_metal5
2026-04-08 19:06:46 +0200: Memory Usage (470548K) : Executing rule seal.b_topmetal1
2026-04-08 19:06:46 +0200: Memory Usage (470548K) : Executing rule seal.b_topmetal2
2026-04-08 19:06:46 +0200: Memory Usage (470548K) : Executing rule seal.b_activ
2026-04-08 19:06:46 +0200: Memory Usage (470548K) : Executing rule seal.b_psd
2026-04-08 19:06:46 +0200: Memory Usage (470548K) : Executing rule Seal.k
2026-04-08 19:06:46 +0200: Memory Usage (470548K) : Executing rule Seal.m
2026-04-08 19:06:46 +0200: Memory Usage (470548K) : Starting 6.11 MIM table
2026-04-08 19:06:46 +0200: Memory Usage (470548K) : Executing rule MIM.c
2026-04-08 19:06:46 +0200: Memory Usage (470548K) : Executing rule MIM.d
2026-04-08 19:06:46 +0200: Memory Usage (470548K) : Executing rule MIM.gR
2026-04-08 19:06:46 +0200: Memory Usage (470548K) : Starting 7.3 Metal Slits table
2026-04-08 19:06:46 +0200: Memory Usage (470548K) : Executing rule Slt.e1_M1
2026-04-08 19:06:46 +0200: Memory Usage (470548K) : Executing rule Slt.e1_M2
2026-04-08 19:06:46 +0200: Memory Usage (470548K) : Executing rule Slt.e1_M3
2026-04-08 19:06:46 +0200: Memory Usage (470548K) : Executing rule Slt.e1_M4
2026-04-08 19:06:46 +0200: Memory Usage (470548K) : Executing rule Slt.e1_M5
2026-04-08 19:06:46 +0200: Memory Usage (470548K) : Executing rule Slt.e1_TM1
2026-04-08 19:06:46 +0200: Memory Usage (470548K) : Executing rule Slt.e1_TM2
2026-04-08 19:06:46 +0200: Memory Usage (470548K) : Starting 9.1. LBE table
2026-04-08 19:06:46 +0200: Memory Usage (470548K) : Executing rule LBE.a
2026-04-08 19:06:46 +0200: Memory Usage (470548K) : Executing rule LBE.b
2026-04-08 19:06:46 +0200: Memory Usage (470548K) : Executing rule LBE.b1
2026-04-08 19:06:46 +0200: Memory Usage (470548K) : Executing rule LBE.c
2026-04-08 19:06:46 +0200: Memory Usage (470548K) : Executing rule LBE.d
2026-04-08 19:06:46 +0200: Memory Usage (470548K) : Executing rule LBE.h
2026-04-08 19:06:46 +0200: Memory Usage (470548K) : Starting 7.4. PIN table
2026-04-08 19:06:46 +0200: Memory Usage (470548K) : Executing rule Pin.a
2026-04-08 19:06:46 +0200: Memory Usage (470548K) : Executing rule Pin.b
2026-04-08 19:06:46 +0200: Memory Usage (470548K) : Executing rule Pin.e
2026-04-08 19:06:46 +0200: Memory Usage (470548K) : Executing rule Pin.f_M2
2026-04-08 19:06:46 +0200: Memory Usage (470548K) : Executing rule Pin.f_M3
2026-04-08 19:06:46 +0200: Memory Usage (470548K) : Executing rule Pin.f_M4
2026-04-08 19:06:46 +0200: Memory Usage (470548K) : Executing rule Pin.f_M5
2026-04-08 19:06:46 +0200: Memory Usage (470548K) : Executing rule Pin.g
2026-04-08 19:06:46 +0200: Memory Usage (470548K) : Executing rule Pin.h
2026-04-08 19:06:46 +0200: Memory Usage (470548K) : Starting 3.2. FORBIDDEN table
2026-04-08 19:06:46 +0200: Memory Usage (470548K) : Executing rule forbidden.biwind
2026-04-08 19:06:46 +0200: Memory Usage (470548K) : Executing rule forbidden.pemwind
2026-04-08 19:06:46 +0200: Memory Usage (470548K) : Executing rule forbidden.baspoly
2026-04-08 19:06:46 +0200: Memory Usage (470548K) : Executing rule forbidden.deepco
2026-04-08 19:06:46 +0200: Memory Usage (470548K) : Executing rule forbidden.pempoly
2026-04-08 19:06:46 +0200: Memory Usage (470548K) : Executing rule forbidden.empoly
2026-04-08 19:06:46 +0200: Memory Usage (470548K) : Executing rule forbidden.ldmos
2026-04-08 19:06:46 +0200: Memory Usage (470548K) : Executing rule forbidden.pbiwind
2026-04-08 19:06:46 +0200: Memory Usage (470548K) : Executing rule forbidden.nodrc
2026-04-08 19:06:46 +0200: Memory Usage (470548K) : Executing rule forbidden.flash
2026-04-08 19:06:46 +0200: Memory Usage (470548K) : Executing rule forbidden.colwind
2026-04-08 19:06:46 +0200: Memory Usage (470548K) : KLayout DRC run for tables 'main' completed in 0.53 seconds
