
Magic 8.3 revision 678 - Compiled on Mon Jul 27 03:07:22 PM CEST 2026.
Starting magic under Tcl interpreter
Using the terminal as the console.
WARNING: RLIMIT_NOFILE is above 1024 and Tcl_Version<9 this may cause runtime issues [rlim_cur=1048576]
Using NULL graphics device.
Processing system .magicrc file
Switching to WIRING tool.
Switching to NETLIST tool.
Switching to PICK tool.
Switching to BOX tool.
Sourcing design .magicrc for technology ihp-sg13g2 ...
2 Magic internal units = 1 Lambda
Input style sg13g2(): scaleFactor=2, multiplier=2
The following types are not handled by extraction and will be treated as non-electrical types:
    pblock sealcont difffill nemitter hvnemitter hvisodiffres sealvia1 sealvia2 sealvia3 sealvia4 sealvia5 sealvia6 pillar solder seal glass thruvia inductor 
Scaled tech values by 2 / 1 to match internal grid scaling
Loading ihp-sg13g2 Device Generator Menu ...
Loading "/foss/designs/CHIP-PLL/layout/vco/vco_decoder/3bit_to_8_outs/pex_3bit_to_8_outs.tcl" from command line.
Warning: Calma reading is not undoable!  I hope that's OK.
Library written using GDS-II Release 6.0
Library name: LIB
Reading "$$$CONTEXT_INFO$$$".
Reading "Via$6".
Reading "nmos".
Reading "pmos".
Reading "Via".
Reading "Via$2".
Reading "Via$4".
Reading "Via$8".
Reading "ntap1".
Reading "ptap1".
Moving label "sub!" from space to ptapdiff in cell ptap1.
Reading "ptap1$1".
Moving label "sub!" from space to ptapdiff in cell ptap1$1.
Reading "ntap1$1".
Reading "Via$7".
Reading "Via$4$1".
Reading "Via$2$1".
Reading "Via$9".
Reading "pmos$1".
Reading "nmos$1".
Reading "Via$22".
Reading "Via$26".
Reading "Via$21".
Reading "Via$19".
Reading "Via$20".
Reading "Via$18".
Reading "Via$17".
Reading "Via$16".
Reading "Via$15".
Reading "Via$12".
Reading "NAND_3in".
Reading "inverter".
Reading "Via$11".
Reading "3bit_to_8_outs".
Error while reading cell "3bit_to_8_outs" (byte position 25280): Warning: cell "Via$12" placed on top of itself.  Ignoring the extra one.
Error while reading cell "3bit_to_8_outs" (byte position 26168): Warning: cell "Via$12" placed on top of itself.  Ignoring the extra one.
Error while reading cell "3bit_to_8_outs" (byte position 26312): Warning: cell "Via$12" placed on top of itself.  Ignoring the extra one.
Extracting 3bit_to_8_outs into /foss/designs/CHIP-PLL/layout/vco/vco_decoder/3bit_to_8_outs/3bit_to_8_outs.ext:
Processing 3bit_to_8_outs
exttospice finished.
