Warning: singular matrix:  check node x1.x1.sub!

Note: Starting dynamic gmin stepping
Warning: singular matrix:  check node x1.x1.sub!

Warning: Dynamic gmin stepping failed
Note: Starting true gmin stepping
Warning: singular matrix:  check node x1.x1.sub!

Warning: singular matrix:  check node x1.x1.sub!

Warning: singular matrix:  check node x1.x1.sub!

Warning: singular matrix:  check node x1.x1.sub!

Warning: True gmin stepping failed
Note: Starting source stepping
Warning: source stepping failed
Note: Transient op started
Note: Transient op finished successfully

Note: No compatibility mode selected!


Circuit: ** sch_path: /foss/designs/chip-pll/charge_pump/charge_pump_op_tb.sch

Doing analysis at TEMP = -40.000000 and TNOM = 27.000000

Using SPARSE 1.3 as Direct Linear Solver
 Reference value :  0.00000e+00
No. of Data Rows : 1
v(vout) = 6.000000e-01
v(x1.bias) = 6.294873e-01
@n.x1.xm3.nsg13_lv_pmos[ids] = 1.033017e-06
@n.x1.xm17.nsg13_lv_pmos[ids] = 2.379283e-07
@n.x1.xm18.nsg13_lv_nmos[ids] = 2.394364e-07
ngspice-45.2 done
