# Logfile created on 2026-09-02 20:43:56 +0200 by logger.rb/v1.5.3
2026-09-02 20:43:56 +0200: Memory Usage (456264K) : Starting running IHP-SG13CMOS5L KLayout DRC runset on /foss/designs/CHIP-PLL/layout/vco/vco_decoder/NAND_2in/NAND_2in.gds
2026-09-02 20:43:56 +0200: Memory Usage (456264K) : Ruby Version for klayout: 3.2.3
2026-09-02 20:43:56 +0200: Memory Usage (457872K) : Loading database to memory is complete.
2026-09-02 20:43:56 +0200: Memory Usage (457872K) : IHP-SG13CMOS5L KLayout DRC runset output at: /foss/designs/CHIP-PLL/layout/vco/vco_decoder/NAND_2in/drc_run_NAND_2in/NAND_2in_NAND_2in_main.lyrdb
2026-09-02 20:43:56 +0200: Memory Usage (457872K) : Evaluate switches.
2026-09-02 20:43:56 +0200: Memory Usage (457872K) : tables selected: main
2026-09-02 20:43:56 +0200: Memory Usage (457872K) : KLayout will use 1 thread(s) in tiled mode.
2026-09-02 20:43:56 +0200: Memory Usage (457872K) : deep mode is enabled.
2026-09-02 20:43:56 +0200: Memory Usage (457872K) : FEOL enabled: true
2026-09-02 20:43:56 +0200: Memory Usage (457872K) : BEOL enabled: true
2026-09-02 20:43:56 +0200: Memory Usage (457872K) : OFFGRID enabled: true
2026-09-02 20:43:56 +0200: Memory Usage (457872K) : ANGLE enabled: true
2026-09-02 20:43:56 +0200: Memory Usage (457872K) : PIN enabled: true
2026-09-02 20:43:56 +0200: Memory Usage (457872K) : FORBIDDEN enabled: true
2026-09-02 20:43:56 +0200: Memory Usage (457872K) : RECOMMENDED enabled: true
2026-09-02 20:43:56 +0200: Memory Usage (457872K) : PreCheck DRC enabled: false
2026-09-02 20:43:56 +0200: Memory Usage (457872K) : CONNECTIVITY_RULES enabled: true.
2026-09-02 20:43:56 +0200: Memory Usage (457872K) : Read in polygons from layers.
2026-09-02 20:43:56 +0200: Memory Usage (459008K) : activ_drw has 14 polygons
2026-09-02 20:43:56 +0200: Memory Usage (459008K) : activ_pin has 0 polygons
2026-09-02 20:43:56 +0200: Memory Usage (459008K) : activ_mask has 0 polygons
2026-09-02 20:43:56 +0200: Memory Usage (459008K) : activ_filler has 0 polygons
2026-09-02 20:43:56 +0200: Memory Usage (459008K) : activ_nofill has 0 polygons
2026-09-02 20:43:56 +0200: Memory Usage (459008K) : activ_opc has 0 polygons
2026-09-02 20:43:56 +0200: Memory Usage (459008K) : activ_iopc has 0 polygons
2026-09-02 20:43:56 +0200: Memory Usage (459008K) : activ_noqrc has 0 polygons
2026-09-02 20:43:56 +0200: Memory Usage (459008K) : biwind_drw has 0 polygons
2026-09-02 20:43:56 +0200: Memory Usage (459008K) : biwind_opc has 0 polygons
2026-09-02 20:43:56 +0200: Memory Usage (459008K) : pemwind_drw has 0 polygons
2026-09-02 20:43:56 +0200: Memory Usage (459152K) : gatpoly_drw has 14 polygons
2026-09-02 20:43:56 +0200: Memory Usage (459280K) : gatpoly_pin has 2 polygons
2026-09-02 20:43:56 +0200: Memory Usage (459280K) : gatpoly_filler has 0 polygons
2026-09-02 20:43:56 +0200: Memory Usage (459280K) : gatpoly_nofill has 0 polygons
2026-09-02 20:43:56 +0200: Memory Usage (459280K) : gatpoly_opc has 0 polygons
2026-09-02 20:43:56 +0200: Memory Usage (459280K) : gatpoly_iopc has 0 polygons
2026-09-02 20:43:56 +0200: Memory Usage (459280K) : gatpoly_noqrc has 0 polygons
2026-09-02 20:43:56 +0200: Memory Usage (459280K) : cont_drw has 28 polygons
2026-09-02 20:43:56 +0200: Memory Usage (459280K) : cont_opc has 0 polygons
2026-09-02 20:43:56 +0200: Memory Usage (459280K) : nsd_drw has 0 polygons
2026-09-02 20:43:56 +0200: Memory Usage (459280K) : nsd_block has 0 polygons
2026-09-02 20:43:56 +0200: Memory Usage (459280K) : metal1_drw has 32 polygons
2026-09-02 20:43:56 +0200: Memory Usage (459280K) : metal1_pin has 9 polygons
2026-09-02 20:43:56 +0200: Memory Usage (459280K) : metal1_mask has 0 polygons
2026-09-02 20:43:56 +0200: Memory Usage (459280K) : metal1_filler has 0 polygons
2026-09-02 20:43:56 +0200: Memory Usage (459536K) : metal1_nofill has 0 polygons
2026-09-02 20:43:56 +0200: Memory Usage (459536K) : metal1_slit has 0 polygons
2026-09-02 20:43:56 +0200: Memory Usage (459792K) : metal1_text has 2 polygons
2026-09-02 20:43:56 +0200: Memory Usage (459792K) : metal1_opc has 0 polygons
2026-09-02 20:43:56 +0200: Memory Usage (459792K) : metal1_noqrc has 0 polygons
2026-09-02 20:43:56 +0200: Memory Usage (459920K) : metal1_res has 0 polygons
2026-09-02 20:43:56 +0200: Memory Usage (459920K) : metal1_iprobe has 0 polygons
2026-09-02 20:43:56 +0200: Memory Usage (460048K) : metal1_diffprb has 0 polygons
2026-09-02 20:43:56 +0200: Memory Usage (460048K) : passiv_drw has 0 polygons
2026-09-02 20:43:56 +0200: Memory Usage (460048K) : passiv_pin has 0 polygons
2026-09-02 20:43:56 +0200: Memory Usage (460176K) : passiv_sbump has 0 polygons
2026-09-02 20:43:56 +0200: Memory Usage (460176K) : passiv_pillar has 0 polygons
2026-09-02 20:43:56 +0200: Memory Usage (460304K) : passiv_pdl has 0 polygons
2026-09-02 20:43:56 +0200: Memory Usage (460432K) : metal2_drw has 12 polygons
2026-09-02 20:43:56 +0200: Memory Usage (460432K) : metal2_pin has 3 polygons
2026-09-02 20:43:56 +0200: Memory Usage (460560K) : metal2_mask has 0 polygons
2026-09-02 20:43:56 +0200: Memory Usage (460560K) : metal2_filler has 0 polygons
2026-09-02 20:43:56 +0200: Memory Usage (460560K) : metal2_nofill has 0 polygons
2026-09-02 20:43:56 +0200: Memory Usage (460688K) : metal2_slit has 0 polygons
2026-09-02 20:43:56 +0200: Memory Usage (460688K) : metal2_text has 3 polygons
2026-09-02 20:43:56 +0200: Memory Usage (460816K) : metal2_opc has 0 polygons
2026-09-02 20:43:56 +0200: Memory Usage (460816K) : metal2_noqrc has 0 polygons
2026-09-02 20:43:56 +0200: Memory Usage (460816K) : metal2_res has 0 polygons
2026-09-02 20:43:56 +0200: Memory Usage (460944K) : metal2_iprobe has 0 polygons
2026-09-02 20:43:56 +0200: Memory Usage (460944K) : metal2_diffprb has 0 polygons
2026-09-02 20:43:56 +0200: Memory Usage (461072K) : baspoly_drw has 0 polygons
2026-09-02 20:43:56 +0200: Memory Usage (461072K) : baspoly_pin has 0 polygons
2026-09-02 20:43:56 +0200: Memory Usage (461200K) : psd_drw has 3 polygons
2026-09-02 20:43:56 +0200: Memory Usage (461200K) : nldb_drw has 0 polygons
2026-09-02 20:43:56 +0200: Memory Usage (461200K) : digibnd_drw has 0 polygons
2026-09-02 20:43:56 +0200: Memory Usage (461328K) : via1_drw has 8 polygons
2026-09-02 20:43:56 +0200: Memory Usage (461328K) : backmetal1_drw has 0 polygons
2026-09-02 20:43:56 +0200: Memory Usage (461456K) : backmetal1_pin has 0 polygons
2026-09-02 20:43:56 +0200: Memory Usage (461456K) : backmetal1_mask has 0 polygons
2026-09-02 20:43:56 +0200: Memory Usage (461584K) : backmetal1_filler has 0 polygons
2026-09-02 20:43:56 +0200: Memory Usage (461584K) : backmetal1_nofill has 0 polygons
2026-09-02 20:43:56 +0200: Memory Usage (461584K) : backmetal1_slit has 0 polygons
2026-09-02 20:43:56 +0200: Memory Usage (461712K) : backmetal1_text has 0 polygons
2026-09-02 20:43:56 +0200: Memory Usage (461840K) : backmetal1_opc has 0 polygons
2026-09-02 20:43:56 +0200: Memory Usage (461840K) : backmetal1_noqrc has 0 polygons
2026-09-02 20:43:56 +0200: Memory Usage (461968K) : backmetal1_res has 0 polygons
2026-09-02 20:43:56 +0200: Memory Usage (461968K) : backmetal1_iprobe has 0 polygons
2026-09-02 20:43:56 +0200: Memory Usage (462096K) : backmetal1_diffprb has 0 polygons
2026-09-02 20:43:56 +0200: Memory Usage (462096K) : backpassiv_drw has 0 polygons
2026-09-02 20:43:56 +0200: Memory Usage (462224K) : res_drw has 0 polygons
2026-09-02 20:43:56 +0200: Memory Usage (462224K) : sram_drw has 0 polygons
2026-09-02 20:43:56 +0200: Memory Usage (462352K) : trans_drw has 0 polygons
2026-09-02 20:43:56 +0200: Memory Usage (462352K) : ind_drw has 0 polygons
2026-09-02 20:43:56 +0200: Memory Usage (462480K) : ind_pin has 0 polygons
2026-09-02 20:43:56 +0200: Memory Usage (462480K) : ind_text has 0 polygons
2026-09-02 20:43:56 +0200: Memory Usage (462608K) : salblock_drw has 0 polygons
2026-09-02 20:43:56 +0200: Memory Usage (462608K) : via2_drw has 6 polygons
2026-09-02 20:43:56 +0200: Memory Usage (462736K) : metal3_drw has 6 polygons
2026-09-02 20:43:56 +0200: Memory Usage (462736K) : metal3_pin has 0 polygons
2026-09-02 20:43:56 +0200: Memory Usage (462864K) : metal3_mask has 0 polygons
2026-09-02 20:43:56 +0200: Memory Usage (462864K) : metal3_filler has 0 polygons
2026-09-02 20:43:56 +0200: Memory Usage (462864K) : metal3_nofill has 0 polygons
2026-09-02 20:43:56 +0200: Memory Usage (462992K) : metal3_slit has 0 polygons
2026-09-02 20:43:56 +0200: Memory Usage (462992K) : metal3_text has 0 polygons
2026-09-02 20:43:56 +0200: Memory Usage (463120K) : metal3_opc has 0 polygons
2026-09-02 20:43:56 +0200: Memory Usage (463120K) : metal3_noqrc has 0 polygons
2026-09-02 20:43:56 +0200: Memory Usage (463248K) : metal3_res has 0 polygons
2026-09-02 20:43:56 +0200: Memory Usage (463248K) : metal3_iprobe has 0 polygons
2026-09-02 20:43:56 +0200: Memory Usage (463248K) : metal3_diffprb has 0 polygons
2026-09-02 20:43:56 +0200: Memory Usage (463376K) : nwell_drw has 4 polygons
2026-09-02 20:43:56 +0200: Memory Usage (463504K) : nwell_pin has 1 polygons
2026-09-02 20:43:56 +0200: Memory Usage (463504K) : nbulay_drw has 0 polygons
2026-09-02 20:43:56 +0200: Memory Usage (463632K) : nbulay_pin has 0 polygons
2026-09-02 20:43:56 +0200: Memory Usage (463760K) : nbulay_block has 0 polygons
2026-09-02 20:43:56 +0200: Memory Usage (463760K) : emwind_drw has 0 polygons
2026-09-02 20:43:56 +0200: Memory Usage (463760K) : emwind_opc has 0 polygons
2026-09-02 20:43:56 +0200: Memory Usage (463888K) : deepco_drw has 0 polygons
2026-09-02 20:43:56 +0200: Memory Usage (463888K) : deepco_drw has 0 polygons
2026-09-02 20:43:56 +0200: Memory Usage (464016K) : mim_drw has 0 polygons
2026-09-02 20:43:56 +0200: Memory Usage (464016K) : edgeseal_drw has 0 polygons
2026-09-02 20:43:56 +0200: Memory Usage (464144K) : edgeseal_bound has 0 polygons
2026-09-02 20:43:56 +0200: Memory Usage (464144K) : substrate_drw has 3 polygons
2026-09-02 20:43:56 +0200: Memory Usage (464144K) : substrate_text has 0 polygons
2026-09-02 20:43:56 +0200: Memory Usage (464272K) : dfpad_drw has 0 polygons
2026-09-02 20:43:56 +0200: Memory Usage (464272K) : dfpad_pillar has 0 polygons
2026-09-02 20:43:56 +0200: Memory Usage (464400K) : dfpad_sbump has 0 polygons
2026-09-02 20:43:56 +0200: Memory Usage (464400K) : thickgateox_drw has 0 polygons
2026-09-02 20:43:56 +0200: Memory Usage (464528K) : pldb_drw has 0 polygons
2026-09-02 20:43:56 +0200: Memory Usage (464528K) : pwell_drw has 0 polygons
2026-09-02 20:43:56 +0200: Memory Usage (464528K) : pwell_pin has 0 polygons
2026-09-02 20:43:56 +0200: Memory Usage (464656K) : pwell_block has 0 polygons
2026-09-02 20:43:56 +0200: Memory Usage (464784K) : ic_drw has 0 polygons
2026-09-02 20:43:56 +0200: Memory Usage (464784K) : via3_drw has 0 polygons
2026-09-02 20:43:56 +0200: Memory Usage (464912K) : metal4_drw has 0 polygons
2026-09-02 20:43:56 +0200: Memory Usage (464912K) : metal4_pin has 0 polygons
2026-09-02 20:43:56 +0200: Memory Usage (465040K) : metal4_mask has 0 polygons
2026-09-02 20:43:56 +0200: Memory Usage (465040K) : metal4_filler has 0 polygons
2026-09-02 20:43:56 +0200: Memory Usage (465168K) : metal4_nofill has 0 polygons
2026-09-02 20:43:56 +0200: Memory Usage (465168K) : metal4_slit has 0 polygons
2026-09-02 20:43:56 +0200: Memory Usage (465296K) : metal4_text has 0 polygons
2026-09-02 20:43:56 +0200: Memory Usage (465296K) : metal4_opc has 0 polygons
2026-09-02 20:43:56 +0200: Memory Usage (465296K) : metal4_noqrc has 0 polygons
2026-09-02 20:43:56 +0200: Memory Usage (465424K) : metal4_res has 0 polygons
2026-09-02 20:43:56 +0200: Memory Usage (465424K) : metal4_iprobe has 0 polygons
2026-09-02 20:43:56 +0200: Memory Usage (465552K) : metal4_diffprb has 0 polygons
2026-09-02 20:43:56 +0200: Memory Usage (465552K) : heattrans_drw has 4 polygons
2026-09-02 20:43:56 +0200: Memory Usage (465680K) : heatres_drw has 0 polygons
2026-09-02 20:43:56 +0200: Memory Usage (465680K) : pempoly_drw has 0 polygons
2026-09-02 20:43:56 +0200: Memory Usage (465808K) : fbe_drw has 0 polygons
2026-09-02 20:43:56 +0200: Memory Usage (465808K) : empoly_drw has 0 polygons
2026-09-02 20:43:56 +0200: Memory Usage (465936K) : ldmos_drw has 0 polygons
2026-09-02 20:43:56 +0200: Memory Usage (465936K) : pbiwind_drw has 0 polygons
2026-09-02 20:43:56 +0200: Memory Usage (466064K) : digisub_drw has 0 polygons
2026-09-02 20:43:56 +0200: Memory Usage (466064K) : nodrc_drw has 0 polygons
2026-09-02 20:43:56 +0200: Memory Usage (466192K) : text_drw has 6 polygons
2026-09-02 20:43:56 +0200: Memory Usage (466192K) : via4_drw has 0 polygons
2026-09-02 20:43:56 +0200: Memory Usage (466192K) : metal5_drw has 0 polygons
2026-09-02 20:43:56 +0200: Memory Usage (466320K) : metal5_pin has 0 polygons
2026-09-02 20:43:56 +0200: Memory Usage (466320K) : metal5_mask has 0 polygons
2026-09-02 20:43:56 +0200: Memory Usage (466448K) : metal5_filler has 0 polygons
2026-09-02 20:43:56 +0200: Memory Usage (466576K) : metal5_nofill has 0 polygons
2026-09-02 20:43:56 +0200: Memory Usage (466576K) : metal5_slit has 0 polygons
2026-09-02 20:43:56 +0200: Memory Usage (466576K) : metal5_text has 0 polygons
2026-09-02 20:43:56 +0200: Memory Usage (466704K) : metal5_opc has 0 polygons
2026-09-02 20:43:56 +0200: Memory Usage (466704K) : metal5_noqrc has 0 polygons
2026-09-02 20:43:56 +0200: Memory Usage (466832K) : metal5_res has 0 polygons
2026-09-02 20:43:56 +0200: Memory Usage (466960K) : metal5_iprobe has 0 polygons
2026-09-02 20:43:56 +0200: Memory Usage (466960K) : metal5_diffprb has 0 polygons
2026-09-02 20:43:56 +0200: Memory Usage (467088K) : radhard_drw has 0 polygons
2026-09-02 20:43:56 +0200: Memory Usage (467088K) : memcap_drw has 0 polygons
2026-09-02 20:43:56 +0200: Memory Usage (467088K) : varicap_drw has 0 polygons
2026-09-02 20:43:56 +0200: Memory Usage (467216K) : flash_drw has 0 polygons
2026-09-02 20:43:56 +0200: Memory Usage (467216K) : intbondvia_drw has 0 polygons
2026-09-02 20:43:56 +0200: Memory Usage (467344K) : intbondmet_drw has 0 polygons
2026-09-02 20:43:56 +0200: Memory Usage (467344K) : devbondvia_drw has 0 polygons
2026-09-02 20:43:56 +0200: Memory Usage (467344K) : devbondmet_drw has 0 polygons
2026-09-02 20:43:56 +0200: Memory Usage (467472K) : devtrench_drw has 0 polygons
2026-09-02 20:43:56 +0200: Memory Usage (467472K) : redist_drw has 0 polygons
2026-09-02 20:43:56 +0200: Memory Usage (467600K) : graphbot_drw has 0 polygons
2026-09-02 20:43:56 +0200: Memory Usage (467600K) : graphtop_drw has 0 polygons
2026-09-02 20:43:56 +0200: Memory Usage (467728K) : antvia1_drw has 0 polygons
2026-09-02 20:43:56 +0200: Memory Usage (467728K) : antmetal2_drw has 0 polygons
2026-09-02 20:43:56 +0200: Memory Usage (467728K) : graphcont_drw has 0 polygons
2026-09-02 20:43:56 +0200: Memory Usage (467728K) : siwg_drw has 0 polygons
2026-09-02 20:43:56 +0200: Memory Usage (467856K) : siwg_filler has 0 polygons
2026-09-02 20:43:56 +0200: Memory Usage (467856K) : siwg_nofill has 0 polygons
2026-09-02 20:43:56 +0200: Memory Usage (467856K) : sigrating_drw has 0 polygons
2026-09-02 20:43:56 +0200: Memory Usage (467984K) : singrating_drw has 0 polygons
2026-09-02 20:43:56 +0200: Memory Usage (467984K) : graphpas_drw has 0 polygons
2026-09-02 20:43:56 +0200: Memory Usage (467984K) : emwind3_drw has 0 polygons
2026-09-02 20:43:56 +0200: Memory Usage (467984K) : emwihv3_drw has 0 polygons
2026-09-02 20:43:56 +0200: Memory Usage (468112K) : redbulay_drw has 0 polygons
2026-09-02 20:43:56 +0200: Memory Usage (468112K) : smos_drw has 0 polygons
2026-09-02 20:43:56 +0200: Memory Usage (468112K) : graphpad_drw has 0 polygons
2026-09-02 20:43:56 +0200: Memory Usage (468240K) : polimide_drw has 0 polygons
2026-09-02 20:43:56 +0200: Memory Usage (468240K) : polimide_pin has 0 polygons
2026-09-02 20:43:56 +0200: Memory Usage (468240K) : recog_drw has 0 polygons
2026-09-02 20:43:56 +0200: Memory Usage (468368K) : recog_pin has 0 polygons
2026-09-02 20:43:56 +0200: Memory Usage (468368K) : recog_esd has 0 polygons
2026-09-02 20:43:56 +0200: Memory Usage (468368K) : recog_diode has 0 polygons
2026-09-02 20:43:56 +0200: Memory Usage (468496K) : recog_tsv has 0 polygons
2026-09-02 20:43:56 +0200: Memory Usage (468496K) : recog_iprobe has 0 polygons
2026-09-02 20:43:56 +0200: Memory Usage (468496K) : recog_diffprb has 0 polygons
2026-09-02 20:43:56 +0200: Memory Usage (468624K) : recog_pillar has 0 polygons
2026-09-02 20:43:56 +0200: Memory Usage (468624K) : recog_sbump has 0 polygons
2026-09-02 20:43:56 +0200: Memory Usage (468752K) : recog_otp has 0 polygons
2026-09-02 20:43:56 +0200: Memory Usage (468752K) : recog_pdiode has 0 polygons
2026-09-02 20:43:56 +0200: Memory Usage (468880K) : recog_mom has 0 polygons
2026-09-02 20:43:56 +0200: Memory Usage (468880K) : recog_pcm has 0 polygons
2026-09-02 20:43:56 +0200: Memory Usage (468880K) : colopen_drw has 0 polygons
2026-09-02 20:43:56 +0200: Memory Usage (469008K) : graphmetal1_drw has 0 polygons
2026-09-02 20:43:56 +0200: Memory Usage (469008K) : graphmetal1_filler has 0 polygons
2026-09-02 20:43:56 +0200: Memory Usage (469136K) : graphmetal1_nofill has 0 polygons
2026-09-02 20:43:56 +0200: Memory Usage (469136K) : graphmetal1_slit has 0 polygons
2026-09-02 20:43:56 +0200: Memory Usage (469264K) : graphmetal1_opc has 0 polygons
2026-09-02 20:43:56 +0200: Memory Usage (469264K) : graphmet1l_drw has 0 polygons
2026-09-02 20:43:56 +0200: Memory Usage (469264K) : graphmet1l_filler has 0 polygons
2026-09-02 20:43:56 +0200: Memory Usage (469392K) : graphmet1l_nofill has 0 polygons
2026-09-02 20:43:56 +0200: Memory Usage (469392K) : graphmet1l_slit has 0 polygons
2026-09-02 20:43:56 +0200: Memory Usage (469520K) : graphmet1l_opc has 0 polygons
2026-09-02 20:43:56 +0200: Memory Usage (469520K) : extblock_drw has 0 polygons
2026-09-02 20:43:56 +0200: Memory Usage (469648K) : nldd_drw has 0 polygons
2026-09-02 20:43:56 +0200: Memory Usage (469648K) : pldd_drw has 0 polygons
2026-09-02 20:43:56 +0200: Memory Usage (469648K) : next_drw has 0 polygons
2026-09-02 20:43:56 +0200: Memory Usage (469776K) : pext_drw has 0 polygons
2026-09-02 20:43:56 +0200: Memory Usage (469776K) : nexthv_drw has 0 polygons
2026-09-02 20:43:56 +0200: Memory Usage (469904K) : pexthv_drw has 0 polygons
2026-09-02 20:43:56 +0200: Memory Usage (469904K) : graphgate_drw has 0 polygons
2026-09-02 20:43:56 +0200: Memory Usage (469904K) : sinwg_drw has 0 polygons
2026-09-02 20:43:56 +0200: Memory Usage (469904K) : sinwg_filler has 0 polygons
2026-09-02 20:43:56 +0200: Memory Usage (470032K) : sinwg_nofill has 0 polygons
2026-09-02 20:43:56 +0200: Memory Usage (470032K) : mempad_drw has 0 polygons
2026-09-02 20:43:56 +0200: Memory Usage (470032K) : topvia1_drw has 0 polygons
2026-09-02 20:43:56 +0200: Memory Usage (470160K) : topmetal1_drw has 0 polygons
2026-09-02 20:43:56 +0200: Memory Usage (470160K) : topmetal1_pin has 0 polygons
2026-09-02 20:43:56 +0200: Memory Usage (470160K) : topmetal1_mask has 0 polygons
2026-09-02 20:43:56 +0200: Memory Usage (470288K) : topmetal1_filler has 0 polygons
2026-09-02 20:43:56 +0200: Memory Usage (470288K) : topmetal1_nofill has 0 polygons
2026-09-02 20:43:56 +0200: Memory Usage (470416K) : topmetal1_slit has 0 polygons
2026-09-02 20:43:56 +0200: Memory Usage (470416K) : topmetal1_text has 0 polygons
2026-09-02 20:43:56 +0200: Memory Usage (470416K) : topmetal1_noqrc has 0 polygons
2026-09-02 20:43:56 +0200: Memory Usage (470544K) : topmetal1_res has 0 polygons
2026-09-02 20:43:56 +0200: Memory Usage (470544K) : topmetal1_iprobe has 0 polygons
2026-09-02 20:43:56 +0200: Memory Usage (470672K) : topmetal1_diffprb has 0 polygons
2026-09-02 20:43:56 +0200: Memory Usage (470672K) : inldpwl_drw has 0 polygons
2026-09-02 20:43:56 +0200: Memory Usage (470800K) : polyres_drw has 0 polygons
2026-09-02 20:43:56 +0200: Memory Usage (470800K) : polyres_pin has 0 polygons
2026-09-02 20:43:56 +0200: Memory Usage (470800K) : vmim_drw has 0 polygons
2026-09-02 20:43:56 +0200: Memory Usage (470928K) : nbulaycut_drw has 0 polygons
2026-09-02 20:43:56 +0200: Memory Usage (470928K) : antmetal1_drw has 0 polygons
2026-09-02 20:43:56 +0200: Memory Usage (471056K) : topvia2_drw has 0 polygons
2026-09-02 20:43:56 +0200: Memory Usage (471056K) : topmetal2_drw has 0 polygons
2026-09-02 20:43:56 +0200: Memory Usage (471184K) : topmetal2_pin has 0 polygons
2026-09-02 20:43:56 +0200: Memory Usage (471184K) : topmetal2_mask has 0 polygons
2026-09-02 20:43:56 +0200: Memory Usage (471184K) : topmetal2_filler has 0 polygons
2026-09-02 20:43:56 +0200: Memory Usage (471312K) : topmetal2_nofill has 0 polygons
2026-09-02 20:43:56 +0200: Memory Usage (471312K) : topmetal2_slit has 0 polygons
2026-09-02 20:43:56 +0200: Memory Usage (471440K) : topmetal2_text has 0 polygons
2026-09-02 20:43:56 +0200: Memory Usage (471440K) : topmetal2_noqrc has 0 polygons
2026-09-02 20:43:56 +0200: Memory Usage (471440K) : topmetal2_res has 0 polygons
2026-09-02 20:43:56 +0200: Memory Usage (471568K) : topmetal2_iprobe has 0 polygons
2026-09-02 20:43:56 +0200: Memory Usage (471568K) : topmetal2_diffprb has 0 polygons
2026-09-02 20:43:56 +0200: Memory Usage (471568K) : snsring_drw has 0 polygons
2026-09-02 20:43:56 +0200: Memory Usage (471696K) : sensor_drw has 0 polygons
2026-09-02 20:43:56 +0200: Memory Usage (471696K) : snsarms_drw has 0 polygons
2026-09-02 20:43:56 +0200: Memory Usage (471696K) : snscmosvia_drw has 0 polygons
2026-09-02 20:43:56 +0200: Memory Usage (471696K) : colwind_drw has 0 polygons
2026-09-02 20:43:56 +0200: Memory Usage (471824K) : flm_drw has 0 polygons
2026-09-02 20:43:56 +0200: Memory Usage (471824K) : hafniumox_drw has 0 polygons
2026-09-02 20:43:56 +0200: Memory Usage (471824K) : memvia_drw has 0 polygons
2026-09-02 20:43:56 +0200: Memory Usage (471952K) : thinfilmres_drw has 0 polygons
2026-09-02 20:43:56 +0200: Memory Usage (471952K) : rfmem_drw has 0 polygons
2026-09-02 20:43:56 +0200: Memory Usage (471952K) : norcx_drw has 0 polygons
2026-09-02 20:43:56 +0200: Memory Usage (471952K) : norcx_m2m3 has 0 polygons
2026-09-02 20:43:56 +0200: Memory Usage (472080K) : norcx_m2m4 has 0 polygons
2026-09-02 20:43:56 +0200: Memory Usage (472080K) : norcx_m2m5 has 0 polygons
2026-09-02 20:43:56 +0200: Memory Usage (472208K) : norcx_m2tm1 has 0 polygons
2026-09-02 20:43:56 +0200: Memory Usage (472208K) : norcx_m2tm2 has 0 polygons
2026-09-02 20:43:56 +0200: Memory Usage (472208K) : norcx_m3m4 has 0 polygons
2026-09-02 20:43:56 +0200: Memory Usage (472208K) : norcx_m3m5 has 0 polygons
2026-09-02 20:43:56 +0200: Memory Usage (472336K) : norcx_m3tm1 has 0 polygons
2026-09-02 20:43:56 +0200: Memory Usage (472336K) : norcx_m3tm2 has 0 polygons
2026-09-02 20:43:56 +0200: Memory Usage (472336K) : norcx_m4m5 has 0 polygons
2026-09-02 20:43:56 +0200: Memory Usage (472464K) : norcx_m4tm1 has 0 polygons
2026-09-02 20:43:56 +0200: Memory Usage (472464K) : norcx_m4tm2 has 0 polygons
2026-09-02 20:43:56 +0200: Memory Usage (472464K) : norcx_m5tm1 has 0 polygons
2026-09-02 20:43:56 +0200: Memory Usage (472464K) : norcx_m5tm2 has 0 polygons
2026-09-02 20:43:56 +0200: Memory Usage (472592K) : norcx_tm1tm2 has 0 polygons
2026-09-02 20:43:56 +0200: Memory Usage (472592K) : norcx_m1sub has 0 polygons
2026-09-02 20:43:56 +0200: Memory Usage (472592K) : norcx_m2sub has 0 polygons
2026-09-02 20:43:56 +0200: Memory Usage (472592K) : norcx_m3sub has 0 polygons
2026-09-02 20:43:56 +0200: Memory Usage (472720K) : norcx_m4sub has 0 polygons
2026-09-02 20:43:56 +0200: Memory Usage (472720K) : norcx_m5sub has 0 polygons
2026-09-02 20:43:56 +0200: Memory Usage (472848K) : norcx_tm1sub has 0 polygons
2026-09-02 20:43:56 +0200: Memory Usage (472848K) : norcx_tm2sub has 0 polygons
2026-09-02 20:43:56 +0200: Memory Usage (472848K) : snsbotvia_drw has 0 polygons
2026-09-02 20:43:56 +0200: Memory Usage (472976K) : snstopvia_drw has 0 polygons
2026-09-02 20:43:56 +0200: Memory Usage (472976K) : deepvia_drw has 0 polygons
2026-09-02 20:43:56 +0200: Memory Usage (473104K) : fgetch_drw has 0 polygons
2026-09-02 20:43:56 +0200: Memory Usage (473104K) : ctrgat_drw has 0 polygons
2026-09-02 20:43:56 +0200: Memory Usage (473232K) : fgimp_drw has 0 polygons
2026-09-02 20:43:56 +0200: Memory Usage (473232K) : emwihv_drw has 0 polygons
2026-09-02 20:43:56 +0200: Memory Usage (473232K) : lbe_drw has 0 polygons
2026-09-02 20:43:56 +0200: Memory Usage (473360K) : alcustop_drw has 0 polygons
2026-09-02 20:43:56 +0200: Memory Usage (473360K) : nometfiller_drw has 0 polygons
2026-09-02 20:43:56 +0200: Memory Usage (473360K) : prboundary_drw has 0 polygons
2026-09-02 20:43:56 +0200: Memory Usage (473360K) : exchange0_drw has 0 polygons
2026-09-02 20:43:56 +0200: Memory Usage (473360K) : exchange0_pin has 0 polygons
2026-09-02 20:43:56 +0200: Memory Usage (473360K) : exchange0_text has 0 polygons
2026-09-02 20:43:56 +0200: Memory Usage (473360K) : exchange1_drw has 0 polygons
2026-09-02 20:43:56 +0200: Memory Usage (473360K) : exchange1_pin has 0 polygons
2026-09-02 20:43:56 +0200: Memory Usage (473360K) : exchange1_text has 0 polygons
2026-09-02 20:43:56 +0200: Memory Usage (473360K) : exchange2_drw has 0 polygons
2026-09-02 20:43:56 +0200: Memory Usage (473488K) : exchange2_pin has 0 polygons
2026-09-02 20:43:56 +0200: Memory Usage (473488K) : exchange2_text has 0 polygons
2026-09-02 20:43:56 +0200: Memory Usage (473616K) : exchange3_drw has 0 polygons
2026-09-02 20:43:56 +0200: Memory Usage (473616K) : exchange3_pin has 0 polygons
2026-09-02 20:43:56 +0200: Memory Usage (473616K) : exchange3_text has 0 polygons
2026-09-02 20:43:56 +0200: Memory Usage (473744K) : exchange4_drw has 0 polygons
2026-09-02 20:43:56 +0200: Memory Usage (473744K) : exchange4_pin has 0 polygons
2026-09-02 20:43:56 +0200: Memory Usage (473872K) : exchange4_text has 0 polygons
2026-09-02 20:43:56 +0200: Memory Usage (473872K) : isonwell_drw has 0 polygons
2026-09-02 20:43:56 +0200: Memory Usage (473872K) : Total no. of polygons in the design is 160
2026-09-02 20:43:56 +0200: Memory Usage (473872K) : Loaded TECH DRC rules values from /foss/pdks/ihp-sg13cmos5l/libs.tech/klayout/python/sg13cmos5l_pycell_lib/sg13cmos5l_tech_mod.json
2026-09-02 20:43:56 +0200: Memory Usage (473872K) : Loaded default DRC rules values from /foss/pdks/ihp-sg13cmos5l/libs.tech/klayout/tech/drc/rule_decks/sg13cmos5l_tech_default.json
2026-09-02 20:43:56 +0200: Memory Usage (474916K) : Total area of the design is 8.9301 um^2.
2026-09-02 20:43:56 +0200: Memory Usage (474916K) : The design dimensions are 2.0600000000000005 um * 4.335 um.
2026-09-02 20:43:56 +0200: Memory Usage (474916K) : Starting general IHP-SG13CMOS5L derivations.
2026-09-02 20:43:56 +0200: Memory Usage (474916K) : Starting Pwell derivations
2026-09-02 20:43:56 +0200: Memory Usage (477100K) : Starting n-Activ derivations
2026-09-02 20:43:56 +0200: Memory Usage (477788K) : Starting p-Activ derivations
2026-09-02 20:43:56 +0200: Memory Usage (477788K) : Starting ptap derivations
2026-09-02 20:43:56 +0200: Memory Usage (477788K) : Starting ntap derivations
2026-09-02 20:43:56 +0200: Memory Usage (477916K) : Starting pact FET derivations
2026-09-02 20:43:56 +0200: Memory Usage (477916K) : Starting nact FET derivations
2026-09-02 20:43:56 +0200: Memory Usage (477916K) : Starting Gate derivations
2026-09-02 20:43:56 +0200: Memory Usage (478172K) : Starting cont/contbar general derivations
2026-09-02 20:43:56 +0200: Memory Usage (478428K) : Starting pad general derivations (TM1 top)
2026-09-02 20:43:56 +0200: Memory Usage (478684K) : Starting IHP-SG13CMOS5L DRC connectivity related derivations.
2026-09-02 20:43:56 +0200: Memory Usage (479068K) : Starting IHP-SG13CMOS5L DRC connectivity setup
2026-09-02 20:43:56 +0200: Memory Usage (479324K) : Starting IHP-SG13CMOS5L DRC rules.
2026-09-02 20:43:56 +0200: Memory Usage (479324K) : Running all FEOL rules
2026-09-02 20:43:56 +0200: Memory Usage (479324K) : Running all BEOL rules
2026-09-02 20:43:56 +0200: Memory Usage (479324K) : Running all PIN rules
2026-09-02 20:43:56 +0200: Memory Usage (479324K) : Running all FORBIDDEN rules
2026-09-02 20:43:56 +0200: Memory Usage (479324K) : Starting 5.1 NWell table
2026-09-02 20:43:56 +0200: Memory Usage (479324K) : Executing rule NW.b
2026-09-02 20:43:56 +0200: Memory Usage (480072K) : Executing rule NW.b1
2026-09-02 20:43:56 +0200: Memory Usage (480584K) : Executing rule NW.f1
2026-09-02 20:43:56 +0200: Memory Usage (480712K) : Executing rule NW.f1.digibnd
2026-09-02 20:43:56 +0200: Memory Usage (480840K) : Starting 5.2 PWell:block
2026-09-02 20:43:56 +0200: Memory Usage (480840K) : Executing rule PWB.e
2026-09-02 20:43:56 +0200: Memory Usage (480968K) : Executing rule PWB.e1
2026-09-02 20:43:56 +0200: Memory Usage (481096K) : Executing rule PWB.f
2026-09-02 20:43:56 +0200: Memory Usage (481224K) : Executing rule PWB.f1
2026-09-02 20:43:56 +0200: Memory Usage (481352K) : Starting 5.3 nBuLay table
2026-09-02 20:43:56 +0200: Memory Usage (481352K) : nBuLay (32/0) is a FORBIDDEN layer in CMOS5L - skipping NBL rules
2026-09-02 20:43:56 +0200: Memory Usage (481352K) : Starting 5.5. Activ table
2026-09-02 20:43:56 +0200: Memory Usage (481352K) : Executing rule Act.a
2026-09-02 20:43:56 +0200: Memory Usage (481480K) : Executing rule Act.b
2026-09-02 20:43:56 +0200: Memory Usage (481624K) : Starting 5.6 Activ:filler table
2026-09-02 20:43:56 +0200: Memory Usage (481624K) : Executing rule AFil.c1
2026-09-02 20:43:56 +0200: Memory Usage (481624K) : Executing rule AFil.c
2026-09-02 20:43:56 +0200: Memory Usage (481624K) : Executing rule AFil.d
2026-09-02 20:43:56 +0200: Memory Usage (481624K) : Skipping rule AFil.e (TRANS is forbidden in CMOS5L)
2026-09-02 20:43:56 +0200: Memory Usage (481624K) : Executing rule AFil.j
2026-09-02 20:43:56 +0200: Memory Usage (481624K) : Starting 5.7. ThickGateOx table
2026-09-02 20:43:56 +0200: Memory Usage (481624K) : Executing rule TGO.f
2026-09-02 20:43:56 +0200: Memory Usage (481624K) : Starting 5.8. GatPoly table
2026-09-02 20:43:56 +0200: Memory Usage (481624K) : Executing rule Gat.a
2026-09-02 20:43:56 +0200: Memory Usage (481624K) : Executing rule Gat.b
2026-09-02 20:43:56 +0200: Memory Usage (481752K) : Executing rule Gat.d
2026-09-02 20:43:56 +0200: Memory Usage (481752K) : Executing rule Gat.a1
2026-09-02 20:43:56 +0200: Memory Usage (482328K) : Executing rule Gat.a2
2026-09-02 20:43:56 +0200: Memory Usage (482328K) : Executing rule Gat.g
2026-09-02 20:43:56 +0200: Memory Usage (482328K) : Starting 5.9 GatPoly:filler
2026-09-02 20:43:56 +0200: Memory Usage (482328K) : Executing rule GFil.d
2026-09-02 20:43:56 +0200: Memory Usage (482328K) : Executing rule GFil.e
2026-09-02 20:43:56 +0200: Memory Usage (482328K) : Executing rule GFil.i
2026-09-02 20:43:56 +0200: Memory Usage (482328K) : Starting 5.10 pSD table
2026-09-02 20:43:56 +0200: Memory Usage (482328K) : Executing rule pSD.c1
2026-09-02 20:43:56 +0200: Memory Usage (482456K) : Starting 5.14. Cont table
2026-09-02 20:43:56 +0200: Memory Usage (482456K) : Executing rule Cnt.a
2026-09-02 20:43:56 +0200: Memory Usage (482456K) : Executing rule Cnt.b
2026-09-02 20:43:56 +0200: Memory Usage (482456K) : Executing rule Cnt.c
2026-09-02 20:43:56 +0200: Memory Usage (482456K) : Executing rule Cnt.c.digibnd
2026-09-02 20:43:56 +0200: Memory Usage (482456K) : Executing rule Cnt.c.SRAM
2026-09-02 20:43:56 +0200: Memory Usage (482456K) : Executing rule Cnt.d
2026-09-02 20:43:56 +0200: Memory Usage (482456K) : Executing rule Cnt.e
2026-09-02 20:43:56 +0200: Memory Usage (482456K) : Executing rule Cnt.g1
2026-09-02 20:43:56 +0200: Memory Usage (482456K) : Executing rule Cnt.g2
2026-09-02 20:43:56 +0200: Memory Usage (482456K) : Starting 5.15. ContBar table
2026-09-02 20:43:56 +0200: Memory Usage (482456K) : Executing rule CntB.b1
2026-09-02 20:43:56 +0200: Memory Usage (482456K) : Executing rule CntB.h1
2026-09-02 20:43:56 +0200: Memory Usage (482456K) : Starting 7.2 Latch-up table
2026-09-02 20:43:56 +0200: Memory Usage (482456K) : Executing rule LU.b
2026-09-02 20:43:56 +0200: Memory Usage (482456K) : Starting 5.16. Metal1 table
2026-09-02 20:43:56 +0200: Memory Usage (482456K) : Executing rule M1.a
2026-09-02 20:43:56 +0200: Memory Usage (482456K) : Executing rule M1.b
2026-09-02 20:43:56 +0200: Memory Usage (482456K) : Executing rule M1.e
2026-09-02 20:43:56 +0200: Memory Usage (482456K) : Executing rule M1.f
2026-09-02 20:43:56 +0200: Memory Usage (482456K) : Executing rule M1.g
2026-09-02 20:43:56 +0200: Memory Usage (482456K) : Executing rule M1.i
2026-09-02 20:43:56 +0200: Memory Usage (482456K) : Starting 5.17 Metaln table
2026-09-02 20:43:56 +0200: Memory Usage (482456K) : Executing rule M2.a
2026-09-02 20:43:56 +0200: Memory Usage (482456K) : Executing rule M2.b
2026-09-02 20:43:56 +0200: Memory Usage (482456K) : Executing rule M2.e
2026-09-02 20:43:56 +0200: Memory Usage (482712K) : Executing rule M2.f
2026-09-02 20:43:56 +0200: Memory Usage (482968K) : Executing rule M2.g
2026-09-02 20:43:56 +0200: Memory Usage (483224K) : Executing rule M2.i
2026-09-02 20:43:56 +0200: Memory Usage (483608K) : Executing rule M3.a
2026-09-02 20:43:56 +0200: Memory Usage (483736K) : Executing rule M3.b
2026-09-02 20:43:56 +0200: Memory Usage (483864K) : Executing rule M3.e
2026-09-02 20:43:56 +0200: Memory Usage (484120K) : Executing rule M3.f
2026-09-02 20:43:56 +0200: Memory Usage (484376K) : Executing rule M3.g
2026-09-02 20:43:56 +0200: Memory Usage (484632K) : Executing rule M3.i
2026-09-02 20:43:56 +0200: Memory Usage (485016K) : Executing rule M4.a
2026-09-02 20:43:56 +0200: Memory Usage (485144K) : Executing rule M4.b
2026-09-02 20:43:56 +0200: Memory Usage (485272K) : Executing rule M4.e
2026-09-02 20:43:56 +0200: Memory Usage (485528K) : Executing rule M4.f
2026-09-02 20:43:56 +0200: Memory Usage (485784K) : Executing rule M4.g
2026-09-02 20:43:56 +0200: Memory Usage (486168K) : Executing rule M4.i
2026-09-02 20:43:56 +0200: Memory Usage (486424K) : Starting 5.18 Metaln:filler table
2026-09-02 20:43:56 +0200: Memory Usage (486424K) : Executing rule M1Fil.c
2026-09-02 20:43:56 +0200: Memory Usage (486552K) : Executing rule M1Fil.a2
2026-09-02 20:43:56 +0200: Memory Usage (486808K) : Executing rule M2Fil.c
2026-09-02 20:43:56 +0200: Memory Usage (486936K) : Executing rule M2Fil.a2
2026-09-02 20:43:56 +0200: Memory Usage (487064K) : Executing rule M3Fil.c
2026-09-02 20:43:56 +0200: Memory Usage (487192K) : Executing rule M3Fil.a2
2026-09-02 20:43:56 +0200: Memory Usage (487320K) : Executing rule M4Fil.c
2026-09-02 20:43:56 +0200: Memory Usage (487448K) : Executing rule M4Fil.a2
2026-09-02 20:43:56 +0200: Memory Usage (487576K) : Starting 5.19. Via1 table
2026-09-02 20:43:56 +0200: Memory Usage (487576K) : Starting 5.19. Via1 table derivations
2026-09-02 20:43:56 +0200: Memory Usage (487704K) : Executing rule V1.a
2026-09-02 20:43:56 +0200: Memory Usage (487960K) : Executing rule V1.b
2026-09-02 20:43:56 +0200: Memory Usage (488088K) : Executing rule V1.c
2026-09-02 20:43:56 +0200: Memory Usage (488216K) : Starting 5.20. Vian table
2026-09-02 20:43:56 +0200: Memory Usage (488216K) : Executing rule V2.a
2026-09-02 20:43:56 +0200: Memory Usage (488472K) : Executing rule V2.b
2026-09-02 20:43:56 +0200: Memory Usage (488600K) : Executing rule V2.c
2026-09-02 20:43:56 +0200: Memory Usage (488856K) : Executing rule V3.a
2026-09-02 20:43:56 +0200: Memory Usage (489112K) : Executing rule V3.b
2026-09-02 20:43:56 +0200: Memory Usage (489240K) : Executing rule V3.c
2026-09-02 20:43:56 +0200: Memory Usage (489368K) : Starting 5.21. TopVia1 table
2026-09-02 20:43:56 +0200: Memory Usage (489496K) : Executing rule TV1.a
2026-09-02 20:43:56 +0200: Memory Usage (489752K) : Executing rule TV1.b
2026-09-02 20:43:56 +0200: Memory Usage (489752K) : Executing rule TV1.c
2026-09-02 20:43:56 +0200: Memory Usage (489752K) : Executing rule TV1.d
2026-09-02 20:43:56 +0200: Memory Usage (489752K) : Starting 5.22. TopMetal1 table
2026-09-02 20:43:56 +0200: Memory Usage (489752K) : Executing rule TM1.a
2026-09-02 20:43:56 +0200: Memory Usage (489752K) : Executing rule TM1.b
2026-09-02 20:43:56 +0200: Memory Usage (489752K) : Starting 5.23 TopMetal1:filler table
2026-09-02 20:43:56 +0200: Memory Usage (489752K) : Executing rule TM1Fil.c
2026-09-02 20:43:56 +0200: Memory Usage (489752K) : Executing rule TM1Fil.a1
2026-09-02 20:43:56 +0200: Memory Usage (489752K) : Starting 5.27. Passiv table
2026-09-02 20:43:56 +0200: Memory Usage (489752K) : Executing rule Pas.a
2026-09-02 20:43:56 +0200: Memory Usage (489752K) : Executing rule Pas.b
2026-09-02 20:43:56 +0200: Memory Usage (489752K) : Executing rule Pas.c
2026-09-02 20:43:56 +0200: Memory Usage (489752K) : Starting 6.9 Pad table
2026-09-02 20:43:56 +0200: Memory Usage (489752K) : Executing rule Pad.m
2026-09-02 20:43:56 +0200: Memory Usage (489752K) : Executing rule Pad.fR_M1
2026-09-02 20:43:56 +0200: Memory Usage (489752K) : Executing rule Pad.fR_M2
2026-09-02 20:43:56 +0200: Memory Usage (489752K) : Executing rule Pad.fR_M3
2026-09-02 20:43:56 +0200: Memory Usage (489752K) : Executing rule Pad.fR_M4
2026-09-02 20:43:56 +0200: Memory Usage (489752K) : Executing rule Pad.fR_TM1
2026-09-02 20:43:56 +0200: Memory Usage (489752K) : Executing rule Pad.i
2026-09-02 20:43:56 +0200: Memory Usage (489752K) : Starting 6.10 Sealring table
2026-09-02 20:43:56 +0200: Memory Usage (489752K) : Executing rule Seal.l
2026-09-02 20:43:56 +0200: Memory Usage (489752K) : Executing rule Seal.n
2026-09-02 20:43:56 +0200: Memory Usage (489752K) : Executing rule seal.b_metal1
2026-09-02 20:43:56 +0200: Memory Usage (489752K) : Executing rule seal.b_metal2
2026-09-02 20:43:56 +0200: Memory Usage (489752K) : Executing rule seal.b_metal3
2026-09-02 20:43:56 +0200: Memory Usage (489752K) : Executing rule seal.b_metal4
2026-09-02 20:43:56 +0200: Memory Usage (489752K) : Executing rule seal.b_topmetal1
2026-09-02 20:43:56 +0200: Memory Usage (489752K) : Executing rule seal.b_activ
2026-09-02 20:43:56 +0200: Memory Usage (489752K) : Executing rule seal.b_psd
2026-09-02 20:43:56 +0200: Memory Usage (489752K) : Executing rule Seal.k
2026-09-02 20:43:56 +0200: Memory Usage (489752K) : Executing rule Seal.m
2026-09-02 20:43:56 +0200: Memory Usage (489752K) : Starting 7.3 Metal Slits table
2026-09-02 20:43:56 +0200: Memory Usage (489752K) : Executing rule Slt.e1_M1
2026-09-02 20:43:56 +0200: Memory Usage (489752K) : Executing rule Slt.e1_M2
2026-09-02 20:43:56 +0200: Memory Usage (489752K) : Executing rule Slt.e1_M3
2026-09-02 20:43:56 +0200: Memory Usage (489752K) : Executing rule Slt.e1_M4
2026-09-02 20:43:56 +0200: Memory Usage (489752K) : Executing rule Slt.e1_TM1
2026-09-02 20:43:56 +0200: Memory Usage (489752K) : Starting 9.1. LBE table
2026-09-02 20:43:56 +0200: Memory Usage (489752K) : Executing rule LBE.a
2026-09-02 20:43:56 +0200: Memory Usage (489752K) : Executing rule LBE.b
2026-09-02 20:43:56 +0200: Memory Usage (489752K) : Executing rule LBE.b1
2026-09-02 20:43:56 +0200: Memory Usage (489752K) : Executing rule LBE.c
2026-09-02 20:43:56 +0200: Memory Usage (489752K) : Executing rule LBE.d
2026-09-02 20:43:56 +0200: Memory Usage (489752K) : Executing rule LBE.h
2026-09-02 20:43:56 +0200: Memory Usage (489752K) : Starting 7.4. PIN table
2026-09-02 20:43:56 +0200: Memory Usage (489752K) : Executing rule Pin.a
2026-09-02 20:43:56 +0200: Memory Usage (489752K) : Executing rule Pin.b
2026-09-02 20:43:56 +0200: Memory Usage (489752K) : Executing rule Pin.e
2026-09-02 20:43:56 +0200: Memory Usage (489752K) : Executing rule Pin.f_M2
2026-09-02 20:43:56 +0200: Memory Usage (489752K) : Executing rule Pin.f_M3
2026-09-02 20:43:56 +0200: Memory Usage (489752K) : Executing rule Pin.f_M4
2026-09-02 20:43:56 +0200: Memory Usage (489752K) : Executing rule Pin.g
2026-09-02 20:43:56 +0200: Memory Usage (489752K) : Starting 3.1. offgrid table
2026-09-02 20:43:56 +0200: Memory Usage (489752K) : Executing rule activ_drw_Offgrid
2026-09-02 20:43:56 +0200: Memory Usage (489752K) : Executing rule activ_pin_Offgrid
2026-09-02 20:43:56 +0200: Memory Usage (489752K) : Executing rule activ_mask_Offgrid
2026-09-02 20:43:56 +0200: Memory Usage (489752K) : Executing rule activ_filler_Offgrid
2026-09-02 20:43:56 +0200: Memory Usage (489752K) : Executing rule activ_nofill_Offgrid
2026-09-02 20:43:56 +0200: Memory Usage (489752K) : Executing rule activ_opc_Offgrid
2026-09-02 20:43:56 +0200: Memory Usage (489752K) : Executing rule activ_iopc_Offgrid
2026-09-02 20:43:56 +0200: Memory Usage (489752K) : Executing rule activ_noqrc_Offgrid
2026-09-02 20:43:56 +0200: Memory Usage (489752K) : Executing rule gatpoly_drw_Offgrid
2026-09-02 20:43:56 +0200: Memory Usage (489752K) : Executing rule gatpoly_pin_Offgrid
2026-09-02 20:43:56 +0200: Memory Usage (489752K) : Executing rule gatpoly_filler_Offgrid
2026-09-02 20:43:56 +0200: Memory Usage (489752K) : Executing rule gatpoly_nofill_Offgrid
2026-09-02 20:43:56 +0200: Memory Usage (489752K) : Executing rule gatpoly_opc_Offgrid
2026-09-02 20:43:56 +0200: Memory Usage (489752K) : Executing rule gatpoly_iopc_Offgrid
2026-09-02 20:43:56 +0200: Memory Usage (489752K) : Executing rule gatpoly_noqrc_Offgrid
2026-09-02 20:43:56 +0200: Memory Usage (489752K) : Executing rule cont_drw_Offgrid
2026-09-02 20:43:56 +0200: Memory Usage (489880K) : Executing rule cont_opc_Offgrid
2026-09-02 20:43:56 +0200: Memory Usage (489880K) : Executing rule nsd_drw_Offgrid
2026-09-02 20:43:56 +0200: Memory Usage (489880K) : Executing rule nsd_block_Offgrid
2026-09-02 20:43:56 +0200: Memory Usage (489880K) : Executing rule metal1_drw_Offgrid
2026-09-02 20:43:56 +0200: Memory Usage (489880K) : Executing rule metal1_pin_Offgrid
2026-09-02 20:43:56 +0200: Memory Usage (489880K) : Executing rule metal1_mask_Offgrid
2026-09-02 20:43:56 +0200: Memory Usage (489880K) : Executing rule metal1_filler_Offgrid
2026-09-02 20:43:56 +0200: Memory Usage (489880K) : Executing rule metal1_nofill_Offgrid
2026-09-02 20:43:56 +0200: Memory Usage (489880K) : Executing rule metal1_slit_Offgrid
2026-09-02 20:43:56 +0200: Memory Usage (489880K) : Executing rule metal1_opc_Offgrid
2026-09-02 20:43:56 +0200: Memory Usage (489880K) : Executing rule metal1_noqrc_Offgrid
2026-09-02 20:43:56 +0200: Memory Usage (489880K) : Executing rule metal1_res_Offgrid
2026-09-02 20:43:56 +0200: Memory Usage (489880K) : Executing rule metal1_iprobe_Offgrid
2026-09-02 20:43:56 +0200: Memory Usage (489880K) : Executing rule metal1_diffprb_Offgrid
2026-09-02 20:43:56 +0200: Memory Usage (489880K) : Executing rule passiv_drw_Offgrid
2026-09-02 20:43:56 +0200: Memory Usage (489880K) : Executing rule passiv_pin_Offgrid
2026-09-02 20:43:57 +0200: Memory Usage (489880K) : Executing rule passiv_pillar_Offgrid
2026-09-02 20:43:57 +0200: Memory Usage (489880K) : Executing rule passiv_sbump_Offgrid
2026-09-02 20:43:57 +0200: Memory Usage (489880K) : Executing rule passiv_pdl_Offgrid
2026-09-02 20:43:57 +0200: Memory Usage (489880K) : Executing rule metal2_drw_Offgrid
2026-09-02 20:43:57 +0200: Memory Usage (489880K) : Executing rule metal2_pin_Offgrid
2026-09-02 20:43:57 +0200: Memory Usage (489880K) : Executing rule metal2_mask_Offgrid
2026-09-02 20:43:57 +0200: Memory Usage (489880K) : Executing rule metal2_filler_Offgrid
2026-09-02 20:43:57 +0200: Memory Usage (489880K) : Executing rule metal2_nofill_Offgrid
2026-09-02 20:43:57 +0200: Memory Usage (489880K) : Executing rule metal2_slit_Offgrid
2026-09-02 20:43:57 +0200: Memory Usage (489880K) : Executing rule metal2_opc_Offgrid
2026-09-02 20:43:57 +0200: Memory Usage (489880K) : Executing rule metal2_noqrc_Offgrid
2026-09-02 20:43:57 +0200: Memory Usage (489880K) : Executing rule metal2_res_Offgrid
2026-09-02 20:43:57 +0200: Memory Usage (489880K) : Executing rule metal2_iprobe_Offgrid
2026-09-02 20:43:57 +0200: Memory Usage (489880K) : Executing rule metal2_diffprb_Offgrid
2026-09-02 20:43:57 +0200: Memory Usage (489880K) : Executing rule psd_drw_Offgrid
2026-09-02 20:43:57 +0200: Memory Usage (489880K) : Executing rule via1_drw_Offgrid
2026-09-02 20:43:57 +0200: Memory Usage (489880K) : Executing rule salblock_drw_Offgrid
2026-09-02 20:43:57 +0200: Memory Usage (489880K) : Executing rule via2_drw_Offgrid
2026-09-02 20:43:57 +0200: Memory Usage (489880K) : Executing rule metal3_drw_Offgrid
2026-09-02 20:43:57 +0200: Memory Usage (489880K) : Executing rule metal3_pin_Offgrid
2026-09-02 20:43:57 +0200: Memory Usage (489880K) : Executing rule metal3_mask_Offgrid
2026-09-02 20:43:57 +0200: Memory Usage (489880K) : Executing rule metal3_filler_Offgrid
2026-09-02 20:43:57 +0200: Memory Usage (489880K) : Executing rule metal3_nofill_Offgrid
2026-09-02 20:43:57 +0200: Memory Usage (489880K) : Executing rule metal3_slit_Offgrid
2026-09-02 20:43:57 +0200: Memory Usage (489880K) : Executing rule metal3_opc_Offgrid
2026-09-02 20:43:57 +0200: Memory Usage (489880K) : Executing rule metal3_noqrc_Offgrid
2026-09-02 20:43:57 +0200: Memory Usage (489880K) : Executing rule metal3_res_Offgrid
2026-09-02 20:43:57 +0200: Memory Usage (489880K) : Executing rule metal3_iprobe_Offgrid
2026-09-02 20:43:57 +0200: Memory Usage (489880K) : Executing rule metal3_diffprb_Offgrid
2026-09-02 20:43:57 +0200: Memory Usage (489880K) : Executing rule nwell_drw_Offgrid
2026-09-02 20:43:57 +0200: Memory Usage (489880K) : Executing rule nwell_pin_Offgrid
2026-09-02 20:43:57 +0200: Memory Usage (489880K) : Executing rule pwell_drw_Offgrid
2026-09-02 20:43:57 +0200: Memory Usage (489880K) : Executing rule pwell_pin_Offgrid
2026-09-02 20:43:57 +0200: Memory Usage (489880K) : Executing rule pwell_block_Offgrid
2026-09-02 20:43:57 +0200: Memory Usage (489880K) : Executing rule substrate_drw_Offgrid
2026-09-02 20:43:57 +0200: Memory Usage (489880K) : Executing rule via3_drw_Offgrid
2026-09-02 20:43:57 +0200: Memory Usage (489880K) : Executing rule metal4_drw_Offgrid
2026-09-02 20:43:57 +0200: Memory Usage (489880K) : Executing rule metal4_pin_Offgrid
2026-09-02 20:43:57 +0200: Memory Usage (489880K) : Executing rule metal4_mask_Offgrid
2026-09-02 20:43:57 +0200: Memory Usage (489880K) : Executing rule metal4_filler_Offgrid
2026-09-02 20:43:57 +0200: Memory Usage (489880K) : Executing rule metal4_nofill_Offgrid
2026-09-02 20:43:57 +0200: Memory Usage (489880K) : Executing rule metal4_slit_Offgrid
2026-09-02 20:43:57 +0200: Memory Usage (489880K) : Executing rule metal4_opc_Offgrid
2026-09-02 20:43:57 +0200: Memory Usage (489880K) : Executing rule metal4_noqrc_Offgrid
2026-09-02 20:43:57 +0200: Memory Usage (489880K) : Executing rule metal4_res_Offgrid
2026-09-02 20:43:57 +0200: Memory Usage (489880K) : Executing rule metal4_iprobe_Offgrid
2026-09-02 20:43:57 +0200: Memory Usage (489880K) : Executing rule metal4_diffprb_Offgrid
2026-09-02 20:43:57 +0200: Memory Usage (489880K) : Executing rule topvia1_drw_Offgrid
2026-09-02 20:43:57 +0200: Memory Usage (489880K) : Executing rule topmetal1_drw_Offgrid
2026-09-02 20:43:57 +0200: Memory Usage (489880K) : Executing rule topmetal1_pin_Offgrid
2026-09-02 20:43:57 +0200: Memory Usage (489880K) : Executing rule topmetal1_mask_Offgrid
2026-09-02 20:43:57 +0200: Memory Usage (489880K) : Executing rule topmetal1_filler_Offgrid
2026-09-02 20:43:57 +0200: Memory Usage (489880K) : Executing rule topmetal1_nofill_Offgrid
2026-09-02 20:43:57 +0200: Memory Usage (489880K) : Executing rule topmetal1_slit_Offgrid
2026-09-02 20:43:57 +0200: Memory Usage (489880K) : Executing rule topmetal1_noqrc_Offgrid
2026-09-02 20:43:57 +0200: Memory Usage (489880K) : Executing rule topmetal1_res_Offgrid
2026-09-02 20:43:57 +0200: Memory Usage (489880K) : Executing rule topmetal1_iprobe_Offgrid
2026-09-02 20:43:57 +0200: Memory Usage (489880K) : Executing rule topmetal1_diffprb_Offgrid
2026-09-02 20:43:57 +0200: Memory Usage (489880K) : Executing rule thickgateox_drw_Offgrid
2026-09-02 20:43:57 +0200: Memory Usage (489880K) : Executing rule polyres_drw_Offgrid
2026-09-02 20:43:57 +0200: Memory Usage (489880K) : Executing rule polyres_pin_Offgrid
2026-09-02 20:43:57 +0200: Memory Usage (489880K) : Executing rule antmetal1_drw_Offgrid
2026-09-02 20:43:57 +0200: Memory Usage (489880K) : Executing rule thinfilmres_drw_Offgrid
2026-09-02 20:43:57 +0200: Memory Usage (489880K) : Executing rule lbe_drw_Offgrid
2026-09-02 20:43:57 +0200: Memory Usage (489880K) : Executing rule prboundary_drw_Offgrid
2026-09-02 20:43:57 +0200: Memory Usage (489880K) : Starting 3.2. angle table
2026-09-02 20:43:57 +0200: Memory Usage (489880K) : Executing rule activ_drw_Acute
2026-09-02 20:43:57 +0200: Memory Usage (489880K) : Executing rule activ_pin_Acute
2026-09-02 20:43:57 +0200: Memory Usage (489880K) : Executing rule activ_mask_Acute
2026-09-02 20:43:57 +0200: Memory Usage (489880K) : Executing rule activ_filler_Acute
2026-09-02 20:43:57 +0200: Memory Usage (489880K) : Executing rule activ_nofill_Acute
2026-09-02 20:43:57 +0200: Memory Usage (489880K) : Executing rule activ_opc_Acute
2026-09-02 20:43:57 +0200: Memory Usage (489880K) : Executing rule activ_iopc_Acute
2026-09-02 20:43:57 +0200: Memory Usage (489880K) : Executing rule activ_noqrc_Acute
2026-09-02 20:43:57 +0200: Memory Usage (489880K) : Executing rule gatpoly_drw_Acute
2026-09-02 20:43:57 +0200: Memory Usage (489880K) : Executing rule gatpoly_pin_Acute
2026-09-02 20:43:57 +0200: Memory Usage (489880K) : Executing rule gatpoly_filler_Acute
2026-09-02 20:43:57 +0200: Memory Usage (489880K) : Executing rule gatpoly_nofill_Acute
2026-09-02 20:43:57 +0200: Memory Usage (489880K) : Executing rule gatpoly_opc_Acute
2026-09-02 20:43:57 +0200: Memory Usage (489880K) : Executing rule gatpoly_iopc_Acute
2026-09-02 20:43:57 +0200: Memory Usage (489880K) : Executing rule gatpoly_noqrc_Acute
2026-09-02 20:43:57 +0200: Memory Usage (489880K) : Executing rule cont_drw_Acute
2026-09-02 20:43:57 +0200: Memory Usage (489880K) : Executing rule cont_opc_Acute
2026-09-02 20:43:57 +0200: Memory Usage (489880K) : Executing rule nsd_drw_Acute
2026-09-02 20:43:57 +0200: Memory Usage (489880K) : Executing rule nsd_block_Acute
2026-09-02 20:43:57 +0200: Memory Usage (489880K) : Executing rule metal1_drw_Acute
2026-09-02 20:43:57 +0200: Memory Usage (489880K) : Executing rule metal1_pin_Acute
2026-09-02 20:43:57 +0200: Memory Usage (489880K) : Executing rule metal1_mask_Acute
2026-09-02 20:43:57 +0200: Memory Usage (489880K) : Executing rule metal1_filler_Acute
2026-09-02 20:43:57 +0200: Memory Usage (489880K) : Executing rule metal1_nofill_Acute
2026-09-02 20:43:57 +0200: Memory Usage (489880K) : Executing rule metal1_slit_Acute
2026-09-02 20:43:57 +0200: Memory Usage (489880K) : Executing rule metal1_opc_Acute
2026-09-02 20:43:57 +0200: Memory Usage (489880K) : Executing rule metal1_noqrc_Acute
2026-09-02 20:43:57 +0200: Memory Usage (489880K) : Executing rule metal1_res_Acute
2026-09-02 20:43:57 +0200: Memory Usage (489880K) : Executing rule metal1_iprobe_Acute
2026-09-02 20:43:57 +0200: Memory Usage (489880K) : Executing rule metal1_diffprb_Acute
2026-09-02 20:43:57 +0200: Memory Usage (489880K) : Executing rule passiv_drw_Acute
2026-09-02 20:43:57 +0200: Memory Usage (489880K) : Executing rule passiv_pin_Acute
2026-09-02 20:43:57 +0200: Memory Usage (489880K) : Executing rule passiv_pillar_Acute
2026-09-02 20:43:57 +0200: Memory Usage (489880K) : Executing rule passiv_sbump_Acute
2026-09-02 20:43:57 +0200: Memory Usage (489880K) : Executing rule passiv_pdl_Acute
2026-09-02 20:43:57 +0200: Memory Usage (489880K) : Executing rule metal2_drw_Acute
2026-09-02 20:43:57 +0200: Memory Usage (489880K) : Executing rule metal2_pin_Acute
2026-09-02 20:43:57 +0200: Memory Usage (489880K) : Executing rule metal2_mask_Acute
2026-09-02 20:43:57 +0200: Memory Usage (489880K) : Executing rule metal2_filler_Acute
2026-09-02 20:43:57 +0200: Memory Usage (489880K) : Executing rule metal2_nofill_Acute
2026-09-02 20:43:57 +0200: Memory Usage (489880K) : Executing rule metal2_slit_Acute
2026-09-02 20:43:57 +0200: Memory Usage (489880K) : Executing rule metal2_opc_Acute
2026-09-02 20:43:57 +0200: Memory Usage (489880K) : Executing rule metal2_noqrc_Acute
2026-09-02 20:43:57 +0200: Memory Usage (489880K) : Executing rule metal2_res_Acute
2026-09-02 20:43:57 +0200: Memory Usage (489880K) : Executing rule metal2_iprobe_Acute
2026-09-02 20:43:57 +0200: Memory Usage (489880K) : Executing rule metal2_diffprb_Acute
2026-09-02 20:43:57 +0200: Memory Usage (489880K) : Executing rule psd_drw_Acute
2026-09-02 20:43:57 +0200: Memory Usage (489880K) : Executing rule via1_drw_Acute
2026-09-02 20:43:57 +0200: Memory Usage (489880K) : Executing rule salblock_drw_Acute
2026-09-02 20:43:57 +0200: Memory Usage (489880K) : Executing rule via2_drw_Acute
2026-09-02 20:43:57 +0200: Memory Usage (489880K) : Executing rule metal3_drw_Acute
2026-09-02 20:43:57 +0200: Memory Usage (489880K) : Executing rule metal3_pin_Acute
2026-09-02 20:43:57 +0200: Memory Usage (489880K) : Executing rule metal3_mask_Acute
2026-09-02 20:43:57 +0200: Memory Usage (489880K) : Executing rule metal3_filler_Acute
2026-09-02 20:43:57 +0200: Memory Usage (489880K) : Executing rule metal3_nofill_Acute
2026-09-02 20:43:57 +0200: Memory Usage (489880K) : Executing rule metal3_slit_Acute
2026-09-02 20:43:57 +0200: Memory Usage (489880K) : Executing rule metal3_opc_Acute
2026-09-02 20:43:57 +0200: Memory Usage (489880K) : Executing rule metal3_noqrc_Acute
2026-09-02 20:43:57 +0200: Memory Usage (489880K) : Executing rule metal3_res_Acute
2026-09-02 20:43:57 +0200: Memory Usage (489880K) : Executing rule metal3_iprobe_Acute
2026-09-02 20:43:57 +0200: Memory Usage (489880K) : Executing rule metal3_diffprb_Acute
2026-09-02 20:43:57 +0200: Memory Usage (489880K) : Executing rule nwell_drw_Acute
2026-09-02 20:43:57 +0200: Memory Usage (489880K) : Executing rule nwell_pin_Acute
2026-09-02 20:43:57 +0200: Memory Usage (489880K) : Executing rule pwell_drw_Acute
2026-09-02 20:43:57 +0200: Memory Usage (489880K) : Executing rule pwell_pin_Acute
2026-09-02 20:43:57 +0200: Memory Usage (489880K) : Executing rule pwell_block_Acute
2026-09-02 20:43:57 +0200: Memory Usage (489880K) : Executing rule substrate_drw_Acute
2026-09-02 20:43:57 +0200: Memory Usage (489880K) : Executing rule via3_drw_Acute
2026-09-02 20:43:57 +0200: Memory Usage (489880K) : Executing rule metal4_drw_Acute
2026-09-02 20:43:57 +0200: Memory Usage (489880K) : Executing rule metal4_pin_Acute
2026-09-02 20:43:57 +0200: Memory Usage (489880K) : Executing rule metal4_mask_Acute
2026-09-02 20:43:57 +0200: Memory Usage (489880K) : Executing rule metal4_filler_Acute
2026-09-02 20:43:57 +0200: Memory Usage (489880K) : Executing rule metal4_nofill_Acute
2026-09-02 20:43:57 +0200: Memory Usage (489880K) : Executing rule metal4_slit_Acute
2026-09-02 20:43:57 +0200: Memory Usage (489880K) : Executing rule metal4_opc_Acute
2026-09-02 20:43:57 +0200: Memory Usage (489880K) : Executing rule metal4_noqrc_Acute
2026-09-02 20:43:57 +0200: Memory Usage (489880K) : Executing rule metal4_res_Acute
2026-09-02 20:43:57 +0200: Memory Usage (489880K) : Executing rule metal4_iprobe_Acute
2026-09-02 20:43:57 +0200: Memory Usage (489880K) : Executing rule metal4_diffprb_Acute
2026-09-02 20:43:57 +0200: Memory Usage (489880K) : Executing rule topvia1_drw_Acute
2026-09-02 20:43:57 +0200: Memory Usage (489880K) : Executing rule topmetal1_drw_Acute
2026-09-02 20:43:57 +0200: Memory Usage (489880K) : Executing rule topmetal1_pin_Acute
2026-09-02 20:43:57 +0200: Memory Usage (489880K) : Executing rule topmetal1_mask_Acute
2026-09-02 20:43:57 +0200: Memory Usage (489880K) : Executing rule topmetal1_filler_Acute
2026-09-02 20:43:57 +0200: Memory Usage (489880K) : Executing rule topmetal1_nofill_Acute
2026-09-02 20:43:57 +0200: Memory Usage (489880K) : Executing rule topmetal1_slit_Acute
2026-09-02 20:43:57 +0200: Memory Usage (489880K) : Executing rule topmetal1_noqrc_Acute
2026-09-02 20:43:57 +0200: Memory Usage (489880K) : Executing rule topmetal1_res_Acute
2026-09-02 20:43:57 +0200: Memory Usage (489880K) : Executing rule topmetal1_iprobe_Acute
2026-09-02 20:43:57 +0200: Memory Usage (489880K) : Executing rule topmetal1_diffprb_Acute
2026-09-02 20:43:57 +0200: Memory Usage (489880K) : Executing rule thickgateox_drw_Acute
2026-09-02 20:43:57 +0200: Memory Usage (489880K) : Executing rule polyres_drw_Acute
2026-09-02 20:43:57 +0200: Memory Usage (489880K) : Executing rule polyres_pin_Acute
2026-09-02 20:43:57 +0200: Memory Usage (489880K) : Executing rule antmetal1_drw_Acute
2026-09-02 20:43:57 +0200: Memory Usage (489880K) : Executing rule thinfilmres_drw_Acute
2026-09-02 20:43:57 +0200: Memory Usage (489880K) : Executing rule lbe_drw_Acute
2026-09-02 20:43:57 +0200: Memory Usage (489880K) : Executing rule prboundary_drw_Acute
2026-09-02 20:43:57 +0200: Memory Usage (489880K) : Executing rule cont_drw_Angle90
2026-09-02 20:43:57 +0200: Memory Usage (490008K) : Executing rule via1_drw_Angle90
2026-09-02 20:43:57 +0200: Memory Usage (490008K) : Executing rule via2_drw_Angle90
2026-09-02 20:43:57 +0200: Memory Usage (490008K) : Executing rule via3_drw_Angle90
2026-09-02 20:43:57 +0200: Memory Usage (490008K) : Executing rule topvia1_drw_Angle90
2026-09-02 20:43:57 +0200: Memory Usage (490008K) : Executing rule gatpoly_drw_Angle45
2026-09-02 20:43:57 +0200: Memory Usage (490008K) : Executing rule activ_drw_Angle45
2026-09-02 20:43:57 +0200: Memory Usage (490008K) : Executing rule metal1_drw_Angle45
2026-09-02 20:43:57 +0200: Memory Usage (490008K) : Executing rule metal2_drw_Angle45
2026-09-02 20:43:57 +0200: Memory Usage (490008K) : Executing rule metal3_drw_Angle45
2026-09-02 20:43:57 +0200: Memory Usage (490008K) : Executing rule metal4_drw_Angle45
2026-09-02 20:43:57 +0200: Memory Usage (490008K) : Executing rule topmetal1_drw_Angle45
2026-09-02 20:43:57 +0200: Memory Usage (490008K) : Starting 3.2. FORBIDDEN table
2026-09-02 20:43:57 +0200: Memory Usage (490008K) : Executing rule forbidden.biwind
2026-09-02 20:43:57 +0200: Memory Usage (490008K) : Executing rule forbidden.pemwind
2026-09-02 20:43:57 +0200: Memory Usage (490008K) : Executing rule forbidden.baspoly
2026-09-02 20:43:57 +0200: Memory Usage (490008K) : Executing rule forbidden.deepco
2026-09-02 20:43:57 +0200: Memory Usage (490008K) : Executing rule forbidden.pempoly
2026-09-02 20:43:57 +0200: Memory Usage (490008K) : Executing rule forbidden.empoly
2026-09-02 20:43:57 +0200: Memory Usage (490008K) : Executing rule forbidden.ldmos
2026-09-02 20:43:57 +0200: Memory Usage (490008K) : Executing rule forbidden.pbiwind
2026-09-02 20:43:57 +0200: Memory Usage (490008K) : Executing rule forbidden.nodrc
2026-09-02 20:43:57 +0200: Memory Usage (490008K) : Executing rule forbidden.flash
2026-09-02 20:43:57 +0200: Memory Usage (490008K) : Executing rule forbidden.colwind
2026-09-02 20:43:57 +0200: Memory Usage (490008K) : Starting 3.2. CMOS5L FORBIDDEN layers check
2026-09-02 20:43:57 +0200: Memory Usage (490008K) : Executing rule CMOS5L.FORB.Metal5
2026-09-02 20:43:57 +0200: Memory Usage (490008K) : Executing rule CMOS5L.FORB.Metal5.filler
2026-09-02 20:43:57 +0200: Memory Usage (490008K) : Executing rule CMOS5L.FORB.Via4
2026-09-02 20:43:57 +0200: Memory Usage (490008K) : Executing rule CMOS5L.FORB.TopMetal2
2026-09-02 20:43:57 +0200: Memory Usage (490008K) : Executing rule CMOS5L.FORB.TopMetal2.filler
2026-09-02 20:43:57 +0200: Memory Usage (490008K) : Executing rule CMOS5L.FORB.TopVia2
2026-09-02 20:43:57 +0200: Memory Usage (490008K) : Executing rule CMOS5L.FORB.TRANS
2026-09-02 20:43:57 +0200: Memory Usage (490008K) : Executing rule CMOS5L.FORB.nBuLay
2026-09-02 20:43:57 +0200: Memory Usage (490008K) : Executing rule CMOS5L.FORB.MIM
2026-09-02 20:43:57 +0200: Memory Usage (490008K) : Executing rule CMOS5L.FORB.Vmim
2026-09-02 20:43:57 +0200: Memory Usage (490008K) : KLayout DRC run for tables 'main' completed in 1.48 seconds
