# Logfile created on 2026-10-08 20:33:13 +0200 by logger.rb/v1.5.3
2026-10-08 20:33:13 +0200: Memory Usage (456600K) : Starting running IHP-SG13CMOS5L KLayout DRC runset on /foss/designs/CHIP-PLL/layout/divider/vco_decoder/VCO_MUX/VCO_MUX.gds
2026-10-08 20:33:13 +0200: Memory Usage (456600K) : Ruby Version for klayout: 3.2.3
2026-10-08 20:33:13 +0200: Memory Usage (458316K) : Loading database to memory is complete.
2026-10-08 20:33:13 +0200: Memory Usage (458316K) : IHP-SG13CMOS5L KLayout DRC runset output at: /foss/designs/CHIP-PLL/layout/divider/vco_decoder/VCO_MUX/drc_run_VCO_MUX/VCO_MUX_VCO_MUX_main.lyrdb
2026-10-08 20:33:13 +0200: Memory Usage (458316K) : Evaluate switches.
2026-10-08 20:33:13 +0200: Memory Usage (458316K) : tables selected: main
2026-10-08 20:33:13 +0200: Memory Usage (458316K) : KLayout will use 4 thread(s) in tiled mode.
2026-10-08 20:33:13 +0200: Memory Usage (458316K) : deep mode is enabled.
2026-10-08 20:33:13 +0200: Memory Usage (458316K) : FEOL enabled: true
2026-10-08 20:33:13 +0200: Memory Usage (458316K) : BEOL enabled: true
2026-10-08 20:33:13 +0200: Memory Usage (458316K) : OFFGRID enabled: true
2026-10-08 20:33:13 +0200: Memory Usage (458316K) : ANGLE enabled: true
2026-10-08 20:33:13 +0200: Memory Usage (458316K) : PIN enabled: true
2026-10-08 20:33:13 +0200: Memory Usage (458316K) : FORBIDDEN enabled: true
2026-10-08 20:33:13 +0200: Memory Usage (458316K) : RECOMMENDED enabled: true
2026-10-08 20:33:13 +0200: Memory Usage (458316K) : PreCheck DRC enabled: false
2026-10-08 20:33:13 +0200: Memory Usage (458316K) : CONNECTIVITY_RULES enabled: true.
2026-10-08 20:33:13 +0200: Memory Usage (458316K) : Read in polygons from layers.
2026-10-08 20:33:13 +0200: Memory Usage (459376K) : activ_drw has 80 polygons
2026-10-08 20:33:13 +0200: Memory Usage (459376K) : activ_pin has 0 polygons
2026-10-08 20:33:13 +0200: Memory Usage (459376K) : activ_mask has 0 polygons
2026-10-08 20:33:13 +0200: Memory Usage (459376K) : activ_filler has 0 polygons
2026-10-08 20:33:13 +0200: Memory Usage (459376K) : activ_nofill has 0 polygons
2026-10-08 20:33:13 +0200: Memory Usage (459376K) : activ_opc has 0 polygons
2026-10-08 20:33:13 +0200: Memory Usage (459376K) : activ_iopc has 0 polygons
2026-10-08 20:33:13 +0200: Memory Usage (459376K) : activ_noqrc has 0 polygons
2026-10-08 20:33:13 +0200: Memory Usage (459376K) : biwind_drw has 0 polygons
2026-10-08 20:33:13 +0200: Memory Usage (459376K) : biwind_opc has 0 polygons
2026-10-08 20:33:13 +0200: Memory Usage (459376K) : pemwind_drw has 0 polygons
2026-10-08 20:33:13 +0200: Memory Usage (459376K) : gatpoly_drw has 70 polygons
2026-10-08 20:33:13 +0200: Memory Usage (459504K) : gatpoly_pin has 10 polygons
2026-10-08 20:33:13 +0200: Memory Usage (459504K) : gatpoly_filler has 0 polygons
2026-10-08 20:33:13 +0200: Memory Usage (459504K) : gatpoly_nofill has 0 polygons
2026-10-08 20:33:13 +0200: Memory Usage (459504K) : gatpoly_opc has 0 polygons
2026-10-08 20:33:13 +0200: Memory Usage (459504K) : gatpoly_iopc has 0 polygons
2026-10-08 20:33:13 +0200: Memory Usage (459504K) : gatpoly_noqrc has 0 polygons
2026-10-08 20:33:13 +0200: Memory Usage (459504K) : cont_drw has 200 polygons
2026-10-08 20:33:13 +0200: Memory Usage (459504K) : cont_opc has 0 polygons
2026-10-08 20:33:13 +0200: Memory Usage (459504K) : nsd_drw has 0 polygons
2026-10-08 20:33:13 +0200: Memory Usage (459504K) : nsd_block has 0 polygons
2026-10-08 20:33:13 +0200: Memory Usage (459824K) : metal1_drw has 216 polygons
2026-10-08 20:33:13 +0200: Memory Usage (459824K) : metal1_pin has 72 polygons
2026-10-08 20:33:13 +0200: Memory Usage (459824K) : metal1_mask has 0 polygons
2026-10-08 20:33:13 +0200: Memory Usage (460080K) : metal1_filler has 0 polygons
2026-10-08 20:33:13 +0200: Memory Usage (460080K) : metal1_nofill has 0 polygons
2026-10-08 20:33:13 +0200: Memory Usage (460080K) : metal1_slit has 0 polygons
2026-10-08 20:33:13 +0200: Memory Usage (460352K) : metal1_text has 22 polygons
2026-10-08 20:33:13 +0200: Memory Usage (460352K) : metal1_opc has 0 polygons
2026-10-08 20:33:13 +0200: Memory Usage (460480K) : metal1_noqrc has 0 polygons
2026-10-08 20:33:13 +0200: Memory Usage (460480K) : metal1_res has 0 polygons
2026-10-08 20:33:13 +0200: Memory Usage (460480K) : metal1_iprobe has 0 polygons
2026-10-08 20:33:13 +0200: Memory Usage (460608K) : metal1_diffprb has 0 polygons
2026-10-08 20:33:13 +0200: Memory Usage (460608K) : passiv_drw has 0 polygons
2026-10-08 20:33:13 +0200: Memory Usage (460736K) : passiv_pin has 0 polygons
2026-10-08 20:33:13 +0200: Memory Usage (460736K) : passiv_sbump has 0 polygons
2026-10-08 20:33:13 +0200: Memory Usage (460864K) : passiv_pillar has 0 polygons
2026-10-08 20:33:13 +0200: Memory Usage (460992K) : passiv_pdl has 0 polygons
2026-10-08 20:33:13 +0200: Memory Usage (460992K) : metal2_drw has 204 polygons
2026-10-08 20:33:13 +0200: Memory Usage (460992K) : metal2_pin has 41 polygons
2026-10-08 20:33:13 +0200: Memory Usage (461120K) : metal2_mask has 0 polygons
2026-10-08 20:33:13 +0200: Memory Usage (461120K) : metal2_filler has 0 polygons
2026-10-08 20:33:13 +0200: Memory Usage (461248K) : metal2_nofill has 0 polygons
2026-10-08 20:33:13 +0200: Memory Usage (461248K) : metal2_slit has 0 polygons
2026-10-08 20:33:13 +0200: Memory Usage (461376K) : metal2_text has 41 polygons
2026-10-08 20:33:13 +0200: Memory Usage (461376K) : metal2_opc has 0 polygons
2026-10-08 20:33:13 +0200: Memory Usage (461376K) : metal2_noqrc has 0 polygons
2026-10-08 20:33:13 +0200: Memory Usage (461504K) : metal2_res has 0 polygons
2026-10-08 20:33:13 +0200: Memory Usage (461504K) : metal2_iprobe has 0 polygons
2026-10-08 20:33:13 +0200: Memory Usage (461632K) : metal2_diffprb has 0 polygons
2026-10-08 20:33:13 +0200: Memory Usage (461632K) : baspoly_drw has 0 polygons
2026-10-08 20:33:13 +0200: Memory Usage (461760K) : baspoly_pin has 0 polygons
2026-10-08 20:33:13 +0200: Memory Usage (461760K) : psd_drw has 27 polygons
2026-10-08 20:33:13 +0200: Memory Usage (461760K) : nldb_drw has 0 polygons
2026-10-08 20:33:13 +0200: Memory Usage (461888K) : digibnd_drw has 0 polygons
2026-10-08 20:33:13 +0200: Memory Usage (461888K) : via1_drw has 106 polygons
2026-10-08 20:33:13 +0200: Memory Usage (462016K) : backmetal1_drw has 0 polygons
2026-10-08 20:33:13 +0200: Memory Usage (462016K) : backmetal1_pin has 0 polygons
2026-10-08 20:33:13 +0200: Memory Usage (462144K) : backmetal1_mask has 0 polygons
2026-10-08 20:33:13 +0200: Memory Usage (462144K) : backmetal1_filler has 0 polygons
2026-10-08 20:33:13 +0200: Memory Usage (462144K) : backmetal1_nofill has 0 polygons
2026-10-08 20:33:13 +0200: Memory Usage (462272K) : backmetal1_slit has 0 polygons
2026-10-08 20:33:13 +0200: Memory Usage (462272K) : backmetal1_text has 0 polygons
2026-10-08 20:33:13 +0200: Memory Usage (462400K) : backmetal1_opc has 0 polygons
2026-10-08 20:33:13 +0200: Memory Usage (462528K) : backmetal1_noqrc has 0 polygons
2026-10-08 20:33:13 +0200: Memory Usage (462528K) : backmetal1_res has 0 polygons
2026-10-08 20:33:13 +0200: Memory Usage (462656K) : backmetal1_iprobe has 0 polygons
2026-10-08 20:33:13 +0200: Memory Usage (462656K) : backmetal1_diffprb has 0 polygons
2026-10-08 20:33:13 +0200: Memory Usage (462784K) : backpassiv_drw has 0 polygons
2026-10-08 20:33:13 +0200: Memory Usage (462784K) : res_drw has 0 polygons
2026-10-08 20:33:13 +0200: Memory Usage (462912K) : sram_drw has 0 polygons
2026-10-08 20:33:13 +0200: Memory Usage (462912K) : trans_drw has 0 polygons
2026-10-08 20:33:13 +0200: Memory Usage (463040K) : ind_drw has 0 polygons
2026-10-08 20:33:13 +0200: Memory Usage (463040K) : ind_pin has 0 polygons
2026-10-08 20:33:13 +0200: Memory Usage (463168K) : ind_text has 0 polygons
2026-10-08 20:33:13 +0200: Memory Usage (463168K) : salblock_drw has 0 polygons
2026-10-08 20:33:13 +0200: Memory Usage (463296K) : via2_drw has 82 polygons
2026-10-08 20:33:13 +0200: Memory Usage (463296K) : metal3_drw has 61 polygons
2026-10-08 20:33:13 +0200: Memory Usage (463424K) : metal3_pin has 0 polygons
2026-10-08 20:33:13 +0200: Memory Usage (463424K) : metal3_mask has 0 polygons
2026-10-08 20:33:13 +0200: Memory Usage (463424K) : metal3_filler has 0 polygons
2026-10-08 20:33:13 +0200: Memory Usage (463552K) : metal3_nofill has 0 polygons
2026-10-08 20:33:13 +0200: Memory Usage (463552K) : metal3_slit has 0 polygons
2026-10-08 20:33:13 +0200: Memory Usage (463680K) : metal3_text has 0 polygons
2026-10-08 20:33:13 +0200: Memory Usage (463680K) : metal3_opc has 0 polygons
2026-10-08 20:33:13 +0200: Memory Usage (463808K) : metal3_noqrc has 0 polygons
2026-10-08 20:33:13 +0200: Memory Usage (463808K) : metal3_res has 0 polygons
2026-10-08 20:33:13 +0200: Memory Usage (463808K) : metal3_iprobe has 0 polygons
2026-10-08 20:33:13 +0200: Memory Usage (463936K) : metal3_diffprb has 0 polygons
2026-10-08 20:33:13 +0200: Memory Usage (464064K) : nwell_drw has 32 polygons
2026-10-08 20:33:13 +0200: Memory Usage (464064K) : nwell_pin has 10 polygons
2026-10-08 20:33:13 +0200: Memory Usage (464192K) : nbulay_drw has 0 polygons
2026-10-08 20:33:13 +0200: Memory Usage (464320K) : nbulay_pin has 0 polygons
2026-10-08 20:33:13 +0200: Memory Usage (464320K) : nbulay_block has 0 polygons
2026-10-08 20:33:13 +0200: Memory Usage (464320K) : emwind_drw has 0 polygons
2026-10-08 20:33:13 +0200: Memory Usage (464448K) : emwind_opc has 0 polygons
2026-10-08 20:33:13 +0200: Memory Usage (464448K) : deepco_drw has 0 polygons
2026-10-08 20:33:13 +0200: Memory Usage (464576K) : deepco_drw has 0 polygons
2026-10-08 20:33:13 +0200: Memory Usage (464576K) : mim_drw has 0 polygons
2026-10-08 20:33:13 +0200: Memory Usage (464704K) : edgeseal_drw has 0 polygons
2026-10-08 20:33:13 +0200: Memory Usage (464704K) : edgeseal_bound has 0 polygons
2026-10-08 20:33:13 +0200: Memory Usage (464704K) : substrate_drw has 20 polygons
2026-10-08 20:33:13 +0200: Memory Usage (464832K) : substrate_text has 0 polygons
2026-10-08 20:33:13 +0200: Memory Usage (464832K) : dfpad_drw has 0 polygons
2026-10-08 20:33:13 +0200: Memory Usage (464960K) : dfpad_pillar has 0 polygons
2026-10-08 20:33:13 +0200: Memory Usage (464960K) : dfpad_sbump has 0 polygons
2026-10-08 20:33:13 +0200: Memory Usage (465088K) : thickgateox_drw has 0 polygons
2026-10-08 20:33:13 +0200: Memory Usage (465088K) : pldb_drw has 0 polygons
2026-10-08 20:33:13 +0200: Memory Usage (465088K) : pwell_drw has 0 polygons
2026-10-08 20:33:13 +0200: Memory Usage (465216K) : pwell_pin has 0 polygons
2026-10-08 20:33:13 +0200: Memory Usage (465344K) : pwell_block has 0 polygons
2026-10-08 20:33:13 +0200: Memory Usage (465344K) : ic_drw has 0 polygons
2026-10-08 20:33:13 +0200: Memory Usage (465472K) : via3_drw has 0 polygons
2026-10-08 20:33:13 +0200: Memory Usage (465472K) : metal4_drw has 0 polygons
2026-10-08 20:33:13 +0200: Memory Usage (465600K) : metal4_pin has 0 polygons
2026-10-08 20:33:13 +0200: Memory Usage (465600K) : metal4_mask has 0 polygons
2026-10-08 20:33:13 +0200: Memory Usage (465728K) : metal4_filler has 0 polygons
2026-10-08 20:33:13 +0200: Memory Usage (465728K) : metal4_nofill has 0 polygons
2026-10-08 20:33:13 +0200: Memory Usage (465856K) : metal4_slit has 0 polygons
2026-10-08 20:33:13 +0200: Memory Usage (465856K) : metal4_text has 0 polygons
2026-10-08 20:33:13 +0200: Memory Usage (465856K) : metal4_opc has 0 polygons
2026-10-08 20:33:13 +0200: Memory Usage (465984K) : metal4_noqrc has 0 polygons
2026-10-08 20:33:13 +0200: Memory Usage (465984K) : metal4_res has 0 polygons
2026-10-08 20:33:13 +0200: Memory Usage (466112K) : metal4_iprobe has 0 polygons
2026-10-08 20:33:13 +0200: Memory Usage (466112K) : metal4_diffprb has 0 polygons
2026-10-08 20:33:13 +0200: Memory Usage (466240K) : heattrans_drw has 20 polygons
2026-10-08 20:33:13 +0200: Memory Usage (466240K) : heatres_drw has 0 polygons
2026-10-08 20:33:13 +0200: Memory Usage (466368K) : pempoly_drw has 0 polygons
2026-10-08 20:33:13 +0200: Memory Usage (466368K) : fbe_drw has 0 polygons
2026-10-08 20:33:13 +0200: Memory Usage (466496K) : empoly_drw has 0 polygons
2026-10-08 20:33:13 +0200: Memory Usage (466496K) : ldmos_drw has 0 polygons
2026-10-08 20:33:13 +0200: Memory Usage (466624K) : pbiwind_drw has 0 polygons
2026-10-08 20:33:13 +0200: Memory Usage (466624K) : digisub_drw has 0 polygons
2026-10-08 20:33:13 +0200: Memory Usage (466752K) : nodrc_drw has 0 polygons
2026-10-08 20:33:13 +0200: Memory Usage (466752K) : text_drw has 40 polygons
2026-10-08 20:33:13 +0200: Memory Usage (466752K) : via4_drw has 0 polygons
2026-10-08 20:33:13 +0200: Memory Usage (466880K) : metal5_drw has 0 polygons
2026-10-08 20:33:13 +0200: Memory Usage (466880K) : metal5_pin has 0 polygons
2026-10-08 20:33:13 +0200: Memory Usage (467008K) : metal5_mask has 0 polygons
2026-10-08 20:33:13 +0200: Memory Usage (467008K) : metal5_filler has 0 polygons
2026-10-08 20:33:13 +0200: Memory Usage (467136K) : metal5_nofill has 0 polygons
2026-10-08 20:33:13 +0200: Memory Usage (467264K) : metal5_slit has 0 polygons
2026-10-08 20:33:13 +0200: Memory Usage (467264K) : metal5_text has 0 polygons
2026-10-08 20:33:13 +0200: Memory Usage (467264K) : metal5_opc has 0 polygons
2026-10-08 20:33:13 +0200: Memory Usage (467392K) : metal5_noqrc has 0 polygons
2026-10-08 20:33:13 +0200: Memory Usage (467392K) : metal5_res has 0 polygons
2026-10-08 20:33:13 +0200: Memory Usage (467520K) : metal5_iprobe has 0 polygons
2026-10-08 20:33:13 +0200: Memory Usage (467648K) : metal5_diffprb has 0 polygons
2026-10-08 20:33:13 +0200: Memory Usage (467648K) : radhard_drw has 0 polygons
2026-10-08 20:33:13 +0200: Memory Usage (467648K) : memcap_drw has 0 polygons
2026-10-08 20:33:13 +0200: Memory Usage (467776K) : varicap_drw has 0 polygons
2026-10-08 20:33:13 +0200: Memory Usage (467776K) : flash_drw has 0 polygons
2026-10-08 20:33:13 +0200: Memory Usage (467904K) : intbondvia_drw has 0 polygons
2026-10-08 20:33:13 +0200: Memory Usage (467904K) : intbondmet_drw has 0 polygons
2026-10-08 20:33:13 +0200: Memory Usage (467904K) : devbondvia_drw has 0 polygons
2026-10-08 20:33:13 +0200: Memory Usage (468032K) : devbondmet_drw has 0 polygons
2026-10-08 20:33:13 +0200: Memory Usage (468032K) : devtrench_drw has 0 polygons
2026-10-08 20:33:13 +0200: Memory Usage (468160K) : redist_drw has 0 polygons
2026-10-08 20:33:13 +0200: Memory Usage (468160K) : graphbot_drw has 0 polygons
2026-10-08 20:33:13 +0200: Memory Usage (468288K) : graphtop_drw has 0 polygons
2026-10-08 20:33:13 +0200: Memory Usage (468288K) : antvia1_drw has 0 polygons
2026-10-08 20:33:13 +0200: Memory Usage (468288K) : antmetal2_drw has 0 polygons
2026-10-08 20:33:13 +0200: Memory Usage (468416K) : graphcont_drw has 0 polygons
2026-10-08 20:33:13 +0200: Memory Usage (468416K) : siwg_drw has 0 polygons
2026-10-08 20:33:13 +0200: Memory Usage (468416K) : siwg_filler has 0 polygons
2026-10-08 20:33:13 +0200: Memory Usage (468416K) : siwg_nofill has 0 polygons
2026-10-08 20:33:13 +0200: Memory Usage (468544K) : sigrating_drw has 0 polygons
2026-10-08 20:33:13 +0200: Memory Usage (468544K) : singrating_drw has 0 polygons
2026-10-08 20:33:13 +0200: Memory Usage (468544K) : graphpas_drw has 0 polygons
2026-10-08 20:33:13 +0200: Memory Usage (468672K) : emwind3_drw has 0 polygons
2026-10-08 20:33:13 +0200: Memory Usage (468672K) : emwihv3_drw has 0 polygons
2026-10-08 20:33:13 +0200: Memory Usage (468672K) : redbulay_drw has 0 polygons
2026-10-08 20:33:13 +0200: Memory Usage (468800K) : smos_drw has 0 polygons
2026-10-08 20:33:13 +0200: Memory Usage (468800K) : graphpad_drw has 0 polygons
2026-10-08 20:33:13 +0200: Memory Usage (468800K) : polimide_drw has 0 polygons
2026-10-08 20:33:13 +0200: Memory Usage (468800K) : polimide_pin has 0 polygons
2026-10-08 20:33:13 +0200: Memory Usage (468928K) : recog_drw has 0 polygons
2026-10-08 20:33:13 +0200: Memory Usage (468928K) : recog_pin has 0 polygons
2026-10-08 20:33:13 +0200: Memory Usage (468928K) : recog_esd has 0 polygons
2026-10-08 20:33:13 +0200: Memory Usage (469056K) : recog_diode has 0 polygons
2026-10-08 20:33:13 +0200: Memory Usage (469056K) : recog_tsv has 0 polygons
2026-10-08 20:33:13 +0200: Memory Usage (469184K) : recog_iprobe has 0 polygons
2026-10-08 20:33:13 +0200: Memory Usage (469184K) : recog_diffprb has 0 polygons
2026-10-08 20:33:13 +0200: Memory Usage (469184K) : recog_pillar has 0 polygons
2026-10-08 20:33:13 +0200: Memory Usage (469312K) : recog_sbump has 0 polygons
2026-10-08 20:33:13 +0200: Memory Usage (469312K) : recog_otp has 0 polygons
2026-10-08 20:33:13 +0200: Memory Usage (469440K) : recog_pdiode has 0 polygons
2026-10-08 20:33:13 +0200: Memory Usage (469440K) : recog_mom has 0 polygons
2026-10-08 20:33:13 +0200: Memory Usage (469440K) : recog_pcm has 0 polygons
2026-10-08 20:33:13 +0200: Memory Usage (469568K) : colopen_drw has 0 polygons
2026-10-08 20:33:13 +0200: Memory Usage (469568K) : graphmetal1_drw has 0 polygons
2026-10-08 20:33:13 +0200: Memory Usage (469696K) : graphmetal1_filler has 0 polygons
2026-10-08 20:33:13 +0200: Memory Usage (469696K) : graphmetal1_nofill has 0 polygons
2026-10-08 20:33:13 +0200: Memory Usage (469824K) : graphmetal1_slit has 0 polygons
2026-10-08 20:33:13 +0200: Memory Usage (469824K) : graphmetal1_opc has 0 polygons
2026-10-08 20:33:13 +0200: Memory Usage (469824K) : graphmet1l_drw has 0 polygons
2026-10-08 20:33:13 +0200: Memory Usage (469952K) : graphmet1l_filler has 0 polygons
2026-10-08 20:33:13 +0200: Memory Usage (469952K) : graphmet1l_nofill has 0 polygons
2026-10-08 20:33:13 +0200: Memory Usage (470080K) : graphmet1l_slit has 0 polygons
2026-10-08 20:33:13 +0200: Memory Usage (470080K) : graphmet1l_opc has 0 polygons
2026-10-08 20:33:13 +0200: Memory Usage (470208K) : extblock_drw has 0 polygons
2026-10-08 20:33:13 +0200: Memory Usage (470208K) : nldd_drw has 0 polygons
2026-10-08 20:33:13 +0200: Memory Usage (470208K) : pldd_drw has 0 polygons
2026-10-08 20:33:13 +0200: Memory Usage (470336K) : next_drw has 0 polygons
2026-10-08 20:33:13 +0200: Memory Usage (470336K) : pext_drw has 0 polygons
2026-10-08 20:33:13 +0200: Memory Usage (470464K) : nexthv_drw has 0 polygons
2026-10-08 20:33:13 +0200: Memory Usage (470464K) : pexthv_drw has 0 polygons
2026-10-08 20:33:13 +0200: Memory Usage (470464K) : graphgate_drw has 0 polygons
2026-10-08 20:33:13 +0200: Memory Usage (470592K) : sinwg_drw has 0 polygons
2026-10-08 20:33:13 +0200: Memory Usage (470592K) : sinwg_filler has 0 polygons
2026-10-08 20:33:13 +0200: Memory Usage (470592K) : sinwg_nofill has 0 polygons
2026-10-08 20:33:13 +0200: Memory Usage (470592K) : mempad_drw has 0 polygons
2026-10-08 20:33:13 +0200: Memory Usage (470720K) : topvia1_drw has 0 polygons
2026-10-08 20:33:13 +0200: Memory Usage (470720K) : topmetal1_drw has 0 polygons
2026-10-08 20:33:13 +0200: Memory Usage (470720K) : topmetal1_pin has 0 polygons
2026-10-08 20:33:13 +0200: Memory Usage (470848K) : topmetal1_mask has 0 polygons
2026-10-08 20:33:13 +0200: Memory Usage (470848K) : topmetal1_filler has 0 polygons
2026-10-08 20:33:13 +0200: Memory Usage (470976K) : topmetal1_nofill has 0 polygons
2026-10-08 20:33:13 +0200: Memory Usage (470976K) : topmetal1_slit has 0 polygons
2026-10-08 20:33:13 +0200: Memory Usage (470976K) : topmetal1_text has 0 polygons
2026-10-08 20:33:13 +0200: Memory Usage (471104K) : topmetal1_noqrc has 0 polygons
2026-10-08 20:33:13 +0200: Memory Usage (471104K) : topmetal1_res has 0 polygons
2026-10-08 20:33:13 +0200: Memory Usage (471232K) : topmetal1_iprobe has 0 polygons
2026-10-08 20:33:13 +0200: Memory Usage (471232K) : topmetal1_diffprb has 0 polygons
2026-10-08 20:33:13 +0200: Memory Usage (471360K) : inldpwl_drw has 0 polygons
2026-10-08 20:33:13 +0200: Memory Usage (471360K) : polyres_drw has 0 polygons
2026-10-08 20:33:13 +0200: Memory Usage (471360K) : polyres_pin has 0 polygons
2026-10-08 20:33:13 +0200: Memory Usage (471488K) : vmim_drw has 0 polygons
2026-10-08 20:33:13 +0200: Memory Usage (471488K) : nbulaycut_drw has 0 polygons
2026-10-08 20:33:13 +0200: Memory Usage (471616K) : antmetal1_drw has 0 polygons
2026-10-08 20:33:13 +0200: Memory Usage (471616K) : topvia2_drw has 0 polygons
2026-10-08 20:33:13 +0200: Memory Usage (471744K) : topmetal2_drw has 0 polygons
2026-10-08 20:33:13 +0200: Memory Usage (471744K) : topmetal2_pin has 0 polygons
2026-10-08 20:33:13 +0200: Memory Usage (471744K) : topmetal2_mask has 0 polygons
2026-10-08 20:33:13 +0200: Memory Usage (471872K) : topmetal2_filler has 0 polygons
2026-10-08 20:33:13 +0200: Memory Usage (471872K) : topmetal2_nofill has 0 polygons
2026-10-08 20:33:13 +0200: Memory Usage (472000K) : topmetal2_slit has 0 polygons
2026-10-08 20:33:13 +0200: Memory Usage (472000K) : topmetal2_text has 0 polygons
2026-10-08 20:33:13 +0200: Memory Usage (472128K) : topmetal2_noqrc has 0 polygons
2026-10-08 20:33:13 +0200: Memory Usage (472128K) : topmetal2_res has 0 polygons
2026-10-08 20:33:13 +0200: Memory Usage (472128K) : topmetal2_iprobe has 0 polygons
2026-10-08 20:33:13 +0200: Memory Usage (472128K) : topmetal2_diffprb has 0 polygons
2026-10-08 20:33:13 +0200: Memory Usage (472256K) : snsring_drw has 0 polygons
2026-10-08 20:33:13 +0200: Memory Usage (472256K) : sensor_drw has 0 polygons
2026-10-08 20:33:13 +0200: Memory Usage (472256K) : snsarms_drw has 0 polygons
2026-10-08 20:33:13 +0200: Memory Usage (472384K) : snscmosvia_drw has 0 polygons
2026-10-08 20:33:13 +0200: Memory Usage (472384K) : colwind_drw has 0 polygons
2026-10-08 20:33:13 +0200: Memory Usage (472384K) : flm_drw has 0 polygons
2026-10-08 20:33:13 +0200: Memory Usage (472384K) : hafniumox_drw has 0 polygons
2026-10-08 20:33:13 +0200: Memory Usage (472512K) : memvia_drw has 0 polygons
2026-10-08 20:33:13 +0200: Memory Usage (472512K) : thinfilmres_drw has 0 polygons
2026-10-08 20:33:13 +0200: Memory Usage (472512K) : rfmem_drw has 0 polygons
2026-10-08 20:33:13 +0200: Memory Usage (472640K) : norcx_drw has 0 polygons
2026-10-08 20:33:13 +0200: Memory Usage (472640K) : norcx_m2m3 has 0 polygons
2026-10-08 20:33:13 +0200: Memory Usage (472640K) : norcx_m2m4 has 0 polygons
2026-10-08 20:33:13 +0200: Memory Usage (472768K) : norcx_m2m5 has 0 polygons
2026-10-08 20:33:13 +0200: Memory Usage (472768K) : norcx_m2tm1 has 0 polygons
2026-10-08 20:33:13 +0200: Memory Usage (472768K) : norcx_m2tm2 has 0 polygons
2026-10-08 20:33:13 +0200: Memory Usage (472896K) : norcx_m3m4 has 0 polygons
2026-10-08 20:33:13 +0200: Memory Usage (472896K) : norcx_m3m5 has 0 polygons
2026-10-08 20:33:13 +0200: Memory Usage (472896K) : norcx_m3tm1 has 0 polygons
2026-10-08 20:33:13 +0200: Memory Usage (472896K) : norcx_m3tm2 has 0 polygons
2026-10-08 20:33:13 +0200: Memory Usage (473024K) : norcx_m4m5 has 0 polygons
2026-10-08 20:33:13 +0200: Memory Usage (473024K) : norcx_m4tm1 has 0 polygons
2026-10-08 20:33:13 +0200: Memory Usage (473024K) : norcx_m4tm2 has 0 polygons
2026-10-08 20:33:13 +0200: Memory Usage (473152K) : norcx_m5tm1 has 0 polygons
2026-10-08 20:33:13 +0200: Memory Usage (473152K) : norcx_m5tm2 has 0 polygons
2026-10-08 20:33:13 +0200: Memory Usage (473152K) : norcx_tm1tm2 has 0 polygons
2026-10-08 20:33:13 +0200: Memory Usage (473280K) : norcx_m1sub has 0 polygons
2026-10-08 20:33:13 +0200: Memory Usage (473280K) : norcx_m2sub has 0 polygons
2026-10-08 20:33:13 +0200: Memory Usage (473280K) : norcx_m3sub has 0 polygons
2026-10-08 20:33:13 +0200: Memory Usage (473408K) : norcx_m4sub has 0 polygons
2026-10-08 20:33:13 +0200: Memory Usage (473408K) : norcx_m5sub has 0 polygons
2026-10-08 20:33:13 +0200: Memory Usage (473536K) : norcx_tm1sub has 0 polygons
2026-10-08 20:33:13 +0200: Memory Usage (473536K) : norcx_tm2sub has 0 polygons
2026-10-08 20:33:13 +0200: Memory Usage (473536K) : snsbotvia_drw has 0 polygons
2026-10-08 20:33:13 +0200: Memory Usage (473664K) : snstopvia_drw has 0 polygons
2026-10-08 20:33:13 +0200: Memory Usage (473664K) : deepvia_drw has 0 polygons
2026-10-08 20:33:13 +0200: Memory Usage (473792K) : fgetch_drw has 0 polygons
2026-10-08 20:33:13 +0200: Memory Usage (473792K) : ctrgat_drw has 0 polygons
2026-10-08 20:33:13 +0200: Memory Usage (473920K) : fgimp_drw has 0 polygons
2026-10-08 20:33:13 +0200: Memory Usage (473920K) : emwihv_drw has 0 polygons
2026-10-08 20:33:13 +0200: Memory Usage (473920K) : lbe_drw has 0 polygons
2026-10-08 20:33:13 +0200: Memory Usage (474048K) : alcustop_drw has 0 polygons
2026-10-08 20:33:13 +0200: Memory Usage (474048K) : nometfiller_drw has 0 polygons
2026-10-08 20:33:13 +0200: Memory Usage (474048K) : prboundary_drw has 0 polygons
2026-10-08 20:33:13 +0200: Memory Usage (474048K) : exchange0_drw has 0 polygons
2026-10-08 20:33:13 +0200: Memory Usage (474048K) : exchange0_pin has 0 polygons
2026-10-08 20:33:13 +0200: Memory Usage (474048K) : exchange0_text has 0 polygons
2026-10-08 20:33:13 +0200: Memory Usage (474048K) : exchange1_drw has 0 polygons
2026-10-08 20:33:13 +0200: Memory Usage (474048K) : exchange1_pin has 0 polygons
2026-10-08 20:33:13 +0200: Memory Usage (474048K) : exchange1_text has 0 polygons
2026-10-08 20:33:13 +0200: Memory Usage (474176K) : exchange2_drw has 0 polygons
2026-10-08 20:33:13 +0200: Memory Usage (474176K) : exchange2_pin has 0 polygons
2026-10-08 20:33:13 +0200: Memory Usage (474176K) : exchange2_text has 0 polygons
2026-10-08 20:33:13 +0200: Memory Usage (474304K) : exchange3_drw has 0 polygons
2026-10-08 20:33:13 +0200: Memory Usage (474304K) : exchange3_pin has 0 polygons
2026-10-08 20:33:13 +0200: Memory Usage (474304K) : exchange3_text has 0 polygons
2026-10-08 20:33:13 +0200: Memory Usage (474432K) : exchange4_drw has 0 polygons
2026-10-08 20:33:13 +0200: Memory Usage (474432K) : exchange4_pin has 0 polygons
2026-10-08 20:33:13 +0200: Memory Usage (474560K) : exchange4_text has 0 polygons
2026-10-08 20:33:13 +0200: Memory Usage (474560K) : isonwell_drw has 0 polygons
2026-10-08 20:33:13 +0200: Memory Usage (474560K) : Total no. of polygons in the design is 1354
2026-10-08 20:33:13 +0200: Memory Usage (474560K) : Loaded TECH DRC rules values from /foss/pdks/ihp-sg13cmos5l/libs.tech/klayout/python/sg13cmos5l_pycell_lib/sg13cmos5l_tech_mod.json
2026-10-08 20:33:13 +0200: Memory Usage (474560K) : Loaded default DRC rules values from /foss/pdks/ihp-sg13cmos5l/libs.tech/klayout/tech/drc/rule_decks/sg13cmos5l_tech_default.json
2026-10-08 20:33:13 +0200: Memory Usage (475992K) : Total area of the design is 122.6574 um^2.
2026-10-08 20:33:13 +0200: Memory Usage (475992K) : The design dimensions are 8.209999999999999 um * 14.940000000000001 um.
2026-10-08 20:33:13 +0200: Memory Usage (475992K) : Starting general IHP-SG13CMOS5L derivations.
2026-10-08 20:33:13 +0200: Memory Usage (475992K) : Starting Pwell derivations
2026-10-08 20:33:13 +0200: Memory Usage (478112K) : Starting n-Activ derivations
2026-10-08 20:33:13 +0200: Memory Usage (478540K) : Starting p-Activ derivations
2026-10-08 20:33:13 +0200: Memory Usage (478540K) : Starting ptap derivations
2026-10-08 20:33:13 +0200: Memory Usage (478668K) : Starting ntap derivations
2026-10-08 20:33:13 +0200: Memory Usage (478668K) : Starting pact FET derivations
2026-10-08 20:33:13 +0200: Memory Usage (478796K) : Starting nact FET derivations
2026-10-08 20:33:13 +0200: Memory Usage (478924K) : Starting Gate derivations
2026-10-08 20:33:13 +0200: Memory Usage (479052K) : Starting cont/contbar general derivations
2026-10-08 20:33:13 +0200: Memory Usage (479180K) : Starting pad general derivations (TM1 top)
2026-10-08 20:33:13 +0200: Memory Usage (479436K) : Starting IHP-SG13CMOS5L DRC connectivity related derivations.
2026-10-08 20:33:13 +0200: Memory Usage (479948K) : Starting IHP-SG13CMOS5L DRC connectivity setup
2026-10-08 20:33:13 +0200: Memory Usage (480460K) : Starting IHP-SG13CMOS5L DRC rules.
2026-10-08 20:33:13 +0200: Memory Usage (480460K) : Running all FEOL rules
2026-10-08 20:33:13 +0200: Memory Usage (480460K) : Running all BEOL rules
2026-10-08 20:33:13 +0200: Memory Usage (480460K) : Running all PIN rules
2026-10-08 20:33:13 +0200: Memory Usage (480460K) : Running all FORBIDDEN rules
2026-10-08 20:33:13 +0200: Memory Usage (480460K) : Starting 5.1 NWell table
2026-10-08 20:33:13 +0200: Memory Usage (480460K) : Executing rule NW.b
2026-10-08 20:33:13 +0200: Memory Usage (480972K) : Executing rule NW.b1
2026-10-08 20:33:13 +0200: Memory Usage (481616K) : Executing rule NW.f1
2026-10-08 20:33:13 +0200: Memory Usage (481744K) : Executing rule NW.f1.digibnd
2026-10-08 20:33:13 +0200: Memory Usage (481872K) : Starting 5.2 PWell:block
2026-10-08 20:33:13 +0200: Memory Usage (481872K) : Executing rule PWB.e
2026-10-08 20:33:13 +0200: Memory Usage (482000K) : Executing rule PWB.e1
2026-10-08 20:33:13 +0200: Memory Usage (482128K) : Executing rule PWB.f
2026-10-08 20:33:13 +0200: Memory Usage (482256K) : Executing rule PWB.f1
2026-10-08 20:33:13 +0200: Memory Usage (482384K) : Starting 5.3 nBuLay table
2026-10-08 20:33:13 +0200: Memory Usage (482384K) : nBuLay (32/0) is a FORBIDDEN layer in CMOS5L - skipping NBL rules
2026-10-08 20:33:13 +0200: Memory Usage (482384K) : Starting 5.5. Activ table
2026-10-08 20:33:13 +0200: Memory Usage (482384K) : Executing rule Act.a
2026-10-08 20:33:13 +0200: Memory Usage (482512K) : Executing rule Act.b
2026-10-08 20:33:13 +0200: Memory Usage (482648K) : Starting 5.6 Activ:filler table
2026-10-08 20:33:13 +0200: Memory Usage (482648K) : Executing rule AFil.c1
2026-10-08 20:33:13 +0200: Memory Usage (482648K) : Executing rule AFil.c
2026-10-08 20:33:13 +0200: Memory Usage (482648K) : Executing rule AFil.d
2026-10-08 20:33:13 +0200: Memory Usage (482648K) : Skipping rule AFil.e (TRANS is forbidden in CMOS5L)
2026-10-08 20:33:13 +0200: Memory Usage (482648K) : Executing rule AFil.j
2026-10-08 20:33:13 +0200: Memory Usage (482648K) : Starting 5.7. ThickGateOx table
2026-10-08 20:33:13 +0200: Memory Usage (482648K) : Executing rule TGO.f
2026-10-08 20:33:13 +0200: Memory Usage (482648K) : Starting 5.8. GatPoly table
2026-10-08 20:33:13 +0200: Memory Usage (482648K) : Executing rule Gat.a
2026-10-08 20:33:13 +0200: Memory Usage (482648K) : Executing rule Gat.b
2026-10-08 20:33:13 +0200: Memory Usage (482648K) : Executing rule Gat.d
2026-10-08 20:33:13 +0200: Memory Usage (482648K) : Executing rule Gat.a1
2026-10-08 20:33:13 +0200: Memory Usage (483096K) : Executing rule Gat.a2
2026-10-08 20:33:13 +0200: Memory Usage (483096K) : Executing rule Gat.g
2026-10-08 20:33:13 +0200: Memory Usage (483096K) : Starting 5.9 GatPoly:filler
2026-10-08 20:33:13 +0200: Memory Usage (483224K) : Executing rule GFil.d
2026-10-08 20:33:13 +0200: Memory Usage (483352K) : Executing rule GFil.e
2026-10-08 20:33:13 +0200: Memory Usage (483352K) : Executing rule GFil.i
2026-10-08 20:33:13 +0200: Memory Usage (483352K) : Starting 5.10 pSD table
2026-10-08 20:33:13 +0200: Memory Usage (483352K) : Executing rule pSD.c1
2026-10-08 20:33:13 +0200: Memory Usage (483352K) : Starting 5.14. Cont table
2026-10-08 20:33:13 +0200: Memory Usage (483352K) : Executing rule Cnt.a
2026-10-08 20:33:13 +0200: Memory Usage (483352K) : Executing rule Cnt.b
2026-10-08 20:33:13 +0200: Memory Usage (483352K) : Executing rule Cnt.c
2026-10-08 20:33:13 +0200: Memory Usage (483480K) : Executing rule Cnt.c.digibnd
2026-10-08 20:33:13 +0200: Memory Usage (483480K) : Executing rule Cnt.c.SRAM
2026-10-08 20:33:13 +0200: Memory Usage (483480K) : Executing rule Cnt.d
2026-10-08 20:33:13 +0200: Memory Usage (483480K) : Executing rule Cnt.e
2026-10-08 20:33:13 +0200: Memory Usage (483480K) : Executing rule Cnt.g1
2026-10-08 20:33:13 +0200: Memory Usage (483480K) : Executing rule Cnt.g2
2026-10-08 20:33:13 +0200: Memory Usage (483480K) : Starting 5.15. ContBar table
2026-10-08 20:33:13 +0200: Memory Usage (483480K) : Executing rule CntB.b1
2026-10-08 20:33:13 +0200: Memory Usage (483480K) : Executing rule CntB.h1
2026-10-08 20:33:13 +0200: Memory Usage (483480K) : Starting 7.2 Latch-up table
2026-10-08 20:33:13 +0200: Memory Usage (483480K) : Executing rule LU.b
2026-10-08 20:33:14 +0200: Memory Usage (483480K) : Starting 5.16. Metal1 table
2026-10-08 20:33:14 +0200: Memory Usage (483480K) : Executing rule M1.a
2026-10-08 20:33:14 +0200: Memory Usage (483480K) : Executing rule M1.b
2026-10-08 20:33:14 +0200: Memory Usage (483480K) : Executing rule M1.e
2026-10-08 20:33:14 +0200: Memory Usage (483608K) : Executing rule M1.f
2026-10-08 20:33:14 +0200: Memory Usage (483736K) : Executing rule M1.g
2026-10-08 20:33:14 +0200: Memory Usage (483992K) : Executing rule M1.i
2026-10-08 20:33:14 +0200: Memory Usage (484248K) : Starting 5.17 Metaln table
2026-10-08 20:33:14 +0200: Memory Usage (484248K) : Executing rule M2.a
2026-10-08 20:33:14 +0200: Memory Usage (484504K) : Executing rule M2.b
2026-10-08 20:33:14 +0200: Memory Usage (484632K) : Executing rule M2.e
2026-10-08 20:33:14 +0200: Memory Usage (484888K) : Executing rule M2.f
2026-10-08 20:33:14 +0200: Memory Usage (484888K) : Executing rule M2.g
2026-10-08 20:33:14 +0200: Memory Usage (484888K) : Executing rule M2.i
2026-10-08 20:33:14 +0200: Memory Usage (484888K) : Executing rule M3.a
2026-10-08 20:33:14 +0200: Memory Usage (484888K) : Executing rule M3.b
2026-10-08 20:33:14 +0200: Memory Usage (485016K) : Executing rule M3.e
2026-10-08 20:33:14 +0200: Memory Usage (485016K) : Executing rule M3.f
2026-10-08 20:33:14 +0200: Memory Usage (485016K) : Executing rule M3.g
2026-10-08 20:33:14 +0200: Memory Usage (485016K) : Executing rule M3.i
2026-10-08 20:33:14 +0200: Memory Usage (485016K) : Executing rule M4.a
2026-10-08 20:33:14 +0200: Memory Usage (485016K) : Executing rule M4.b
2026-10-08 20:33:14 +0200: Memory Usage (485016K) : Executing rule M4.e
2026-10-08 20:33:14 +0200: Memory Usage (485016K) : Executing rule M4.f
2026-10-08 20:33:14 +0200: Memory Usage (485016K) : Executing rule M4.g
2026-10-08 20:33:14 +0200: Memory Usage (485016K) : Executing rule M4.i
2026-10-08 20:33:14 +0200: Memory Usage (485016K) : Starting 5.18 Metaln:filler table
2026-10-08 20:33:14 +0200: Memory Usage (485016K) : Executing rule M1Fil.c
2026-10-08 20:33:14 +0200: Memory Usage (485016K) : Executing rule M1Fil.a2
2026-10-08 20:33:14 +0200: Memory Usage (485016K) : Executing rule M2Fil.c
2026-10-08 20:33:14 +0200: Memory Usage (485016K) : Executing rule M2Fil.a2
2026-10-08 20:33:14 +0200: Memory Usage (485016K) : Executing rule M3Fil.c
2026-10-08 20:33:14 +0200: Memory Usage (485016K) : Executing rule M3Fil.a2
2026-10-08 20:33:14 +0200: Memory Usage (485016K) : Executing rule M4Fil.c
2026-10-08 20:33:14 +0200: Memory Usage (485016K) : Executing rule M4Fil.a2
2026-10-08 20:33:14 +0200: Memory Usage (485016K) : Starting 5.19. Via1 table
2026-10-08 20:33:14 +0200: Memory Usage (485016K) : Starting 5.19. Via1 table derivations
2026-10-08 20:33:14 +0200: Memory Usage (485016K) : Executing rule V1.a
2026-10-08 20:33:14 +0200: Memory Usage (485016K) : Executing rule V1.b
2026-10-08 20:33:14 +0200: Memory Usage (485016K) : Executing rule V1.c
2026-10-08 20:33:14 +0200: Memory Usage (485016K) : Starting 5.20. Vian table
2026-10-08 20:33:14 +0200: Memory Usage (485016K) : Executing rule V2.a
2026-10-08 20:33:14 +0200: Memory Usage (485016K) : Executing rule V2.b
2026-10-08 20:33:14 +0200: Memory Usage (485016K) : Executing rule V2.c
2026-10-08 20:33:14 +0200: Memory Usage (485016K) : Executing rule V3.a
2026-10-08 20:33:14 +0200: Memory Usage (485016K) : Executing rule V3.b
2026-10-08 20:33:14 +0200: Memory Usage (485016K) : Executing rule V3.c
2026-10-08 20:33:14 +0200: Memory Usage (485016K) : Starting 5.21. TopVia1 table
2026-10-08 20:33:14 +0200: Memory Usage (485016K) : Executing rule TV1.a
2026-10-08 20:33:14 +0200: Memory Usage (485016K) : Executing rule TV1.b
2026-10-08 20:33:14 +0200: Memory Usage (485016K) : Executing rule TV1.c
2026-10-08 20:33:14 +0200: Memory Usage (485016K) : Executing rule TV1.d
2026-10-08 20:33:14 +0200: Memory Usage (485016K) : Starting 5.22. TopMetal1 table
2026-10-08 20:33:14 +0200: Memory Usage (485016K) : Executing rule TM1.a
2026-10-08 20:33:14 +0200: Memory Usage (485016K) : Executing rule TM1.b
2026-10-08 20:33:14 +0200: Memory Usage (485016K) : Starting 5.23 TopMetal1:filler table
2026-10-08 20:33:14 +0200: Memory Usage (485016K) : Executing rule TM1Fil.c
2026-10-08 20:33:14 +0200: Memory Usage (485016K) : Executing rule TM1Fil.a1
2026-10-08 20:33:14 +0200: Memory Usage (485016K) : Starting 5.27. Passiv table
2026-10-08 20:33:14 +0200: Memory Usage (485016K) : Executing rule Pas.a
2026-10-08 20:33:14 +0200: Memory Usage (485016K) : Executing rule Pas.b
2026-10-08 20:33:14 +0200: Memory Usage (485016K) : Executing rule Pas.c
2026-10-08 20:33:14 +0200: Memory Usage (485016K) : Starting 6.9 Pad table
2026-10-08 20:33:14 +0200: Memory Usage (485016K) : Executing rule Pad.m
2026-10-08 20:33:14 +0200: Memory Usage (485016K) : Executing rule Pad.fR_M1
2026-10-08 20:33:14 +0200: Memory Usage (485016K) : Executing rule Pad.fR_M2
2026-10-08 20:33:14 +0200: Memory Usage (485016K) : Executing rule Pad.fR_M3
2026-10-08 20:33:14 +0200: Memory Usage (485016K) : Executing rule Pad.fR_M4
2026-10-08 20:33:14 +0200: Memory Usage (485016K) : Executing rule Pad.fR_TM1
2026-10-08 20:33:14 +0200: Memory Usage (485016K) : Executing rule Pad.i
2026-10-08 20:33:14 +0200: Memory Usage (485016K) : Starting 6.10 Sealring table
2026-10-08 20:33:14 +0200: Memory Usage (485016K) : Executing rule Seal.l
2026-10-08 20:33:14 +0200: Memory Usage (485016K) : Executing rule Seal.n
2026-10-08 20:33:14 +0200: Memory Usage (485016K) : Executing rule seal.b_metal1
2026-10-08 20:33:14 +0200: Memory Usage (485016K) : Executing rule seal.b_metal2
2026-10-08 20:33:14 +0200: Memory Usage (485016K) : Executing rule seal.b_metal3
2026-10-08 20:33:14 +0200: Memory Usage (485016K) : Executing rule seal.b_metal4
2026-10-08 20:33:14 +0200: Memory Usage (485016K) : Executing rule seal.b_topmetal1
2026-10-08 20:33:14 +0200: Memory Usage (485016K) : Executing rule seal.b_activ
2026-10-08 20:33:14 +0200: Memory Usage (485016K) : Executing rule seal.b_psd
2026-10-08 20:33:14 +0200: Memory Usage (485016K) : Executing rule Seal.k
2026-10-08 20:33:14 +0200: Memory Usage (485016K) : Executing rule Seal.m
2026-10-08 20:33:14 +0200: Memory Usage (485016K) : Starting 7.3 Metal Slits table
2026-10-08 20:33:14 +0200: Memory Usage (485016K) : Executing rule Slt.e1_M1
2026-10-08 20:33:14 +0200: Memory Usage (485016K) : Executing rule Slt.e1_M2
2026-10-08 20:33:14 +0200: Memory Usage (485016K) : Executing rule Slt.e1_M3
2026-10-08 20:33:14 +0200: Memory Usage (485016K) : Executing rule Slt.e1_M4
2026-10-08 20:33:14 +0200: Memory Usage (485016K) : Executing rule Slt.e1_TM1
2026-10-08 20:33:14 +0200: Memory Usage (485016K) : Starting 9.1. LBE table
2026-10-08 20:33:14 +0200: Memory Usage (485016K) : Executing rule LBE.a
2026-10-08 20:33:14 +0200: Memory Usage (485016K) : Executing rule LBE.b
2026-10-08 20:33:14 +0200: Memory Usage (485016K) : Executing rule LBE.b1
2026-10-08 20:33:14 +0200: Memory Usage (485016K) : Executing rule LBE.c
2026-10-08 20:33:14 +0200: Memory Usage (485016K) : Executing rule LBE.d
2026-10-08 20:33:14 +0200: Memory Usage (485016K) : Executing rule LBE.h
2026-10-08 20:33:14 +0200: Memory Usage (485016K) : Starting 7.4. PIN table
2026-10-08 20:33:14 +0200: Memory Usage (485016K) : Executing rule Pin.a
2026-10-08 20:33:14 +0200: Memory Usage (485016K) : Executing rule Pin.b
2026-10-08 20:33:14 +0200: Memory Usage (485016K) : Executing rule Pin.e
2026-10-08 20:33:14 +0200: Memory Usage (485016K) : Executing rule Pin.f_M2
2026-10-08 20:33:14 +0200: Memory Usage (485144K) : Executing rule Pin.f_M3
2026-10-08 20:33:14 +0200: Memory Usage (485144K) : Executing rule Pin.f_M4
2026-10-08 20:33:14 +0200: Memory Usage (485144K) : Executing rule Pin.g
2026-10-08 20:33:14 +0200: Memory Usage (485144K) : Starting 3.1. offgrid table
2026-10-08 20:33:14 +0200: Memory Usage (485144K) : Executing rule activ_drw_Offgrid
2026-10-08 20:33:14 +0200: Memory Usage (485144K) : Executing rule activ_pin_Offgrid
2026-10-08 20:33:14 +0200: Memory Usage (485144K) : Executing rule activ_mask_Offgrid
2026-10-08 20:33:14 +0200: Memory Usage (485144K) : Executing rule activ_filler_Offgrid
2026-10-08 20:33:14 +0200: Memory Usage (485144K) : Executing rule activ_nofill_Offgrid
2026-10-08 20:33:14 +0200: Memory Usage (485144K) : Executing rule activ_opc_Offgrid
2026-10-08 20:33:14 +0200: Memory Usage (485144K) : Executing rule activ_iopc_Offgrid
2026-10-08 20:33:14 +0200: Memory Usage (485144K) : Executing rule activ_noqrc_Offgrid
2026-10-08 20:33:14 +0200: Memory Usage (485144K) : Executing rule gatpoly_drw_Offgrid
2026-10-08 20:33:14 +0200: Memory Usage (485144K) : Executing rule gatpoly_pin_Offgrid
2026-10-08 20:33:14 +0200: Memory Usage (485144K) : Executing rule gatpoly_filler_Offgrid
2026-10-08 20:33:14 +0200: Memory Usage (485144K) : Executing rule gatpoly_nofill_Offgrid
2026-10-08 20:33:14 +0200: Memory Usage (485144K) : Executing rule gatpoly_opc_Offgrid
2026-10-08 20:33:14 +0200: Memory Usage (485144K) : Executing rule gatpoly_iopc_Offgrid
2026-10-08 20:33:14 +0200: Memory Usage (485144K) : Executing rule gatpoly_noqrc_Offgrid
2026-10-08 20:33:14 +0200: Memory Usage (485144K) : Executing rule cont_drw_Offgrid
2026-10-08 20:33:14 +0200: Memory Usage (485144K) : Executing rule cont_opc_Offgrid
2026-10-08 20:33:14 +0200: Memory Usage (485144K) : Executing rule nsd_drw_Offgrid
2026-10-08 20:33:14 +0200: Memory Usage (485144K) : Executing rule nsd_block_Offgrid
2026-10-08 20:33:14 +0200: Memory Usage (485144K) : Executing rule metal1_drw_Offgrid
2026-10-08 20:33:14 +0200: Memory Usage (485144K) : Executing rule metal1_pin_Offgrid
2026-10-08 20:33:14 +0200: Memory Usage (485144K) : Executing rule metal1_mask_Offgrid
2026-10-08 20:33:14 +0200: Memory Usage (485144K) : Executing rule metal1_filler_Offgrid
2026-10-08 20:33:14 +0200: Memory Usage (485144K) : Executing rule metal1_nofill_Offgrid
2026-10-08 20:33:14 +0200: Memory Usage (485144K) : Executing rule metal1_slit_Offgrid
2026-10-08 20:33:14 +0200: Memory Usage (485144K) : Executing rule metal1_opc_Offgrid
2026-10-08 20:33:14 +0200: Memory Usage (485144K) : Executing rule metal1_noqrc_Offgrid
2026-10-08 20:33:14 +0200: Memory Usage (485144K) : Executing rule metal1_res_Offgrid
2026-10-08 20:33:14 +0200: Memory Usage (485144K) : Executing rule metal1_iprobe_Offgrid
2026-10-08 20:33:14 +0200: Memory Usage (485144K) : Executing rule metal1_diffprb_Offgrid
2026-10-08 20:33:14 +0200: Memory Usage (485144K) : Executing rule passiv_drw_Offgrid
2026-10-08 20:33:14 +0200: Memory Usage (485144K) : Executing rule passiv_pin_Offgrid
2026-10-08 20:33:14 +0200: Memory Usage (485144K) : Executing rule passiv_pillar_Offgrid
2026-10-08 20:33:14 +0200: Memory Usage (485144K) : Executing rule passiv_sbump_Offgrid
2026-10-08 20:33:14 +0200: Memory Usage (485144K) : Executing rule passiv_pdl_Offgrid
2026-10-08 20:33:14 +0200: Memory Usage (485144K) : Executing rule metal2_drw_Offgrid
2026-10-08 20:33:14 +0200: Memory Usage (485144K) : Executing rule metal2_pin_Offgrid
2026-10-08 20:33:14 +0200: Memory Usage (485144K) : Executing rule metal2_mask_Offgrid
2026-10-08 20:33:14 +0200: Memory Usage (485144K) : Executing rule metal2_filler_Offgrid
2026-10-08 20:33:14 +0200: Memory Usage (485144K) : Executing rule metal2_nofill_Offgrid
2026-10-08 20:33:14 +0200: Memory Usage (485144K) : Executing rule metal2_slit_Offgrid
2026-10-08 20:33:14 +0200: Memory Usage (485144K) : Executing rule metal2_opc_Offgrid
2026-10-08 20:33:14 +0200: Memory Usage (485144K) : Executing rule metal2_noqrc_Offgrid
2026-10-08 20:33:14 +0200: Memory Usage (485144K) : Executing rule metal2_res_Offgrid
2026-10-08 20:33:14 +0200: Memory Usage (485144K) : Executing rule metal2_iprobe_Offgrid
2026-10-08 20:33:14 +0200: Memory Usage (485144K) : Executing rule metal2_diffprb_Offgrid
2026-10-08 20:33:14 +0200: Memory Usage (485144K) : Executing rule psd_drw_Offgrid
2026-10-08 20:33:14 +0200: Memory Usage (485144K) : Executing rule via1_drw_Offgrid
2026-10-08 20:33:14 +0200: Memory Usage (485144K) : Executing rule salblock_drw_Offgrid
2026-10-08 20:33:14 +0200: Memory Usage (485144K) : Executing rule via2_drw_Offgrid
2026-10-08 20:33:14 +0200: Memory Usage (485528K) : Executing rule metal3_drw_Offgrid
2026-10-08 20:33:14 +0200: Memory Usage (485912K) : Executing rule metal3_pin_Offgrid
2026-10-08 20:33:14 +0200: Memory Usage (486296K) : Executing rule metal3_mask_Offgrid
2026-10-08 20:33:14 +0200: Memory Usage (486808K) : Executing rule metal3_filler_Offgrid
2026-10-08 20:33:14 +0200: Memory Usage (487192K) : Executing rule metal3_nofill_Offgrid
2026-10-08 20:33:14 +0200: Memory Usage (487576K) : Executing rule metal3_slit_Offgrid
2026-10-08 20:33:14 +0200: Memory Usage (487576K) : Executing rule metal3_opc_Offgrid
2026-10-08 20:33:14 +0200: Memory Usage (487576K) : Executing rule metal3_noqrc_Offgrid
2026-10-08 20:33:14 +0200: Memory Usage (487576K) : Executing rule metal3_res_Offgrid
2026-10-08 20:33:14 +0200: Memory Usage (487576K) : Executing rule metal3_iprobe_Offgrid
2026-10-08 20:33:14 +0200: Memory Usage (487576K) : Executing rule metal3_diffprb_Offgrid
2026-10-08 20:33:14 +0200: Memory Usage (487576K) : Executing rule nwell_drw_Offgrid
2026-10-08 20:33:14 +0200: Memory Usage (487576K) : Executing rule nwell_pin_Offgrid
2026-10-08 20:33:14 +0200: Memory Usage (487576K) : Executing rule pwell_drw_Offgrid
2026-10-08 20:33:14 +0200: Memory Usage (487576K) : Executing rule pwell_pin_Offgrid
2026-10-08 20:33:14 +0200: Memory Usage (487576K) : Executing rule pwell_block_Offgrid
2026-10-08 20:33:14 +0200: Memory Usage (487576K) : Executing rule substrate_drw_Offgrid
2026-10-08 20:33:14 +0200: Memory Usage (487576K) : Executing rule via3_drw_Offgrid
2026-10-08 20:33:14 +0200: Memory Usage (487576K) : Executing rule metal4_drw_Offgrid
2026-10-08 20:33:14 +0200: Memory Usage (487576K) : Executing rule metal4_pin_Offgrid
2026-10-08 20:33:14 +0200: Memory Usage (487576K) : Executing rule metal4_mask_Offgrid
2026-10-08 20:33:14 +0200: Memory Usage (487576K) : Executing rule metal4_filler_Offgrid
2026-10-08 20:33:14 +0200: Memory Usage (487576K) : Executing rule metal4_nofill_Offgrid
2026-10-08 20:33:14 +0200: Memory Usage (487576K) : Executing rule metal4_slit_Offgrid
2026-10-08 20:33:14 +0200: Memory Usage (487576K) : Executing rule metal4_opc_Offgrid
2026-10-08 20:33:14 +0200: Memory Usage (487576K) : Executing rule metal4_noqrc_Offgrid
2026-10-08 20:33:14 +0200: Memory Usage (487576K) : Executing rule metal4_res_Offgrid
2026-10-08 20:33:14 +0200: Memory Usage (487576K) : Executing rule metal4_iprobe_Offgrid
2026-10-08 20:33:14 +0200: Memory Usage (487576K) : Executing rule metal4_diffprb_Offgrid
2026-10-08 20:33:14 +0200: Memory Usage (487576K) : Executing rule topvia1_drw_Offgrid
2026-10-08 20:33:14 +0200: Memory Usage (487576K) : Executing rule topmetal1_drw_Offgrid
2026-10-08 20:33:14 +0200: Memory Usage (487576K) : Executing rule topmetal1_pin_Offgrid
2026-10-08 20:33:14 +0200: Memory Usage (487576K) : Executing rule topmetal1_mask_Offgrid
2026-10-08 20:33:14 +0200: Memory Usage (487576K) : Executing rule topmetal1_filler_Offgrid
2026-10-08 20:33:14 +0200: Memory Usage (487576K) : Executing rule topmetal1_nofill_Offgrid
2026-10-08 20:33:14 +0200: Memory Usage (487576K) : Executing rule topmetal1_slit_Offgrid
2026-10-08 20:33:14 +0200: Memory Usage (487576K) : Executing rule topmetal1_noqrc_Offgrid
2026-10-08 20:33:14 +0200: Memory Usage (487576K) : Executing rule topmetal1_res_Offgrid
2026-10-08 20:33:14 +0200: Memory Usage (487576K) : Executing rule topmetal1_iprobe_Offgrid
2026-10-08 20:33:14 +0200: Memory Usage (487576K) : Executing rule topmetal1_diffprb_Offgrid
2026-10-08 20:33:14 +0200: Memory Usage (487576K) : Executing rule thickgateox_drw_Offgrid
2026-10-08 20:33:14 +0200: Memory Usage (487576K) : Executing rule polyres_drw_Offgrid
2026-10-08 20:33:14 +0200: Memory Usage (487576K) : Executing rule polyres_pin_Offgrid
2026-10-08 20:33:14 +0200: Memory Usage (487576K) : Executing rule antmetal1_drw_Offgrid
2026-10-08 20:33:14 +0200: Memory Usage (487576K) : Executing rule thinfilmres_drw_Offgrid
2026-10-08 20:33:14 +0200: Memory Usage (487576K) : Executing rule lbe_drw_Offgrid
2026-10-08 20:33:14 +0200: Memory Usage (487576K) : Executing rule prboundary_drw_Offgrid
2026-10-08 20:33:14 +0200: Memory Usage (487576K) : Starting 3.2. angle table
2026-10-08 20:33:14 +0200: Memory Usage (487576K) : Executing rule activ_drw_Acute
2026-10-08 20:33:14 +0200: Memory Usage (487576K) : Executing rule activ_pin_Acute
2026-10-08 20:33:14 +0200: Memory Usage (487576K) : Executing rule activ_mask_Acute
2026-10-08 20:33:14 +0200: Memory Usage (487576K) : Executing rule activ_filler_Acute
2026-10-08 20:33:14 +0200: Memory Usage (487576K) : Executing rule activ_nofill_Acute
2026-10-08 20:33:14 +0200: Memory Usage (487576K) : Executing rule activ_opc_Acute
2026-10-08 20:33:14 +0200: Memory Usage (487576K) : Executing rule activ_iopc_Acute
2026-10-08 20:33:14 +0200: Memory Usage (487576K) : Executing rule activ_noqrc_Acute
2026-10-08 20:33:14 +0200: Memory Usage (487576K) : Executing rule gatpoly_drw_Acute
2026-10-08 20:33:14 +0200: Memory Usage (487576K) : Executing rule gatpoly_pin_Acute
2026-10-08 20:33:14 +0200: Memory Usage (487576K) : Executing rule gatpoly_filler_Acute
2026-10-08 20:33:14 +0200: Memory Usage (487576K) : Executing rule gatpoly_nofill_Acute
2026-10-08 20:33:14 +0200: Memory Usage (487576K) : Executing rule gatpoly_opc_Acute
2026-10-08 20:33:14 +0200: Memory Usage (487576K) : Executing rule gatpoly_iopc_Acute
2026-10-08 20:33:14 +0200: Memory Usage (487576K) : Executing rule gatpoly_noqrc_Acute
2026-10-08 20:33:14 +0200: Memory Usage (487576K) : Executing rule cont_drw_Acute
2026-10-08 20:33:14 +0200: Memory Usage (487960K) : Executing rule cont_opc_Acute
2026-10-08 20:33:14 +0200: Memory Usage (488472K) : Executing rule nsd_drw_Acute
2026-10-08 20:33:14 +0200: Memory Usage (488856K) : Executing rule nsd_block_Acute
2026-10-08 20:33:14 +0200: Memory Usage (488856K) : Executing rule metal1_drw_Acute
2026-10-08 20:33:14 +0200: Memory Usage (488856K) : Executing rule metal1_pin_Acute
2026-10-08 20:33:14 +0200: Memory Usage (488856K) : Executing rule metal1_mask_Acute
2026-10-08 20:33:14 +0200: Memory Usage (488856K) : Executing rule metal1_filler_Acute
2026-10-08 20:33:14 +0200: Memory Usage (488856K) : Executing rule metal1_nofill_Acute
2026-10-08 20:33:14 +0200: Memory Usage (488856K) : Executing rule metal1_slit_Acute
2026-10-08 20:33:14 +0200: Memory Usage (488856K) : Executing rule metal1_opc_Acute
2026-10-08 20:33:14 +0200: Memory Usage (488856K) : Executing rule metal1_noqrc_Acute
2026-10-08 20:33:14 +0200: Memory Usage (488856K) : Executing rule metal1_res_Acute
2026-10-08 20:33:14 +0200: Memory Usage (488856K) : Executing rule metal1_iprobe_Acute
2026-10-08 20:33:14 +0200: Memory Usage (488856K) : Executing rule metal1_diffprb_Acute
2026-10-08 20:33:14 +0200: Memory Usage (488856K) : Executing rule passiv_drw_Acute
2026-10-08 20:33:14 +0200: Memory Usage (488856K) : Executing rule passiv_pin_Acute
2026-10-08 20:33:14 +0200: Memory Usage (488856K) : Executing rule passiv_pillar_Acute
2026-10-08 20:33:14 +0200: Memory Usage (488856K) : Executing rule passiv_sbump_Acute
2026-10-08 20:33:14 +0200: Memory Usage (488856K) : Executing rule passiv_pdl_Acute
2026-10-08 20:33:14 +0200: Memory Usage (488856K) : Executing rule metal2_drw_Acute
2026-10-08 20:33:14 +0200: Memory Usage (488856K) : Executing rule metal2_pin_Acute
2026-10-08 20:33:14 +0200: Memory Usage (488856K) : Executing rule metal2_mask_Acute
2026-10-08 20:33:14 +0200: Memory Usage (488856K) : Executing rule metal2_filler_Acute
2026-10-08 20:33:14 +0200: Memory Usage (488856K) : Executing rule metal2_nofill_Acute
2026-10-08 20:33:14 +0200: Memory Usage (488856K) : Executing rule metal2_slit_Acute
2026-10-08 20:33:14 +0200: Memory Usage (488856K) : Executing rule metal2_opc_Acute
2026-10-08 20:33:14 +0200: Memory Usage (488856K) : Executing rule metal2_noqrc_Acute
2026-10-08 20:33:14 +0200: Memory Usage (488856K) : Executing rule metal2_res_Acute
2026-10-08 20:33:14 +0200: Memory Usage (488856K) : Executing rule metal2_iprobe_Acute
2026-10-08 20:33:14 +0200: Memory Usage (488856K) : Executing rule metal2_diffprb_Acute
2026-10-08 20:33:14 +0200: Memory Usage (488856K) : Executing rule psd_drw_Acute
2026-10-08 20:33:14 +0200: Memory Usage (488856K) : Executing rule via1_drw_Acute
2026-10-08 20:33:14 +0200: Memory Usage (488856K) : Executing rule salblock_drw_Acute
2026-10-08 20:33:14 +0200: Memory Usage (488856K) : Executing rule via2_drw_Acute
2026-10-08 20:33:14 +0200: Memory Usage (488856K) : Executing rule metal3_drw_Acute
2026-10-08 20:33:14 +0200: Memory Usage (488856K) : Executing rule metal3_pin_Acute
2026-10-08 20:33:14 +0200: Memory Usage (488856K) : Executing rule metal3_mask_Acute
2026-10-08 20:33:15 +0200: Memory Usage (488856K) : Executing rule metal3_filler_Acute
2026-10-08 20:33:15 +0200: Memory Usage (488856K) : Executing rule metal3_nofill_Acute
2026-10-08 20:33:15 +0200: Memory Usage (488856K) : Executing rule metal3_slit_Acute
2026-10-08 20:33:15 +0200: Memory Usage (488856K) : Executing rule metal3_opc_Acute
2026-10-08 20:33:15 +0200: Memory Usage (488856K) : Executing rule metal3_noqrc_Acute
2026-10-08 20:33:15 +0200: Memory Usage (488856K) : Executing rule metal3_res_Acute
2026-10-08 20:33:15 +0200: Memory Usage (488856K) : Executing rule metal3_iprobe_Acute
2026-10-08 20:33:15 +0200: Memory Usage (488856K) : Executing rule metal3_diffprb_Acute
2026-10-08 20:33:15 +0200: Memory Usage (488856K) : Executing rule nwell_drw_Acute
2026-10-08 20:33:15 +0200: Memory Usage (488856K) : Executing rule nwell_pin_Acute
2026-10-08 20:33:15 +0200: Memory Usage (488856K) : Executing rule pwell_drw_Acute
2026-10-08 20:33:15 +0200: Memory Usage (488856K) : Executing rule pwell_pin_Acute
2026-10-08 20:33:15 +0200: Memory Usage (488856K) : Executing rule pwell_block_Acute
2026-10-08 20:33:15 +0200: Memory Usage (488856K) : Executing rule substrate_drw_Acute
2026-10-08 20:33:15 +0200: Memory Usage (488856K) : Executing rule via3_drw_Acute
2026-10-08 20:33:15 +0200: Memory Usage (488856K) : Executing rule metal4_drw_Acute
2026-10-08 20:33:15 +0200: Memory Usage (488856K) : Executing rule metal4_pin_Acute
2026-10-08 20:33:15 +0200: Memory Usage (488856K) : Executing rule metal4_mask_Acute
2026-10-08 20:33:15 +0200: Memory Usage (488856K) : Executing rule metal4_filler_Acute
2026-10-08 20:33:15 +0200: Memory Usage (488856K) : Executing rule metal4_nofill_Acute
2026-10-08 20:33:15 +0200: Memory Usage (488856K) : Executing rule metal4_slit_Acute
2026-10-08 20:33:15 +0200: Memory Usage (488856K) : Executing rule metal4_opc_Acute
2026-10-08 20:33:15 +0200: Memory Usage (488856K) : Executing rule metal4_noqrc_Acute
2026-10-08 20:33:15 +0200: Memory Usage (488856K) : Executing rule metal4_res_Acute
2026-10-08 20:33:15 +0200: Memory Usage (488856K) : Executing rule metal4_iprobe_Acute
2026-10-08 20:33:15 +0200: Memory Usage (488856K) : Executing rule metal4_diffprb_Acute
2026-10-08 20:33:15 +0200: Memory Usage (488856K) : Executing rule topvia1_drw_Acute
2026-10-08 20:33:15 +0200: Memory Usage (488856K) : Executing rule topmetal1_drw_Acute
2026-10-08 20:33:15 +0200: Memory Usage (488856K) : Executing rule topmetal1_pin_Acute
2026-10-08 20:33:15 +0200: Memory Usage (488856K) : Executing rule topmetal1_mask_Acute
2026-10-08 20:33:15 +0200: Memory Usage (488856K) : Executing rule topmetal1_filler_Acute
2026-10-08 20:33:15 +0200: Memory Usage (488856K) : Executing rule topmetal1_nofill_Acute
2026-10-08 20:33:15 +0200: Memory Usage (488856K) : Executing rule topmetal1_slit_Acute
2026-10-08 20:33:15 +0200: Memory Usage (488856K) : Executing rule topmetal1_noqrc_Acute
2026-10-08 20:33:15 +0200: Memory Usage (488856K) : Executing rule topmetal1_res_Acute
2026-10-08 20:33:15 +0200: Memory Usage (488856K) : Executing rule topmetal1_iprobe_Acute
2026-10-08 20:33:15 +0200: Memory Usage (488856K) : Executing rule topmetal1_diffprb_Acute
2026-10-08 20:33:15 +0200: Memory Usage (488856K) : Executing rule thickgateox_drw_Acute
2026-10-08 20:33:15 +0200: Memory Usage (488856K) : Executing rule polyres_drw_Acute
2026-10-08 20:33:15 +0200: Memory Usage (488856K) : Executing rule polyres_pin_Acute
2026-10-08 20:33:15 +0200: Memory Usage (488856K) : Executing rule antmetal1_drw_Acute
2026-10-08 20:33:15 +0200: Memory Usage (488856K) : Executing rule thinfilmres_drw_Acute
2026-10-08 20:33:15 +0200: Memory Usage (488856K) : Executing rule lbe_drw_Acute
2026-10-08 20:33:15 +0200: Memory Usage (488856K) : Executing rule prboundary_drw_Acute
2026-10-08 20:33:15 +0200: Memory Usage (488856K) : Executing rule cont_drw_Angle90
2026-10-08 20:33:15 +0200: Memory Usage (488856K) : Executing rule via1_drw_Angle90
2026-10-08 20:33:15 +0200: Memory Usage (488856K) : Executing rule via2_drw_Angle90
2026-10-08 20:33:15 +0200: Memory Usage (488984K) : Executing rule via3_drw_Angle90
2026-10-08 20:33:15 +0200: Memory Usage (488984K) : Executing rule topvia1_drw_Angle90
2026-10-08 20:33:15 +0200: Memory Usage (488984K) : Executing rule gatpoly_drw_Angle45
2026-10-08 20:33:15 +0200: Memory Usage (489112K) : Executing rule activ_drw_Angle45
2026-10-08 20:33:15 +0200: Memory Usage (489112K) : Executing rule metal1_drw_Angle45
2026-10-08 20:33:15 +0200: Memory Usage (489112K) : Executing rule metal2_drw_Angle45
2026-10-08 20:33:15 +0200: Memory Usage (489112K) : Executing rule metal3_drw_Angle45
2026-10-08 20:33:15 +0200: Memory Usage (489112K) : Executing rule metal4_drw_Angle45
2026-10-08 20:33:15 +0200: Memory Usage (489112K) : Executing rule topmetal1_drw_Angle45
2026-10-08 20:33:15 +0200: Memory Usage (489112K) : Starting 3.2. FORBIDDEN table
2026-10-08 20:33:15 +0200: Memory Usage (489112K) : Executing rule forbidden.biwind
2026-10-08 20:33:15 +0200: Memory Usage (489112K) : Executing rule forbidden.pemwind
2026-10-08 20:33:15 +0200: Memory Usage (489112K) : Executing rule forbidden.baspoly
2026-10-08 20:33:15 +0200: Memory Usage (489112K) : Executing rule forbidden.deepco
2026-10-08 20:33:15 +0200: Memory Usage (489112K) : Executing rule forbidden.pempoly
2026-10-08 20:33:15 +0200: Memory Usage (489112K) : Executing rule forbidden.empoly
2026-10-08 20:33:15 +0200: Memory Usage (489112K) : Executing rule forbidden.ldmos
2026-10-08 20:33:15 +0200: Memory Usage (489112K) : Executing rule forbidden.pbiwind
2026-10-08 20:33:15 +0200: Memory Usage (489112K) : Executing rule forbidden.nodrc
2026-10-08 20:33:15 +0200: Memory Usage (489112K) : Executing rule forbidden.flash
2026-10-08 20:33:15 +0200: Memory Usage (489112K) : Executing rule forbidden.colwind
2026-10-08 20:33:15 +0200: Memory Usage (489112K) : Starting 3.2. CMOS5L FORBIDDEN layers check
2026-10-08 20:33:15 +0200: Memory Usage (489112K) : Executing rule CMOS5L.FORB.Metal5
2026-10-08 20:33:15 +0200: Memory Usage (489112K) : Executing rule CMOS5L.FORB.Metal5.filler
2026-10-08 20:33:15 +0200: Memory Usage (489112K) : Executing rule CMOS5L.FORB.Via4
2026-10-08 20:33:15 +0200: Memory Usage (489112K) : Executing rule CMOS5L.FORB.TopMetal2
2026-10-08 20:33:15 +0200: Memory Usage (489112K) : Executing rule CMOS5L.FORB.TopMetal2.filler
2026-10-08 20:33:15 +0200: Memory Usage (489112K) : Executing rule CMOS5L.FORB.TopVia2
2026-10-08 20:33:15 +0200: Memory Usage (489112K) : Executing rule CMOS5L.FORB.TRANS
2026-10-08 20:33:15 +0200: Memory Usage (489112K) : Executing rule CMOS5L.FORB.nBuLay
2026-10-08 20:33:15 +0200: Memory Usage (489112K) : Executing rule CMOS5L.FORB.MIM
2026-10-08 20:33:15 +0200: Memory Usage (489112K) : Executing rule CMOS5L.FORB.Vmim
2026-10-08 20:33:15 +0200: Memory Usage (489112K) : KLayout DRC run for tables 'main' completed in 1.74 seconds
