# Logfile created on 2026-08-24 20:42:41 +0200 by logger.rb/v1.5.3
2026-08-24 20:42:41 +0200: Memory Usage (457660K) : Starting running SG13CMOS5L Klayout LVS runset on /foss/designs/CHIP-PLL/layout/PFD/PFD_buffor.gds
2026-08-24 20:42:41 +0200: Memory Usage (457660K) : Ruby Version for klayout: 3.2.3
2026-08-24 20:42:41 +0200: Memory Usage (459136K) : Loading database to memory is complete.
2026-08-24 20:42:41 +0200: Memory Usage (459136K) : SG13CMOS5L Klayout LVS runset output at: /foss/designs/CHIP-PLL/layout/PFD/lvs_run_PFD_buffor_2026_08_24_20_42_39/PFD_buffor.lvsdb
2026-08-24 20:42:41 +0200: Memory Usage (459136K) : Evaluate switches.
2026-08-24 20:42:41 +0200: Memory Usage (459136K) : Extracted netlist with net names: true
2026-08-24 20:42:41 +0200: Memory Usage (459136K) : Extracted netlist with comments in details: false
2026-08-24 20:42:41 +0200: Memory Usage (459136K) : Selected NET_ONLY option: false
2026-08-24 20:42:41 +0200: Memory Usage (459136K) : Selected LAYOUT_NETLIST option: (none)
2026-08-24 20:42:41 +0200: Memory Usage (459136K) : Selected IGNORE_TOP_PORTS_MISMATCH option: 
2026-08-24 20:42:41 +0200: Memory Usage (459136K) : Selected IMPLICIT_NETS option: (none)
2026-08-24 20:42:41 +0200: Memory Usage (459136K) : Selected TOP_LVL_PINS option: false
2026-08-24 20:42:41 +0200: Memory Usage (459136K) : Selected COMBINE DEVICES option: false
2026-08-24 20:42:41 +0200: Memory Usage (459136K) : Selected PURGE option: false
2026-08-24 20:42:41 +0200: Memory Usage (459136K) : Selected PURGE_NETS option: false
2026-08-24 20:42:41 +0200: Memory Usage (459136K) : Selected SIMPLIFY option: true
2026-08-24 20:42:41 +0200: Memory Usage (459136K) : Selected SERIES_RES option: true
2026-08-24 20:42:41 +0200: Memory Usage (459136K) : Selected PARALLEL_RES option: true
2026-08-24 20:42:41 +0200: Memory Usage (459136K) : Selected DISABLE_TAP_EXTRACTION option: false
2026-08-24 20:42:41 +0200: Memory Usage (459136K) : flat  mode is enabled.
2026-08-24 20:42:41 +0200: Memory Usage (460360K) : Netlist file: /foss/designs/CHIP-PLL/schematics/PFD/simulations/PFD_buffor.spice
2026-08-24 20:42:41 +0200: Memory Usage (460360K) : LVS extracted netlist at: /foss/designs/CHIP-PLL/layout/PFD/lvs_run_PFD_buffor_2026_08_24_20_42_39/PFD_buffor_extracted.cir
2026-08-24 20:42:41 +0200: Memory Usage (460360K) : Applying SRAM integration support.
2026-08-24 20:42:41 +0200: Memory Usage (460360K) : Starting SG13CMOS5L LVS runset
2026-08-24 20:42:41 +0200: Memory Usage (460360K) : Read in polygons from layers.
2026-08-24 20:42:41 +0200: Memory Usage (461484K) : activ_drw has 4 polygons
2026-08-24 20:42:41 +0200: Memory Usage (461484K) : activ_filler has 0 polygons
2026-08-24 20:42:41 +0200: Memory Usage (461484K) : activ has 4 polygons
2026-08-24 20:42:41 +0200: Memory Usage (461484K) : activ_pin has 0 polygons
2026-08-24 20:42:41 +0200: Memory Usage (461484K) : activ_mask has 0 polygons
2026-08-24 20:42:41 +0200: Memory Usage (461484K) : activ_nofill has 0 polygons
2026-08-24 20:42:41 +0200: Memory Usage (461484K) : activ_OPC has 0 polygons
2026-08-24 20:42:41 +0200: Memory Usage (461484K) : activ_iOPC has 0 polygons
2026-08-24 20:42:41 +0200: Memory Usage (461484K) : activ_noqrc has 0 polygons
2026-08-24 20:42:41 +0200: Memory Usage (461612K) : biwind_drw has 0 polygons
2026-08-24 20:42:41 +0200: Memory Usage (461612K) : biwind_OPC has 0 polygons
2026-08-24 20:42:41 +0200: Memory Usage (461612K) : gatpoly_drw has 4 polygons
2026-08-24 20:42:41 +0200: Memory Usage (461612K) : gatpoly_filler has 0 polygons
2026-08-24 20:42:41 +0200: Memory Usage (461740K) : gatpoly has 4 polygons
2026-08-24 20:42:41 +0200: Memory Usage (461996K) : gatpoly_pin has 2 polygons
2026-08-24 20:42:41 +0200: Memory Usage (462124K) : gatpoly_nofill has 0 polygons
2026-08-24 20:42:41 +0200: Memory Usage (462508K) : gatpoly_OPC has 0 polygons
2026-08-24 20:42:41 +0200: Memory Usage (462636K) : gatpoly_iOPC has 0 polygons
2026-08-24 20:42:41 +0200: Memory Usage (462636K) : gatpoly_noqrc has 0 polygons
2026-08-24 20:42:41 +0200: Memory Usage (462636K) : cont_drw has 22 polygons
2026-08-24 20:42:41 +0200: Memory Usage (462764K) : cont_OPC has 0 polygons
2026-08-24 20:42:41 +0200: Memory Usage (462892K) : nsd_drw has 0 polygons
2026-08-24 20:42:41 +0200: Memory Usage (463020K) : nsd_block has 0 polygons
2026-08-24 20:42:41 +0200: Memory Usage (463276K) : metal1_drw has 15 polygons
2026-08-24 20:42:41 +0200: Memory Usage (463404K) : metal1_filler has 0 polygons
2026-08-24 20:42:41 +0200: Memory Usage (463532K) : metal1_slit has 0 polygons
2026-08-24 20:42:41 +0200: Memory Usage (463660K) : metal1 has 15 polygons
2026-08-24 20:42:41 +0200: Memory Usage (463788K) : metal1_pin has 8 polygons
2026-08-24 20:42:41 +0200: Memory Usage (463916K) : metal1_mask has 0 polygons
2026-08-24 20:42:41 +0200: Memory Usage (464172K) : metal1_nofill has 0 polygons
2026-08-24 20:42:41 +0200: Memory Usage (464316K) : metal1_text has 2 polygons
2026-08-24 20:42:41 +0200: Memory Usage (464444K) : metal1_OPC has 0 polygons
2026-08-24 20:42:41 +0200: Memory Usage (464572K) : metal1_noqrc has 0 polygons
2026-08-24 20:42:41 +0200: Memory Usage (464700K) : metal1_res has 0 polygons
2026-08-24 20:42:41 +0200: Memory Usage (464828K) : metal1_iprobe has 0 polygons
2026-08-24 20:42:41 +0200: Memory Usage (465084K) : metal1_diffprb has 0 polygons
2026-08-24 20:42:41 +0200: Memory Usage (465212K) : passiv_drw has 0 polygons
2026-08-24 20:42:41 +0200: Memory Usage (465340K) : passiv_pin has 0 polygons
2026-08-24 20:42:41 +0200: Memory Usage (465468K) : passiv_sbump has 0 polygons
2026-08-24 20:42:41 +0200: Memory Usage (465724K) : passiv_pillar has 0 polygons
2026-08-24 20:42:41 +0200: Memory Usage (465852K) : passiv_pdl has 0 polygons
2026-08-24 20:42:41 +0200: Memory Usage (465980K) : metal2_drw has 6 polygons
2026-08-24 20:42:41 +0200: Memory Usage (466108K) : metal2_filler has 0 polygons
2026-08-24 20:42:41 +0200: Memory Usage (466236K) : metal2_slit has 0 polygons
2026-08-24 20:42:41 +0200: Memory Usage (466364K) : metal2 has 6 polygons
2026-08-24 20:42:41 +0200: Memory Usage (466620K) : metal2_pin has 2 polygons
2026-08-24 20:42:41 +0200: Memory Usage (466748K) : metal2_mask has 0 polygons
2026-08-24 20:42:41 +0200: Memory Usage (466876K) : metal2_nofill has 0 polygons
2026-08-24 20:42:41 +0200: Memory Usage (466876K) : metal2_text has 2 polygons
2026-08-24 20:42:41 +0200: Memory Usage (467004K) : metal2_OPC has 0 polygons
2026-08-24 20:42:41 +0200: Memory Usage (467132K) : metal2_noqrc has 0 polygons
2026-08-24 20:42:41 +0200: Memory Usage (467388K) : metal2_res has 0 polygons
2026-08-24 20:42:41 +0200: Memory Usage (467516K) : metal2_iprobe has 0 polygons
2026-08-24 20:42:41 +0200: Memory Usage (467644K) : metal2_diffprb has 0 polygons
2026-08-24 20:42:41 +0200: Memory Usage (467772K) : baspoly_drw has 0 polygons
2026-08-24 20:42:41 +0200: Memory Usage (468028K) : baspoly_pin has 0 polygons
2026-08-24 20:42:41 +0200: Memory Usage (468156K) : psd_drw has 2 polygons
2026-08-24 20:42:41 +0200: Memory Usage (468284K) : nldb_drw has 0 polygons
2026-08-24 20:42:41 +0200: Memory Usage (468412K) : digibnd_drw has 0 polygons
2026-08-24 20:42:41 +0200: Memory Usage (468540K) : via1_drw has 32 polygons
2026-08-24 20:42:41 +0200: Memory Usage (468796K) : backmetal1_drw has 0 polygons
2026-08-24 20:42:41 +0200: Memory Usage (468924K) : backmetal1_pin has 0 polygons
2026-08-24 20:42:41 +0200: Memory Usage (468924K) : backmetal1_mask has 0 polygons
2026-08-24 20:42:41 +0200: Memory Usage (469052K) : backmetal1_filler has 0 polygons
2026-08-24 20:42:41 +0200: Memory Usage (469052K) : backmetal1_nofill has 0 polygons
2026-08-24 20:42:41 +0200: Memory Usage (469180K) : backmetal1_slit has 0 polygons
2026-08-24 20:42:41 +0200: Memory Usage (469180K) : backmetal1_text has 0 polygons
2026-08-24 20:42:41 +0200: Memory Usage (469308K) : backmetal1_OPC has 0 polygons
2026-08-24 20:42:41 +0200: Memory Usage (469308K) : backmetal1_noqrc has 0 polygons
2026-08-24 20:42:41 +0200: Memory Usage (469436K) : backmetal1_res has 0 polygons
2026-08-24 20:42:41 +0200: Memory Usage (469564K) : backmetal1_iprobe has 0 polygons
2026-08-24 20:42:41 +0200: Memory Usage (469564K) : backmetal1_diffprb has 0 polygons
2026-08-24 20:42:41 +0200: Memory Usage (469692K) : backpassiv_drw has 0 polygons
2026-08-24 20:42:41 +0200: Memory Usage (469820K) : res_drw has 0 polygons
2026-08-24 20:42:41 +0200: Memory Usage (469948K) : sram_drw has 0 polygons
2026-08-24 20:42:41 +0200: Memory Usage (470204K) : trans_drw has 0 polygons
2026-08-24 20:42:41 +0200: Memory Usage (470332K) : ind_drw has 0 polygons
2026-08-24 20:42:41 +0200: Memory Usage (470460K) : ind_pin has 0 polygons
2026-08-24 20:42:41 +0200: Memory Usage (470460K) : ind_text has 0 polygons
2026-08-24 20:42:41 +0200: Memory Usage (470588K) : salblock_drw has 0 polygons
2026-08-24 20:42:41 +0200: Memory Usage (470716K) : via2_drw has 0 polygons
2026-08-24 20:42:41 +0200: Memory Usage (470972K) : metal3_drw has 0 polygons
2026-08-24 20:42:41 +0200: Memory Usage (471100K) : metal3_filler has 0 polygons
2026-08-24 20:42:41 +0200: Memory Usage (471228K) : metal3_slit has 0 polygons
2026-08-24 20:42:41 +0200: Memory Usage (471356K) : metal3 has 0 polygons
2026-08-24 20:42:41 +0200: Memory Usage (471484K) : metal3_pin has 0 polygons
2026-08-24 20:42:41 +0200: Memory Usage (471612K) : metal3_mask has 0 polygons
2026-08-24 20:42:41 +0200: Memory Usage (471740K) : metal3_nofill has 0 polygons
2026-08-24 20:42:41 +0200: Memory Usage (471868K) : metal3_text has 0 polygons
2026-08-24 20:42:41 +0200: Memory Usage (471868K) : metal3_OPC has 0 polygons
2026-08-24 20:42:41 +0200: Memory Usage (471996K) : metal3_noqrc has 0 polygons
2026-08-24 20:42:41 +0200: Memory Usage (471996K) : metal3_res has 0 polygons
2026-08-24 20:42:41 +0200: Memory Usage (472124K) : metal3_iprobe has 0 polygons
2026-08-24 20:42:41 +0200: Memory Usage (472252K) : metal3_diffprb has 0 polygons
2026-08-24 20:42:41 +0200: Memory Usage (472380K) : nwell_drw has 1 polygons
2026-08-24 20:42:41 +0200: Memory Usage (472508K) : nwell_pin has 1 polygons
2026-08-24 20:42:41 +0200: Memory Usage (472636K) : nwell_text has 0 polygons
2026-08-24 20:42:41 +0200: Memory Usage (472764K) : nbulay_drw has 0 polygons
2026-08-24 20:42:41 +0200: Memory Usage (472892K) : nbulay_pin has 0 polygons
2026-08-24 20:42:41 +0200: Memory Usage (473020K) : nbulay_block has 0 polygons
2026-08-24 20:42:41 +0200: Memory Usage (473148K) : emwind_drw has 0 polygons
2026-08-24 20:42:41 +0200: Memory Usage (473276K) : emwind_OPC has 0 polygons
2026-08-24 20:42:41 +0200: Memory Usage (473532K) : deepco_drw has 0 polygons
2026-08-24 20:42:41 +0200: Memory Usage (473660K) : mim_drw has 0 polygons
2026-08-24 20:42:41 +0200: Memory Usage (473788K) : edgeseal_drw has 0 polygons
2026-08-24 20:42:41 +0200: Memory Usage (473916K) : substrate_drw has 3 polygons
2026-08-24 20:42:41 +0200: Memory Usage (473916K) : substrate_text has 0 polygons
2026-08-24 20:42:41 +0200: Memory Usage (474044K) : dfpad_drw has 0 polygons
2026-08-24 20:42:41 +0200: Memory Usage (474300K) : dfpad_pillar has 0 polygons
2026-08-24 20:42:41 +0200: Memory Usage (474428K) : dfpad_sbump has 0 polygons
2026-08-24 20:42:41 +0200: Memory Usage (474428K) : thickgateox_drw has 0 polygons
2026-08-24 20:42:41 +0200: Memory Usage (474556K) : pldb_drw has 0 polygons
2026-08-24 20:42:41 +0200: Memory Usage (474556K) : pwell_drw has 0 polygons
2026-08-24 20:42:41 +0200: Memory Usage (474684K) : pwell_pin has 0 polygons
2026-08-24 20:42:41 +0200: Memory Usage (474812K) : pwell_block has 0 polygons
2026-08-24 20:42:41 +0200: Memory Usage (474812K) : ic_drw has 0 polygons
2026-08-24 20:42:41 +0200: Memory Usage (474940K) : via3_drw has 0 polygons
2026-08-24 20:42:41 +0200: Memory Usage (475068K) : metal4_drw has 0 polygons
2026-08-24 20:42:41 +0200: Memory Usage (475196K) : metal4_filler has 0 polygons
2026-08-24 20:42:41 +0200: Memory Usage (475324K) : metal4_slit has 0 polygons
2026-08-24 20:42:41 +0200: Memory Usage (475452K) : metal4 has 0 polygons
2026-08-24 20:42:41 +0200: Memory Usage (475580K) : metal4_pin has 0 polygons
2026-08-24 20:42:41 +0200: Memory Usage (475708K) : metal4_mask has 0 polygons
2026-08-24 20:42:41 +0200: Memory Usage (475964K) : metal4_nofill has 0 polygons
2026-08-24 20:42:41 +0200: Memory Usage (475964K) : metal4_text has 0 polygons
2026-08-24 20:42:41 +0200: Memory Usage (476092K) : metal4_OPC has 0 polygons
2026-08-24 20:42:41 +0200: Memory Usage (476220K) : metal4_noqrc has 0 polygons
2026-08-24 20:42:41 +0200: Memory Usage (476348K) : metal4_res has 0 polygons
2026-08-24 20:42:41 +0200: Memory Usage (476476K) : metal4_iprobe has 0 polygons
2026-08-24 20:42:41 +0200: Memory Usage (476732K) : metal4_diffprb has 0 polygons
2026-08-24 20:42:41 +0200: Memory Usage (476860K) : heattrans_drw has 8 polygons
2026-08-24 20:42:41 +0200: Memory Usage (476988K) : heatres_drw has 0 polygons
2026-08-24 20:42:41 +0200: Memory Usage (477116K) : fbe_drw has 0 polygons
2026-08-24 20:42:41 +0200: Memory Usage (477244K) : empoly_drw has 0 polygons
2026-08-24 20:42:41 +0200: Memory Usage (477244K) : digisub_drw has 0 polygons
2026-08-24 20:42:41 +0200: Memory Usage (477244K) : text_drw has 6 polygons
2026-08-24 20:42:41 +0200: Memory Usage (477244K) : via4_drw has 0 polygons
2026-08-24 20:42:41 +0200: Memory Usage (477372K) : metal5_drw has 0 polygons
2026-08-24 20:42:41 +0200: Memory Usage (477500K) : metal5_filler has 0 polygons
2026-08-24 20:42:41 +0200: Memory Usage (477628K) : metal5_slit has 0 polygons
2026-08-24 20:42:41 +0200: Memory Usage (477756K) : metal5 has 0 polygons
2026-08-24 20:42:41 +0200: Memory Usage (477884K) : metal5_pin has 0 polygons
2026-08-24 20:42:41 +0200: Memory Usage (478012K) : metal5_mask has 0 polygons
2026-08-24 20:42:41 +0200: Memory Usage (478268K) : metal5_nofill has 0 polygons
2026-08-24 20:42:41 +0200: Memory Usage (478268K) : metal5_text has 0 polygons
2026-08-24 20:42:41 +0200: Memory Usage (478396K) : metal5_OPC has 0 polygons
2026-08-24 20:42:41 +0200: Memory Usage (478524K) : metal5_noqrc has 0 polygons
2026-08-24 20:42:41 +0200: Memory Usage (478652K) : metal5_res has 0 polygons
2026-08-24 20:42:41 +0200: Memory Usage (478908K) : metal5_iprobe has 0 polygons
2026-08-24 20:42:41 +0200: Memory Usage (479036K) : metal5_diffprb has 0 polygons
2026-08-24 20:42:41 +0200: Memory Usage (479164K) : radhard_drw has 0 polygons
2026-08-24 20:42:41 +0200: Memory Usage (479292K) : memcap_drw has 0 polygons
2026-08-24 20:42:41 +0200: Memory Usage (479420K) : varicap_drw has 0 polygons
2026-08-24 20:42:41 +0200: Memory Usage (479548K) : intbondvia_drw has 0 polygons
2026-08-24 20:42:41 +0200: Memory Usage (479676K) : intbondmet_drw has 0 polygons
2026-08-24 20:42:41 +0200: Memory Usage (479804K) : devbondvia_drw has 0 polygons
2026-08-24 20:42:41 +0200: Memory Usage (479932K) : devbondmet_drw has 0 polygons
2026-08-24 20:42:41 +0200: Memory Usage (480060K) : devtrench_drw has 0 polygons
2026-08-24 20:42:41 +0200: Memory Usage (480316K) : redist_drw has 0 polygons
2026-08-24 20:42:41 +0200: Memory Usage (480444K) : graphbot_drw has 0 polygons
2026-08-24 20:42:41 +0200: Memory Usage (480572K) : graphtop_drw has 0 polygons
2026-08-24 20:42:41 +0200: Memory Usage (480700K) : antvia1_drw has 0 polygons
2026-08-24 20:42:41 +0200: Memory Usage (480828K) : antmetal2_drw has 0 polygons
2026-08-24 20:42:41 +0200: Memory Usage (480956K) : graphcont_drw has 0 polygons
2026-08-24 20:42:41 +0200: Memory Usage (481084K) : siwg_drw has 0 polygons
2026-08-24 20:42:41 +0200: Memory Usage (481212K) : siwg_filler has 0 polygons
2026-08-24 20:42:41 +0200: Memory Usage (481340K) : siwg_nofill has 0 polygons
2026-08-24 20:42:41 +0200: Memory Usage (481468K) : sigrating_drw has 0 polygons
2026-08-24 20:42:41 +0200: Memory Usage (481724K) : singrating_drw has 0 polygons
2026-08-24 20:42:41 +0200: Memory Usage (481852K) : graphpas_drw has 0 polygons
2026-08-24 20:42:41 +0200: Memory Usage (481980K) : emwind3_drw has 0 polygons
2026-08-24 20:42:41 +0200: Memory Usage (482108K) : emwihv3_drw has 0 polygons
2026-08-24 20:42:41 +0200: Memory Usage (482236K) : redbulay_drw has 0 polygons
2026-08-24 20:42:41 +0200: Memory Usage (482364K) : smos_drw has 0 polygons
2026-08-24 20:42:41 +0200: Memory Usage (482492K) : graphpad_drw has 0 polygons
2026-08-24 20:42:41 +0200: Memory Usage (482620K) : polimide_drw has 0 polygons
2026-08-24 20:42:41 +0200: Memory Usage (482748K) : polimide_pin has 0 polygons
2026-08-24 20:42:41 +0200: Memory Usage (483004K) : recog_drw has 0 polygons
2026-08-24 20:42:41 +0200: Memory Usage (483132K) : recog_pin has 0 polygons
2026-08-24 20:42:41 +0200: Memory Usage (483260K) : recog_esd has 0 polygons
2026-08-24 20:42:41 +0200: Memory Usage (483388K) : recog_diode has 0 polygons
2026-08-24 20:42:41 +0200: Memory Usage (483516K) : recog_tsv has 0 polygons
2026-08-24 20:42:41 +0200: Memory Usage (483644K) : recog_iprobe has 0 polygons
2026-08-24 20:42:41 +0200: Memory Usage (483772K) : recog_diffprb has 0 polygons
2026-08-24 20:42:41 +0200: Memory Usage (483900K) : recog_pillar has 0 polygons
2026-08-24 20:42:41 +0200: Memory Usage (484028K) : recog_sbump has 0 polygons
2026-08-24 20:42:41 +0200: Memory Usage (484156K) : recog_otp has 0 polygons
2026-08-24 20:42:41 +0200: Memory Usage (484412K) : recog_pdiode has 0 polygons
2026-08-24 20:42:41 +0200: Memory Usage (484540K) : recog_mom has 0 polygons
2026-08-24 20:42:41 +0200: Memory Usage (484668K) : recog_pcm has 0 polygons
2026-08-24 20:42:41 +0200: Memory Usage (484796K) : colopen_drw has 0 polygons
2026-08-24 20:42:41 +0200: Memory Usage (484924K) : graphmetal1_drw has 0 polygons
2026-08-24 20:42:41 +0200: Memory Usage (485052K) : graphmetal1_filler has 0 polygons
2026-08-24 20:42:41 +0200: Memory Usage (485180K) : graphmetal1_nofill has 0 polygons
2026-08-24 20:42:41 +0200: Memory Usage (485308K) : graphmetal1_slit has 0 polygons
2026-08-24 20:42:41 +0200: Memory Usage (485436K) : graphmetal1_OPC has 0 polygons
2026-08-24 20:42:41 +0200: Memory Usage (485564K) : graphmet1l_drw has 0 polygons
2026-08-24 20:42:41 +0200: Memory Usage (485820K) : graphmet1l_filler has 0 polygons
2026-08-24 20:42:41 +0200: Memory Usage (485820K) : graphmet1l_nofill has 0 polygons
2026-08-24 20:42:41 +0200: Memory Usage (485820K) : graphmet1l_slit has 0 polygons
2026-08-24 20:42:41 +0200: Memory Usage (485820K) : graphmet1l_OPC has 0 polygons
2026-08-24 20:42:41 +0200: Memory Usage (485820K) : extblock_drw has 0 polygons
2026-08-24 20:42:41 +0200: Memory Usage (485820K) : nldd_drw has 0 polygons
2026-08-24 20:42:41 +0200: Memory Usage (485820K) : pldd_drw has 0 polygons
2026-08-24 20:42:41 +0200: Memory Usage (485820K) : next_drw has 0 polygons
2026-08-24 20:42:41 +0200: Memory Usage (485820K) : pext_drw has 0 polygons
2026-08-24 20:42:41 +0200: Memory Usage (485820K) : nexthv_drw has 0 polygons
2026-08-24 20:42:41 +0200: Memory Usage (485820K) : pexthv_drw has 0 polygons
2026-08-24 20:42:41 +0200: Memory Usage (485820K) : graphgate_drw has 0 polygons
2026-08-24 20:42:41 +0200: Memory Usage (485820K) : sinwg_drw has 0 polygons
2026-08-24 20:42:41 +0200: Memory Usage (485820K) : sinwg_filler has 0 polygons
2026-08-24 20:42:41 +0200: Memory Usage (485820K) : sinwg_nofill has 0 polygons
2026-08-24 20:42:41 +0200: Memory Usage (485820K) : mempad_drw has 0 polygons
2026-08-24 20:42:41 +0200: Memory Usage (485820K) : topvia1_drw has 0 polygons
2026-08-24 20:42:41 +0200: Memory Usage (485820K) : topmetal1_drw has 0 polygons
2026-08-24 20:42:41 +0200: Memory Usage (485820K) : topmetal1_filler has 0 polygons
2026-08-24 20:42:41 +0200: Memory Usage (485820K) : topmetal1_slit has 0 polygons
2026-08-24 20:42:41 +0200: Memory Usage (485820K) : topmetal1 has 0 polygons
2026-08-24 20:42:41 +0200: Memory Usage (485820K) : topmetal1_pin has 0 polygons
2026-08-24 20:42:41 +0200: Memory Usage (485820K) : topmetal1_mask has 0 polygons
2026-08-24 20:42:41 +0200: Memory Usage (485820K) : topmetal1_nofill has 0 polygons
2026-08-24 20:42:41 +0200: Memory Usage (485820K) : topmetal1_text has 0 polygons
2026-08-24 20:42:41 +0200: Memory Usage (485820K) : topmetal1_noqrc has 0 polygons
2026-08-24 20:42:41 +0200: Memory Usage (485820K) : topmetal1_res has 0 polygons
2026-08-24 20:42:41 +0200: Memory Usage (485820K) : topmetal1_iprobe has 0 polygons
2026-08-24 20:42:41 +0200: Memory Usage (485820K) : topmetal1_diffprb has 0 polygons
2026-08-24 20:42:41 +0200: Memory Usage (485820K) : inldpwl_drw has 0 polygons
2026-08-24 20:42:41 +0200: Memory Usage (485820K) : polyres_drw has 0 polygons
2026-08-24 20:42:41 +0200: Memory Usage (485820K) : polyres_pin has 0 polygons
2026-08-24 20:42:41 +0200: Memory Usage (485820K) : vmim_drw has 0 polygons
2026-08-24 20:42:41 +0200: Memory Usage (485820K) : nbulaycut_drw has 0 polygons
2026-08-24 20:42:41 +0200: Memory Usage (485820K) : antmetal1_drw has 0 polygons
2026-08-24 20:42:41 +0200: Memory Usage (485820K) : topvia2_drw has 0 polygons
2026-08-24 20:42:41 +0200: Memory Usage (485820K) : topmetal2_drw has 0 polygons
2026-08-24 20:42:41 +0200: Memory Usage (485820K) : topmetal2_filler has 0 polygons
2026-08-24 20:42:41 +0200: Memory Usage (485820K) : topmetal2_slit has 0 polygons
2026-08-24 20:42:41 +0200: Memory Usage (485820K) : topmetal2 has 0 polygons
2026-08-24 20:42:41 +0200: Memory Usage (485820K) : topmetal2_pin has 0 polygons
2026-08-24 20:42:41 +0200: Memory Usage (485820K) : topmetal2_mask has 0 polygons
2026-08-24 20:42:41 +0200: Memory Usage (485820K) : topmetal2_nofill has 0 polygons
2026-08-24 20:42:41 +0200: Memory Usage (485820K) : topmetal2_text has 0 polygons
2026-08-24 20:42:41 +0200: Memory Usage (485820K) : topmetal2_noqrc has 0 polygons
2026-08-24 20:42:41 +0200: Memory Usage (485820K) : topmetal2_res has 0 polygons
2026-08-24 20:42:41 +0200: Memory Usage (485820K) : topmetal2_iprobe has 0 polygons
2026-08-24 20:42:41 +0200: Memory Usage (485820K) : topmetal2_diffprb has 0 polygons
2026-08-24 20:42:41 +0200: Memory Usage (485820K) : snsring_drw has 0 polygons
2026-08-24 20:42:41 +0200: Memory Usage (485820K) : sensor_drw has 0 polygons
2026-08-24 20:42:41 +0200: Memory Usage (485948K) : snsarms_drw has 0 polygons
2026-08-24 20:42:41 +0200: Memory Usage (485948K) : snscmosvia_drw has 0 polygons
2026-08-24 20:42:41 +0200: Memory Usage (485948K) : colwind_drw has 0 polygons
2026-08-24 20:42:41 +0200: Memory Usage (486076K) : flm_drw has 0 polygons
2026-08-24 20:42:41 +0200: Memory Usage (486204K) : hafniumox_drw has 0 polygons
2026-08-24 20:42:41 +0200: Memory Usage (486332K) : memvia_drw has 0 polygons
2026-08-24 20:42:41 +0200: Memory Usage (486460K) : thinfilmres_drw has 0 polygons
2026-08-24 20:42:41 +0200: Memory Usage (486588K) : rfmem_drw has 0 polygons
2026-08-24 20:42:41 +0200: Memory Usage (486716K) : norcx_drw has 0 polygons
2026-08-24 20:42:41 +0200: Memory Usage (486844K) : norcx_m2m3 has 0 polygons
2026-08-24 20:42:41 +0200: Memory Usage (486844K) : norcx_m2m4 has 0 polygons
2026-08-24 20:42:41 +0200: Memory Usage (486844K) : norcx_m2m5 has 0 polygons
2026-08-24 20:42:41 +0200: Memory Usage (486844K) : norcx_m2tm1 has 0 polygons
2026-08-24 20:42:41 +0200: Memory Usage (486844K) : norcx_m2tm2 has 0 polygons
2026-08-24 20:42:41 +0200: Memory Usage (486844K) : norcx_m3m4 has 0 polygons
2026-08-24 20:42:41 +0200: Memory Usage (486844K) : norcx_m3m5 has 0 polygons
2026-08-24 20:42:41 +0200: Memory Usage (486844K) : norcx_m3tm1 has 0 polygons
2026-08-24 20:42:41 +0200: Memory Usage (486844K) : norcx_m3tm2 has 0 polygons
2026-08-24 20:42:41 +0200: Memory Usage (486844K) : norcx_m4m5 has 0 polygons
2026-08-24 20:42:41 +0200: Memory Usage (486844K) : norcx_m4tm1 has 0 polygons
2026-08-24 20:42:41 +0200: Memory Usage (486844K) : norcx_m4tm2 has 0 polygons
2026-08-24 20:42:41 +0200: Memory Usage (486844K) : norcx_m5tm1 has 0 polygons
2026-08-24 20:42:41 +0200: Memory Usage (486844K) : norcx_m5tm2 has 0 polygons
2026-08-24 20:42:41 +0200: Memory Usage (486844K) : norcx_tm1tm2 has 0 polygons
2026-08-24 20:42:41 +0200: Memory Usage (486844K) : norcx_m1sub has 0 polygons
2026-08-24 20:42:41 +0200: Memory Usage (486844K) : norcx_m2sub has 0 polygons
2026-08-24 20:42:41 +0200: Memory Usage (486844K) : norcx_m3sub has 0 polygons
2026-08-24 20:42:41 +0200: Memory Usage (486844K) : norcx_m4sub has 0 polygons
2026-08-24 20:42:41 +0200: Memory Usage (486844K) : norcx_m5sub has 0 polygons
2026-08-24 20:42:41 +0200: Memory Usage (486844K) : norcx_tm1sub has 0 polygons
2026-08-24 20:42:41 +0200: Memory Usage (486844K) : norcx_tm2sub has 0 polygons
2026-08-24 20:42:41 +0200: Memory Usage (486844K) : snsbotvia_drw has 0 polygons
2026-08-24 20:42:41 +0200: Memory Usage (486844K) : snstopvia_drw has 0 polygons
2026-08-24 20:42:41 +0200: Memory Usage (486844K) : deepvia_drw has 0 polygons
2026-08-24 20:42:41 +0200: Memory Usage (486844K) : fgetch_drw has 0 polygons
2026-08-24 20:42:41 +0200: Memory Usage (486844K) : ctrgat_drw has 0 polygons
2026-08-24 20:42:41 +0200: Memory Usage (486844K) : fgimp_drw has 0 polygons
2026-08-24 20:42:41 +0200: Memory Usage (486844K) : emwihv_drw has 0 polygons
2026-08-24 20:42:41 +0200: Memory Usage (486844K) : lbe_drw has 0 polygons
2026-08-24 20:42:41 +0200: Memory Usage (486844K) : alcustop_drw has 0 polygons
2026-08-24 20:42:41 +0200: Memory Usage (486844K) : nometfiller_drw has 0 polygons
2026-08-24 20:42:41 +0200: Memory Usage (486844K) : prboundary_drw has 0 polygons
2026-08-24 20:42:41 +0200: Memory Usage (486844K) : exchange0_drw has 0 polygons
2026-08-24 20:42:41 +0200: Memory Usage (486844K) : exchange0_pin has 0 polygons
2026-08-24 20:42:41 +0200: Memory Usage (486844K) : exchange0_text has 0 polygons
2026-08-24 20:42:41 +0200: Memory Usage (486844K) : exchange1_drw has 0 polygons
2026-08-24 20:42:41 +0200: Memory Usage (486844K) : exchange1_pin has 0 polygons
2026-08-24 20:42:41 +0200: Memory Usage (486844K) : exchange1_text has 0 polygons
2026-08-24 20:42:41 +0200: Memory Usage (486844K) : exchange2_drw has 0 polygons
2026-08-24 20:42:41 +0200: Memory Usage (486844K) : exchange2_pin has 0 polygons
2026-08-24 20:42:41 +0200: Memory Usage (486844K) : exchange2_text has 0 polygons
2026-08-24 20:42:41 +0200: Memory Usage (486844K) : exchange3_drw has 0 polygons
2026-08-24 20:42:41 +0200: Memory Usage (486844K) : exchange3_pin has 0 polygons
2026-08-24 20:42:41 +0200: Memory Usage (486844K) : exchange3_text has 0 polygons
2026-08-24 20:42:41 +0200: Memory Usage (486844K) : exchange4_drw has 0 polygons
2026-08-24 20:42:41 +0200: Memory Usage (486844K) : exchange4_pin has 0 polygons
2026-08-24 20:42:41 +0200: Memory Usage (486844K) : exchange4_text has 0 polygons
2026-08-24 20:42:41 +0200: Memory Usage (486844K) : isonwell_drw has 0 polygons
2026-08-24 20:42:41 +0200: Memory Usage (486844K) : Total no. of polygons in the design is 120
2026-08-24 20:42:41 +0200: Memory Usage (486844K) : Starting CMOS5L Forbidden Layer Check
2026-08-24 20:42:41 +0200: Memory Usage (486844K) : CMOS5L Forbidden Layer Check: PASSED - No forbidden layers found
2026-08-24 20:42:41 +0200: Memory Usage (486844K) : CMOS5L Forbidden Layer Check: PASSED
2026-08-24 20:42:41 +0200: Memory Usage (486844K) : Starting base layers derivations
2026-08-24 20:42:41 +0200: Memory Usage (486844K) : Starting general LVS derivations
2026-08-24 20:42:42 +0200: Memory Usage (488260K) : Starting MOSFET DERIVATIONS
2026-08-24 20:42:42 +0200: Memory Usage (488404K) : Starting NMOS DERIVATIONS
2026-08-24 20:42:42 +0200: Memory Usage (488404K) : Starting PMOS DERIVATIONS
2026-08-24 20:42:42 +0200: Memory Usage (488404K) : Starting RF-MOSFET DERIVATIONS
2026-08-24 20:42:42 +0200: Memory Usage (488404K) : Starting RF-NMOS DERIVATIONS
2026-08-24 20:42:42 +0200: Memory Usage (488404K) : Starting RF-PMOS DERIVATIONS
2026-08-24 20:42:42 +0200: Memory Usage (488404K) : Starting BJT DERIVATIONS
2026-08-24 20:42:42 +0200: Memory Usage (488404K) : Starting NPN-BJT DERIVATIONS
2026-08-24 20:42:42 +0200: Memory Usage (488404K) : Starting PNP-BJT DERIVATIONS
2026-08-24 20:42:42 +0200: Memory Usage (488404K) : Starting DIODE DERIVATIONS
2026-08-24 20:42:42 +0200: Memory Usage (488404K) : Starting RESISTOR DERIVATIONS
2026-08-24 20:42:42 +0200: Memory Usage (488404K) : Starting CAP DERIVATIONS
2026-08-24 20:42:42 +0200: Memory Usage (489684K) : Starting CAP_MFRINGE DERIVATIONS
2026-08-24 20:42:42 +0200: Memory Usage (489684K) : Starting ESD DERIVATIONS
2026-08-24 20:42:42 +0200: Memory Usage (489812K) : Starting Inductor DERIVATIONS
2026-08-24 20:42:42 +0200: Memory Usage (489812K) : Starting Taps DERIVATIONS
2026-08-24 20:42:42 +0200: Memory Usage (489812K) : Starting SG13G2 LVS connectivity setup
2026-08-24 20:42:42 +0200: Memory Usage (489812K) : Starting SG13G2 LVS connectivity setup (Inter-layer)
2026-08-24 20:42:42 +0200: Memory Usage (490196K) : Starting SG13G2 LVS connectivity setup (Global)
2026-08-24 20:42:42 +0200: Memory Usage (490196K) : Starting LVS MOSFET CONNECTIONS
2026-08-24 20:42:42 +0200: Memory Usage (490196K) : Starting LVS RF-MOSFET CONNECTIONS
2026-08-24 20:42:42 +0200: Memory Usage (490196K) : Starting LVS BJT CONNECTIONS
2026-08-24 20:42:42 +0200: Memory Usage (490196K) : Starting LVS DIODE CONNECTIONS
2026-08-24 20:42:42 +0200: Memory Usage (490196K) : Starting RESISTOR CONNECTIONS
2026-08-24 20:42:42 +0200: Memory Usage (490196K) : Starting LVS CAP CONNECTIONS
2026-08-24 20:42:42 +0200: Memory Usage (490196K) : Starting ESD CONNECTIONS
2026-08-24 20:42:42 +0200: Memory Usage (490196K) : Starting Inductor CONNECTIONS
2026-08-24 20:42:42 +0200: Memory Usage (490196K) : Starting LVS Taps CONNECTIONS
2026-08-24 20:42:42 +0200: Memory Usage (490196K) : Starting CAP_MFRINGE CONNECTIONS
2026-08-24 20:42:42 +0200: Memory Usage (490196K) : Starting SG13CMOS5L LVS DEVICES EXTRACTION
2026-08-24 20:42:42 +0200: Memory Usage (490196K) : Starting MOSFET EXTRACTION
2026-08-24 20:42:42 +0200: Memory Usage (490196K) : Starting NMOS EXTRACTION
2026-08-24 20:42:42 +0200: Memory Usage (490196K) : Extraction of NMOS-LV transistor
2026-08-24 20:42:42 +0200: Memory Usage (491044K) : Extraction of NMOS-HV transistor
2026-08-24 20:42:42 +0200: Memory Usage (491044K) : Starting PMOS EXTRACTION
2026-08-24 20:42:42 +0200: Memory Usage (491044K) : Extraction of PMOS-LV transistor
2026-08-24 20:42:42 +0200: Memory Usage (491044K) : Extraction of PMOS-HV transistor
2026-08-24 20:42:42 +0200: Memory Usage (491044K) : Starting RF-MOSFET EXTRACTION
2026-08-24 20:42:42 +0200: Memory Usage (491044K) : Extraction of RF-NMOS-LV transistor
2026-08-24 20:42:42 +0200: Memory Usage (491044K) : Extraction of RF-NMOS-HV transistor
2026-08-24 20:42:42 +0200: Memory Usage (491044K) : Extraction of RF-PMOS-LV transistor
2026-08-24 20:42:42 +0200: Memory Usage (491044K) : Extraction of RF-PMOS-HV transistor
2026-08-24 20:42:42 +0200: Memory Usage (491044K) : Starting BJT EXTRACTION
2026-08-24 20:42:42 +0200: Memory Usage (491044K) : Starting NPN-BJT EXTRACTION
2026-08-24 20:42:42 +0200: Memory Usage (491044K) : Extraction of npn13G2 BJT transistor
2026-08-24 20:42:42 +0200: Memory Usage (491044K) : Extraction of npn13G2L BJT transistor
2026-08-24 20:42:42 +0200: Memory Usage (491044K) : Extraction of npn13G2V BJT transistor
2026-08-24 20:42:42 +0200: Memory Usage (491044K) : Starting PNP-BJT EXTRACTION
2026-08-24 20:42:42 +0200: Memory Usage (491044K) : Extracting pnpMPA BJT
2026-08-24 20:42:42 +0200: Memory Usage (491044K) : Starting DIODE EXTRACTION
2026-08-24 20:42:42 +0200: Memory Usage (491044K) : Extracting dantenna diode
2026-08-24 20:42:42 +0200: Memory Usage (491044K) : Extracting dpantenna diode
2026-08-24 20:42:42 +0200: Memory Usage (491044K) : Extracting schottky_nbl1 diode
2026-08-24 20:42:42 +0200: Memory Usage (491044K) : Extracting isolbox diode
2026-08-24 20:42:42 +0200: Memory Usage (491044K) : Starting RESISTOR EXTRACTION
2026-08-24 20:42:42 +0200: Memory Usage (491044K) : Extracting rsil resistor
2026-08-24 20:42:42 +0200: Memory Usage (491044K) : Extracting rppd resistor
2026-08-24 20:42:42 +0200: Memory Usage (491044K) : Extracting rhigh resistor
2026-08-24 20:42:42 +0200: Memory Usage (491044K) : Extracting res_metal1 resistor
2026-08-24 20:42:42 +0200: Memory Usage (491044K) : Extracting res_metal2 resistor
2026-08-24 20:42:42 +0200: Memory Usage (491044K) : Extracting res_metal3 resistor
2026-08-24 20:42:42 +0200: Memory Usage (491044K) : Extracting res_metal4 resistor
2026-08-24 20:42:42 +0200: Memory Usage (491044K) : Extracting res_metal5 resistor
2026-08-24 20:42:42 +0200: Memory Usage (491044K) : Extracting res_topmetal1 resistor
2026-08-24 20:42:42 +0200: Memory Usage (491044K) : Extracting res_topmetal2 resistor
2026-08-24 20:42:42 +0200: Memory Usage (491044K) : Starting CAP EXTRACTION
2026-08-24 20:42:42 +0200: Memory Usage (491044K) : Extracting cap_cmim device
2026-08-24 20:42:42 +0200: Memory Usage (491044K) : Extracting rfcmim device
2026-08-24 20:42:42 +0200: Memory Usage (491044K) : Extracting sg13_hv_svaricap varactor
2026-08-24 20:42:42 +0200: Memory Usage (491044K) : Extracting cap_mfringe device
2026-08-24 20:42:42 +0200: Memory Usage (491044K) : Starting ESD EXTRACTION
2026-08-24 20:42:42 +0200: Memory Usage (491044K) : Extracting diodevdd_2kv ESD device
2026-08-24 20:42:42 +0200: Memory Usage (491044K) : Extracting diodevdd_4kv ESD device
2026-08-24 20:42:42 +0200: Memory Usage (491044K) : Extracting diodevss_2kv ESD device
2026-08-24 20:42:42 +0200: Memory Usage (491044K) : Extracting diodevss_4kv ESD device
2026-08-24 20:42:42 +0200: Memory Usage (491044K) : Extracting idiodevdd_2kv ESD device
2026-08-24 20:42:42 +0200: Memory Usage (491044K) : Extracting idiodevdd_4kv ESD device
2026-08-24 20:42:42 +0200: Memory Usage (491044K) : Extracting idiodevss_2kv ESD device
2026-08-24 20:42:42 +0200: Memory Usage (491044K) : Extracting idiodevss_4kv ESD device
2026-08-24 20:42:42 +0200: Memory Usage (491044K) : Extracting nmoscl_2 ESD device
2026-08-24 20:42:42 +0200: Memory Usage (491044K) : Extracting nmoscl_4 ESD device
2026-08-24 20:42:42 +0200: Memory Usage (491044K) : Starting Inductor EXTRACTION
2026-08-24 20:42:42 +0200: Memory Usage (491044K) : Extracting Inductor2 device
2026-08-24 20:42:42 +0200: Memory Usage (491044K) : Extracting Inductor3 device
2026-08-24 20:42:42 +0200: Memory Usage (491044K) : Starting Taps EXTRACTION
2026-08-24 20:42:42 +0200: Memory Usage (491044K) : Extracting ntap1 device
2026-08-24 20:42:42 +0200: Memory Usage (491044K) : Extracting ptap1 device
2026-08-24 20:42:42 +0200: Memory Usage (491044K) : Starting SG13CMOS5L LVS RF MOS Model Mapping
2026-08-24 20:42:42 +0200: Memory Usage (491172K) : [layout_netlist] Apply RF MOS model mapping and rfmode parameter.
2026-08-24 20:42:42 +0200: Memory Usage (491172K) : Starting SG13CMOS5L LVS Options Preparations
2026-08-24 20:42:42 +0200: Memory Usage (491172K) : SG13CMOS5L LVS flow: extraction -> alignment -> option preparation -> comparison.
2026-08-24 20:42:42 +0200: Memory Usage (491172K) : Starting SG13CMOS5L LVS Alignment
2026-08-24 20:42:42 +0200: Memory Usage (491172K) : Starting SG13CMOS5L LVS Simplification
2026-08-24 20:42:42 +0200: Memory Usage (491172K) : [layout_netlist] simplify: ENABLED
2026-08-24 20:42:42 +0200: Memory Usage (491172K) : [layout_netlist] make_top_level_pins: SKIPPED
2026-08-24 20:42:42 +0200: Memory Usage (491172K) : [layout_netlist] combine_devices: SKIPPED
2026-08-24 20:42:42 +0200: Memory Usage (491172K) : [layout_netlist] purge: SKIPPED
2026-08-24 20:42:42 +0200: Memory Usage (491172K) : [layout_netlist] purge_nets: SKIPPED
2026-08-24 20:42:42 +0200: Memory Usage (491172K) : [schematic_netlist] simplify: ENABLED
2026-08-24 20:42:42 +0200: Memory Usage (491172K) : [schematic_netlist] make_top_level_pins: SKIPPED
2026-08-24 20:42:42 +0200: Memory Usage (491172K) : [schematic_netlist] combine_devices: SKIPPED
2026-08-24 20:42:42 +0200: Memory Usage (491172K) : [schematic_netlist] purge: SKIPPED
2026-08-24 20:42:42 +0200: Memory Usage (491172K) : [schematic_netlist] purge_nets: SKIPPED
2026-08-24 20:42:42 +0200: Memory Usage (491172K) : Starting SG13CMOS5L LVS Comparison in strict port mode.
2026-08-24 20:42:42 +0200: Memory Usage (491172K) : flag_missing_ports enabled: missing/mislabeled top-level ports are treated as errors.
2026-08-24 20:42:42 +0200: Memory Usage (491300K) : ==========================================
2026-08-24 20:42:42 +0200: Memory Usage (491300K) : INFO : Congratulations! Netlists match.
2026-08-24 20:42:42 +0200: Memory Usage (491300K) : ==========================================
2026-08-24 20:42:42 +0200: Memory Usage (491300K) : LVS Total Run time 1.126820 seconds
