# Logfile created on 2026-08-29 20:38:07 +0200 by logger.rb/v1.5.3
2026-08-29 20:38:07 +0200: Memory Usage (457408K) : Starting running SG13CMOS5L Klayout LVS runset on /foss/designs/CHIP-PLL/layout/PFD/PFD_buffor.gds
2026-08-29 20:38:07 +0200: Memory Usage (457408K) : Ruby Version for klayout: 3.2.3
2026-08-29 20:38:07 +0200: Memory Usage (458748K) : Loading database to memory is complete.
2026-08-29 20:38:07 +0200: Memory Usage (458748K) : SG13CMOS5L Klayout LVS runset output at: /foss/designs/CHIP-PLL/layout/PFD/lvs_run_PFD_buffor_2026_08_29_20_38_03/PFD_buffor.lvsdb
2026-08-29 20:38:07 +0200: Memory Usage (458748K) : Evaluate switches.
2026-08-29 20:38:07 +0200: Memory Usage (458748K) : Extracted netlist with net names: true
2026-08-29 20:38:07 +0200: Memory Usage (458748K) : Extracted netlist with comments in details: false
2026-08-29 20:38:07 +0200: Memory Usage (458748K) : Selected NET_ONLY option: false
2026-08-29 20:38:07 +0200: Memory Usage (458748K) : Selected LAYOUT_NETLIST option: (none)
2026-08-29 20:38:07 +0200: Memory Usage (458748K) : Selected IGNORE_TOP_PORTS_MISMATCH option: 
2026-08-29 20:38:07 +0200: Memory Usage (458748K) : Selected IMPLICIT_NETS option: (none)
2026-08-29 20:38:07 +0200: Memory Usage (458748K) : Selected TOP_LVL_PINS option: false
2026-08-29 20:38:07 +0200: Memory Usage (458748K) : Selected COMBINE DEVICES option: false
2026-08-29 20:38:07 +0200: Memory Usage (458748K) : Selected PURGE option: false
2026-08-29 20:38:07 +0200: Memory Usage (458748K) : Selected PURGE_NETS option: false
2026-08-29 20:38:07 +0200: Memory Usage (458748K) : Selected SIMPLIFY option: true
2026-08-29 20:38:07 +0200: Memory Usage (458748K) : Selected SERIES_RES option: true
2026-08-29 20:38:07 +0200: Memory Usage (458748K) : Selected PARALLEL_RES option: true
2026-08-29 20:38:07 +0200: Memory Usage (458748K) : Selected DISABLE_TAP_EXTRACTION option: true
2026-08-29 20:38:07 +0200: Memory Usage (458748K) : deep  mode is enabled.
2026-08-29 20:38:07 +0200: Memory Usage (459004K) : Netlist file: /foss/designs/CHIP-PLL/schematics/PFD/simulations/PFD_buffor.spice
2026-08-29 20:38:07 +0200: Memory Usage (459004K) : LVS extracted netlist at: /foss/designs/CHIP-PLL/layout/PFD/lvs_run_PFD_buffor_2026_08_29_20_38_03/PFD_buffor_extracted.cir
2026-08-29 20:38:07 +0200: Memory Usage (459004K) : Applying SRAM integration support.
2026-08-29 20:38:07 +0200: Memory Usage (459004K) : Starting SG13CMOS5L LVS runset
2026-08-29 20:38:07 +0200: Memory Usage (459004K) : Read in polygons from layers.
2026-08-29 20:38:07 +0200: Memory Usage (459944K) : activ_drw has 14 polygons
2026-08-29 20:38:07 +0200: Memory Usage (459944K) : activ_filler has 0 polygons
2026-08-29 20:38:07 +0200: Memory Usage (460072K) : activ has 14 polygons
2026-08-29 20:38:07 +0200: Memory Usage (460072K) : activ_pin has 0 polygons
2026-08-29 20:38:07 +0200: Memory Usage (460072K) : activ_mask has 0 polygons
2026-08-29 20:38:07 +0200: Memory Usage (460072K) : activ_nofill has 0 polygons
2026-08-29 20:38:07 +0200: Memory Usage (460072K) : activ_OPC has 0 polygons
2026-08-29 20:38:07 +0200: Memory Usage (460072K) : activ_iOPC has 0 polygons
2026-08-29 20:38:07 +0200: Memory Usage (460072K) : activ_noqrc has 0 polygons
2026-08-29 20:38:07 +0200: Memory Usage (460072K) : biwind_drw has 0 polygons
2026-08-29 20:38:07 +0200: Memory Usage (460072K) : biwind_OPC has 0 polygons
2026-08-29 20:38:07 +0200: Memory Usage (460072K) : gatpoly_drw has 10 polygons
2026-08-29 20:38:07 +0200: Memory Usage (460072K) : gatpoly_filler has 0 polygons
2026-08-29 20:38:07 +0200: Memory Usage (460072K) : gatpoly has 10 polygons
2026-08-29 20:38:07 +0200: Memory Usage (460072K) : gatpoly_pin has 2 polygons
2026-08-29 20:38:07 +0200: Memory Usage (460072K) : gatpoly_nofill has 0 polygons
2026-08-29 20:38:07 +0200: Memory Usage (460072K) : gatpoly_OPC has 0 polygons
2026-08-29 20:38:07 +0200: Memory Usage (460072K) : gatpoly_iOPC has 0 polygons
2026-08-29 20:38:07 +0200: Memory Usage (460072K) : gatpoly_noqrc has 0 polygons
2026-08-29 20:38:07 +0200: Memory Usage (460072K) : cont_drw has 36 polygons
2026-08-29 20:38:07 +0200: Memory Usage (460072K) : cont_OPC has 0 polygons
2026-08-29 20:38:07 +0200: Memory Usage (460072K) : nsd_drw has 0 polygons
2026-08-29 20:38:07 +0200: Memory Usage (460072K) : nsd_block has 0 polygons
2026-08-29 20:38:07 +0200: Memory Usage (460200K) : metal1_drw has 29 polygons
2026-08-29 20:38:07 +0200: Memory Usage (460328K) : metal1_filler has 0 polygons
2026-08-29 20:38:07 +0200: Memory Usage (460456K) : metal1_slit has 0 polygons
2026-08-29 20:38:07 +0200: Memory Usage (460584K) : metal1 has 29 polygons
2026-08-29 20:38:07 +0200: Memory Usage (460712K) : metal1_pin has 9 polygons
2026-08-29 20:38:07 +0200: Memory Usage (460712K) : metal1_mask has 0 polygons
2026-08-29 20:38:07 +0200: Memory Usage (460840K) : metal1_nofill has 0 polygons
2026-08-29 20:38:07 +0200: Memory Usage (461480K) : metal1_text has 2 polygons
2026-08-29 20:38:07 +0200: Memory Usage (461480K) : metal1_OPC has 0 polygons
2026-08-29 20:38:07 +0200: Memory Usage (461480K) : metal1_noqrc has 0 polygons
2026-08-29 20:38:07 +0200: Memory Usage (461480K) : metal1_res has 0 polygons
2026-08-29 20:38:07 +0200: Memory Usage (461480K) : metal1_iprobe has 0 polygons
2026-08-29 20:38:07 +0200: Memory Usage (461480K) : metal1_diffprb has 0 polygons
2026-08-29 20:38:07 +0200: Memory Usage (461608K) : passiv_drw has 0 polygons
2026-08-29 20:38:07 +0200: Memory Usage (461608K) : passiv_pin has 0 polygons
2026-08-29 20:38:07 +0200: Memory Usage (461608K) : passiv_sbump has 0 polygons
2026-08-29 20:38:07 +0200: Memory Usage (461736K) : passiv_pillar has 0 polygons
2026-08-29 20:38:07 +0200: Memory Usage (461864K) : passiv_pdl has 0 polygons
2026-08-29 20:38:07 +0200: Memory Usage (461864K) : metal2_drw has 7 polygons
2026-08-29 20:38:07 +0200: Memory Usage (461992K) : metal2_filler has 0 polygons
2026-08-29 20:38:07 +0200: Memory Usage (461992K) : metal2_slit has 0 polygons
2026-08-29 20:38:07 +0200: Memory Usage (462248K) : metal2 has 7 polygons
2026-08-29 20:38:07 +0200: Memory Usage (462248K) : metal2_pin has 2 polygons
2026-08-29 20:38:07 +0200: Memory Usage (462376K) : metal2_mask has 0 polygons
2026-08-29 20:38:07 +0200: Memory Usage (462376K) : metal2_nofill has 0 polygons
2026-08-29 20:38:07 +0200: Memory Usage (462504K) : metal2_text has 2 polygons
2026-08-29 20:38:07 +0200: Memory Usage (462504K) : metal2_OPC has 0 polygons
2026-08-29 20:38:07 +0200: Memory Usage (462632K) : metal2_noqrc has 0 polygons
2026-08-29 20:38:07 +0200: Memory Usage (462760K) : metal2_res has 0 polygons
2026-08-29 20:38:07 +0200: Memory Usage (462760K) : metal2_iprobe has 0 polygons
2026-08-29 20:38:07 +0200: Memory Usage (462888K) : metal2_diffprb has 0 polygons
2026-08-29 20:38:07 +0200: Memory Usage (462888K) : baspoly_drw has 0 polygons
2026-08-29 20:38:07 +0200: Memory Usage (463016K) : baspoly_pin has 0 polygons
2026-08-29 20:38:07 +0200: Memory Usage (463016K) : psd_drw has 3 polygons
2026-08-29 20:38:07 +0200: Memory Usage (463144K) : nldb_drw has 0 polygons
2026-08-29 20:38:07 +0200: Memory Usage (463144K) : digibnd_drw has 0 polygons
2026-08-29 20:38:07 +0200: Memory Usage (463272K) : via1_drw has 8 polygons
2026-08-29 20:38:07 +0200: Memory Usage (463272K) : backmetal1_drw has 0 polygons
2026-08-29 20:38:07 +0200: Memory Usage (463400K) : backmetal1_pin has 0 polygons
2026-08-29 20:38:07 +0200: Memory Usage (463528K) : backmetal1_mask has 0 polygons
2026-08-29 20:38:07 +0200: Memory Usage (463656K) : backmetal1_filler has 0 polygons
2026-08-29 20:38:07 +0200: Memory Usage (463656K) : backmetal1_nofill has 0 polygons
2026-08-29 20:38:07 +0200: Memory Usage (463784K) : backmetal1_slit has 0 polygons
2026-08-29 20:38:07 +0200: Memory Usage (463784K) : backmetal1_text has 0 polygons
2026-08-29 20:38:07 +0200: Memory Usage (463912K) : backmetal1_OPC has 0 polygons
2026-08-29 20:38:07 +0200: Memory Usage (463912K) : backmetal1_noqrc has 0 polygons
2026-08-29 20:38:07 +0200: Memory Usage (464040K) : backmetal1_res has 0 polygons
2026-08-29 20:38:07 +0200: Memory Usage (464168K) : backmetal1_iprobe has 0 polygons
2026-08-29 20:38:07 +0200: Memory Usage (464296K) : backmetal1_diffprb has 0 polygons
2026-08-29 20:38:07 +0200: Memory Usage (464296K) : backpassiv_drw has 0 polygons
2026-08-29 20:38:07 +0200: Memory Usage (464424K) : res_drw has 0 polygons
2026-08-29 20:38:07 +0200: Memory Usage (464424K) : sram_drw has 0 polygons
2026-08-29 20:38:07 +0200: Memory Usage (464552K) : trans_drw has 0 polygons
2026-08-29 20:38:07 +0200: Memory Usage (464552K) : ind_drw has 0 polygons
2026-08-29 20:38:07 +0200: Memory Usage (464680K) : ind_pin has 0 polygons
2026-08-29 20:38:07 +0200: Memory Usage (464680K) : ind_text has 0 polygons
2026-08-29 20:38:07 +0200: Memory Usage (464808K) : salblock_drw has 0 polygons
2026-08-29 20:38:07 +0200: Memory Usage (464936K) : via2_drw has 0 polygons
2026-08-29 20:38:07 +0200: Memory Usage (464936K) : metal3_drw has 0 polygons
2026-08-29 20:38:07 +0200: Memory Usage (465064K) : metal3_filler has 0 polygons
2026-08-29 20:38:07 +0200: Memory Usage (465192K) : metal3_slit has 0 polygons
2026-08-29 20:38:07 +0200: Memory Usage (465320K) : metal3 has 0 polygons
2026-08-29 20:38:07 +0200: Memory Usage (465320K) : metal3_pin has 0 polygons
2026-08-29 20:38:07 +0200: Memory Usage (465448K) : metal3_mask has 0 polygons
2026-08-29 20:38:07 +0200: Memory Usage (465448K) : metal3_nofill has 0 polygons
2026-08-29 20:38:07 +0200: Memory Usage (465576K) : metal3_text has 0 polygons
2026-08-29 20:38:07 +0200: Memory Usage (465576K) : metal3_OPC has 0 polygons
2026-08-29 20:38:07 +0200: Memory Usage (465704K) : metal3_noqrc has 0 polygons
2026-08-29 20:38:07 +0200: Memory Usage (465704K) : metal3_res has 0 polygons
2026-08-29 20:38:07 +0200: Memory Usage (465832K) : metal3_iprobe has 0 polygons
2026-08-29 20:38:07 +0200: Memory Usage (465832K) : metal3_diffprb has 0 polygons
2026-08-29 20:38:07 +0200: Memory Usage (465960K) : nwell_drw has 5 polygons
2026-08-29 20:38:07 +0200: Memory Usage (466088K) : nwell_pin has 1 polygons
2026-08-29 20:38:07 +0200: Memory Usage (466216K) : nwell_text has 0 polygons
2026-08-29 20:38:07 +0200: Memory Usage (466216K) : nbulay_drw has 0 polygons
2026-08-29 20:38:07 +0200: Memory Usage (466344K) : nbulay_pin has 0 polygons
2026-08-29 20:38:07 +0200: Memory Usage (466472K) : nbulay_block has 0 polygons
2026-08-29 20:38:07 +0200: Memory Usage (466472K) : emwind_drw has 0 polygons
2026-08-29 20:38:07 +0200: Memory Usage (466472K) : emwind_OPC has 0 polygons
2026-08-29 20:38:07 +0200: Memory Usage (466472K) : deepco_drw has 0 polygons
2026-08-29 20:38:07 +0200: Memory Usage (466600K) : mim_drw has 0 polygons
2026-08-29 20:38:07 +0200: Memory Usage (466600K) : edgeseal_drw has 0 polygons
2026-08-29 20:38:07 +0200: Memory Usage (466600K) : substrate_drw has 3 polygons
2026-08-29 20:38:07 +0200: Memory Usage (466728K) : substrate_text has 0 polygons
2026-08-29 20:38:07 +0200: Memory Usage (466728K) : dfpad_drw has 0 polygons
2026-08-29 20:38:07 +0200: Memory Usage (466728K) : dfpad_pillar has 0 polygons
2026-08-29 20:38:07 +0200: Memory Usage (466728K) : dfpad_sbump has 0 polygons
2026-08-29 20:38:07 +0200: Memory Usage (466856K) : thickgateox_drw has 0 polygons
2026-08-29 20:38:07 +0200: Memory Usage (466856K) : pldb_drw has 0 polygons
2026-08-29 20:38:07 +0200: Memory Usage (466856K) : pwell_drw has 0 polygons
2026-08-29 20:38:07 +0200: Memory Usage (466984K) : pwell_pin has 0 polygons
2026-08-29 20:38:07 +0200: Memory Usage (466984K) : pwell_block has 0 polygons
2026-08-29 20:38:07 +0200: Memory Usage (467112K) : ic_drw has 0 polygons
2026-08-29 20:38:07 +0200: Memory Usage (467112K) : via3_drw has 0 polygons
2026-08-29 20:38:07 +0200: Memory Usage (467240K) : metal4_drw has 0 polygons
2026-08-29 20:38:07 +0200: Memory Usage (467240K) : metal4_filler has 0 polygons
2026-08-29 20:38:07 +0200: Memory Usage (467368K) : metal4_slit has 0 polygons
2026-08-29 20:38:07 +0200: Memory Usage (467496K) : metal4 has 0 polygons
2026-08-29 20:38:07 +0200: Memory Usage (467496K) : metal4_pin has 0 polygons
2026-08-29 20:38:07 +0200: Memory Usage (467624K) : metal4_mask has 0 polygons
2026-08-29 20:38:07 +0200: Memory Usage (467624K) : metal4_nofill has 0 polygons
2026-08-29 20:38:07 +0200: Memory Usage (467752K) : metal4_text has 0 polygons
2026-08-29 20:38:07 +0200: Memory Usage (467752K) : metal4_OPC has 0 polygons
2026-08-29 20:38:07 +0200: Memory Usage (467880K) : metal4_noqrc has 0 polygons
2026-08-29 20:38:07 +0200: Memory Usage (468008K) : metal4_res has 0 polygons
2026-08-29 20:38:07 +0200: Memory Usage (468008K) : metal4_iprobe has 0 polygons
2026-08-29 20:38:07 +0200: Memory Usage (468136K) : metal4_diffprb has 0 polygons
2026-08-29 20:38:07 +0200: Memory Usage (468136K) : heattrans_drw has 4 polygons
2026-08-29 20:38:07 +0200: Memory Usage (468264K) : heatres_drw has 0 polygons
2026-08-29 20:38:07 +0200: Memory Usage (468264K) : fbe_drw has 0 polygons
2026-08-29 20:38:07 +0200: Memory Usage (468392K) : empoly_drw has 0 polygons
2026-08-29 20:38:07 +0200: Memory Usage (468392K) : digisub_drw has 0 polygons
2026-08-29 20:38:07 +0200: Memory Usage (468392K) : text_drw has 6 polygons
2026-08-29 20:38:07 +0200: Memory Usage (468392K) : via4_drw has 0 polygons
2026-08-29 20:38:07 +0200: Memory Usage (468392K) : metal5_drw has 0 polygons
2026-08-29 20:38:07 +0200: Memory Usage (468392K) : metal5_filler has 0 polygons
2026-08-29 20:38:07 +0200: Memory Usage (468392K) : metal5_slit has 0 polygons
2026-08-29 20:38:07 +0200: Memory Usage (468392K) : metal5 has 0 polygons
2026-08-29 20:38:07 +0200: Memory Usage (468392K) : metal5_pin has 0 polygons
2026-08-29 20:38:07 +0200: Memory Usage (468392K) : metal5_mask has 0 polygons
2026-08-29 20:38:07 +0200: Memory Usage (468392K) : metal5_nofill has 0 polygons
2026-08-29 20:38:07 +0200: Memory Usage (468392K) : metal5_text has 0 polygons
2026-08-29 20:38:07 +0200: Memory Usage (468392K) : metal5_OPC has 0 polygons
2026-08-29 20:38:07 +0200: Memory Usage (468392K) : metal5_noqrc has 0 polygons
2026-08-29 20:38:07 +0200: Memory Usage (468392K) : metal5_res has 0 polygons
2026-08-29 20:38:07 +0200: Memory Usage (468392K) : metal5_iprobe has 0 polygons
2026-08-29 20:38:07 +0200: Memory Usage (468392K) : metal5_diffprb has 0 polygons
2026-08-29 20:38:07 +0200: Memory Usage (468392K) : radhard_drw has 0 polygons
2026-08-29 20:38:07 +0200: Memory Usage (468392K) : memcap_drw has 0 polygons
2026-08-29 20:38:07 +0200: Memory Usage (468392K) : varicap_drw has 0 polygons
2026-08-29 20:38:07 +0200: Memory Usage (468392K) : intbondvia_drw has 0 polygons
2026-08-29 20:38:07 +0200: Memory Usage (468392K) : intbondmet_drw has 0 polygons
2026-08-29 20:38:07 +0200: Memory Usage (468392K) : devbondvia_drw has 0 polygons
2026-08-29 20:38:07 +0200: Memory Usage (468392K) : devbondmet_drw has 0 polygons
2026-08-29 20:38:07 +0200: Memory Usage (468392K) : devtrench_drw has 0 polygons
2026-08-29 20:38:07 +0200: Memory Usage (468392K) : redist_drw has 0 polygons
2026-08-29 20:38:07 +0200: Memory Usage (468392K) : graphbot_drw has 0 polygons
2026-08-29 20:38:07 +0200: Memory Usage (468392K) : graphtop_drw has 0 polygons
2026-08-29 20:38:07 +0200: Memory Usage (468392K) : antvia1_drw has 0 polygons
2026-08-29 20:38:07 +0200: Memory Usage (468392K) : antmetal2_drw has 0 polygons
2026-08-29 20:38:07 +0200: Memory Usage (468392K) : graphcont_drw has 0 polygons
2026-08-29 20:38:07 +0200: Memory Usage (468392K) : siwg_drw has 0 polygons
2026-08-29 20:38:07 +0200: Memory Usage (468392K) : siwg_filler has 0 polygons
2026-08-29 20:38:07 +0200: Memory Usage (468392K) : siwg_nofill has 0 polygons
2026-08-29 20:38:07 +0200: Memory Usage (468392K) : sigrating_drw has 0 polygons
2026-08-29 20:38:07 +0200: Memory Usage (468392K) : singrating_drw has 0 polygons
2026-08-29 20:38:07 +0200: Memory Usage (468392K) : graphpas_drw has 0 polygons
2026-08-29 20:38:07 +0200: Memory Usage (468392K) : emwind3_drw has 0 polygons
2026-08-29 20:38:07 +0200: Memory Usage (468392K) : emwihv3_drw has 0 polygons
2026-08-29 20:38:07 +0200: Memory Usage (468392K) : redbulay_drw has 0 polygons
2026-08-29 20:38:07 +0200: Memory Usage (468392K) : smos_drw has 0 polygons
2026-08-29 20:38:07 +0200: Memory Usage (468392K) : graphpad_drw has 0 polygons
2026-08-29 20:38:07 +0200: Memory Usage (468392K) : polimide_drw has 0 polygons
2026-08-29 20:38:07 +0200: Memory Usage (468392K) : polimide_pin has 0 polygons
2026-08-29 20:38:07 +0200: Memory Usage (468392K) : recog_drw has 0 polygons
2026-08-29 20:38:07 +0200: Memory Usage (468392K) : recog_pin has 0 polygons
2026-08-29 20:38:07 +0200: Memory Usage (468392K) : recog_esd has 0 polygons
2026-08-29 20:38:07 +0200: Memory Usage (468392K) : recog_diode has 0 polygons
2026-08-29 20:38:07 +0200: Memory Usage (468392K) : recog_tsv has 0 polygons
2026-08-29 20:38:07 +0200: Memory Usage (468392K) : recog_iprobe has 0 polygons
2026-08-29 20:38:07 +0200: Memory Usage (468392K) : recog_diffprb has 0 polygons
2026-08-29 20:38:07 +0200: Memory Usage (468392K) : recog_pillar has 0 polygons
2026-08-29 20:38:07 +0200: Memory Usage (468392K) : recog_sbump has 0 polygons
2026-08-29 20:38:07 +0200: Memory Usage (468392K) : recog_otp has 0 polygons
2026-08-29 20:38:07 +0200: Memory Usage (468392K) : recog_pdiode has 0 polygons
2026-08-29 20:38:07 +0200: Memory Usage (468392K) : recog_mom has 0 polygons
2026-08-29 20:38:07 +0200: Memory Usage (468392K) : recog_pcm has 0 polygons
2026-08-29 20:38:07 +0200: Memory Usage (468392K) : colopen_drw has 0 polygons
2026-08-29 20:38:07 +0200: Memory Usage (468392K) : graphmetal1_drw has 0 polygons
2026-08-29 20:38:07 +0200: Memory Usage (468392K) : graphmetal1_filler has 0 polygons
2026-08-29 20:38:07 +0200: Memory Usage (468392K) : graphmetal1_nofill has 0 polygons
2026-08-29 20:38:07 +0200: Memory Usage (468392K) : graphmetal1_slit has 0 polygons
2026-08-29 20:38:07 +0200: Memory Usage (468392K) : graphmetal1_OPC has 0 polygons
2026-08-29 20:38:07 +0200: Memory Usage (468392K) : graphmet1l_drw has 0 polygons
2026-08-29 20:38:07 +0200: Memory Usage (468392K) : graphmet1l_filler has 0 polygons
2026-08-29 20:38:07 +0200: Memory Usage (468392K) : graphmet1l_nofill has 0 polygons
2026-08-29 20:38:07 +0200: Memory Usage (468392K) : graphmet1l_slit has 0 polygons
2026-08-29 20:38:07 +0200: Memory Usage (468392K) : graphmet1l_OPC has 0 polygons
2026-08-29 20:38:07 +0200: Memory Usage (468392K) : extblock_drw has 0 polygons
2026-08-29 20:38:07 +0200: Memory Usage (468392K) : nldd_drw has 0 polygons
2026-08-29 20:38:07 +0200: Memory Usage (468392K) : pldd_drw has 0 polygons
2026-08-29 20:38:07 +0200: Memory Usage (468392K) : next_drw has 0 polygons
2026-08-29 20:38:07 +0200: Memory Usage (468392K) : pext_drw has 0 polygons
2026-08-29 20:38:07 +0200: Memory Usage (468392K) : nexthv_drw has 0 polygons
2026-08-29 20:38:07 +0200: Memory Usage (468392K) : pexthv_drw has 0 polygons
2026-08-29 20:38:07 +0200: Memory Usage (468392K) : graphgate_drw has 0 polygons
2026-08-29 20:38:07 +0200: Memory Usage (468392K) : sinwg_drw has 0 polygons
2026-08-29 20:38:07 +0200: Memory Usage (468392K) : sinwg_filler has 0 polygons
2026-08-29 20:38:07 +0200: Memory Usage (468392K) : sinwg_nofill has 0 polygons
2026-08-29 20:38:07 +0200: Memory Usage (468392K) : mempad_drw has 0 polygons
2026-08-29 20:38:07 +0200: Memory Usage (468392K) : topvia1_drw has 0 polygons
2026-08-29 20:38:07 +0200: Memory Usage (468392K) : topmetal1_drw has 0 polygons
2026-08-29 20:38:07 +0200: Memory Usage (468392K) : topmetal1_filler has 0 polygons
2026-08-29 20:38:07 +0200: Memory Usage (468392K) : topmetal1_slit has 0 polygons
2026-08-29 20:38:07 +0200: Memory Usage (468392K) : topmetal1 has 0 polygons
2026-08-29 20:38:07 +0200: Memory Usage (468392K) : topmetal1_pin has 0 polygons
2026-08-29 20:38:07 +0200: Memory Usage (468392K) : topmetal1_mask has 0 polygons
2026-08-29 20:38:07 +0200: Memory Usage (468392K) : topmetal1_nofill has 0 polygons
2026-08-29 20:38:07 +0200: Memory Usage (468392K) : topmetal1_text has 0 polygons
2026-08-29 20:38:07 +0200: Memory Usage (468392K) : topmetal1_noqrc has 0 polygons
2026-08-29 20:38:07 +0200: Memory Usage (468392K) : topmetal1_res has 0 polygons
2026-08-29 20:38:07 +0200: Memory Usage (468392K) : topmetal1_iprobe has 0 polygons
2026-08-29 20:38:07 +0200: Memory Usage (468392K) : topmetal1_diffprb has 0 polygons
2026-08-29 20:38:07 +0200: Memory Usage (468392K) : inldpwl_drw has 0 polygons
2026-08-29 20:38:07 +0200: Memory Usage (468392K) : polyres_drw has 0 polygons
2026-08-29 20:38:07 +0200: Memory Usage (468392K) : polyres_pin has 0 polygons
2026-08-29 20:38:07 +0200: Memory Usage (468392K) : vmim_drw has 0 polygons
2026-08-29 20:38:07 +0200: Memory Usage (468392K) : nbulaycut_drw has 0 polygons
2026-08-29 20:38:07 +0200: Memory Usage (468392K) : antmetal1_drw has 0 polygons
2026-08-29 20:38:07 +0200: Memory Usage (468392K) : topvia2_drw has 0 polygons
2026-08-29 20:38:07 +0200: Memory Usage (468392K) : topmetal2_drw has 0 polygons
2026-08-29 20:38:08 +0200: Memory Usage (468392K) : topmetal2_filler has 0 polygons
2026-08-29 20:38:08 +0200: Memory Usage (468392K) : topmetal2_slit has 0 polygons
2026-08-29 20:38:08 +0200: Memory Usage (468392K) : topmetal2 has 0 polygons
2026-08-29 20:38:08 +0200: Memory Usage (468392K) : topmetal2_pin has 0 polygons
2026-08-29 20:38:08 +0200: Memory Usage (468392K) : topmetal2_mask has 0 polygons
2026-08-29 20:38:08 +0200: Memory Usage (468392K) : topmetal2_nofill has 0 polygons
2026-08-29 20:38:08 +0200: Memory Usage (468392K) : topmetal2_text has 0 polygons
2026-08-29 20:38:08 +0200: Memory Usage (468392K) : topmetal2_noqrc has 0 polygons
2026-08-29 20:38:08 +0200: Memory Usage (468392K) : topmetal2_res has 0 polygons
2026-08-29 20:38:08 +0200: Memory Usage (468392K) : topmetal2_iprobe has 0 polygons
2026-08-29 20:38:08 +0200: Memory Usage (468392K) : topmetal2_diffprb has 0 polygons
2026-08-29 20:38:08 +0200: Memory Usage (468392K) : snsring_drw has 0 polygons
2026-08-29 20:38:08 +0200: Memory Usage (468392K) : sensor_drw has 0 polygons
2026-08-29 20:38:08 +0200: Memory Usage (468392K) : snsarms_drw has 0 polygons
2026-08-29 20:38:08 +0200: Memory Usage (468392K) : snscmosvia_drw has 0 polygons
2026-08-29 20:38:08 +0200: Memory Usage (468392K) : colwind_drw has 0 polygons
2026-08-29 20:38:08 +0200: Memory Usage (468392K) : flm_drw has 0 polygons
2026-08-29 20:38:08 +0200: Memory Usage (468392K) : hafniumox_drw has 0 polygons
2026-08-29 20:38:08 +0200: Memory Usage (468392K) : memvia_drw has 0 polygons
2026-08-29 20:38:08 +0200: Memory Usage (468392K) : thinfilmres_drw has 0 polygons
2026-08-29 20:38:08 +0200: Memory Usage (468392K) : rfmem_drw has 0 polygons
2026-08-29 20:38:08 +0200: Memory Usage (468392K) : norcx_drw has 0 polygons
2026-08-29 20:38:08 +0200: Memory Usage (468392K) : norcx_m2m3 has 0 polygons
2026-08-29 20:38:08 +0200: Memory Usage (468392K) : norcx_m2m4 has 0 polygons
2026-08-29 20:38:08 +0200: Memory Usage (468392K) : norcx_m2m5 has 0 polygons
2026-08-29 20:38:08 +0200: Memory Usage (468392K) : norcx_m2tm1 has 0 polygons
2026-08-29 20:38:08 +0200: Memory Usage (468392K) : norcx_m2tm2 has 0 polygons
2026-08-29 20:38:08 +0200: Memory Usage (468392K) : norcx_m3m4 has 0 polygons
2026-08-29 20:38:08 +0200: Memory Usage (468392K) : norcx_m3m5 has 0 polygons
2026-08-29 20:38:08 +0200: Memory Usage (468392K) : norcx_m3tm1 has 0 polygons
2026-08-29 20:38:08 +0200: Memory Usage (468392K) : norcx_m3tm2 has 0 polygons
2026-08-29 20:38:08 +0200: Memory Usage (468392K) : norcx_m4m5 has 0 polygons
2026-08-29 20:38:08 +0200: Memory Usage (468392K) : norcx_m4tm1 has 0 polygons
2026-08-29 20:38:08 +0200: Memory Usage (468392K) : norcx_m4tm2 has 0 polygons
2026-08-29 20:38:08 +0200: Memory Usage (468392K) : norcx_m5tm1 has 0 polygons
2026-08-29 20:38:08 +0200: Memory Usage (468392K) : norcx_m5tm2 has 0 polygons
2026-08-29 20:38:08 +0200: Memory Usage (468392K) : norcx_tm1tm2 has 0 polygons
2026-08-29 20:38:08 +0200: Memory Usage (468392K) : norcx_m1sub has 0 polygons
2026-08-29 20:38:08 +0200: Memory Usage (468392K) : norcx_m2sub has 0 polygons
2026-08-29 20:38:08 +0200: Memory Usage (468520K) : norcx_m3sub has 0 polygons
2026-08-29 20:38:08 +0200: Memory Usage (468520K) : norcx_m4sub has 0 polygons
2026-08-29 20:38:08 +0200: Memory Usage (468648K) : norcx_m5sub has 0 polygons
2026-08-29 20:38:08 +0200: Memory Usage (468648K) : norcx_tm1sub has 0 polygons
2026-08-29 20:38:08 +0200: Memory Usage (468776K) : norcx_tm2sub has 0 polygons
2026-08-29 20:38:08 +0200: Memory Usage (468776K) : snsbotvia_drw has 0 polygons
2026-08-29 20:38:08 +0200: Memory Usage (468904K) : snstopvia_drw has 0 polygons
2026-08-29 20:38:08 +0200: Memory Usage (469032K) : deepvia_drw has 0 polygons
2026-08-29 20:38:08 +0200: Memory Usage (469032K) : fgetch_drw has 0 polygons
2026-08-29 20:38:08 +0200: Memory Usage (469160K) : ctrgat_drw has 0 polygons
2026-08-29 20:38:08 +0200: Memory Usage (469160K) : fgimp_drw has 0 polygons
2026-08-29 20:38:08 +0200: Memory Usage (469288K) : emwihv_drw has 0 polygons
2026-08-29 20:38:08 +0200: Memory Usage (469288K) : lbe_drw has 0 polygons
2026-08-29 20:38:08 +0200: Memory Usage (469416K) : alcustop_drw has 0 polygons
2026-08-29 20:38:08 +0200: Memory Usage (469416K) : nometfiller_drw has 0 polygons
2026-08-29 20:38:08 +0200: Memory Usage (469544K) : prboundary_drw has 0 polygons
2026-08-29 20:38:08 +0200: Memory Usage (469672K) : exchange0_drw has 0 polygons
2026-08-29 20:38:08 +0200: Memory Usage (469672K) : exchange0_pin has 0 polygons
2026-08-29 20:38:08 +0200: Memory Usage (469800K) : exchange0_text has 0 polygons
2026-08-29 20:38:08 +0200: Memory Usage (469800K) : exchange1_drw has 0 polygons
2026-08-29 20:38:08 +0200: Memory Usage (469800K) : exchange1_pin has 0 polygons
2026-08-29 20:38:08 +0200: Memory Usage (469800K) : exchange1_text has 0 polygons
2026-08-29 20:38:08 +0200: Memory Usage (469800K) : exchange2_drw has 0 polygons
2026-08-29 20:38:08 +0200: Memory Usage (469800K) : exchange2_pin has 0 polygons
2026-08-29 20:38:08 +0200: Memory Usage (469800K) : exchange2_text has 0 polygons
2026-08-29 20:38:08 +0200: Memory Usage (469800K) : exchange3_drw has 0 polygons
2026-08-29 20:38:08 +0200: Memory Usage (469800K) : exchange3_pin has 0 polygons
2026-08-29 20:38:08 +0200: Memory Usage (469800K) : exchange3_text has 0 polygons
2026-08-29 20:38:08 +0200: Memory Usage (469800K) : exchange4_drw has 0 polygons
2026-08-29 20:38:08 +0200: Memory Usage (469800K) : exchange4_pin has 0 polygons
2026-08-29 20:38:08 +0200: Memory Usage (469800K) : exchange4_text has 0 polygons
2026-08-29 20:38:08 +0200: Memory Usage (469800K) : isonwell_drw has 0 polygons
2026-08-29 20:38:08 +0200: Memory Usage (469800K) : Total no. of polygons in the design is 143
2026-08-29 20:38:08 +0200: Memory Usage (469800K) : Starting CMOS5L Forbidden Layer Check
2026-08-29 20:38:08 +0200: Memory Usage (469800K) : CMOS5L Forbidden Layer Check: PASSED - No forbidden layers found
2026-08-29 20:38:08 +0200: Memory Usage (469800K) : CMOS5L Forbidden Layer Check: PASSED
2026-08-29 20:38:08 +0200: Memory Usage (469800K) : Starting base layers derivations
2026-08-29 20:38:08 +0200: Memory Usage (469800K) : Starting general LVS derivations
2026-08-29 20:38:08 +0200: Memory Usage (473948K) : Starting MOSFET DERIVATIONS
2026-08-29 20:38:08 +0200: Memory Usage (473948K) : Starting NMOS DERIVATIONS
2026-08-29 20:38:08 +0200: Memory Usage (473948K) : Starting PMOS DERIVATIONS
2026-08-29 20:38:08 +0200: Memory Usage (473948K) : Starting RF-MOSFET DERIVATIONS
2026-08-29 20:38:08 +0200: Memory Usage (473948K) : Starting RF-NMOS DERIVATIONS
2026-08-29 20:38:08 +0200: Memory Usage (473948K) : Starting RF-PMOS DERIVATIONS
2026-08-29 20:38:08 +0200: Memory Usage (473948K) : Starting BJT DERIVATIONS
2026-08-29 20:38:08 +0200: Memory Usage (473948K) : Starting NPN-BJT DERIVATIONS
2026-08-29 20:38:08 +0200: Memory Usage (478940K) : Starting PNP-BJT DERIVATIONS
2026-08-29 20:38:08 +0200: Memory Usage (480220K) : Starting DIODE DERIVATIONS
2026-08-29 20:38:08 +0200: Memory Usage (481628K) : Starting RESISTOR DERIVATIONS
2026-08-29 20:38:08 +0200: Memory Usage (481628K) : Starting CAP DERIVATIONS
2026-08-29 20:38:08 +0200: Memory Usage (481756K) : Starting CAP_MFRINGE DERIVATIONS
2026-08-29 20:38:08 +0200: Memory Usage (481756K) : Starting ESD DERIVATIONS
2026-08-29 20:38:09 +0200: Memory Usage (483932K) : Starting Inductor DERIVATIONS
2026-08-29 20:38:09 +0200: Memory Usage (486620K) : Starting Taps DERIVATIONS
2026-08-29 20:38:09 +0200: Memory Usage (486620K) : Starting SG13G2 LVS connectivity setup
2026-08-29 20:38:09 +0200: Memory Usage (486620K) : Starting SG13G2 LVS connectivity setup (Inter-layer)
2026-08-29 20:38:09 +0200: Memory Usage (486748K) : Starting SG13G2 LVS connectivity setup (Global)
2026-08-29 20:38:09 +0200: Memory Usage (486748K) : Starting LVS MOSFET CONNECTIONS
2026-08-29 20:38:09 +0200: Memory Usage (486748K) : Starting LVS RF-MOSFET CONNECTIONS
2026-08-29 20:38:09 +0200: Memory Usage (486748K) : Starting LVS BJT CONNECTIONS
2026-08-29 20:38:09 +0200: Memory Usage (486748K) : Starting LVS DIODE CONNECTIONS
2026-08-29 20:38:09 +0200: Memory Usage (486748K) : Starting RESISTOR CONNECTIONS
2026-08-29 20:38:09 +0200: Memory Usage (486748K) : Starting LVS CAP CONNECTIONS
2026-08-29 20:38:09 +0200: Memory Usage (486748K) : Starting ESD CONNECTIONS
2026-08-29 20:38:09 +0200: Memory Usage (486748K) : Starting Inductor CONNECTIONS
2026-08-29 20:38:09 +0200: Memory Usage (486748K) : Starting LVS Taps CONNECTIONS
2026-08-29 20:38:09 +0200: Memory Usage (486748K) : Starting CAP_MFRINGE CONNECTIONS
2026-08-29 20:38:09 +0200: Memory Usage (486748K) : Starting SG13CMOS5L LVS DEVICES EXTRACTION
2026-08-29 20:38:09 +0200: Memory Usage (486748K) : Starting MOSFET EXTRACTION
2026-08-29 20:38:09 +0200: Memory Usage (486748K) : Starting NMOS EXTRACTION
2026-08-29 20:38:09 +0200: Memory Usage (486748K) : Extraction of NMOS-LV transistor
2026-08-29 20:38:09 +0200: Memory Usage (487004K) : Extraction of NMOS-HV transistor
2026-08-29 20:38:09 +0200: Memory Usage (487004K) : Starting PMOS EXTRACTION
2026-08-29 20:38:09 +0200: Memory Usage (487004K) : Extraction of PMOS-LV transistor
2026-08-29 20:38:09 +0200: Memory Usage (487004K) : Extraction of PMOS-HV transistor
2026-08-29 20:38:09 +0200: Memory Usage (487004K) : Starting RF-MOSFET EXTRACTION
2026-08-29 20:38:09 +0200: Memory Usage (487004K) : Extraction of RF-NMOS-LV transistor
2026-08-29 20:38:09 +0200: Memory Usage (487004K) : Extraction of RF-NMOS-HV transistor
2026-08-29 20:38:09 +0200: Memory Usage (487004K) : Extraction of RF-PMOS-LV transistor
2026-08-29 20:38:09 +0200: Memory Usage (487004K) : Extraction of RF-PMOS-HV transistor
2026-08-29 20:38:09 +0200: Memory Usage (487004K) : Starting BJT EXTRACTION
2026-08-29 20:38:09 +0200: Memory Usage (487004K) : Starting NPN-BJT EXTRACTION
2026-08-29 20:38:09 +0200: Memory Usage (487004K) : Extraction of npn13G2 BJT transistor
2026-08-29 20:38:09 +0200: Memory Usage (487004K) : Extraction of npn13G2L BJT transistor
2026-08-29 20:38:09 +0200: Memory Usage (487004K) : Extraction of npn13G2V BJT transistor
2026-08-29 20:38:09 +0200: Memory Usage (487004K) : Starting PNP-BJT EXTRACTION
2026-08-29 20:38:09 +0200: Memory Usage (487004K) : Extracting pnpMPA BJT
2026-08-29 20:38:09 +0200: Memory Usage (487004K) : Starting DIODE EXTRACTION
2026-08-29 20:38:09 +0200: Memory Usage (487004K) : Extracting dantenna diode
2026-08-29 20:38:09 +0200: Memory Usage (487004K) : Extracting dpantenna diode
2026-08-29 20:38:09 +0200: Memory Usage (487004K) : Extracting schottky_nbl1 diode
2026-08-29 20:38:09 +0200: Memory Usage (487004K) : Extracting isolbox diode
2026-08-29 20:38:09 +0200: Memory Usage (487004K) : Starting RESISTOR EXTRACTION
2026-08-29 20:38:09 +0200: Memory Usage (487004K) : Extracting rsil resistor
2026-08-29 20:38:09 +0200: Memory Usage (487004K) : Extracting rppd resistor
2026-08-29 20:38:09 +0200: Memory Usage (487004K) : Extracting rhigh resistor
2026-08-29 20:38:09 +0200: Memory Usage (487004K) : Extracting res_metal1 resistor
2026-08-29 20:38:09 +0200: Memory Usage (487132K) : Extracting res_metal2 resistor
2026-08-29 20:38:09 +0200: Memory Usage (487132K) : Extracting res_metal3 resistor
2026-08-29 20:38:09 +0200: Memory Usage (487132K) : Extracting res_metal4 resistor
2026-08-29 20:38:09 +0200: Memory Usage (487132K) : Extracting res_metal5 resistor
2026-08-29 20:38:09 +0200: Memory Usage (487132K) : Extracting res_topmetal1 resistor
2026-08-29 20:38:09 +0200: Memory Usage (487132K) : Extracting res_topmetal2 resistor
2026-08-29 20:38:09 +0200: Memory Usage (487132K) : Starting CAP EXTRACTION
2026-08-29 20:38:09 +0200: Memory Usage (487132K) : Extracting cap_cmim device
2026-08-29 20:38:09 +0200: Memory Usage (487132K) : Extracting rfcmim device
2026-08-29 20:38:09 +0200: Memory Usage (487132K) : Extracting sg13_hv_svaricap varactor
2026-08-29 20:38:09 +0200: Memory Usage (487132K) : Extracting cap_mfringe device
2026-08-29 20:38:09 +0200: Memory Usage (487132K) : Starting ESD EXTRACTION
2026-08-29 20:38:09 +0200: Memory Usage (487132K) : Extracting diodevdd_2kv ESD device
2026-08-29 20:38:09 +0200: Memory Usage (487132K) : Extracting diodevdd_4kv ESD device
2026-08-29 20:38:09 +0200: Memory Usage (487132K) : Extracting diodevss_2kv ESD device
2026-08-29 20:38:09 +0200: Memory Usage (487132K) : Extracting diodevss_4kv ESD device
2026-08-29 20:38:09 +0200: Memory Usage (487132K) : Extracting idiodevdd_2kv ESD device
2026-08-29 20:38:09 +0200: Memory Usage (487132K) : Extracting idiodevdd_4kv ESD device
2026-08-29 20:38:09 +0200: Memory Usage (487132K) : Extracting idiodevss_2kv ESD device
2026-08-29 20:38:09 +0200: Memory Usage (487132K) : Extracting idiodevss_4kv ESD device
2026-08-29 20:38:09 +0200: Memory Usage (487132K) : Extracting nmoscl_2 ESD device
2026-08-29 20:38:09 +0200: Memory Usage (487132K) : Extracting nmoscl_4 ESD device
2026-08-29 20:38:09 +0200: Memory Usage (487132K) : Starting Inductor EXTRACTION
2026-08-29 20:38:09 +0200: Memory Usage (487132K) : Extracting Inductor2 device
2026-08-29 20:38:09 +0200: Memory Usage (487132K) : Extracting Inductor3 device
2026-08-29 20:38:09 +0200: Memory Usage (487132K) : Starting Taps EXTRACTION
2026-08-29 20:38:09 +0200: Memory Usage (487132K) : DISABLE_TAP_EXTRACTION is enabled: skipping ntap1/ptap1 device extraction.
2026-08-29 20:38:09 +0200: Memory Usage (487132K) : Starting SG13CMOS5L LVS RF MOS Model Mapping
2026-08-29 20:38:09 +0200: Memory Usage (487132K) : [layout_netlist] Apply RF MOS model mapping and rfmode parameter.
2026-08-29 20:38:09 +0200: Memory Usage (487260K) : Starting SG13CMOS5L LVS Options Preparations
2026-08-29 20:38:09 +0200: Memory Usage (487260K) : SG13CMOS5L LVS flow: extraction -> alignment -> option preparation -> comparison.
2026-08-29 20:38:09 +0200: Memory Usage (487260K) : Starting SG13CMOS5L LVS Alignment
