# Logfile created on 2026-08-23 18:29:52 +0200 by logger.rb/v1.5.3
2026-08-23 18:29:52 +0200: Memory Usage (457428K) : Starting running SG13CMOS5L Klayout LVS runset on /foss/designs/CHIP-PLL/layout/PFD/PFD_passgate.gds
2026-08-23 18:29:52 +0200: Memory Usage (457428K) : Ruby Version for klayout: 3.2.3
2026-08-23 18:29:52 +0200: Memory Usage (458780K) : Loading database to memory is complete.
2026-08-23 18:29:52 +0200: Memory Usage (458780K) : SG13CMOS5L Klayout LVS runset output at: /foss/designs/CHIP-PLL/layout/PFD/lvs_run_PFD_passgate_2026_08_23_18_29_50/PFD_passgate.lvsdb
2026-08-23 18:29:52 +0200: Memory Usage (458780K) : Evaluate switches.
2026-08-23 18:29:52 +0200: Memory Usage (458780K) : Extracted netlist with net names: true
2026-08-23 18:29:52 +0200: Memory Usage (458780K) : Extracted netlist with comments in details: false
2026-08-23 18:29:52 +0200: Memory Usage (458780K) : Selected NET_ONLY option: false
2026-08-23 18:29:52 +0200: Memory Usage (458780K) : Selected LAYOUT_NETLIST option: (none)
2026-08-23 18:29:52 +0200: Memory Usage (458780K) : Selected IGNORE_TOP_PORTS_MISMATCH option: 
2026-08-23 18:29:52 +0200: Memory Usage (458780K) : Selected IMPLICIT_NETS option: (none)
2026-08-23 18:29:52 +0200: Memory Usage (458780K) : Selected TOP_LVL_PINS option: false
2026-08-23 18:29:52 +0200: Memory Usage (458780K) : Selected COMBINE DEVICES option: false
2026-08-23 18:29:52 +0200: Memory Usage (458780K) : Selected PURGE option: false
2026-08-23 18:29:52 +0200: Memory Usage (458780K) : Selected PURGE_NETS option: false
2026-08-23 18:29:52 +0200: Memory Usage (458780K) : Selected SIMPLIFY option: true
2026-08-23 18:29:52 +0200: Memory Usage (458780K) : Selected SERIES_RES option: true
2026-08-23 18:29:52 +0200: Memory Usage (458780K) : Selected PARALLEL_RES option: true
2026-08-23 18:29:52 +0200: Memory Usage (458780K) : Selected DISABLE_TAP_EXTRACTION option: false
2026-08-23 18:29:52 +0200: Memory Usage (458780K) : flat  mode is enabled.
2026-08-23 18:29:52 +0200: Memory Usage (460088K) : Netlist file: /foss/designs/CHIP-PLL/schematics/PFD/simulations/PFD_passgate.spice
2026-08-23 18:29:52 +0200: Memory Usage (460088K) : LVS extracted netlist at: /foss/designs/CHIP-PLL/layout/PFD/lvs_run_PFD_passgate_2026_08_23_18_29_50/PFD_passgate_extracted.cir
2026-08-23 18:29:52 +0200: Memory Usage (460088K) : Applying SRAM integration support.
2026-08-23 18:29:52 +0200: Memory Usage (460088K) : Starting SG13CMOS5L LVS runset
2026-08-23 18:29:52 +0200: Memory Usage (460088K) : Read in polygons from layers.
2026-08-23 18:29:52 +0200: Memory Usage (460900K) : activ_drw has 4 polygons
2026-08-23 18:29:52 +0200: Memory Usage (460900K) : activ_filler has 0 polygons
2026-08-23 18:29:52 +0200: Memory Usage (461028K) : activ has 4 polygons
2026-08-23 18:29:52 +0200: Memory Usage (461028K) : activ_pin has 0 polygons
2026-08-23 18:29:52 +0200: Memory Usage (461028K) : activ_mask has 0 polygons
2026-08-23 18:29:52 +0200: Memory Usage (461028K) : activ_nofill has 0 polygons
2026-08-23 18:29:52 +0200: Memory Usage (461028K) : activ_OPC has 0 polygons
2026-08-23 18:29:52 +0200: Memory Usage (461028K) : activ_iOPC has 0 polygons
2026-08-23 18:29:52 +0200: Memory Usage (461156K) : activ_noqrc has 0 polygons
2026-08-23 18:29:52 +0200: Memory Usage (461156K) : biwind_drw has 0 polygons
2026-08-23 18:29:52 +0200: Memory Usage (461156K) : biwind_OPC has 0 polygons
2026-08-23 18:29:52 +0200: Memory Usage (461156K) : gatpoly_drw has 2 polygons
2026-08-23 18:29:52 +0200: Memory Usage (461284K) : gatpoly_filler has 0 polygons
2026-08-23 18:29:52 +0200: Memory Usage (461412K) : gatpoly has 2 polygons
2026-08-23 18:29:52 +0200: Memory Usage (461540K) : gatpoly_pin has 1 polygons
2026-08-23 18:29:52 +0200: Memory Usage (461668K) : gatpoly_nofill has 0 polygons
2026-08-23 18:29:52 +0200: Memory Usage (462052K) : gatpoly_OPC has 0 polygons
2026-08-23 18:29:52 +0200: Memory Usage (462180K) : gatpoly_iOPC has 0 polygons
2026-08-23 18:29:52 +0200: Memory Usage (462180K) : gatpoly_noqrc has 0 polygons
2026-08-23 18:29:52 +0200: Memory Usage (462308K) : cont_drw has 18 polygons
2026-08-23 18:29:52 +0200: Memory Usage (462436K) : cont_OPC has 0 polygons
2026-08-23 18:29:52 +0200: Memory Usage (462564K) : nsd_drw has 0 polygons
2026-08-23 18:29:52 +0200: Memory Usage (462692K) : nsd_block has 0 polygons
2026-08-23 18:29:52 +0200: Memory Usage (462820K) : metal1_drw has 7 polygons
2026-08-23 18:29:52 +0200: Memory Usage (463076K) : metal1_filler has 0 polygons
2026-08-23 18:29:52 +0200: Memory Usage (463204K) : metal1_slit has 0 polygons
2026-08-23 18:29:52 +0200: Memory Usage (463332K) : metal1 has 7 polygons
2026-08-23 18:29:52 +0200: Memory Usage (463460K) : metal1_pin has 8 polygons
2026-08-23 18:29:52 +0200: Memory Usage (463588K) : metal1_mask has 0 polygons
2026-08-23 18:29:52 +0200: Memory Usage (463716K) : metal1_nofill has 0 polygons
2026-08-23 18:29:52 +0200: Memory Usage (463972K) : metal1_text has 4 polygons
2026-08-23 18:29:52 +0200: Memory Usage (464100K) : metal1_OPC has 0 polygons
2026-08-23 18:29:52 +0200: Memory Usage (464228K) : metal1_noqrc has 0 polygons
2026-08-23 18:29:52 +0200: Memory Usage (464356K) : metal1_res has 0 polygons
2026-08-23 18:29:52 +0200: Memory Usage (464484K) : metal1_iprobe has 0 polygons
2026-08-23 18:29:52 +0200: Memory Usage (464612K) : metal1_diffprb has 0 polygons
2026-08-23 18:29:52 +0200: Memory Usage (464740K) : passiv_drw has 0 polygons
2026-08-23 18:29:52 +0200: Memory Usage (464868K) : passiv_pin has 0 polygons
2026-08-23 18:29:52 +0200: Memory Usage (464996K) : passiv_sbump has 0 polygons
2026-08-23 18:29:52 +0200: Memory Usage (465252K) : passiv_pillar has 0 polygons
2026-08-23 18:29:52 +0200: Memory Usage (465508K) : passiv_pdl has 0 polygons
2026-08-23 18:29:52 +0200: Memory Usage (465636K) : metal2_drw has 2 polygons
2026-08-23 18:29:52 +0200: Memory Usage (465764K) : metal2_filler has 0 polygons
2026-08-23 18:29:52 +0200: Memory Usage (465892K) : metal2_slit has 0 polygons
2026-08-23 18:29:52 +0200: Memory Usage (466020K) : metal2 has 2 polygons
2026-08-23 18:29:52 +0200: Memory Usage (466148K) : metal2_pin has 2 polygons
2026-08-23 18:29:52 +0200: Memory Usage (466276K) : metal2_mask has 0 polygons
2026-08-23 18:29:52 +0200: Memory Usage (466404K) : metal2_nofill has 0 polygons
2026-08-23 18:29:52 +0200: Memory Usage (466532K) : metal2_text has 2 polygons
2026-08-23 18:29:52 +0200: Memory Usage (466660K) : metal2_OPC has 0 polygons
2026-08-23 18:29:52 +0200: Memory Usage (466788K) : metal2_noqrc has 0 polygons
2026-08-23 18:29:52 +0200: Memory Usage (466916K) : metal2_res has 0 polygons
2026-08-23 18:29:52 +0200: Memory Usage (467172K) : metal2_iprobe has 0 polygons
2026-08-23 18:29:52 +0200: Memory Usage (467300K) : metal2_diffprb has 0 polygons
2026-08-23 18:29:52 +0200: Memory Usage (467428K) : baspoly_drw has 0 polygons
2026-08-23 18:29:52 +0200: Memory Usage (467684K) : baspoly_pin has 0 polygons
2026-08-23 18:29:52 +0200: Memory Usage (467812K) : psd_drw has 2 polygons
2026-08-23 18:29:52 +0200: Memory Usage (467940K) : nldb_drw has 0 polygons
2026-08-23 18:29:52 +0200: Memory Usage (468068K) : digibnd_drw has 0 polygons
2026-08-23 18:29:52 +0200: Memory Usage (468196K) : via1_drw has 6 polygons
2026-08-23 18:29:52 +0200: Memory Usage (468324K) : backmetal1_drw has 0 polygons
2026-08-23 18:29:52 +0200: Memory Usage (468452K) : backmetal1_pin has 0 polygons
2026-08-23 18:29:52 +0200: Memory Usage (468452K) : backmetal1_mask has 0 polygons
2026-08-23 18:29:52 +0200: Memory Usage (468580K) : backmetal1_filler has 0 polygons
2026-08-23 18:29:52 +0200: Memory Usage (468708K) : backmetal1_nofill has 0 polygons
2026-08-23 18:29:52 +0200: Memory Usage (468708K) : backmetal1_slit has 0 polygons
2026-08-23 18:29:52 +0200: Memory Usage (468708K) : backmetal1_text has 0 polygons
2026-08-23 18:29:52 +0200: Memory Usage (468836K) : backmetal1_OPC has 0 polygons
2026-08-23 18:29:52 +0200: Memory Usage (468964K) : backmetal1_noqrc has 0 polygons
2026-08-23 18:29:52 +0200: Memory Usage (468964K) : backmetal1_res has 0 polygons
2026-08-23 18:29:52 +0200: Memory Usage (469092K) : backmetal1_iprobe has 0 polygons
2026-08-23 18:29:52 +0200: Memory Usage (469220K) : backmetal1_diffprb has 0 polygons
2026-08-23 18:29:52 +0200: Memory Usage (469348K) : backpassiv_drw has 0 polygons
2026-08-23 18:29:52 +0200: Memory Usage (469476K) : res_drw has 0 polygons
2026-08-23 18:29:52 +0200: Memory Usage (469604K) : sram_drw has 0 polygons
2026-08-23 18:29:52 +0200: Memory Usage (469732K) : trans_drw has 0 polygons
2026-08-23 18:29:52 +0200: Memory Usage (469860K) : ind_drw has 0 polygons
2026-08-23 18:29:52 +0200: Memory Usage (469988K) : ind_pin has 0 polygons
2026-08-23 18:29:52 +0200: Memory Usage (470116K) : ind_text has 0 polygons
2026-08-23 18:29:52 +0200: Memory Usage (470244K) : salblock_drw has 0 polygons
2026-08-23 18:29:52 +0200: Memory Usage (470372K) : via2_drw has 0 polygons
2026-08-23 18:29:52 +0200: Memory Usage (470500K) : metal3_drw has 0 polygons
2026-08-23 18:29:52 +0200: Memory Usage (470628K) : metal3_filler has 0 polygons
2026-08-23 18:29:52 +0200: Memory Usage (470756K) : metal3_slit has 0 polygons
2026-08-23 18:29:52 +0200: Memory Usage (470884K) : metal3 has 0 polygons
2026-08-23 18:29:52 +0200: Memory Usage (471140K) : metal3_pin has 0 polygons
2026-08-23 18:29:52 +0200: Memory Usage (471268K) : metal3_mask has 0 polygons
2026-08-23 18:29:52 +0200: Memory Usage (471396K) : metal3_nofill has 0 polygons
2026-08-23 18:29:52 +0200: Memory Usage (471396K) : metal3_text has 0 polygons
2026-08-23 18:29:52 +0200: Memory Usage (471396K) : metal3_OPC has 0 polygons
2026-08-23 18:29:52 +0200: Memory Usage (471524K) : metal3_noqrc has 0 polygons
2026-08-23 18:29:52 +0200: Memory Usage (471652K) : metal3_res has 0 polygons
2026-08-23 18:29:52 +0200: Memory Usage (471780K) : metal3_iprobe has 0 polygons
2026-08-23 18:29:52 +0200: Memory Usage (471908K) : metal3_diffprb has 0 polygons
2026-08-23 18:29:52 +0200: Memory Usage (472036K) : nwell_drw has 1 polygons
2026-08-23 18:29:52 +0200: Memory Usage (472164K) : nwell_pin has 1 polygons
2026-08-23 18:29:52 +0200: Memory Usage (472164K) : nwell_text has 0 polygons
2026-08-23 18:29:52 +0200: Memory Usage (472420K) : nbulay_drw has 0 polygons
2026-08-23 18:29:52 +0200: Memory Usage (472548K) : nbulay_pin has 0 polygons
2026-08-23 18:29:52 +0200: Memory Usage (472676K) : nbulay_block has 0 polygons
2026-08-23 18:29:52 +0200: Memory Usage (472804K) : emwind_drw has 0 polygons
2026-08-23 18:29:52 +0200: Memory Usage (472932K) : emwind_OPC has 0 polygons
2026-08-23 18:29:52 +0200: Memory Usage (473060K) : deepco_drw has 0 polygons
2026-08-23 18:29:52 +0200: Memory Usage (473188K) : mim_drw has 0 polygons
2026-08-23 18:29:52 +0200: Memory Usage (473316K) : edgeseal_drw has 0 polygons
2026-08-23 18:29:52 +0200: Memory Usage (473444K) : substrate_drw has 2 polygons
2026-08-23 18:29:52 +0200: Memory Usage (473572K) : substrate_text has 0 polygons
2026-08-23 18:29:52 +0200: Memory Usage (473700K) : dfpad_drw has 0 polygons
2026-08-23 18:29:52 +0200: Memory Usage (473828K) : dfpad_pillar has 0 polygons
2026-08-23 18:29:52 +0200: Memory Usage (473956K) : dfpad_sbump has 0 polygons
2026-08-23 18:29:52 +0200: Memory Usage (473956K) : thickgateox_drw has 0 polygons
2026-08-23 18:29:52 +0200: Memory Usage (474084K) : pldb_drw has 0 polygons
2026-08-23 18:29:52 +0200: Memory Usage (474212K) : pwell_drw has 0 polygons
2026-08-23 18:29:52 +0200: Memory Usage (474212K) : pwell_pin has 0 polygons
2026-08-23 18:29:52 +0200: Memory Usage (474340K) : pwell_block has 0 polygons
2026-08-23 18:29:52 +0200: Memory Usage (474340K) : ic_drw has 0 polygons
2026-08-23 18:29:52 +0200: Memory Usage (474596K) : via3_drw has 0 polygons
2026-08-23 18:29:52 +0200: Memory Usage (474724K) : metal4_drw has 0 polygons
2026-08-23 18:29:52 +0200: Memory Usage (474852K) : metal4_filler has 0 polygons
2026-08-23 18:29:52 +0200: Memory Usage (474980K) : metal4_slit has 0 polygons
2026-08-23 18:29:52 +0200: Memory Usage (475108K) : metal4 has 0 polygons
2026-08-23 18:29:52 +0200: Memory Usage (475236K) : metal4_pin has 0 polygons
2026-08-23 18:29:52 +0200: Memory Usage (475364K) : metal4_mask has 0 polygons
2026-08-23 18:29:52 +0200: Memory Usage (475492K) : metal4_nofill has 0 polygons
2026-08-23 18:29:52 +0200: Memory Usage (475620K) : metal4_text has 0 polygons
2026-08-23 18:29:52 +0200: Memory Usage (475748K) : metal4_OPC has 0 polygons
2026-08-23 18:29:52 +0200: Memory Usage (475876K) : metal4_noqrc has 0 polygons
2026-08-23 18:29:52 +0200: Memory Usage (476004K) : metal4_res has 0 polygons
2026-08-23 18:29:52 +0200: Memory Usage (476132K) : metal4_iprobe has 0 polygons
2026-08-23 18:29:52 +0200: Memory Usage (476260K) : metal4_diffprb has 0 polygons
2026-08-23 18:29:52 +0200: Memory Usage (476388K) : heattrans_drw has 4 polygons
2026-08-23 18:29:52 +0200: Memory Usage (476516K) : heatres_drw has 0 polygons
2026-08-23 18:29:52 +0200: Memory Usage (476772K) : fbe_drw has 0 polygons
2026-08-23 18:29:52 +0200: Memory Usage (476900K) : empoly_drw has 0 polygons
2026-08-23 18:29:52 +0200: Memory Usage (476900K) : digisub_drw has 0 polygons
2026-08-23 18:29:52 +0200: Memory Usage (476900K) : text_drw has 4 polygons
2026-08-23 18:29:52 +0200: Memory Usage (476900K) : via4_drw has 0 polygons
2026-08-23 18:29:52 +0200: Memory Usage (477028K) : metal5_drw has 0 polygons
2026-08-23 18:29:52 +0200: Memory Usage (477156K) : metal5_filler has 0 polygons
2026-08-23 18:29:52 +0200: Memory Usage (477284K) : metal5_slit has 0 polygons
2026-08-23 18:29:52 +0200: Memory Usage (477412K) : metal5 has 0 polygons
2026-08-23 18:29:52 +0200: Memory Usage (477540K) : metal5_pin has 0 polygons
2026-08-23 18:29:52 +0200: Memory Usage (477668K) : metal5_mask has 0 polygons
2026-08-23 18:29:52 +0200: Memory Usage (477796K) : metal5_nofill has 0 polygons
2026-08-23 18:29:52 +0200: Memory Usage (477924K) : metal5_text has 0 polygons
2026-08-23 18:29:52 +0200: Memory Usage (478052K) : metal5_OPC has 0 polygons
2026-08-23 18:29:52 +0200: Memory Usage (478180K) : metal5_noqrc has 0 polygons
2026-08-23 18:29:52 +0200: Memory Usage (478308K) : metal5_res has 0 polygons
2026-08-23 18:29:52 +0200: Memory Usage (478436K) : metal5_iprobe has 0 polygons
2026-08-23 18:29:52 +0200: Memory Usage (478564K) : metal5_diffprb has 0 polygons
2026-08-23 18:29:52 +0200: Memory Usage (478692K) : radhard_drw has 0 polygons
2026-08-23 18:29:52 +0200: Memory Usage (478820K) : memcap_drw has 0 polygons
2026-08-23 18:29:52 +0200: Memory Usage (478948K) : varicap_drw has 0 polygons
2026-08-23 18:29:52 +0200: Memory Usage (479204K) : intbondvia_drw has 0 polygons
2026-08-23 18:29:52 +0200: Memory Usage (479332K) : intbondmet_drw has 0 polygons
2026-08-23 18:29:52 +0200: Memory Usage (479460K) : devbondvia_drw has 0 polygons
2026-08-23 18:29:52 +0200: Memory Usage (479588K) : devbondmet_drw has 0 polygons
2026-08-23 18:29:52 +0200: Memory Usage (479716K) : devtrench_drw has 0 polygons
2026-08-23 18:29:52 +0200: Memory Usage (479844K) : redist_drw has 0 polygons
2026-08-23 18:29:52 +0200: Memory Usage (479972K) : graphbot_drw has 0 polygons
2026-08-23 18:29:52 +0200: Memory Usage (480100K) : graphtop_drw has 0 polygons
2026-08-23 18:29:52 +0200: Memory Usage (480228K) : antvia1_drw has 0 polygons
2026-08-23 18:29:52 +0200: Memory Usage (480484K) : antmetal2_drw has 0 polygons
2026-08-23 18:29:52 +0200: Memory Usage (480612K) : graphcont_drw has 0 polygons
2026-08-23 18:29:52 +0200: Memory Usage (480740K) : siwg_drw has 0 polygons
2026-08-23 18:29:52 +0200: Memory Usage (480868K) : siwg_filler has 0 polygons
2026-08-23 18:29:52 +0200: Memory Usage (480996K) : siwg_nofill has 0 polygons
2026-08-23 18:29:52 +0200: Memory Usage (481124K) : sigrating_drw has 0 polygons
2026-08-23 18:29:52 +0200: Memory Usage (481252K) : singrating_drw has 0 polygons
2026-08-23 18:29:52 +0200: Memory Usage (481380K) : graphpas_drw has 0 polygons
2026-08-23 18:29:52 +0200: Memory Usage (481508K) : emwind3_drw has 0 polygons
2026-08-23 18:29:52 +0200: Memory Usage (481636K) : emwihv3_drw has 0 polygons
2026-08-23 18:29:52 +0200: Memory Usage (481892K) : redbulay_drw has 0 polygons
2026-08-23 18:29:52 +0200: Memory Usage (482020K) : smos_drw has 0 polygons
2026-08-23 18:29:52 +0200: Memory Usage (482148K) : graphpad_drw has 0 polygons
2026-08-23 18:29:52 +0200: Memory Usage (482276K) : polimide_drw has 0 polygons
2026-08-23 18:29:52 +0200: Memory Usage (482404K) : polimide_pin has 0 polygons
2026-08-23 18:29:52 +0200: Memory Usage (482532K) : recog_drw has 0 polygons
2026-08-23 18:29:52 +0200: Memory Usage (482660K) : recog_pin has 0 polygons
2026-08-23 18:29:52 +0200: Memory Usage (482788K) : recog_esd has 0 polygons
2026-08-23 18:29:52 +0200: Memory Usage (482916K) : recog_diode has 0 polygons
2026-08-23 18:29:52 +0200: Memory Usage (483172K) : recog_tsv has 0 polygons
2026-08-23 18:29:52 +0200: Memory Usage (483300K) : recog_iprobe has 0 polygons
2026-08-23 18:29:52 +0200: Memory Usage (483428K) : recog_diffprb has 0 polygons
2026-08-23 18:29:52 +0200: Memory Usage (483556K) : recog_pillar has 0 polygons
2026-08-23 18:29:52 +0200: Memory Usage (483684K) : recog_sbump has 0 polygons
2026-08-23 18:29:52 +0200: Memory Usage (483812K) : recog_otp has 0 polygons
2026-08-23 18:29:52 +0200: Memory Usage (483940K) : recog_pdiode has 0 polygons
2026-08-23 18:29:52 +0200: Memory Usage (484068K) : recog_mom has 0 polygons
2026-08-23 18:29:52 +0200: Memory Usage (484196K) : recog_pcm has 0 polygons
2026-08-23 18:29:52 +0200: Memory Usage (484452K) : colopen_drw has 0 polygons
2026-08-23 18:29:52 +0200: Memory Usage (484452K) : graphmetal1_drw has 0 polygons
2026-08-23 18:29:52 +0200: Memory Usage (484708K) : graphmetal1_filler has 0 polygons
2026-08-23 18:29:52 +0200: Memory Usage (484836K) : graphmetal1_nofill has 0 polygons
2026-08-23 18:29:52 +0200: Memory Usage (484964K) : graphmetal1_slit has 0 polygons
2026-08-23 18:29:52 +0200: Memory Usage (485092K) : graphmetal1_OPC has 0 polygons
2026-08-23 18:29:52 +0200: Memory Usage (485220K) : graphmet1l_drw has 0 polygons
2026-08-23 18:29:52 +0200: Memory Usage (485348K) : graphmet1l_filler has 0 polygons
2026-08-23 18:29:52 +0200: Memory Usage (485348K) : graphmet1l_nofill has 0 polygons
2026-08-23 18:29:52 +0200: Memory Usage (485348K) : graphmet1l_slit has 0 polygons
2026-08-23 18:29:52 +0200: Memory Usage (485348K) : graphmet1l_OPC has 0 polygons
2026-08-23 18:29:53 +0200: Memory Usage (485348K) : extblock_drw has 0 polygons
2026-08-23 18:29:53 +0200: Memory Usage (485348K) : nldd_drw has 0 polygons
2026-08-23 18:29:53 +0200: Memory Usage (485348K) : pldd_drw has 0 polygons
2026-08-23 18:29:53 +0200: Memory Usage (485348K) : next_drw has 0 polygons
2026-08-23 18:29:53 +0200: Memory Usage (485348K) : pext_drw has 0 polygons
2026-08-23 18:29:53 +0200: Memory Usage (485348K) : nexthv_drw has 0 polygons
2026-08-23 18:29:53 +0200: Memory Usage (485348K) : pexthv_drw has 0 polygons
2026-08-23 18:29:53 +0200: Memory Usage (485348K) : graphgate_drw has 0 polygons
2026-08-23 18:29:53 +0200: Memory Usage (485348K) : sinwg_drw has 0 polygons
2026-08-23 18:29:53 +0200: Memory Usage (485348K) : sinwg_filler has 0 polygons
2026-08-23 18:29:53 +0200: Memory Usage (485348K) : sinwg_nofill has 0 polygons
2026-08-23 18:29:53 +0200: Memory Usage (485348K) : mempad_drw has 0 polygons
2026-08-23 18:29:53 +0200: Memory Usage (485348K) : topvia1_drw has 0 polygons
2026-08-23 18:29:53 +0200: Memory Usage (485348K) : topmetal1_drw has 0 polygons
2026-08-23 18:29:53 +0200: Memory Usage (485348K) : topmetal1_filler has 0 polygons
2026-08-23 18:29:53 +0200: Memory Usage (485348K) : topmetal1_slit has 0 polygons
2026-08-23 18:29:53 +0200: Memory Usage (485348K) : topmetal1 has 0 polygons
2026-08-23 18:29:53 +0200: Memory Usage (485348K) : topmetal1_pin has 0 polygons
2026-08-23 18:29:53 +0200: Memory Usage (485348K) : topmetal1_mask has 0 polygons
2026-08-23 18:29:53 +0200: Memory Usage (485348K) : topmetal1_nofill has 0 polygons
2026-08-23 18:29:53 +0200: Memory Usage (485348K) : topmetal1_text has 0 polygons
2026-08-23 18:29:53 +0200: Memory Usage (485348K) : topmetal1_noqrc has 0 polygons
2026-08-23 18:29:53 +0200: Memory Usage (485348K) : topmetal1_res has 0 polygons
2026-08-23 18:29:53 +0200: Memory Usage (485348K) : topmetal1_iprobe has 0 polygons
2026-08-23 18:29:53 +0200: Memory Usage (485348K) : topmetal1_diffprb has 0 polygons
2026-08-23 18:29:53 +0200: Memory Usage (485348K) : inldpwl_drw has 0 polygons
2026-08-23 18:29:53 +0200: Memory Usage (485348K) : polyres_drw has 0 polygons
2026-08-23 18:29:53 +0200: Memory Usage (485348K) : polyres_pin has 0 polygons
2026-08-23 18:29:53 +0200: Memory Usage (485348K) : vmim_drw has 0 polygons
2026-08-23 18:29:53 +0200: Memory Usage (485348K) : nbulaycut_drw has 0 polygons
2026-08-23 18:29:53 +0200: Memory Usage (485348K) : antmetal1_drw has 0 polygons
2026-08-23 18:29:53 +0200: Memory Usage (485348K) : topvia2_drw has 0 polygons
2026-08-23 18:29:53 +0200: Memory Usage (485348K) : topmetal2_drw has 0 polygons
2026-08-23 18:29:53 +0200: Memory Usage (485348K) : topmetal2_filler has 0 polygons
2026-08-23 18:29:53 +0200: Memory Usage (485348K) : topmetal2_slit has 0 polygons
2026-08-23 18:29:53 +0200: Memory Usage (485348K) : topmetal2 has 0 polygons
2026-08-23 18:29:53 +0200: Memory Usage (485348K) : topmetal2_pin has 0 polygons
2026-08-23 18:29:53 +0200: Memory Usage (485348K) : topmetal2_mask has 0 polygons
2026-08-23 18:29:53 +0200: Memory Usage (485348K) : topmetal2_nofill has 0 polygons
2026-08-23 18:29:53 +0200: Memory Usage (485348K) : topmetal2_text has 0 polygons
2026-08-23 18:29:53 +0200: Memory Usage (485348K) : topmetal2_noqrc has 0 polygons
2026-08-23 18:29:53 +0200: Memory Usage (485348K) : topmetal2_res has 0 polygons
2026-08-23 18:29:53 +0200: Memory Usage (485348K) : topmetal2_iprobe has 0 polygons
2026-08-23 18:29:53 +0200: Memory Usage (485348K) : topmetal2_diffprb has 0 polygons
2026-08-23 18:29:53 +0200: Memory Usage (485348K) : snsring_drw has 0 polygons
2026-08-23 18:29:53 +0200: Memory Usage (485476K) : sensor_drw has 0 polygons
2026-08-23 18:29:53 +0200: Memory Usage (485476K) : snsarms_drw has 0 polygons
2026-08-23 18:29:53 +0200: Memory Usage (485476K) : snscmosvia_drw has 0 polygons
2026-08-23 18:29:53 +0200: Memory Usage (485604K) : colwind_drw has 0 polygons
2026-08-23 18:29:53 +0200: Memory Usage (485732K) : flm_drw has 0 polygons
2026-08-23 18:29:53 +0200: Memory Usage (485860K) : hafniumox_drw has 0 polygons
2026-08-23 18:29:53 +0200: Memory Usage (485988K) : memvia_drw has 0 polygons
2026-08-23 18:29:53 +0200: Memory Usage (486116K) : thinfilmres_drw has 0 polygons
2026-08-23 18:29:53 +0200: Memory Usage (486244K) : rfmem_drw has 0 polygons
2026-08-23 18:29:53 +0200: Memory Usage (486372K) : norcx_drw has 0 polygons
2026-08-23 18:29:53 +0200: Memory Usage (486372K) : norcx_m2m3 has 0 polygons
2026-08-23 18:29:53 +0200: Memory Usage (486372K) : norcx_m2m4 has 0 polygons
2026-08-23 18:29:53 +0200: Memory Usage (486372K) : norcx_m2m5 has 0 polygons
2026-08-23 18:29:53 +0200: Memory Usage (486372K) : norcx_m2tm1 has 0 polygons
2026-08-23 18:29:53 +0200: Memory Usage (486372K) : norcx_m2tm2 has 0 polygons
2026-08-23 18:29:53 +0200: Memory Usage (486372K) : norcx_m3m4 has 0 polygons
2026-08-23 18:29:53 +0200: Memory Usage (486372K) : norcx_m3m5 has 0 polygons
2026-08-23 18:29:53 +0200: Memory Usage (486372K) : norcx_m3tm1 has 0 polygons
2026-08-23 18:29:53 +0200: Memory Usage (486372K) : norcx_m3tm2 has 0 polygons
2026-08-23 18:29:53 +0200: Memory Usage (486372K) : norcx_m4m5 has 0 polygons
2026-08-23 18:29:53 +0200: Memory Usage (486372K) : norcx_m4tm1 has 0 polygons
2026-08-23 18:29:53 +0200: Memory Usage (486372K) : norcx_m4tm2 has 0 polygons
2026-08-23 18:29:53 +0200: Memory Usage (486372K) : norcx_m5tm1 has 0 polygons
2026-08-23 18:29:53 +0200: Memory Usage (486372K) : norcx_m5tm2 has 0 polygons
2026-08-23 18:29:53 +0200: Memory Usage (486372K) : norcx_tm1tm2 has 0 polygons
2026-08-23 18:29:53 +0200: Memory Usage (486372K) : norcx_m1sub has 0 polygons
2026-08-23 18:29:53 +0200: Memory Usage (486372K) : norcx_m2sub has 0 polygons
2026-08-23 18:29:53 +0200: Memory Usage (486372K) : norcx_m3sub has 0 polygons
2026-08-23 18:29:53 +0200: Memory Usage (486372K) : norcx_m4sub has 0 polygons
2026-08-23 18:29:53 +0200: Memory Usage (486372K) : norcx_m5sub has 0 polygons
2026-08-23 18:29:53 +0200: Memory Usage (486372K) : norcx_tm1sub has 0 polygons
2026-08-23 18:29:53 +0200: Memory Usage (486372K) : norcx_tm2sub has 0 polygons
2026-08-23 18:29:53 +0200: Memory Usage (486372K) : snsbotvia_drw has 0 polygons
2026-08-23 18:29:53 +0200: Memory Usage (486372K) : snstopvia_drw has 0 polygons
2026-08-23 18:29:53 +0200: Memory Usage (486372K) : deepvia_drw has 0 polygons
2026-08-23 18:29:53 +0200: Memory Usage (486372K) : fgetch_drw has 0 polygons
2026-08-23 18:29:53 +0200: Memory Usage (486372K) : ctrgat_drw has 0 polygons
2026-08-23 18:29:53 +0200: Memory Usage (486372K) : fgimp_drw has 0 polygons
2026-08-23 18:29:53 +0200: Memory Usage (486372K) : emwihv_drw has 0 polygons
2026-08-23 18:29:53 +0200: Memory Usage (486372K) : lbe_drw has 0 polygons
2026-08-23 18:29:53 +0200: Memory Usage (486372K) : alcustop_drw has 0 polygons
2026-08-23 18:29:53 +0200: Memory Usage (486372K) : nometfiller_drw has 0 polygons
2026-08-23 18:29:53 +0200: Memory Usage (486372K) : prboundary_drw has 0 polygons
2026-08-23 18:29:53 +0200: Memory Usage (486372K) : exchange0_drw has 0 polygons
2026-08-23 18:29:53 +0200: Memory Usage (486372K) : exchange0_pin has 0 polygons
2026-08-23 18:29:53 +0200: Memory Usage (486372K) : exchange0_text has 0 polygons
2026-08-23 18:29:53 +0200: Memory Usage (486372K) : exchange1_drw has 0 polygons
2026-08-23 18:29:53 +0200: Memory Usage (486372K) : exchange1_pin has 0 polygons
2026-08-23 18:29:53 +0200: Memory Usage (486372K) : exchange1_text has 0 polygons
2026-08-23 18:29:53 +0200: Memory Usage (486372K) : exchange2_drw has 0 polygons
2026-08-23 18:29:53 +0200: Memory Usage (486372K) : exchange2_pin has 0 polygons
2026-08-23 18:29:53 +0200: Memory Usage (486372K) : exchange2_text has 0 polygons
2026-08-23 18:29:53 +0200: Memory Usage (486372K) : exchange3_drw has 0 polygons
2026-08-23 18:29:53 +0200: Memory Usage (486372K) : exchange3_pin has 0 polygons
2026-08-23 18:29:53 +0200: Memory Usage (486372K) : exchange3_text has 0 polygons
2026-08-23 18:29:53 +0200: Memory Usage (486372K) : exchange4_drw has 0 polygons
2026-08-23 18:29:53 +0200: Memory Usage (486372K) : exchange4_pin has 0 polygons
2026-08-23 18:29:53 +0200: Memory Usage (486372K) : exchange4_text has 0 polygons
2026-08-23 18:29:53 +0200: Memory Usage (486372K) : isonwell_drw has 0 polygons
2026-08-23 18:29:53 +0200: Memory Usage (486372K) : Total no. of polygons in the design is 70
2026-08-23 18:29:53 +0200: Memory Usage (486372K) : Starting CMOS5L Forbidden Layer Check
2026-08-23 18:29:53 +0200: Memory Usage (486372K) : CMOS5L Forbidden Layer Check: PASSED - No forbidden layers found
2026-08-23 18:29:53 +0200: Memory Usage (486372K) : CMOS5L Forbidden Layer Check: PASSED
2026-08-23 18:29:53 +0200: Memory Usage (486372K) : Starting base layers derivations
2026-08-23 18:29:53 +0200: Memory Usage (486372K) : Starting general LVS derivations
2026-08-23 18:29:53 +0200: Memory Usage (487912K) : Starting MOSFET DERIVATIONS
2026-08-23 18:29:53 +0200: Memory Usage (487912K) : Starting NMOS DERIVATIONS
2026-08-23 18:29:53 +0200: Memory Usage (487912K) : Starting PMOS DERIVATIONS
2026-08-23 18:29:53 +0200: Memory Usage (487912K) : Starting RF-MOSFET DERIVATIONS
2026-08-23 18:29:53 +0200: Memory Usage (487912K) : Starting RF-NMOS DERIVATIONS
2026-08-23 18:29:53 +0200: Memory Usage (487912K) : Starting RF-PMOS DERIVATIONS
2026-08-23 18:29:53 +0200: Memory Usage (487912K) : Starting BJT DERIVATIONS
2026-08-23 18:29:53 +0200: Memory Usage (487912K) : Starting NPN-BJT DERIVATIONS
2026-08-23 18:29:53 +0200: Memory Usage (487912K) : Starting PNP-BJT DERIVATIONS
2026-08-23 18:29:53 +0200: Memory Usage (487912K) : Starting DIODE DERIVATIONS
2026-08-23 18:29:53 +0200: Memory Usage (487912K) : Starting RESISTOR DERIVATIONS
2026-08-23 18:29:53 +0200: Memory Usage (489448K) : Starting CAP DERIVATIONS
2026-08-23 18:29:53 +0200: Memory Usage (489448K) : Starting CAP_MFRINGE DERIVATIONS
2026-08-23 18:29:53 +0200: Memory Usage (489448K) : Starting ESD DERIVATIONS
2026-08-23 18:29:53 +0200: Memory Usage (489448K) : Starting Inductor DERIVATIONS
2026-08-23 18:29:53 +0200: Memory Usage (489448K) : Starting Taps DERIVATIONS
2026-08-23 18:29:53 +0200: Memory Usage (489448K) : Starting SG13G2 LVS connectivity setup
2026-08-23 18:29:53 +0200: Memory Usage (489448K) : Starting SG13G2 LVS connectivity setup (Inter-layer)
2026-08-23 18:29:53 +0200: Memory Usage (489832K) : Starting SG13G2 LVS connectivity setup (Global)
2026-08-23 18:29:53 +0200: Memory Usage (489832K) : Starting LVS MOSFET CONNECTIONS
2026-08-23 18:29:53 +0200: Memory Usage (489832K) : Starting LVS RF-MOSFET CONNECTIONS
2026-08-23 18:29:53 +0200: Memory Usage (489832K) : Starting LVS BJT CONNECTIONS
2026-08-23 18:29:53 +0200: Memory Usage (489832K) : Starting LVS DIODE CONNECTIONS
2026-08-23 18:29:53 +0200: Memory Usage (489832K) : Starting RESISTOR CONNECTIONS
2026-08-23 18:29:53 +0200: Memory Usage (489832K) : Starting LVS CAP CONNECTIONS
2026-08-23 18:29:53 +0200: Memory Usage (489832K) : Starting ESD CONNECTIONS
2026-08-23 18:29:53 +0200: Memory Usage (489832K) : Starting Inductor CONNECTIONS
2026-08-23 18:29:53 +0200: Memory Usage (489832K) : Starting LVS Taps CONNECTIONS
2026-08-23 18:29:53 +0200: Memory Usage (489832K) : Starting CAP_MFRINGE CONNECTIONS
2026-08-23 18:29:53 +0200: Memory Usage (489832K) : Starting SG13CMOS5L LVS DEVICES EXTRACTION
2026-08-23 18:29:53 +0200: Memory Usage (489832K) : Starting MOSFET EXTRACTION
2026-08-23 18:29:53 +0200: Memory Usage (489832K) : Starting NMOS EXTRACTION
2026-08-23 18:29:53 +0200: Memory Usage (489832K) : Extraction of NMOS-LV transistor
2026-08-23 18:29:53 +0200: Memory Usage (490612K) : Extraction of NMOS-HV transistor
2026-08-23 18:29:53 +0200: Memory Usage (490740K) : Starting PMOS EXTRACTION
2026-08-23 18:29:53 +0200: Memory Usage (490740K) : Extraction of PMOS-LV transistor
2026-08-23 18:29:53 +0200: Memory Usage (490740K) : Extraction of PMOS-HV transistor
2026-08-23 18:29:53 +0200: Memory Usage (490740K) : Starting RF-MOSFET EXTRACTION
2026-08-23 18:29:53 +0200: Memory Usage (490740K) : Extraction of RF-NMOS-LV transistor
2026-08-23 18:29:53 +0200: Memory Usage (490740K) : Extraction of RF-NMOS-HV transistor
2026-08-23 18:29:53 +0200: Memory Usage (490740K) : Extraction of RF-PMOS-LV transistor
2026-08-23 18:29:53 +0200: Memory Usage (490740K) : Extraction of RF-PMOS-HV transistor
2026-08-23 18:29:53 +0200: Memory Usage (490740K) : Starting BJT EXTRACTION
2026-08-23 18:29:53 +0200: Memory Usage (490740K) : Starting NPN-BJT EXTRACTION
2026-08-23 18:29:53 +0200: Memory Usage (490740K) : Extraction of npn13G2 BJT transistor
2026-08-23 18:29:53 +0200: Memory Usage (490740K) : Extraction of npn13G2L BJT transistor
2026-08-23 18:29:53 +0200: Memory Usage (490740K) : Extraction of npn13G2V BJT transistor
2026-08-23 18:29:53 +0200: Memory Usage (490740K) : Starting PNP-BJT EXTRACTION
2026-08-23 18:29:53 +0200: Memory Usage (490740K) : Extracting pnpMPA BJT
2026-08-23 18:29:53 +0200: Memory Usage (490740K) : Starting DIODE EXTRACTION
2026-08-23 18:29:53 +0200: Memory Usage (490740K) : Extracting dantenna diode
2026-08-23 18:29:53 +0200: Memory Usage (490740K) : Extracting dpantenna diode
2026-08-23 18:29:53 +0200: Memory Usage (490740K) : Extracting schottky_nbl1 diode
2026-08-23 18:29:53 +0200: Memory Usage (490740K) : Extracting isolbox diode
2026-08-23 18:29:53 +0200: Memory Usage (490740K) : Starting RESISTOR EXTRACTION
2026-08-23 18:29:53 +0200: Memory Usage (490740K) : Extracting rsil resistor
2026-08-23 18:29:53 +0200: Memory Usage (490740K) : Extracting rppd resistor
2026-08-23 18:29:53 +0200: Memory Usage (490740K) : Extracting rhigh resistor
2026-08-23 18:29:53 +0200: Memory Usage (490740K) : Extracting res_metal1 resistor
2026-08-23 18:29:53 +0200: Memory Usage (490740K) : Extracting res_metal2 resistor
2026-08-23 18:29:53 +0200: Memory Usage (490740K) : Extracting res_metal3 resistor
2026-08-23 18:29:53 +0200: Memory Usage (490740K) : Extracting res_metal4 resistor
2026-08-23 18:29:53 +0200: Memory Usage (490740K) : Extracting res_metal5 resistor
2026-08-23 18:29:53 +0200: Memory Usage (490740K) : Extracting res_topmetal1 resistor
2026-08-23 18:29:53 +0200: Memory Usage (490740K) : Extracting res_topmetal2 resistor
2026-08-23 18:29:53 +0200: Memory Usage (490740K) : Starting CAP EXTRACTION
2026-08-23 18:29:53 +0200: Memory Usage (490740K) : Extracting cap_cmim device
2026-08-23 18:29:53 +0200: Memory Usage (490740K) : Extracting rfcmim device
2026-08-23 18:29:53 +0200: Memory Usage (490740K) : Extracting sg13_hv_svaricap varactor
2026-08-23 18:29:53 +0200: Memory Usage (490740K) : Extracting cap_mfringe device
2026-08-23 18:29:53 +0200: Memory Usage (490740K) : Starting ESD EXTRACTION
2026-08-23 18:29:53 +0200: Memory Usage (490740K) : Extracting diodevdd_2kv ESD device
2026-08-23 18:29:53 +0200: Memory Usage (490740K) : Extracting diodevdd_4kv ESD device
2026-08-23 18:29:53 +0200: Memory Usage (490740K) : Extracting diodevss_2kv ESD device
2026-08-23 18:29:53 +0200: Memory Usage (490740K) : Extracting diodevss_4kv ESD device
2026-08-23 18:29:53 +0200: Memory Usage (490740K) : Extracting idiodevdd_2kv ESD device
2026-08-23 18:29:53 +0200: Memory Usage (490740K) : Extracting idiodevdd_4kv ESD device
2026-08-23 18:29:53 +0200: Memory Usage (490740K) : Extracting idiodevss_2kv ESD device
2026-08-23 18:29:53 +0200: Memory Usage (490740K) : Extracting idiodevss_4kv ESD device
2026-08-23 18:29:53 +0200: Memory Usage (490740K) : Extracting nmoscl_2 ESD device
2026-08-23 18:29:53 +0200: Memory Usage (490740K) : Extracting nmoscl_4 ESD device
2026-08-23 18:29:53 +0200: Memory Usage (490740K) : Starting Inductor EXTRACTION
2026-08-23 18:29:53 +0200: Memory Usage (490740K) : Extracting Inductor2 device
2026-08-23 18:29:53 +0200: Memory Usage (490740K) : Extracting Inductor3 device
2026-08-23 18:29:53 +0200: Memory Usage (490740K) : Starting Taps EXTRACTION
2026-08-23 18:29:53 +0200: Memory Usage (490740K) : Extracting ntap1 device
2026-08-23 18:29:53 +0200: Memory Usage (490740K) : Extracting ptap1 device
2026-08-23 18:29:53 +0200: Memory Usage (490740K) : Starting SG13CMOS5L LVS RF MOS Model Mapping
2026-08-23 18:29:53 +0200: Memory Usage (490880K) : [layout_netlist] Apply RF MOS model mapping and rfmode parameter.
2026-08-23 18:29:53 +0200: Memory Usage (490880K) : Starting SG13CMOS5L LVS Options Preparations
2026-08-23 18:29:53 +0200: Memory Usage (490880K) : SG13CMOS5L LVS flow: extraction -> alignment -> option preparation -> comparison.
2026-08-23 18:29:53 +0200: Memory Usage (490880K) : Starting SG13CMOS5L LVS Alignment
2026-08-23 18:29:53 +0200: Memory Usage (490880K) : Starting SG13CMOS5L LVS Simplification
2026-08-23 18:29:53 +0200: Memory Usage (490880K) : [layout_netlist] simplify: ENABLED
2026-08-23 18:29:53 +0200: Memory Usage (490880K) : [layout_netlist] make_top_level_pins: SKIPPED
2026-08-23 18:29:53 +0200: Memory Usage (490880K) : [layout_netlist] combine_devices: SKIPPED
2026-08-23 18:29:53 +0200: Memory Usage (490880K) : [layout_netlist] purge: SKIPPED
2026-08-23 18:29:53 +0200: Memory Usage (490880K) : [layout_netlist] purge_nets: SKIPPED
2026-08-23 18:29:53 +0200: Memory Usage (490880K) : [schematic_netlist] simplify: ENABLED
2026-08-23 18:29:53 +0200: Memory Usage (490880K) : [schematic_netlist] make_top_level_pins: SKIPPED
2026-08-23 18:29:53 +0200: Memory Usage (490880K) : [schematic_netlist] combine_devices: SKIPPED
2026-08-23 18:29:53 +0200: Memory Usage (490880K) : [schematic_netlist] purge: SKIPPED
2026-08-23 18:29:53 +0200: Memory Usage (490880K) : [schematic_netlist] purge_nets: SKIPPED
2026-08-23 18:29:53 +0200: Memory Usage (490880K) : Starting SG13CMOS5L LVS Comparison in strict port mode.
2026-08-23 18:29:53 +0200: Memory Usage (490880K) : flag_missing_ports enabled: missing/mislabeled top-level ports are treated as errors.
2026-08-23 18:29:53 +0200: Memory Usage (491136K) : ==========================================
2026-08-23 18:29:53 +0200: Memory Usage (491136K) : INFO : Congratulations! Netlists match.
2026-08-23 18:29:53 +0200: Memory Usage (491136K) : ==========================================
2026-08-23 18:29:53 +0200: Memory Usage (491136K) : LVS Total Run time 1.081113 seconds
